Archive member included to satisfy reference by file (symbol)

/usr/lib/gcc/arm-none-eabi/4.9.3/../../../arm-none-eabi/lib/armv7-m/libc.a(lib_a-atexit.o)
                              /usr/lib/gcc/arm-none-eabi/4.9.3/../../../arm-none-eabi/lib/armv7-m/crt0.o (atexit)
/usr/lib/gcc/arm-none-eabi/4.9.3/../../../arm-none-eabi/lib/armv7-m/libc.a(lib_a-errno.o)
                              build/src/syscalls.o (__errno)
/usr/lib/gcc/arm-none-eabi/4.9.3/../../../arm-none-eabi/lib/armv7-m/libc.a(lib_a-exit.o)
                              /usr/lib/gcc/arm-none-eabi/4.9.3/../../../arm-none-eabi/lib/armv7-m/crt0.o (exit)
/usr/lib/gcc/arm-none-eabi/4.9.3/../../../arm-none-eabi/lib/armv7-m/libc.a(lib_a-fini.o)
                              /usr/lib/gcc/arm-none-eabi/4.9.3/../../../arm-none-eabi/lib/armv7-m/crt0.o (__libc_fini_array)
/usr/lib/gcc/arm-none-eabi/4.9.3/../../../arm-none-eabi/lib/armv7-m/libc.a(lib_a-impure.o)
                              /usr/lib/gcc/arm-none-eabi/4.9.3/../../../arm-none-eabi/lib/armv7-m/libc.a(lib_a-exit.o) (_global_impure_ptr)
/usr/lib/gcc/arm-none-eabi/4.9.3/../../../arm-none-eabi/lib/armv7-m/libc.a(lib_a-init.o)
                              /usr/lib/gcc/arm-none-eabi/4.9.3/../../../arm-none-eabi/lib/armv7-m/crt0.o (__libc_init_array)
/usr/lib/gcc/arm-none-eabi/4.9.3/../../../arm-none-eabi/lib/armv7-m/libc.a(lib_a-memset.o)
                              /usr/lib/gcc/arm-none-eabi/4.9.3/../../../arm-none-eabi/lib/armv7-m/crt0.o (memset)
/usr/lib/gcc/arm-none-eabi/4.9.3/../../../arm-none-eabi/lib/armv7-m/libc.a(lib_a-__atexit.o)
                              /usr/lib/gcc/arm-none-eabi/4.9.3/../../../arm-none-eabi/lib/armv7-m/libc.a(lib_a-atexit.o) (__register_exitproc)
/usr/lib/gcc/arm-none-eabi/4.9.3/../../../arm-none-eabi/lib/armv7-m/libc.a(lib_a-__call_atexit.o)
                              /usr/lib/gcc/arm-none-eabi/4.9.3/../../../arm-none-eabi/lib/armv7-m/libc.a(lib_a-exit.o) (__call_exitprocs)

Allocating common symbols
Common symbol       size              file

SaveRState          0x2               build//home/max/Projects/Sources/STM32_USB-FS-Device_Lib_V4.1.0/Libraries/STM32_USB-FS-Device_Driver/src/usb_int.o
HSEStartUpStatus    0x1               build/src/hw_config.o
SaveState           0x2               build//home/max/Projects/Sources/STM32_USB-FS-Device_Lib_V4.1.0/Libraries/STM32_USB-FS-Device_Driver/src/usb_init.o
Receive_length      0x4               build/src/usb_endp.o
wIstr               0x2               build/src/usb_istr.o
pProperty           0x4               build//home/max/Projects/Sources/STM32_USB-FS-Device_Lib_V4.1.0/Libraries/STM32_USB-FS-Device_Driver/src/usb_init.o
usTicks             0x4               build/src/delay.o
EPindex             0x1               build//home/max/Projects/Sources/STM32_USB-FS-Device_Lib_V4.1.0/Libraries/STM32_USB-FS-Device_Driver/src/usb_init.o
SaveTState          0x2               build//home/max/Projects/Sources/STM32_USB-FS-Device_Lib_V4.1.0/Libraries/STM32_USB-FS-Device_Driver/src/usb_int.o
Device_Info         0x1c              build//home/max/Projects/Sources/STM32_USB-FS-Device_Lib_V4.1.0/Libraries/STM32_USB-FS-Device_Driver/src/usb_init.o
pUser_Standard_Requests
                    0x4               build//home/max/Projects/Sources/STM32_USB-FS-Device_Lib_V4.1.0/Libraries/STM32_USB-FS-Device_Driver/src/usb_init.o
Receive_Buffer      0x40              build/src/hw_config.o
StatusInfo          0x2               build//home/max/Projects/Sources/STM32_USB-FS-Device_Lib_V4.1.0/Libraries/STM32_USB-FS-Device_Driver/src/usb_core.o
pInformation        0x4               build//home/max/Projects/Sources/STM32_USB-FS-Device_Lib_V4.1.0/Libraries/STM32_USB-FS-Device_Driver/src/usb_init.o
ResumeS             0x2               build/src/usb_pwr.o
EP                  0x20              build/src/usb_pwr.o
EXTI_InitStructure  0x8               build/src/hw_config.o
Send_Buffer         0x40              build/src/main.o
Send_length         0x4               build/src/hw_config.o
wInterrupt_Mask     0x2               build//home/max/Projects/Sources/STM32_USB-FS-Device_Lib_V4.1.0/Libraries/STM32_USB-FS-Device_Driver/src/usb_init.o

Discarded input sections

 .text          0x0000000000000000        0x0 /usr/lib/gcc/arm-none-eabi/4.9.3/armv7-m/crti.o
 .data          0x0000000000000000        0x0 /usr/lib/gcc/arm-none-eabi/4.9.3/armv7-m/crti.o
 .bss           0x0000000000000000        0x0 /usr/lib/gcc/arm-none-eabi/4.9.3/armv7-m/crti.o
 .data          0x0000000000000000        0x4 /usr/lib/gcc/arm-none-eabi/4.9.3/armv7-m/crtbegin.o
 .text          0x0000000000000000       0x68 /usr/lib/gcc/arm-none-eabi/4.9.3/../../../arm-none-eabi/lib/armv7-m/crt0.o
 .data          0x0000000000000000        0x0 /usr/lib/gcc/arm-none-eabi/4.9.3/../../../arm-none-eabi/lib/armv7-m/crt0.o
 .bss           0x0000000000000000        0x0 /usr/lib/gcc/arm-none-eabi/4.9.3/../../../arm-none-eabi/lib/armv7-m/crt0.o
[...]
Memory Configuration

Name             Origin             Length             Attributes
RAM              0x0000000020000000 0x0000000000005000 xrw
ROM              0x0000000008000000 0x0000000000010000 xr
*default*        0x0000000000000000 0xffffffffffffffff

Linker script and memory map

LOAD /usr/lib/gcc/arm-none-eabi/4.9.3/armv7-m/crti.o
LOAD /usr/lib/gcc/arm-none-eabi/4.9.3/armv7-m/crtbegin.o
LOAD /usr/lib/gcc/arm-none-eabi/4.9.3/../../../arm-none-eabi/lib/armv7-m/crt0.o
LOAD build/StdPeriph_Driver/src/misc.o
LOAD build/StdPeriph_Driver/src/stm32f10x_adc.o
LOAD build/StdPeriph_Driver/src/stm32f10x_bkp.o
LOAD build/StdPeriph_Driver/src/stm32f10x_can.o
LOAD build/StdPeriph_Driver/src/stm32f10x_cec.o
LOAD build/StdPeriph_Driver/src/stm32f10x_crc.o
LOAD build/StdPeriph_Driver/src/stm32f10x_dac.o
LOAD build/StdPeriph_Driver/src/stm32f10x_dbgmcu.o
LOAD build/StdPeriph_Driver/src/stm32f10x_dma.o
LOAD build/StdPeriph_Driver/src/stm32f10x_exti.o
LOAD build/StdPeriph_Driver/src/stm32f10x_flash.o
LOAD build/StdPeriph_Driver/src/stm32f10x_fsmc.o
LOAD build/StdPeriph_Driver/src/stm32f10x_gpio.o
LOAD build/StdPeriph_Driver/src/stm32f10x_i2c.o
LOAD build/StdPeriph_Driver/src/stm32f10x_iwdg.o
LOAD build/StdPeriph_Driver/src/stm32f10x_pwr.o
LOAD build/StdPeriph_Driver/src/stm32f10x_rcc.o
LOAD build/StdPeriph_Driver/src/stm32f10x_rtc.o
LOAD build/StdPeriph_Driver/src/stm32f10x_sdio.o
LOAD build/StdPeriph_Driver/src/stm32f10x_spi.o
LOAD build/StdPeriph_Driver/src/stm32f10x_tim.o
LOAD build/StdPeriph_Driver/src/stm32f10x_usart.o
LOAD build/StdPeriph_Driver/src/stm32f10x_wwdg.o
LOAD build/src/delay.o
LOAD build/src/hw_config.o
LOAD build/src/main.o
LOAD build/src/stm32_it.o
LOAD build/src/syscalls.o
LOAD build/src/system_stm32f10x.o
LOAD build/src/usb_desc.o
LOAD build/src/usb_endp.o
LOAD build/src/usb_istr.o
LOAD build/src/usb_prop.o
LOAD build/src/usb_pwr.o
LOAD build/startup/startup_stm32.o
LOAD build//home/max/Projects/Sources/STM32_USB-FS-Device_Lib_V4.1.0/Libraries/STM32_USB-FS-Device_Driver/src/usb_core.o
LOAD build//home/max/Projects/Sources/STM32_USB-FS-Device_Lib_V4.1.0/Libraries/STM32_USB-FS-Device_Driver/src/usb_init.o
LOAD build//home/max/Projects/Sources/STM32_USB-FS-Device_Lib_V4.1.0/Libraries/STM32_USB-FS-Device_Driver/src/usb_int.o
LOAD build//home/max/Projects/Sources/STM32_USB-FS-Device_Lib_V4.1.0/Libraries/STM32_USB-FS-Device_Driver/src/usb_mem.o
LOAD build//home/max/Projects/Sources/STM32_USB-FS-Device_Lib_V4.1.0/Libraries/STM32_USB-FS-Device_Driver/src/usb_regs.o
LOAD build//home/max/Projects/Sources/STM32_USB-FS-Device_Lib_V4.1.0/Libraries/STM32_USB-FS-Device_Driver/src/usb_sil.o
START GROUP
LOAD /usr/lib/gcc/arm-none-eabi/4.9.3/armv7-m/libgcc.a
LOAD /usr/lib/gcc/arm-none-eabi/4.9.3/../../../arm-none-eabi/lib/armv7-m/libc.a
END GROUP
LOAD /usr/lib/gcc/arm-none-eabi/4.9.3/armv7-m/crtend.o
LOAD /usr/lib/gcc/arm-none-eabi/4.9.3/armv7-m/crtn.o
                0x0000000020005000                _estack = 0x20005000
                0x0000000000000000                _Min_Heap_Size = 0x0
                0x0000000000000400                _Min_Stack_Size = 0x400

.isr_vector     0x0000000008000000      0x10c
                0x0000000008000000                . = ALIGN (0x4)
 *(.isr_vector)
 .isr_vector    0x0000000008000000      0x10c build/startup/startup_stm32.o
                0x0000000008000000                g_pfnVectors
                0x000000000800010c                . = ALIGN (0x4)

.text           0x000000000800010c     0x49c8
                0x000000000800010c                . = ALIGN (0x4)
 *(.text)
 .text          0x000000000800010c       0xa4 /usr/lib/gcc/arm-none-eabi/4.9.3/armv7-m/crtbegin.o
 .text          0x00000000080001b0      0x18c build/StdPeriph_Driver/src/misc.o
                0x00000000080001b0                NVIC_PriorityGroupConfig
                0x00000000080001d4                NVIC_Init
                0x0000000008000298                NVIC_SetVectorTable
                0x00000000080002c4                NVIC_SystemLPConfig
                0x0000000008000304                SysTick_CLKSourceConfig
 .text          0x000000000800033c      0x21c build/StdPeriph_Driver/src/stm32f10x_exti.o
                0x000000000800033c                EXTI_DeInit
                0x0000000008000370                EXTI_Init
                0x0000000008000454                EXTI_StructInit
                0x0000000008000480                EXTI_GenerateSWInterrupt
                0x00000000080004a4                EXTI_GetFlagStatus
                0x00000000080004d8                EXTI_ClearFlag
                0x00000000080004f4                EXTI_GetITStatus
                0x000000000800053c                EXTI_ClearITPendingBit
 .text          0x0000000008000558      0x5f8 build/StdPeriph_Driver/src/stm32f10x_gpio.o
                0x0000000008000558                GPIO_DeInit
                0x000000000800063c                GPIO_AFIODeInit
                0x0000000008000654                GPIO_Init
                0x00000000080007d4                GPIO_StructInit
                0x00000000080007fc                GPIO_ReadInputDataBit
                0x0000000008000830                GPIO_ReadInputData
                0x000000000800084c                GPIO_ReadOutputDataBit
                0x0000000008000880                GPIO_ReadOutputData
                0x000000000800089c                GPIO_SetBits
                0x00000000080008b8                GPIO_ResetBits
                0x00000000080008d4                GPIO_WriteBit
                0x0000000008000904                GPIO_Write
                0x0000000008000920                GPIO_PinLockConfig
                0x0000000008000964                GPIO_EventOutputConfig
                0x00000000080009b0                GPIO_EventOutputCmd
                0x00000000080009d0                GPIO_PinRemapConfig
                0x0000000008000ab0                GPIO_EXTILineConfig
                0x0000000008000b34                GPIO_ETH_MediaInterfaceConfig
 .text          0x0000000008000b50      0x7dc build/StdPeriph_Driver/src/stm32f10x_rcc.o
                0x0000000008000b50                RCC_DeInit
                0x0000000008000bac                RCC_HSEConfig
                0x0000000008000c08                RCC_WaitForHSEStartUp
                0x0000000008000c58                RCC_AdjustHSICalibrationValue
                0x0000000008000c94                RCC_HSICmd
                0x0000000008000cb4                RCC_PLLConfig
                0x0000000008000cf0                RCC_PLLCmd
                0x0000000008000d10                RCC_SYSCLKConfig
                0x0000000008000d48                RCC_GetSYSCLKSource
                0x0000000008000d68                RCC_HCLKConfig
                0x0000000008000da0                RCC_PCLK1Config
                0x0000000008000dd8                RCC_PCLK2Config
                0x0000000008000e10                RCC_ITConfig
                0x0000000008000e5c                RCC_USBCLKConfig
                0x0000000008000e78                RCC_ADCCLKConfig
                0x0000000008000eb0                RCC_LSEConfig
                0x0000000008000ef0                RCC_LSICmd
                0x0000000008000f10                RCC_RTCCLKConfig
                0x0000000008000f34                RCC_RTCCLKCmd
                0x0000000008000f54                RCC_GetClocksFreq
                0x00000000080010b8                RCC_AHBPeriphClockCmd
                0x00000000080010f4                RCC_APB2PeriphClockCmd
                0x0000000008001130                RCC_APB1PeriphClockCmd
                0x000000000800116c                RCC_APB2PeriphResetCmd
                0x00000000080011a8                RCC_APB1PeriphResetCmd
                0x00000000080011e4                RCC_BackupResetCmd
                0x0000000008001204                RCC_ClockSecuritySystemCmd
                0x0000000008001224                RCC_MCOConfig
                0x0000000008001244                RCC_GetFlagStatus
                0x00000000080012b8                RCC_ClearFlag
                0x00000000080012d4                RCC_GetITStatus
                0x000000000800130c                RCC_ClearITPendingBit
 .text          0x000000000800132c      0x108 build/src/delay.o
                0x00000000080013c4                DelayInit
                0x00000000080013e8                DelayUs
                0x0000000008001410                DelayMs
 .text          0x0000000008001434      0x24c build/src/hw_config.o
                0x0000000008001434                Set_System
                0x0000000008001490                Set_USBClock
                0x00000000080014a8                Leave_LowPowerMode
                0x00000000080014dc                USB_Interrupts_Config
                0x0000000008001518                USB_Cable_Config
                0x0000000008001548                Get_SerialNum
                0x0000000008001618                CDC_Send_DATA
                0x0000000008001664                CDC_Receive_DATA
 .text          0x0000000008001680       0xf8 build/src/main.o
                0x0000000008001680                InitInputOutput
                0x00000000080016b8                main
 .text          0x0000000008001778       0x90 build/src/stm32_it.o
                0x0000000008001778                NMI_Handler
                0x0000000008001784                HardFault_Handler
                0x000000000800178c                MemManage_Handler
                0x0000000008001794                BusFault_Handler
                0x000000000800179c                UsageFault_Handler
                0x00000000080017a4                SVC_Handler
                0x00000000080017b0                DebugMon_Handler
                0x00000000080017bc                PendSV_Handler
                0x00000000080017c8                SysTick_Handler
                0x00000000080017ec                USB_LP_CAN1_RX0_IRQHandler
                0x00000000080017f8                USBWakeUp_IRQHandler
 .text          0x0000000008001808      0x250 build/src/system_stm32f10x.o
                0x0000000008001808                SystemInit
                0x0000000008001870                SystemCoreClockUpdate
 .text          0x0000000008001a58       0x50 build/src/usb_endp.o
                0x0000000008001a58                EP1_IN_Callback
                0x0000000008001a70                EP3_OUT_Callback
 .text          0x0000000008001aa8      0x224 build/src/usb_istr.o
                0x0000000008001aa8                USB_Istr
 .text          0x0000000008001ccc      0x36c build/src/usb_prop.o
                0x0000000008001ccc                Virtual_Com_Port_init
                0x0000000008001cf4                Virtual_Com_Port_Reset
                0x0000000008001de4                Virtual_Com_Port_SetConfiguration
                0x0000000008001e10                Virtual_Com_Port_SetDeviceAddress
                0x0000000008001e28                Virtual_Com_Port_Status_In
                0x0000000008001e48                Virtual_Com_Port_Status_Out
                0x0000000008001e54                Virtual_Com_Port_Data_Setup
                0x0000000008001ed4                Virtual_Com_Port_NoData_Setup
                0x0000000008001f14                Virtual_Com_Port_GetDeviceDescriptor
                0x0000000008001f38                Virtual_Com_Port_GetConfigDescriptor
                0x0000000008001f5c                Virtual_Com_Port_GetStringDescriptor
                0x0000000008001f9c                Virtual_Com_Port_Get_Interface_Setting
                0x0000000008001fd0                Virtual_Com_Port_GetLineCoding
                0x0000000008002004                Virtual_Com_Port_SetLineCoding
 .text          0x0000000008002038      0x2ac build/src/usb_pwr.o
                0x0000000008002038                PowerOn
                0x0000000008002090                PowerOff
                0x00000000080020bc                Suspend
                0x000000000800219c                Resume_Init
                0x00000000080021cc                Resume
 .text          0x00000000080022e4      0xfa8 build//home/max/Projects/Sources/STM32_USB-FS-Device_Lib_V4.1.0/Libraries/STM32_USB-FS-Device_Driver/src/usb_core.o
                0x00000000080022e4                Standard_GetConfiguration
                0x0000000008002320                Standard_SetConfiguration
                0x0000000008002370                Standard_GetInterface
                0x00000000080023ac                Standard_SetInterface
                0x0000000008002438                Standard_GetStatus
                0x0000000008002570                Standard_ClearFeature
                0x000000000800274c                Standard_SetEndPointFeature
                0x0000000008002864                Standard_SetDeviceFeature
                0x0000000008002890                Standard_GetDescriptorData
                0x0000000008002fd8                Setup0_Process
                0x00000000080030b0                In0_Process
                0x0000000008003140                Out0_Process
                0x00000000080031b4                Post0_Process
                0x0000000008003204                SetDeviceAddress
                0x0000000008003280                NOP_Process
 .text          0x000000000800328c       0x40 build//home/max/Projects/Sources/STM32_USB-FS-Device_Lib_V4.1.0/Libraries/STM32_USB-FS-Device_Driver/src/usb_init.o
                0x000000000800328c                USB_Init
 .text          0x00000000080032cc      0x3f8 build//home/max/Projects/Sources/STM32_USB-FS-Device_Lib_V4.1.0/Libraries/STM32_USB-FS-Device_Driver/src/usb_int.o
                0x00000000080032cc                CTR_LP
                0x00000000080035d4                CTR_HP
 .text          0x00000000080036c4       0xd0 build//home/max/Projects/Sources/STM32_USB-FS-Device_Lib_V4.1.0/Libraries/STM32_USB-FS-Device_Driver/src/usb_mem.o
                0x00000000080036c4                UserToPMABufferCopy
                0x0000000008003738                PMAToUserBufferCopy
 .text          0x0000000008003794     0x10d0 build//home/max/Projects/Sources/STM32_USB-FS-Device_Lib_V4.1.0/Libraries/STM32_USB-FS-Device_Driver/src/usb_regs.o
                0x0000000008003794                SetCNTR
                0x00000000080037b4                GetCNTR
                0x00000000080037cc                SetISTR
                0x00000000080037ec                GetISTR
                0x0000000008003804                GetFNR
                0x000000000800381c                SetDADDR
                0x000000000800383c                GetDADDR
                0x0000000008003854                SetBTABLE
                0x0000000008003878                GetBTABLE
                0x0000000008003890                SetENDPOINT
                0x00000000080038bc                GetENDPOINT
                0x00000000080038e4                SetEPType
                0x0000000008003930                GetEPType
                0x000000000800395c                SetEPTxStatus
                0x00000000080039cc                SetEPRxStatus
                0x0000000008003a3c                SetDouBleBuffEPStall
                0x0000000008003a94                GetEPTxStatus
                0x0000000008003ac0                GetEPRxStatus
                0x0000000008003aec                SetEPTxValid
                0x0000000008003b3c                SetEPRxValid
                0x0000000008003b8c                SetEP_KIND
                0x0000000008003bdc                ClearEP_KIND
                0x0000000008003c2c                Clear_Status_Out
                0x0000000008003c7c                Set_Status_Out
                0x0000000008003ccc                SetEPDoubleBuff
                0x0000000008003d1c                ClearEPDoubleBuff
                0x0000000008003d6c                GetTxStallStatus
                0x0000000008003da4                GetRxStallStatus
                0x0000000008003ddc                ClearEP_CTR_RX
                0x0000000008003e18                ClearEP_CTR_TX
                0x0000000008003e54                ToggleDTOG_RX
                0x0000000008003e98                ToggleDTOG_TX
                0x0000000008003edc                ClearDTOG_RX
                0x0000000008003f38                ClearDTOG_TX
                0x0000000008003f94                SetEPAddress
                0x0000000008003fe0                GetEPAddress
                0x000000000800400c                SetEPTxAddr
                0x0000000008004050                SetEPRxAddr
                0x0000000008004094                GetEPTxAddr
                0x00000000080040cc                GetEPRxAddr
                0x0000000008004104                SetEPTxCount
                0x0000000008004140                SetEPCountRxReg
                0x00000000080041a4                SetEPRxCount
                0x0000000008004228                GetEPTxCount
                0x0000000008004264                GetEPRxCount
                0x00000000080042a0                SetEPDblBuffAddr
                0x0000000008004308                SetEPDblBuf0Addr
                0x000000000800434c                SetEPDblBuf1Addr
                0x0000000008004390                GetEPDblBuf0Addr
                0x00000000080043c8                GetEPDblBuf1Addr
                0x0000000008004400                SetEPDblBuffCount
                0x000000000800453c                SetEPDblBuf0Count
                0x00000000080045ec                SetEPDblBuf1Count
                0x000000000800469c                GetEPDblBuf0Count
                0x00000000080046d8                GetEPDblBuf1Count
                0x0000000008004714                GetEPDblBufDir
                0x0000000008004780                FreeUserBuffer
                0x0000000008004804                ToWord
                0x0000000008004834                ByteSwap
 .text          0x0000000008004864       0xcc build//home/max/Projects/Sources/STM32_USB-FS-Device_Lib_V4.1.0/Libraries/STM32_USB-FS-Device_Driver/src/usb_sil.o
                0x0000000008004864                USB_SIL_Init
                0x0000000008004898                USB_SIL_Write
                0x00000000080048e4                USB_SIL_Read
 *(.text*)
 .text.Reset_Handler
                0x0000000008004930       0x48 build/startup/startup_stm32.o
                0x0000000008004930                Reset_Handler
 .text.Default_Handler
                0x0000000008004978        0x2 build/startup/startup_stm32.o
                0x0000000008004978                EXTI2_IRQHandler
                0x0000000008004978                TIM1_CC_IRQHandler
                0x0000000008004978                PVD_IRQHandler
                0x0000000008004978                EXTI3_IRQHandler
                0x0000000008004978                EXTI0_IRQHandler
                0x0000000008004978                I2C2_EV_IRQHandler
                0x0000000008004978                ADC1_2_IRQHandler
                0x0000000008004978                SPI1_IRQHandler
                0x0000000008004978                TAMPER_IRQHandler
                0x0000000008004978                DMA1_Channel4_IRQHandler
                0x0000000008004978                USART3_IRQHandler
                0x0000000008004978                RTC_IRQHandler
                0x0000000008004978                DMA1_Channel7_IRQHandler
                0x0000000008004978                CAN1_RX1_IRQHandler
                0x0000000008004978                TIM4_IRQHandler
                0x0000000008004978                I2C1_EV_IRQHandler
                0x0000000008004978                DMA1_Channel6_IRQHandler
                0x0000000008004978                TIM3_IRQHandler
                0x0000000008004978                RCC_IRQHandler
                0x0000000008004978                TIM1_TRG_COM_IRQHandler
                0x0000000008004978                DMA1_Channel1_IRQHandler
                0x0000000008004978                Default_Handler
                0x0000000008004978                EXTI15_10_IRQHandler
                0x0000000008004978                EXTI9_5_IRQHandler
                0x0000000008004978                SPI2_IRQHandler
                0x0000000008004978                DMA1_Channel5_IRQHandler
                0x0000000008004978                EXTI4_IRQHandler
                0x0000000008004978                USB_HP_CAN1_TX_IRQHandler
                0x0000000008004978                DMA1_Channel3_IRQHandler
                0x0000000008004978                TIM1_UP_IRQHandler
                0x0000000008004978                WWDG_IRQHandler
                0x0000000008004978                TIM2_IRQHandler
                0x0000000008004978                TIM1_BRK_IRQHandler
                0x0000000008004978                EXTI1_IRQHandler
                0x0000000008004978                RTCAlarm_IRQHandler
                0x0000000008004978                USART2_IRQHandler
                0x0000000008004978                I2C2_ER_IRQHandler
                0x0000000008004978                DMA1_Channel2_IRQHandler
                0x0000000008004978                CAN1_SCE_IRQHandler
                0x0000000008004978                FLASH_IRQHandler
                0x0000000008004978                USART1_IRQHandler
                0x0000000008004978                I2C1_ER_IRQHandler
 *fill*         0x000000000800497a        0x2 
 .text.atexit   0x000000000800497c        0xc /usr/lib/gcc/arm-none-eabi/4.9.3/../../../arm-none-eabi/lib/armv7-m/libc.a(lib_a-atexit.o)
                0x000000000800497c                atexit
 .text.__libc_fini_array
                0x0000000008004988       0x2c /usr/lib/gcc/arm-none-eabi/4.9.3/../../../arm-none-eabi/lib/armv7-m/libc.a(lib_a-fini.o)
                0x0000000008004988                __libc_fini_array
 .text.__libc_init_array
                0x00000000080049b4       0x50 /usr/lib/gcc/arm-none-eabi/4.9.3/../../../arm-none-eabi/lib/armv7-m/libc.a(lib_a-init.o)
                0x00000000080049b4                __libc_init_array
 .text.__register_exitproc
                0x0000000008004a04       0xa4 /usr/lib/gcc/arm-none-eabi/4.9.3/../../../arm-none-eabi/lib/armv7-m/libc.a(lib_a-__atexit.o)
                0x0000000008004a04                __register_exitproc
 .text.startup.register_fini
                0x0000000008004aa8       0x14 /usr/lib/gcc/arm-none-eabi/4.9.3/../../../arm-none-eabi/lib/armv7-m/libc.a(lib_a-__call_atexit.o)
 *(.glue_7)
 .glue_7        0x0000000008004abc        0x0 linker stubs
 *(.glue_7t)
 .glue_7t       0x0000000008004abc        0x0 linker stubs
 *(.eh_frame)
 .eh_frame      0x0000000008004abc        0x0 /usr/lib/gcc/arm-none-eabi/4.9.3/armv7-m/crtbegin.o
 *(.init)
 .init          0x0000000008004abc        0x4 /usr/lib/gcc/arm-none-eabi/4.9.3/armv7-m/crti.o
                0x0000000008004abc                _init
 .init          0x0000000008004ac0        0x8 /usr/lib/gcc/arm-none-eabi/4.9.3/armv7-m/crtn.o
 *(.fini)
 .fini          0x0000000008004ac8        0x4 /usr/lib/gcc/arm-none-eabi/4.9.3/armv7-m/crti.o
                0x0000000008004ac8                _fini
 .fini          0x0000000008004acc        0x8 /usr/lib/gcc/arm-none-eabi/4.9.3/armv7-m/crtn.o
                0x0000000008004ad4                . = ALIGN (0x4)
                0x0000000008004ad4                _etext = .

.vfp11_veneer   0x0000000008004ad4        0x0
 .vfp11_veneer  0x0000000008004ad4        0x0 linker stubs

.v4_bx          0x0000000008004ad4        0x0
 .v4_bx         0x0000000008004ad4        0x0 linker stubs

.iplt           0x0000000008004ad4        0x0
 .iplt          0x0000000008004ad4        0x0 /usr/lib/gcc/arm-none-eabi/4.9.3/armv7-m/crtbegin.o

.rodata         0x0000000008004ad4       0xcc
                0x0000000008004ad4                . = ALIGN (0x4)
 *(.rodata)
 .rodata        0x0000000008004ad4        0x9 build/src/main.o
 *fill*         0x0000000008004add        0x3 
 .rodata        0x0000000008004ae0       0xb6 build/src/usb_desc.o
                0x0000000008004ae0                Virtual_Com_Port_DeviceDescriptor
                0x0000000008004af4                Virtual_Com_Port_ConfigDescriptor
                0x0000000008004b38                Virtual_Com_Port_StringLangID
                0x0000000008004b3c                Virtual_Com_Port_StringVendor
                0x0000000008004b64                Virtual_Com_Port_StringProduct
 *(.rodata*)
 *fill*         0x0000000008004b96        0x2 
 .rodata.str1.4
                0x0000000008004b98        0x4 /usr/lib/gcc/arm-none-eabi/4.9.3/../../../arm-none-eabi/lib/armv7-m/libc.a(lib_a-impure.o)
 .rodata._global_impure_ptr
                0x0000000008004b9c        0x4 /usr/lib/gcc/arm-none-eabi/4.9.3/../../../arm-none-eabi/lib/armv7-m/libc.a(lib_a-impure.o)
                0x0000000008004b9c                _global_impure_ptr
                0x0000000008004ba0                . = ALIGN (0x4)

.rel.dyn        0x0000000008004ba0        0x0
 .rel.iplt      0x0000000008004ba0        0x0 /usr/lib/gcc/arm-none-eabi/4.9.3/armv7-m/crtbegin.o

.ARM.extab      0x0000000008004ba0        0x0
                0x0000000008004ba0                . = ALIGN (0x4)
 *(.ARM.extab* .gnu.linkonce.armextab.*)
                0x0000000008004ba0                . = ALIGN (0x4)

.ARM            0x0000000008004ba0        0x0
                0x0000000008004ba0                . = ALIGN (0x4)
                0x0000000008004ba0                __exidx_start = .
 *(.ARM.exidx*)
                0x0000000008004ba0                __exidx_end = .
                0x0000000008004ba0                . = ALIGN (0x4)

.preinit_array  0x0000000008004ba0        0x0
                0x0000000008004ba0                . = ALIGN (0x4)
                0x0000000008004ba0                PROVIDE (__preinit_array_start, .)
 *(.preinit_array*)
                0x0000000008004ba0                PROVIDE (__preinit_array_end, .)
                0x0000000008004ba0                . = ALIGN (0x4)

.init_array     0x0000000008004ba0        0x8
                0x0000000008004ba0                . = ALIGN (0x4)
                0x0000000008004ba0                PROVIDE (__init_array_start, .)
 *(SORT(.init_array.*))
 .init_array.00000
                0x0000000008004ba0        0x4 /usr/lib/gcc/arm-none-eabi/4.9.3/../../../arm-none-eabi/lib/armv7-m/libc.a(lib_a-__call_atexit.o)
 *(.init_array*)
 .init_array    0x0000000008004ba4        0x4 /usr/lib/gcc/arm-none-eabi/4.9.3/armv7-m/crtbegin.o
                0x0000000008004ba8                PROVIDE (__init_array_end, .)
                0x0000000008004ba8                . = ALIGN (0x4)

.fini_array     0x0000000008004ba8        0x4
                0x0000000008004ba8                . = ALIGN (0x4)
                0x0000000008004ba8                PROVIDE (__fini_array_start, .)
 *(SORT(.fini_array.*))
 *(.fini_array*)
 .fini_array    0x0000000008004ba8        0x4 /usr/lib/gcc/arm-none-eabi/4.9.3/armv7-m/crtbegin.o
                0x0000000008004bac                PROVIDE (__fini_array_end, .)
                0x0000000008004bac                . = ALIGN (0x4)
                0x0000000008004bac                _sidata = LOADADDR (.data)

.data           0x0000000020000000      0x540 load address 0x0000000008004bac
                0x0000000020000000                . = ALIGN (0x4)
                0x0000000020000000                _sdata = .
 *(.data)
 .data          0x0000000020000000       0x14 build/StdPeriph_Driver/src/stm32f10x_rcc.o
 .data          0x0000000020000014        0x8 build/src/main.o
                0x0000000020000014                packet_sent
                0x0000000020000018                packet_receive
 .data          0x000000002000001c       0x14 build/src/system_stm32f10x.o
                0x000000002000001c                SystemCoreClock
                0x0000000020000020                AHBPrescTable
 .data          0x0000000020000030       0x1a build/src/usb_desc.o
                0x0000000020000030                Virtual_Com_Port_StringSerial
 *fill*         0x000000002000004a        0x2 
 .data          0x000000002000004c       0x38 build/src/usb_istr.o
                0x000000002000004c                pEpInt_IN
                0x0000000020000068                pEpInt_OUT
 .data          0x0000000020000084       0x90 build/src/usb_prop.o
                0x0000000020000084                linecoding
                0x000000002000008c                Device_Table
                0x0000000020000090                Device_Property
                0x00000000200000c0                User_Standard_Requests
                0x00000000200000e4                Device_Descriptor
                0x00000000200000ec                Config_Descriptor
                0x00000000200000f4                String_Descriptor
 .data          0x0000000020000114        0x1 build/src/usb_pwr.o
                0x0000000020000114                fSuspendEnabled
 *(.data*)
 *fill*         0x0000000020000115        0x3 
 .data.impure_data
                0x0000000020000118      0x428 /usr/lib/gcc/arm-none-eabi/4.9.3/../../../arm-none-eabi/lib/armv7-m/libc.a(lib_a-impure.o)
                0x0000000020000540                . = ALIGN (0x4)
                0x0000000020000540                _edata = .

.jcr            0x0000000020000540        0x0 load address 0x00000000080050ec
 .jcr           0x0000000020000540        0x0 /usr/lib/gcc/arm-none-eabi/4.9.3/armv7-m/crtbegin.o

.tm_clone_table
                0x0000000020000540        0x0 load address 0x00000000080050ec
 .tm_clone_table
                0x0000000020000540        0x0 /usr/lib/gcc/arm-none-eabi/4.9.3/armv7-m/crtbegin.o
 .tm_clone_table
                0x0000000020000540        0x0 /usr/lib/gcc/arm-none-eabi/4.9.3/armv7-m/crtend.o

.igot.plt       0x0000000020000540        0x0 load address 0x00000000080050ec
 .igot.plt      0x0000000020000540        0x0 /usr/lib/gcc/arm-none-eabi/4.9.3/armv7-m/crtbegin.o
                0x0000000020000540                . = ALIGN (0x4)

.bss            0x0000000020000540       0xf8 load address 0x00000000080050ec
                0x0000000020000540                _sbss = .
                0x0000000020000540                __bss_start__ = _sbss
 *(.bss)
 .bss           0x0000000020000540       0x1c /usr/lib/gcc/arm-none-eabi/4.9.3/armv7-m/crtbegin.o
 .bss           0x000000002000055c        0xc build/src/usb_istr.o
                0x000000002000055c                bIntPackSOF
                0x0000000020000560                esof_counter
                0x0000000020000564                wCNTR
 .bss           0x0000000020000568        0x1 build/src/usb_prop.o
                0x0000000020000568                Request
 *fill*         0x0000000020000569        0x3 
 .bss           0x000000002000056c        0x8 build/src/usb_pwr.o
                0x000000002000056c                bDeviceState
                0x0000000020000570                remotewakeupon
 .bss           0x0000000020000574        0x5 build//home/max/Projects/Sources/STM32_USB-FS-Device_Lib_V4.1.0/Libraries/STM32_USB-FS-Device_Driver/src/usb_core.o
                0x0000000020000574                DevRemoteWakeup
                0x0000000020000578                Data_Mul_MaxPacketSize
 *(.bss*)
 *(COMMON)
 *fill*         0x0000000020000579        0x3 
 COMMON         0x000000002000057c        0x4 build/src/delay.o
                0x000000002000057c                usTicks
 COMMON         0x0000000020000580       0x50 build/src/hw_config.o
                0x0000000020000580                HSEStartUpStatus
                0x0000000020000584                Receive_Buffer
                0x00000000200005c4                EXTI_InitStructure
                0x00000000200005cc                Send_length
 COMMON         0x00000000200005d0        0x4 build/src/usb_endp.o
                0x00000000200005d0                Receive_length
 COMMON         0x00000000200005d4        0x2 build/src/usb_istr.o
                0x00000000200005d4                wIstr
 *fill*         0x00000000200005d6        0x2 
 COMMON         0x00000000200005d8       0x24 build/src/usb_pwr.o
                0x00000000200005d8                ResumeS
                0x00000000200005dc                EP
 COMMON         0x00000000200005fc        0x2 build//home/max/Projects/Sources/STM32_USB-FS-Device_Lib_V4.1.0/Libraries/STM32_USB-FS-Device_Driver/src/usb_core.o
                0x00000000200005fc                StatusInfo
 *fill*         0x00000000200005fe        0x2 
 COMMON         0x0000000020000600       0x32 build//home/max/Projects/Sources/STM32_USB-FS-Device_Lib_V4.1.0/Libraries/STM32_USB-FS-Device_Driver/src/usb_init.o
                0x0000000020000600                SaveState
                0x0000000020000604                pProperty
                0x0000000020000608                EPindex
                0x000000002000060c                Device_Info
                0x0000000020000628                pUser_Standard_Requests
                0x000000002000062c                pInformation
                0x0000000020000630                wInterrupt_Mask
 COMMON         0x0000000020000632        0x4 build//home/max/Projects/Sources/STM32_USB-FS-Device_Lib_V4.1.0/Libraries/STM32_USB-FS-Device_Driver/src/usb_int.o
                0x0000000020000632                SaveRState
                0x0000000020000634                SaveTState
                0x0000000020000638                . = ALIGN (0x4)
 *fill*         0x0000000020000636        0x2 
                0x0000000020000638                _ebss = .
                0x0000000020000638                __bss_end__ = _ebss

._user_heap_stack
                0x0000000020000638      0x400 load address 0x00000000080050ec
                0x0000000020000638                . = ALIGN (0x8)
                0x0000000020000638                PROVIDE (end, .)
                [!provide]                        PROVIDE (_end, .)
                0x0000000020000638                . = (. + _Min_Heap_Size)
                0x0000000020000a38                . = (. + _Min_Stack_Size)
 *fill*         0x0000000020000638      0x400 
                0x0000000020000a38                . = ALIGN (0x8)

/DISCARD/
 libc.a(*)
 libm.a(*)
 libgcc.a(*)

.ARM.attributes
                0x0000000000000000       0x29
 *(.ARM.attributes)
 .ARM.attributes
                0x0000000000000000       0x1d /usr/lib/gcc/arm-none-eabi/4.9.3/armv7-m/crti.o
 .ARM.attributes
                0x000000000000001d       0x2d /usr/lib/gcc/arm-none-eabi/4.9.3/armv7-m/crtbegin.o
 .ARM.attributes
                0x000000000000004a       0x33 build/StdPeriph_Driver/src/misc.o
 .ARM.attributes
                0x000000000000007d       0x33 build/StdPeriph_Driver/src/stm32f10x_exti.o
 .ARM.attributes
                0x00000000000000b0       0x33 build/StdPeriph_Driver/src/stm32f10x_gpio.o
 .ARM.attributes
                0x00000000000000e3       0x33 build/StdPeriph_Driver/src/stm32f10x_rcc.o
 .ARM.attributes
                0x0000000000000116       0x33 build/src/delay.o
 .ARM.attributes
                0x0000000000000149       0x33 build/src/hw_config.o
 .ARM.attributes
                0x000000000000017c       0x33 build/src/main.o
 .ARM.attributes
                0x00000000000001af       0x33 build/src/stm32_it.o
 .ARM.attributes
                0x00000000000001e2       0x33 build/src/system_stm32f10x.o
 .ARM.attributes
                0x0000000000000215       0x33 build/src/usb_desc.o
 .ARM.attributes
                0x0000000000000248       0x33 build/src/usb_endp.o
 .ARM.attributes
                0x000000000000027b       0x33 build/src/usb_istr.o
 .ARM.attributes
                0x00000000000002ae       0x33 build/src/usb_prop.o
 .ARM.attributes
                0x00000000000002e1       0x33 build/src/usb_pwr.o
 .ARM.attributes
                0x0000000000000314       0x21 build/startup/startup_stm32.o
 .ARM.attributes
                0x0000000000000335       0x33 build//home/max/Projects/Sources/STM32_USB-FS-Device_Lib_V4.1.0/Libraries/STM32_USB-FS-Device_Driver/src/usb_core.o
 .ARM.attributes
                0x0000000000000368       0x33 build//home/max/Projects/Sources/STM32_USB-FS-Device_Lib_V4.1.0/Libraries/STM32_USB-FS-Device_Driver/src/usb_init.o
 .ARM.attributes
                0x000000000000039b       0x33 build//home/max/Projects/Sources/STM32_USB-FS-Device_Lib_V4.1.0/Libraries/STM32_USB-FS-Device_Driver/src/usb_int.o
 .ARM.attributes
                0x00000000000003ce       0x33 build//home/max/Projects/Sources/STM32_USB-FS-Device_Lib_V4.1.0/Libraries/STM32_USB-FS-Device_Driver/src/usb_mem.o
 .ARM.attributes
                0x0000000000000401       0x33 build//home/max/Projects/Sources/STM32_USB-FS-Device_Lib_V4.1.0/Libraries/STM32_USB-FS-Device_Driver/src/usb_regs.o
 .ARM.attributes
                0x0000000000000434       0x33 build//home/max/Projects/Sources/STM32_USB-FS-Device_Lib_V4.1.0/Libraries/STM32_USB-FS-Device_Driver/src/usb_sil.o
 .ARM.attributes
                0x0000000000000467       0x2d /usr/lib/gcc/arm-none-eabi/4.9.3/../../../arm-none-eabi/lib/armv7-m/libc.a(lib_a-atexit.o)
 .ARM.attributes
                0x0000000000000494       0x2d /usr/lib/gcc/arm-none-eabi/4.9.3/../../../arm-none-eabi/lib/armv7-m/libc.a(lib_a-fini.o)
 .ARM.attributes
                0x00000000000004c1       0x2d /usr/lib/gcc/arm-none-eabi/4.9.3/../../../arm-none-eabi/lib/armv7-m/libc.a(lib_a-impure.o)
 .ARM.attributes
                0x00000000000004ee       0x2d /usr/lib/gcc/arm-none-eabi/4.9.3/../../../arm-none-eabi/lib/armv7-m/libc.a(lib_a-init.o)
 .ARM.attributes
                0x000000000000051b       0x2d /usr/lib/gcc/arm-none-eabi/4.9.3/../../../arm-none-eabi/lib/armv7-m/libc.a(lib_a-__atexit.o)
 .ARM.attributes
                0x0000000000000548       0x2d /usr/lib/gcc/arm-none-eabi/4.9.3/../../../arm-none-eabi/lib/armv7-m/libc.a(lib_a-__call_atexit.o)
 .ARM.attributes
                0x0000000000000575       0x2d /usr/lib/gcc/arm-none-eabi/4.9.3/armv7-m/crtend.o
 .ARM.attributes
                0x00000000000005a2       0x1d /usr/lib/gcc/arm-none-eabi/4.9.3/armv7-m/crtn.o
OUTPUT(build/program.elf elf32-littlearm)

.comment        0x0000000000000000       0x70
 .comment       0x0000000000000000       0x38 /usr/lib/gcc/arm-none-eabi/4.9.3/armv7-m/crtbegin.o
                                         0x39 (size before relaxing)
 .comment       0x0000000000000038       0x39 build/StdPeriph_Driver/src/misc.o
 .comment       0x0000000000000038       0x39 build/StdPeriph_Driver/src/stm32f10x_exti.o
 .comment       0x0000000000000038       0x39 build/StdPeriph_Driver/src/stm32f10x_gpio.o
 .comment       0x0000000000000038       0x39 build/StdPeriph_Driver/src/stm32f10x_rcc.o
 .comment       0x0000000000000038       0x39 build/src/delay.o
 .comment       0x0000000000000038       0x39 build/src/hw_config.o
 .comment       0x0000000000000038       0x39 build/src/main.o
 .comment       0x0000000000000038       0x39 build/src/stm32_it.o
 .comment       0x0000000000000038       0x39 build/src/system_stm32f10x.o
 .comment       0x0000000000000038       0x39 build/src/usb_desc.o
 .comment       0x0000000000000038       0x39 build/src/usb_endp.o
 .comment       0x0000000000000038       0x39 build/src/usb_istr.o
 .comment       0x0000000000000038       0x39 build/src/usb_prop.o
 .comment       0x0000000000000038       0x39 build/src/usb_pwr.o
 .comment       0x0000000000000038       0x39 build//home/max/Projects/Sources/STM32_USB-FS-Device_Lib_V4.1.0/Libraries/STM32_USB-FS-Device_Driver/src/usb_core.o
 .comment       0x0000000000000038       0x39 build//home/max/Projects/Sources/STM32_USB-FS-Device_Lib_V4.1.0/Libraries/STM32_USB-FS-Device_Driver/src/usb_init.o
 .comment       0x0000000000000038       0x39 build//home/max/Projects/Sources/STM32_USB-FS-Device_Lib_V4.1.0/Libraries/STM32_USB-FS-Device_Driver/src/usb_int.o
 .comment       0x0000000000000038       0x39 build//home/max/Projects/Sources/STM32_USB-FS-Device_Lib_V4.1.0/Libraries/STM32_USB-FS-Device_Driver/src/usb_mem.o
 .comment       0x0000000000000038       0x39 build//home/max/Projects/Sources/STM32_USB-FS-Device_Lib_V4.1.0/Libraries/STM32_USB-FS-Device_Driver/src/usb_regs.o
 .comment       0x0000000000000038       0x39 build//home/max/Projects/Sources/STM32_USB-FS-Device_Lib_V4.1.0/Libraries/STM32_USB-FS-Device_Driver/src/usb_sil.o
 .comment       0x0000000000000038       0x38 /usr/lib/gcc/arm-none-eabi/4.9.3/../../../arm-none-eabi/lib/armv7-m/libc.a(lib_a-atexit.o)
                                         0x39 (size before relaxing)
 .comment       0x0000000000000070       0x39 /usr/lib/gcc/arm-none-eabi/4.9.3/../../../arm-none-eabi/lib/armv7-m/libc.a(lib_a-fini.o)
 .comment       0x0000000000000070       0x39 /usr/lib/gcc/arm-none-eabi/4.9.3/../../../arm-none-eabi/lib/armv7-m/libc.a(lib_a-impure.o)
 .comment       0x0000000000000070       0x39 /usr/lib/gcc/arm-none-eabi/4.9.3/../../../arm-none-eabi/lib/armv7-m/libc.a(lib_a-init.o)
 .comment       0x0000000000000070       0x39 /usr/lib/gcc/arm-none-eabi/4.9.3/../../../arm-none-eabi/lib/armv7-m/libc.a(lib_a-__atexit.o)
 .comment       0x0000000000000070       0x39 /usr/lib/gcc/arm-none-eabi/4.9.3/../../../arm-none-eabi/lib/armv7-m/libc.a(lib_a-__call_atexit.o)
 .comment       0x0000000000000070       0x39 /usr/lib/gcc/arm-none-eabi/4.9.3/armv7-m/crtend.o

.debug_info     0x0000000000000000     0x7ed4
 .debug_info    0x0000000000000000      0x4ed build/StdPeriph_Driver/src/misc.o
 .debug_info    0x00000000000004ed      0x32f build/StdPeriph_Driver/src/stm32f10x_exti.o
 .debug_info    0x000000000000081c      0x6d5 build/StdPeriph_Driver/src/stm32f10x_gpio.o
 .debug_info    0x0000000000000ef1      0x87b build/StdPeriph_Driver/src/stm32f10x_rcc.o
 .debug_info    0x000000000000176c      0x5a4 build/src/delay.o
 .debug_info    0x0000000000001d10      0x7e7 build/src/hw_config.o
 .debug_info    0x00000000000024f7      0x30a build/src/main.o
 .debug_info    0x0000000000002801      0x16b build/src/stm32_it.o
 .debug_info    0x000000000000296c      0x438 build/src/system_stm32f10x.o
 .debug_info    0x0000000000002da4      0x171 build/src/usb_desc.o
 .debug_info    0x0000000000002f15      0x11e build/src/usb_endp.o
 .debug_info    0x0000000000003033      0x33e build/src/usb_istr.o
 .debug_info    0x0000000000003371      0x814 build/src/usb_prop.o
 .debug_info    0x0000000000003b85      0x314 build/src/usb_pwr.o
 .debug_info    0x0000000000003e99       0x6f build/startup/startup_stm32.o
 .debug_info    0x0000000000003f08      0xb69 build//home/max/Projects/Sources/STM32_USB-FS-Device_Lib_V4.1.0/Libraries/STM32_USB-FS-Device_Driver/src/usb_core.o
 .debug_info    0x0000000000004a71      0x440 build//home/max/Projects/Sources/STM32_USB-FS-Device_Lib_V4.1.0/Libraries/STM32_USB-FS-Device_Driver/src/usb_init.o
 .debug_info    0x0000000000004eb1      0x1e1 build//home/max/Projects/Sources/STM32_USB-FS-Device_Lib_V4.1.0/Libraries/STM32_USB-FS-Device_Driver/src/usb_int.o
 .debug_info    0x0000000000005092      0x1c0 build//home/max/Projects/Sources/STM32_USB-FS-Device_Lib_V4.1.0/Libraries/STM32_USB-FS-Device_Driver/src/usb_mem.o
 .debug_info    0x0000000000005252      0xc9f build//home/max/Projects/Sources/STM32_USB-FS-Device_Lib_V4.1.0/Libraries/STM32_USB-FS-Device_Driver/src/usb_regs.o
 .debug_info    0x0000000000005ef1      0x174 build//home/max/Projects/Sources/STM32_USB-FS-Device_Lib_V4.1.0/Libraries/STM32_USB-FS-Device_Driver/src/usb_sil.o
 .debug_info    0x0000000000006065      0x10a /usr/lib/gcc/arm-none-eabi/4.9.3/../../../arm-none-eabi/lib/armv7-m/libc.a(lib_a-atexit.o)
 .debug_info    0x000000000000616f       0xef /usr/lib/gcc/arm-none-eabi/4.9.3/../../../arm-none-eabi/lib/armv7-m/libc.a(lib_a-fini.o)
 .debug_info    0x000000000000625e      0x894 /usr/lib/gcc/arm-none-eabi/4.9.3/../../../arm-none-eabi/lib/armv7-m/libc.a(lib_a-impure.o)
 .debug_info    0x0000000000006af2      0x105 /usr/lib/gcc/arm-none-eabi/4.9.3/../../../arm-none-eabi/lib/armv7-m/libc.a(lib_a-init.o)
 .debug_info    0x0000000000006bf7      0x934 /usr/lib/gcc/arm-none-eabi/4.9.3/../../../arm-none-eabi/lib/armv7-m/libc.a(lib_a-__atexit.o)
 .debug_info    0x000000000000752b      0x9a9 /usr/lib/gcc/arm-none-eabi/4.9.3/../../../arm-none-eabi/lib/armv7-m/libc.a(lib_a-__call_atexit.o)

.debug_abbrev   0x0000000000000000     0x22e8
 .debug_abbrev  0x0000000000000000      0x156 build/StdPeriph_Driver/src/misc.o
 .debug_abbrev  0x0000000000000156      0x153 build/StdPeriph_Driver/src/stm32f10x_exti.o
 .debug_abbrev  0x00000000000002a9      0x1ca build/StdPeriph_Driver/src/stm32f10x_gpio.o
 .debug_abbrev  0x0000000000000473      0x1bc build/StdPeriph_Driver/src/stm32f10x_rcc.o
 .debug_abbrev  0x000000000000062f      0x1d5 build/src/delay.o
 .debug_abbrev  0x0000000000000804      0x250 build/src/hw_config.o
 .debug_abbrev  0x0000000000000a54      0x155 build/src/main.o
 .debug_abbrev  0x0000000000000ba9       0x90 build/src/stm32_it.o
 .debug_abbrev  0x0000000000000c39      0x179 build/src/system_stm32f10x.o
 .debug_abbrev  0x0000000000000db2       0x75 build/src/usb_desc.o
 .debug_abbrev  0x0000000000000e27       0xb3 build/src/usb_endp.o
 .debug_abbrev  0x0000000000000eda      0x118 build/src/usb_istr.o
 .debug_abbrev  0x0000000000000ff2      0x1dd build/src/usb_prop.o
 .debug_abbrev  0x00000000000011cf      0x188 build/src/usb_pwr.o
 .debug_abbrev  0x0000000000001357       0x12 build/startup/startup_stm32.o
 .debug_abbrev  0x0000000000001369      0x292 build//home/max/Projects/Sources/STM32_USB-FS-Device_Lib_V4.1.0/Libraries/STM32_USB-FS-Device_Driver/src/usb_core.o
 .debug_abbrev  0x00000000000015fb      0x10f build//home/max/Projects/Sources/STM32_USB-FS-Device_Lib_V4.1.0/Libraries/STM32_USB-FS-Device_Driver/src/usb_init.o
 .debug_abbrev  0x000000000000170a       0xd0 build//home/max/Projects/Sources/STM32_USB-FS-Device_Lib_V4.1.0/Libraries/STM32_USB-FS-Device_Driver/src/usb_int.o
 .debug_abbrev  0x00000000000017da       0x9f build//home/max/Projects/Sources/STM32_USB-FS-Device_Lib_V4.1.0/Libraries/STM32_USB-FS-Device_Driver/src/usb_mem.o
 .debug_abbrev  0x0000000000001879      0x16f build//home/max/Projects/Sources/STM32_USB-FS-Device_Lib_V4.1.0/Libraries/STM32_USB-FS-Device_Driver/src/usb_regs.o
 .debug_abbrev  0x00000000000019e8       0xbd build//home/max/Projects/Sources/STM32_USB-FS-Device_Lib_V4.1.0/Libraries/STM32_USB-FS-Device_Driver/src/usb_sil.o
 .debug_abbrev  0x0000000000001aa5       0xb8 /usr/lib/gcc/arm-none-eabi/4.9.3/../../../arm-none-eabi/lib/armv7-m/libc.a(lib_a-atexit.o)
 .debug_abbrev  0x0000000000001b5d       0xbd /usr/lib/gcc/arm-none-eabi/4.9.3/../../../arm-none-eabi/lib/armv7-m/libc.a(lib_a-fini.o)
 .debug_abbrev  0x0000000000001c1a      0x180 /usr/lib/gcc/arm-none-eabi/4.9.3/../../../arm-none-eabi/lib/armv7-m/libc.a(lib_a-impure.o)
 .debug_abbrev  0x0000000000001d9a       0xba /usr/lib/gcc/arm-none-eabi/4.9.3/../../../arm-none-eabi/lib/armv7-m/libc.a(lib_a-init.o)
 .debug_abbrev  0x0000000000001e54      0x20f /usr/lib/gcc/arm-none-eabi/4.9.3/../../../arm-none-eabi/lib/armv7-m/libc.a(lib_a-__atexit.o)
 .debug_abbrev  0x0000000000002063      0x285 /usr/lib/gcc/arm-none-eabi/4.9.3/../../../arm-none-eabi/lib/armv7-m/libc.a(lib_a-__call_atexit.o)

.debug_aranges  0x0000000000000000      0x360
 .debug_aranges
                0x0000000000000000       0x20 build/StdPeriph_Driver/src/misc.o
 .debug_aranges
                0x0000000000000020       0x20 build/StdPeriph_Driver/src/stm32f10x_exti.o
 .debug_aranges
                0x0000000000000040       0x20 build/StdPeriph_Driver/src/stm32f10x_gpio.o
 .debug_aranges
                0x0000000000000060       0x20 build/StdPeriph_Driver/src/stm32f10x_rcc.o
 .debug_aranges
                0x0000000000000080       0x20 build/src/delay.o
 .debug_aranges
                0x00000000000000a0       0x20 build/src/hw_config.o
 .debug_aranges
                0x00000000000000c0       0x20 build/src/main.o
 .debug_aranges
                0x00000000000000e0       0x20 build/src/stm32_it.o
 .debug_aranges
                0x0000000000000100       0x20 build/src/system_stm32f10x.o
 .debug_aranges
                0x0000000000000120       0x18 build/src/usb_desc.o
 .debug_aranges
                0x0000000000000138       0x20 build/src/usb_endp.o
 .debug_aranges
                0x0000000000000158       0x20 build/src/usb_istr.o
 .debug_aranges
                0x0000000000000178       0x20 build/src/usb_prop.o
 .debug_aranges
                0x0000000000000198       0x20 build/src/usb_pwr.o
 .debug_aranges
                0x00000000000001b8       0x28 build/startup/startup_stm32.o
 .debug_aranges
                0x00000000000001e0       0x20 build//home/max/Projects/Sources/STM32_USB-FS-Device_Lib_V4.1.0/Libraries/STM32_USB-FS-Device_Driver/src/usb_core.o
 .debug_aranges
                0x0000000000000200       0x20 build//home/max/Projects/Sources/STM32_USB-FS-Device_Lib_V4.1.0/Libraries/STM32_USB-FS-Device_Driver/src/usb_init.o
 .debug_aranges
                0x0000000000000220       0x20 build//home/max/Projects/Sources/STM32_USB-FS-Device_Lib_V4.1.0/Libraries/STM32_USB-FS-Device_Driver/src/usb_int.o
 .debug_aranges
                0x0000000000000240       0x20 build//home/max/Projects/Sources/STM32_USB-FS-Device_Lib_V4.1.0/Libraries/STM32_USB-FS-Device_Driver/src/usb_mem.o
 .debug_aranges
                0x0000000000000260       0x20 build//home/max/Projects/Sources/STM32_USB-FS-Device_Lib_V4.1.0/Libraries/STM32_USB-FS-Device_Driver/src/usb_regs.o
 .debug_aranges
                0x0000000000000280       0x20 build//home/max/Projects/Sources/STM32_USB-FS-Device_Lib_V4.1.0/Libraries/STM32_USB-FS-Device_Driver/src/usb_sil.o
 .debug_aranges
                0x00000000000002a0       0x20 /usr/lib/gcc/arm-none-eabi/4.9.3/../../../arm-none-eabi/lib/armv7-m/libc.a(lib_a-atexit.o)
 .debug_aranges
                0x00000000000002c0       0x20 /usr/lib/gcc/arm-none-eabi/4.9.3/../../../arm-none-eabi/lib/armv7-m/libc.a(lib_a-fini.o)
 .debug_aranges
                0x00000000000002e0       0x18 /usr/lib/gcc/arm-none-eabi/4.9.3/../../../arm-none-eabi/lib/armv7-m/libc.a(lib_a-impure.o)
 .debug_aranges
                0x00000000000002f8       0x20 /usr/lib/gcc/arm-none-eabi/4.9.3/../../../arm-none-eabi/lib/armv7-m/libc.a(lib_a-init.o)
 .debug_aranges
                0x0000000000000318       0x20 /usr/lib/gcc/arm-none-eabi/4.9.3/../../../arm-none-eabi/lib/armv7-m/libc.a(lib_a-__atexit.o)
 .debug_aranges
                0x0000000000000338       0x28 /usr/lib/gcc/arm-none-eabi/4.9.3/../../../arm-none-eabi/lib/armv7-m/libc.a(lib_a-__call_atexit.o)

.debug_line     0x0000000000000000     0x32e9
 .debug_line    0x0000000000000000      0x1c8 build/StdPeriph_Driver/src/misc.o
 .debug_line    0x00000000000001c8      0x201 build/StdPeriph_Driver/src/stm32f10x_exti.o
 .debug_line    0x00000000000003c9      0x28e build/StdPeriph_Driver/src/stm32f10x_gpio.o
 .debug_line    0x0000000000000657      0x2e9 build/StdPeriph_Driver/src/stm32f10x_rcc.o
 .debug_line    0x0000000000000940      0x1c8 build/src/delay.o
 .debug_line    0x0000000000000b08      0x2d5 build/src/hw_config.o
 .debug_line    0x0000000000000ddd      0x1c8 build/src/main.o
 .debug_line    0x0000000000000fa5      0x14a build/src/stm32_it.o
 .debug_line    0x00000000000010ef      0x1ea build/src/system_stm32f10x.o
 .debug_line    0x00000000000012d9       0xec build/src/usb_desc.o
 .debug_line    0x00000000000013c5      0x105 build/src/usb_endp.o
 .debug_line    0x00000000000014ca      0x1f2 build/src/usb_istr.o
 .debug_line    0x00000000000016bc      0x236 build/src/usb_prop.o
 .debug_line    0x00000000000018f2      0x295 build/src/usb_pwr.o
 .debug_line    0x0000000000001b87       0x74 build/startup/startup_stm32.o
 .debug_line    0x0000000000001bfb      0x42b build//home/max/Projects/Sources/STM32_USB-FS-Device_Lib_V4.1.0/Libraries/STM32_USB-FS-Device_Driver/src/usb_core.o
 .debug_line    0x0000000000002026      0x1d2 build//home/max/Projects/Sources/STM32_USB-FS-Device_Lib_V4.1.0/Libraries/STM32_USB-FS-Device_Driver/src/usb_init.o
 .debug_line    0x00000000000021f8      0x2a8 build//home/max/Projects/Sources/STM32_USB-FS-Device_Lib_V4.1.0/Libraries/STM32_USB-FS-Device_Driver/src/usb_int.o
 .debug_line    0x00000000000024a0      0x1ad build//home/max/Projects/Sources/STM32_USB-FS-Device_Lib_V4.1.0/Libraries/STM32_USB-FS-Device_Driver/src/usb_mem.o
 .debug_line    0x000000000000264d      0x458 build//home/max/Projects/Sources/STM32_USB-FS-Device_Lib_V4.1.0/Libraries/STM32_USB-FS-Device_Driver/src/usb_regs.o
 .debug_line    0x0000000000002aa5      0x1df build//home/max/Projects/Sources/STM32_USB-FS-Device_Lib_V4.1.0/Libraries/STM32_USB-FS-Device_Driver/src/usb_sil.o
 .debug_line    0x0000000000002c84       0xc1 /usr/lib/gcc/arm-none-eabi/4.9.3/../../../arm-none-eabi/lib/armv7-m/libc.a(lib_a-atexit.o)
 .debug_line    0x0000000000002d45       0x9c /usr/lib/gcc/arm-none-eabi/4.9.3/../../../arm-none-eabi/lib/armv7-m/libc.a(lib_a-fini.o)
 .debug_line    0x0000000000002de1       0xf1 /usr/lib/gcc/arm-none-eabi/4.9.3/../../../arm-none-eabi/lib/armv7-m/libc.a(lib_a-impure.o)
 .debug_line    0x0000000000002ed2       0xb6 /usr/lib/gcc/arm-none-eabi/4.9.3/../../../arm-none-eabi/lib/armv7-m/libc.a(lib_a-init.o)
 .debug_line    0x0000000000002f88      0x19c /usr/lib/gcc/arm-none-eabi/4.9.3/../../../arm-none-eabi/lib/armv7-m/libc.a(lib_a-__atexit.o)
 .debug_line    0x0000000000003124      0x1c5 /usr/lib/gcc/arm-none-eabi/4.9.3/../../../arm-none-eabi/lib/armv7-m/libc.a(lib_a-__call_atexit.o)

.debug_str      0x0000000000000000     0x2e4b
 .debug_str     0x0000000000000000      0x356 build/StdPeriph_Driver/src/misc.o
                                        0x3af (size before relaxing)
 .debug_str     0x0000000000000356      0x1c0 build/StdPeriph_Driver/src/stm32f10x_exti.o
                                        0x340 (size before relaxing)
 .debug_str     0x0000000000000516      0x372 build/StdPeriph_Driver/src/stm32f10x_gpio.o
                                        0x510 (size before relaxing)
 .debug_str     0x0000000000000888      0x428 build/StdPeriph_Driver/src/stm32f10x_rcc.o
                                        0x611 (size before relaxing)
 .debug_str     0x0000000000000cb0      0x333 build/src/delay.o
                                        0x568 (size before relaxing)
 .debug_str     0x0000000000000fe3      0x2d4 build/src/hw_config.o
                                        0x9db (size before relaxing)
 .debug_str     0x00000000000012b7       0x57 build/src/main.o
                                        0x37b (size before relaxing)
 .debug_str     0x000000000000130e       0xcf build/src/stm32_it.o
                                        0x21e (size before relaxing)
 .debug_str     0x00000000000013dd       0x78 build/src/system_stm32f10x.o
                                        0x2c6 (size before relaxing)
 .debug_str     0x0000000000001455       0xae build/src/usb_desc.o
                                        0x211 (size before relaxing)
 .debug_str     0x0000000000001503       0x30 build/src/usb_endp.o
                                        0x1c2 (size before relaxing)
 .debug_str     0x0000000000001533      0x1bf build/src/usb_istr.o
                                        0x394 (size before relaxing)
 .debug_str     0x00000000000016f2      0x3ea build/src/usb_prop.o
                                        0x931 (size before relaxing)
 .debug_str     0x0000000000001adc       0x68 build/src/usb_pwr.o
                                        0x343 (size before relaxing)
 .debug_str     0x0000000000001b44      0x49a build//home/max/Projects/Sources/STM32_USB-FS-Device_Lib_V4.1.0/Libraries/STM32_USB-FS-Device_Driver/src/usb_core.o
                                        0xac4 (size before relaxing)
 .debug_str     0x0000000000001fde       0x89 build//home/max/Projects/Sources/STM32_USB-FS-Device_Lib_V4.1.0/Libraries/STM32_USB-FS-Device_Driver/src/usb_init.o
                                        0x572 (size before relaxing)
 .debug_str     0x0000000000002067       0x82 build//home/max/Projects/Sources/STM32_USB-FS-Device_Lib_V4.1.0/Libraries/STM32_USB-FS-Device_Driver/src/usb_int.o
                                        0x231 (size before relaxing)
 .debug_str     0x00000000000020e9       0xc5 build//home/max/Projects/Sources/STM32_USB-FS-Device_Lib_V4.1.0/Libraries/STM32_USB-FS-Device_Driver/src/usb_mem.o
                                        0x232 (size before relaxing)
 .debug_str     0x00000000000021ae      0x431 build//home/max/Projects/Sources/STM32_USB-FS-Device_Lib_V4.1.0/Libraries/STM32_USB-FS-Device_Driver/src/usb_regs.o
                                        0x5ba (size before relaxing)
 .debug_str     0x00000000000025df       0xc3 build//home/max/Projects/Sources/STM32_USB-FS-Device_Lib_V4.1.0/Libraries/STM32_USB-FS-Device_Driver/src/usb_sil.o
                                        0x240 (size before relaxing)
 .debug_str     0x00000000000026a2      0x15f /usr/lib/gcc/arm-none-eabi/4.9.3/../../../arm-none-eabi/lib/armv7-m/libc.a(lib_a-atexit.o)
                                        0x1f8 (size before relaxing)
 .debug_str     0x0000000000002801       0xca /usr/lib/gcc/arm-none-eabi/4.9.3/../../../arm-none-eabi/lib/armv7-m/libc.a(lib_a-fini.o)
                                        0x1f0 (size before relaxing)
 .debug_str     0x00000000000028cb      0x445 /usr/lib/gcc/arm-none-eabi/4.9.3/../../../arm-none-eabi/lib/armv7-m/libc.a(lib_a-impure.o)
                                        0x58c (size before relaxing)
 .debug_str     0x0000000000002d10       0x8a /usr/lib/gcc/arm-none-eabi/4.9.3/../../../arm-none-eabi/lib/armv7-m/libc.a(lib_a-init.o)
                                        0x21a (size before relaxing)
 .debug_str     0x0000000000002d9a       0x30 /usr/lib/gcc/arm-none-eabi/4.9.3/../../../arm-none-eabi/lib/armv7-m/libc.a(lib_a-__atexit.o)
                                        0x5d4 (size before relaxing)
 .debug_str     0x0000000000002dca       0x81 /usr/lib/gcc/arm-none-eabi/4.9.3/../../../arm-none-eabi/lib/armv7-m/libc.a(lib_a-__call_atexit.o)
                                        0x5ec (size before relaxing)

.debug_frame    0x0000000000000000     0x1fa0
 .debug_frame   0x0000000000000000       0xd8 build/StdPeriph_Driver/src/misc.o
 .debug_frame   0x00000000000000d8      0x148 build/StdPeriph_Driver/src/stm32f10x_exti.o
 .debug_frame   0x0000000000000220      0x2d0 build/StdPeriph_Driver/src/stm32f10x_gpio.o
 .debug_frame   0x00000000000004f0      0x4f4 build/StdPeriph_Driver/src/stm32f10x_rcc.o
 .debug_frame   0x00000000000009e4       0xc4 build/src/delay.o
 .debug_frame   0x0000000000000aa8      0x148 build/src/hw_config.o
 .debug_frame   0x0000000000000bf0       0x54 build/src/main.o
 .debug_frame   0x0000000000000c44      0x148 build/src/stm32_it.o
 .debug_frame   0x0000000000000d8c       0x98 build/src/system_stm32f10x.o
 .debug_frame   0x0000000000000e24       0x4c build/src/usb_endp.o
 .debug_frame   0x0000000000000e70       0x34 build/src/usb_istr.o
 .debug_frame   0x0000000000000ea4      0x200 build/src/usb_prop.o
 .debug_frame   0x00000000000010a4       0xc4 build/src/usb_pwr.o
 .debug_frame   0x0000000000001168      0x2b8 build//home/max/Projects/Sources/STM32_USB-FS-Device_Lib_V4.1.0/Libraries/STM32_USB-FS-Device_Driver/src/usb_core.o
 .debug_frame   0x0000000000001420       0x2c build//home/max/Projects/Sources/STM32_USB-FS-Device_Lib_V4.1.0/Libraries/STM32_USB-FS-Device_Driver/src/usb_init.o
 .debug_frame   0x000000000000144c       0x5c build//home/max/Projects/Sources/STM32_USB-FS-Device_Lib_V4.1.0/Libraries/STM32_USB-FS-Device_Driver/src/usb_int.o
 .debug_frame   0x00000000000014a8       0x60 build//home/max/Projects/Sources/STM32_USB-FS-Device_Lib_V4.1.0/Libraries/STM32_USB-FS-Device_Driver/src/usb_mem.o
 .debug_frame   0x0000000000001508      0x91c build//home/max/Projects/Sources/STM32_USB-FS-Device_Lib_V4.1.0/Libraries/STM32_USB-FS-Device_Driver/src/usb_regs.o
 .debug_frame   0x0000000000001e24       0x78 build//home/max/Projects/Sources/STM32_USB-FS-Device_Lib_V4.1.0/Libraries/STM32_USB-FS-Device_Driver/src/usb_sil.o
 .debug_frame   0x0000000000001e9c       0x20 /usr/lib/gcc/arm-none-eabi/4.9.3/../../../arm-none-eabi/lib/armv7-m/libc.a(lib_a-atexit.o)
 .debug_frame   0x0000000000001ebc       0x34 /usr/lib/gcc/arm-none-eabi/4.9.3/../../../arm-none-eabi/lib/armv7-m/libc.a(lib_a-fini.o)
 .debug_frame   0x0000000000001ef0       0x2c /usr/lib/gcc/arm-none-eabi/4.9.3/../../../arm-none-eabi/lib/armv7-m/libc.a(lib_a-init.o)
 .debug_frame   0x0000000000001f1c       0x34 /usr/lib/gcc/arm-none-eabi/4.9.3/../../../arm-none-eabi/lib/armv7-m/libc.a(lib_a-__atexit.o)
 .debug_frame   0x0000000000001f50       0x50 /usr/lib/gcc/arm-none-eabi/4.9.3/../../../arm-none-eabi/lib/armv7-m/libc.a(lib_a-__call_atexit.o)

.debug_ranges   0x0000000000000000       0xa8
 .debug_ranges  0x0000000000000000       0x20 build/startup/startup_stm32.o
 .debug_ranges  0x0000000000000020       0x18 build//home/max/Projects/Sources/STM32_USB-FS-Device_Lib_V4.1.0/Libraries/STM32_USB-FS-Device_Driver/src/usb_core.o
 .debug_ranges  0x0000000000000038       0x10 /usr/lib/gcc/arm-none-eabi/4.9.3/../../../arm-none-eabi/lib/armv7-m/libc.a(lib_a-atexit.o)
 .debug_ranges  0x0000000000000048       0x10 /usr/lib/gcc/arm-none-eabi/4.9.3/../../../arm-none-eabi/lib/armv7-m/libc.a(lib_a-fini.o)
 .debug_ranges  0x0000000000000058       0x10 /usr/lib/gcc/arm-none-eabi/4.9.3/../../../arm-none-eabi/lib/armv7-m/libc.a(lib_a-init.o)
 .debug_ranges  0x0000000000000068       0x10 /usr/lib/gcc/arm-none-eabi/4.9.3/../../../arm-none-eabi/lib/armv7-m/libc.a(lib_a-__atexit.o)
 .debug_ranges  0x0000000000000078       0x30 /usr/lib/gcc/arm-none-eabi/4.9.3/../../../arm-none-eabi/lib/armv7-m/libc.a(lib_a-__call_atexit.o)

.debug_loc      0x0000000000000000      0x413
 .debug_loc     0x0000000000000000       0x2c /usr/lib/gcc/arm-none-eabi/4.9.3/../../../arm-none-eabi/lib/armv7-m/libc.a(lib_a-atexit.o)
 .debug_loc     0x000000000000002c       0x5c /usr/lib/gcc/arm-none-eabi/4.9.3/../../../arm-none-eabi/lib/armv7-m/libc.a(lib_a-fini.o)
 .debug_loc     0x0000000000000088       0xae /usr/lib/gcc/arm-none-eabi/4.9.3/../../../arm-none-eabi/lib/armv7-m/libc.a(lib_a-init.o)
 .debug_loc     0x0000000000000136      0x197 /usr/lib/gcc/arm-none-eabi/4.9.3/../../../arm-none-eabi/lib/armv7-m/libc.a(lib_a-__atexit.o)
 .debug_loc     0x00000000000002cd      0x146 /usr/lib/gcc/arm-none-eabi/4.9.3/../../../arm-none-eabi/lib/armv7-m/libc.a(lib_a-__call_atexit.o)
