Archive member included to satisfy reference by file (symbol)

/usr/lib/gcc/arm-none-eabi/4.9.3/../../../arm-none-eabi/lib/armv7-m/libc.a(lib_a-atexit.o)
                              /usr/lib/gcc/arm-none-eabi/4.9.3/../../../arm-none-eabi/lib/armv7-m/crt0.o (atexit)
/usr/lib/gcc/arm-none-eabi/4.9.3/../../../arm-none-eabi/lib/armv7-m/libc.a(lib_a-errno.o)
                              build/src/syscalls.o (__errno)
/usr/lib/gcc/arm-none-eabi/4.9.3/../../../arm-none-eabi/lib/armv7-m/libc.a(lib_a-exit.o)
                              /usr/lib/gcc/arm-none-eabi/4.9.3/../../../arm-none-eabi/lib/armv7-m/crt0.o (exit)
/usr/lib/gcc/arm-none-eabi/4.9.3/../../../arm-none-eabi/lib/armv7-m/libc.a(lib_a-fini.o)
                              /usr/lib/gcc/arm-none-eabi/4.9.3/../../../arm-none-eabi/lib/armv7-m/crt0.o (__libc_fini_array)
/usr/lib/gcc/arm-none-eabi/4.9.3/../../../arm-none-eabi/lib/armv7-m/libc.a(lib_a-impure.o)
                              /usr/lib/gcc/arm-none-eabi/4.9.3/../../../arm-none-eabi/lib/armv7-m/libc.a(lib_a-exit.o) (_global_impure_ptr)
/usr/lib/gcc/arm-none-eabi/4.9.3/../../../arm-none-eabi/lib/armv7-m/libc.a(lib_a-init.o)
                              /usr/lib/gcc/arm-none-eabi/4.9.3/../../../arm-none-eabi/lib/armv7-m/crt0.o (__libc_init_array)
/usr/lib/gcc/arm-none-eabi/4.9.3/../../../arm-none-eabi/lib/armv7-m/libc.a(lib_a-memset.o)
                              /usr/lib/gcc/arm-none-eabi/4.9.3/../../../arm-none-eabi/lib/armv7-m/crt0.o (memset)
/usr/lib/gcc/arm-none-eabi/4.9.3/../../../arm-none-eabi/lib/armv7-m/libc.a(lib_a-__atexit.o)
                              /usr/lib/gcc/arm-none-eabi/4.9.3/../../../arm-none-eabi/lib/armv7-m/libc.a(lib_a-atexit.o) (__register_exitproc)
/usr/lib/gcc/arm-none-eabi/4.9.3/../../../arm-none-eabi/lib/armv7-m/libc.a(lib_a-__call_atexit.o)
                              /usr/lib/gcc/arm-none-eabi/4.9.3/../../../arm-none-eabi/lib/armv7-m/libc.a(lib_a-exit.o) (__call_exitprocs)

Discarded input sections

 .text          0x0000000000000000        0x0 /usr/lib/gcc/arm-none-eabi/4.9.3/armv7-m/crti.o
 .data          0x0000000000000000        0x0 /usr/lib/gcc/arm-none-eabi/4.9.3/armv7-m/crti.o
 .bss           0x0000000000000000        0x0 /usr/lib/gcc/arm-none-eabi/4.9.3/armv7-m/crti.o
 .data          0x0000000000000000        0x4 /usr/lib/gcc/arm-none-eabi/4.9.3/armv7-m/crtbegin.o
 .text          0x0000000000000000       0x68 /usr/lib/gcc/arm-none-eabi/4.9.3/../../../arm-none-eabi/lib/armv7-m/crt0.o
 .data          0x0000000000000000        0x0 /usr/lib/gcc/arm-none-eabi/4.9.3/../../../arm-none-eabi/lib/armv7-m/crt0.o
 .bss           0x0000000000000000        0x0 /usr/lib/gcc/arm-none-eabi/4.9.3/../../../arm-none-eabi/lib/armv7-m/crt0.o
 .ARM.extab     0x0000000000000000        0x0 /usr/lib/gcc/arm-none-eabi/4.9.3/../../../arm-none-eabi/lib/armv7-m/crt0.o
 .ARM.exidx     0x0000000000000000        0x8 /usr/lib/gcc/arm-none-eabi/4.9.3/../../../arm-none-eabi/lib/armv7-m/crt0.o
 .debug_line    0x0000000000000000       0x7b /usr/lib/gcc/arm-none-eabi/4.9.3/../../../arm-none-eabi/lib/armv7-m/crt0.o
 .debug_info    0x0000000000000000       0xa8 /usr/lib/gcc/arm-none-eabi/4.9.3/../../../arm-none-eabi/lib/armv7-m/crt0.o
 .debug_abbrev  0x0000000000000000       0x14 /usr/lib/gcc/arm-none-eabi/4.9.3/../../../arm-none-eabi/lib/armv7-m/crt0.o
 .debug_aranges
                0x0000000000000000       0x20 /usr/lib/gcc/arm-none-eabi/4.9.3/../../../arm-none-eabi/lib/armv7-m/crt0.o
 .ARM.attributes
                0x0000000000000000       0x1b /usr/lib/gcc/arm-none-eabi/4.9.3/../../../arm-none-eabi/lib/armv7-m/crt0.o
 .text          0x0000000000000000      0x18c build/StdPeriph_Driver/src/misc.o
 .data          0x0000000000000000        0x0 build/StdPeriph_Driver/src/misc.o
 .bss           0x0000000000000000        0x0 build/StdPeriph_Driver/src/misc.o
 .debug_info    0x0000000000000000      0x4ed build/StdPeriph_Driver/src/misc.o
 .debug_abbrev  0x0000000000000000      0x156 build/StdPeriph_Driver/src/misc.o
 .debug_aranges
                0x0000000000000000       0x20 build/StdPeriph_Driver/src/misc.o
 .debug_line    0x0000000000000000      0x1ca build/StdPeriph_Driver/src/misc.o
 .debug_str     0x0000000000000000      0x3b0 build/StdPeriph_Driver/src/misc.o
 .comment       0x0000000000000000       0x39 build/StdPeriph_Driver/src/misc.o
 .debug_frame   0x0000000000000000       0xd8 build/StdPeriph_Driver/src/misc.o
 .ARM.attributes
                0x0000000000000000       0x33 build/StdPeriph_Driver/src/misc.o
 .text          0x0000000000000000      0xa3c build/StdPeriph_Driver/src/stm32f10x_adc.o
 .data          0x0000000000000000        0x0 build/StdPeriph_Driver/src/stm32f10x_adc.o
 .bss           0x0000000000000000        0x0 build/StdPeriph_Driver/src/stm32f10x_adc.o
 .debug_info    0x0000000000000000      0xb62 build/StdPeriph_Driver/src/stm32f10x_adc.o
 .debug_abbrev  0x0000000000000000      0x19a build/StdPeriph_Driver/src/stm32f10x_adc.o
 .debug_aranges
                0x0000000000000000       0x20 build/StdPeriph_Driver/src/stm32f10x_adc.o
 .debug_line    0x0000000000000000      0x302 build/StdPeriph_Driver/src/stm32f10x_adc.o
 .debug_str     0x0000000000000000      0x6f3 build/StdPeriph_Driver/src/stm32f10x_adc.o
 .comment       0x0000000000000000       0x39 build/StdPeriph_Driver/src/stm32f10x_adc.o
 .debug_frame   0x0000000000000000      0x5a4 build/StdPeriph_Driver/src/stm32f10x_adc.o
 .ARM.attributes
                0x0000000000000000       0x33 build/StdPeriph_Driver/src/stm32f10x_adc.o
 .text          0x0000000000000000      0x1c0 build/StdPeriph_Driver/src/stm32f10x_bkp.o
 .data          0x0000000000000000        0x0 build/StdPeriph_Driver/src/stm32f10x_bkp.o
 .bss           0x0000000000000000        0x0 build/StdPeriph_Driver/src/stm32f10x_bkp.o
 .debug_info    0x0000000000000000      0x78b build/StdPeriph_Driver/src/stm32f10x_bkp.o
 .debug_abbrev  0x0000000000000000      0x165 build/StdPeriph_Driver/src/stm32f10x_bkp.o
 .debug_aranges
                0x0000000000000000       0x20 build/StdPeriph_Driver/src/stm32f10x_bkp.o
 .debug_line    0x0000000000000000      0x1cb build/StdPeriph_Driver/src/stm32f10x_bkp.o
 .debug_str     0x0000000000000000      0x5ad build/StdPeriph_Driver/src/stm32f10x_bkp.o
 .comment       0x0000000000000000       0x39 build/StdPeriph_Driver/src/stm32f10x_bkp.o
 .debug_frame   0x0000000000000000      0x1c4 build/StdPeriph_Driver/src/stm32f10x_bkp.o
 .ARM.attributes
                0x0000000000000000       0x33 build/StdPeriph_Driver/src/stm32f10x_bkp.o
 .text          0x0000000000000000      0xfa8 build/StdPeriph_Driver/src/stm32f10x_can.o
 .data          0x0000000000000000        0x0 build/StdPeriph_Driver/src/stm32f10x_can.o
 .bss           0x0000000000000000        0x0 build/StdPeriph_Driver/src/stm32f10x_can.o
 .debug_info    0x0000000000000000      0xb8a build/StdPeriph_Driver/src/stm32f10x_can.o
 .debug_abbrev  0x0000000000000000      0x1f5 build/StdPeriph_Driver/src/stm32f10x_can.o
 .debug_aranges
                0x0000000000000000       0x20 build/StdPeriph_Driver/src/stm32f10x_can.o
 .debug_line    0x0000000000000000      0x3d6 build/StdPeriph_Driver/src/stm32f10x_can.o
 .debug_str     0x0000000000000000      0x726 build/StdPeriph_Driver/src/stm32f10x_can.o
 .comment       0x0000000000000000       0x39 build/StdPeriph_Driver/src/stm32f10x_can.o
 .debug_frame   0x0000000000000000      0x3f0 build/StdPeriph_Driver/src/stm32f10x_can.o
 .ARM.attributes
                0x0000000000000000       0x33 build/StdPeriph_Driver/src/stm32f10x_can.o
 .text          0x0000000000000000      0x290 build/StdPeriph_Driver/src/stm32f10x_cec.o
 .data          0x0000000000000000        0x0 build/StdPeriph_Driver/src/stm32f10x_cec.o
 .bss           0x0000000000000000        0x0 build/StdPeriph_Driver/src/stm32f10x_cec.o
 .debug_info    0x0000000000000000      0x40a build/StdPeriph_Driver/src/stm32f10x_cec.o
 .debug_abbrev  0x0000000000000000      0x1b0 build/StdPeriph_Driver/src/stm32f10x_cec.o
 .debug_aranges
                0x0000000000000000       0x20 build/StdPeriph_Driver/src/stm32f10x_cec.o
 .debug_line    0x0000000000000000      0x21a build/StdPeriph_Driver/src/stm32f10x_cec.o
 .debug_str     0x0000000000000000      0x36e build/StdPeriph_Driver/src/stm32f10x_cec.o
 .comment       0x0000000000000000       0x39 build/StdPeriph_Driver/src/stm32f10x_cec.o
 .debug_frame   0x0000000000000000      0x224 build/StdPeriph_Driver/src/stm32f10x_cec.o
 .ARM.attributes
                0x0000000000000000       0x33 build/StdPeriph_Driver/src/stm32f10x_cec.o
 .text          0x0000000000000000       0xd0 build/StdPeriph_Driver/src/stm32f10x_crc.o
 .data          0x0000000000000000        0x0 build/StdPeriph_Driver/src/stm32f10x_crc.o
 .bss           0x0000000000000000        0x0 build/StdPeriph_Driver/src/stm32f10x_crc.o
 .debug_info    0x0000000000000000      0x1f6 build/StdPeriph_Driver/src/stm32f10x_crc.o
 .debug_abbrev  0x0000000000000000      0x116 build/StdPeriph_Driver/src/stm32f10x_crc.o
 .debug_aranges
                0x0000000000000000       0x20 build/StdPeriph_Driver/src/stm32f10x_crc.o
 .debug_line    0x0000000000000000      0x1b2 build/StdPeriph_Driver/src/stm32f10x_crc.o
 .debug_str     0x0000000000000000      0x233 build/StdPeriph_Driver/src/stm32f10x_crc.o
 .comment       0x0000000000000000       0x39 build/StdPeriph_Driver/src/stm32f10x_crc.o
 .debug_frame   0x0000000000000000       0xe8 build/StdPeriph_Driver/src/stm32f10x_crc.o
 .ARM.attributes
                0x0000000000000000       0x33 build/StdPeriph_Driver/src/stm32f10x_crc.o
 .text          0x0000000000000000      0x304 build/StdPeriph_Driver/src/stm32f10x_dac.o
 .data          0x0000000000000000        0x0 build/StdPeriph_Driver/src/stm32f10x_dac.o
 .bss           0x0000000000000000        0x0 build/StdPeriph_Driver/src/stm32f10x_dac.o
 .debug_info    0x0000000000000000      0x49e build/StdPeriph_Driver/src/stm32f10x_dac.o
 .debug_abbrev  0x0000000000000000      0x175 build/StdPeriph_Driver/src/stm32f10x_dac.o
 .debug_aranges
                0x0000000000000000       0x20 build/StdPeriph_Driver/src/stm32f10x_dac.o
 .debug_line    0x0000000000000000      0x213 build/StdPeriph_Driver/src/stm32f10x_dac.o
 .debug_str     0x0000000000000000      0x3a7 build/StdPeriph_Driver/src/stm32f10x_dac.o
 .comment       0x0000000000000000       0x39 build/StdPeriph_Driver/src/stm32f10x_dac.o
 .debug_frame   0x0000000000000000      0x1e4 build/StdPeriph_Driver/src/stm32f10x_dac.o
 .ARM.attributes
                0x0000000000000000       0x33 build/StdPeriph_Driver/src/stm32f10x_dac.o
 .text          0x0000000000000000       0x70 build/StdPeriph_Driver/src/stm32f10x_dbgmcu.o
 .data          0x0000000000000000        0x0 build/StdPeriph_Driver/src/stm32f10x_dbgmcu.o
 .bss           0x0000000000000000        0x0 build/StdPeriph_Driver/src/stm32f10x_dbgmcu.o
 .debug_info    0x0000000000000000      0x14c build/StdPeriph_Driver/src/stm32f10x_dbgmcu.o
 .debug_abbrev  0x0000000000000000       0xe0 build/StdPeriph_Driver/src/stm32f10x_dbgmcu.o
 .debug_aranges
                0x0000000000000000       0x20 build/StdPeriph_Driver/src/stm32f10x_dbgmcu.o
 .debug_line    0x0000000000000000      0x19a build/StdPeriph_Driver/src/stm32f10x_dbgmcu.o
 .debug_str     0x0000000000000000      0x1ea build/StdPeriph_Driver/src/stm32f10x_dbgmcu.o
 .comment       0x0000000000000000       0x39 build/StdPeriph_Driver/src/stm32f10x_dbgmcu.o
 .debug_frame   0x0000000000000000       0x78 build/StdPeriph_Driver/src/stm32f10x_dbgmcu.o
 .ARM.attributes
                0x0000000000000000       0x33 build/StdPeriph_Driver/src/stm32f10x_dbgmcu.o
 .text          0x0000000000000000      0x404 build/StdPeriph_Driver/src/stm32f10x_dma.o
 .data          0x0000000000000000        0x0 build/StdPeriph_Driver/src/stm32f10x_dma.o
 .bss           0x0000000000000000        0x0 build/StdPeriph_Driver/src/stm32f10x_dma.o
 .debug_info    0x0000000000000000      0x461 build/StdPeriph_Driver/src/stm32f10x_dma.o
 .debug_abbrev  0x0000000000000000      0x157 build/StdPeriph_Driver/src/stm32f10x_dma.o
 .debug_aranges
                0x0000000000000000       0x20 build/StdPeriph_Driver/src/stm32f10x_dma.o
 .debug_line    0x0000000000000000      0x23d build/StdPeriph_Driver/src/stm32f10x_dma.o
 .debug_str     0x0000000000000000      0x3af build/StdPeriph_Driver/src/stm32f10x_dma.o
 .comment       0x0000000000000000       0x39 build/StdPeriph_Driver/src/stm32f10x_dma.o
 .debug_frame   0x0000000000000000      0x1c8 build/StdPeriph_Driver/src/stm32f10x_dma.o
 .ARM.attributes
                0x0000000000000000       0x33 build/StdPeriph_Driver/src/stm32f10x_dma.o
 .text          0x0000000000000000      0x21c build/StdPeriph_Driver/src/stm32f10x_exti.o
 .data          0x0000000000000000        0x0 build/StdPeriph_Driver/src/stm32f10x_exti.o
 .bss           0x0000000000000000        0x0 build/StdPeriph_Driver/src/stm32f10x_exti.o
 .debug_info    0x0000000000000000      0x32f build/StdPeriph_Driver/src/stm32f10x_exti.o
 .debug_abbrev  0x0000000000000000      0x153 build/StdPeriph_Driver/src/stm32f10x_exti.o
 .debug_aranges
                0x0000000000000000       0x20 build/StdPeriph_Driver/src/stm32f10x_exti.o
 .debug_line    0x0000000000000000      0x203 build/StdPeriph_Driver/src/stm32f10x_exti.o
 .debug_str     0x0000000000000000      0x341 build/StdPeriph_Driver/src/stm32f10x_exti.o
 .comment       0x0000000000000000       0x39 build/StdPeriph_Driver/src/stm32f10x_exti.o
 .debug_frame   0x0000000000000000      0x148 build/StdPeriph_Driver/src/stm32f10x_exti.o
 .ARM.attributes
                0x0000000000000000       0x33 build/StdPeriph_Driver/src/stm32f10x_exti.o
 .text          0x0000000000000000      0x96c build/StdPeriph_Driver/src/stm32f10x_flash.o
 .data          0x0000000000000000        0x0 build/StdPeriph_Driver/src/stm32f10x_flash.o
 .bss           0x0000000000000000        0x0 build/StdPeriph_Driver/src/stm32f10x_flash.o
 .debug_info    0x0000000000000000      0x79f build/StdPeriph_Driver/src/stm32f10x_flash.o
 .debug_abbrev  0x0000000000000000      0x18d build/StdPeriph_Driver/src/stm32f10x_flash.o
 .debug_aranges
                0x0000000000000000       0x20 build/StdPeriph_Driver/src/stm32f10x_flash.o
 .debug_line    0x0000000000000000      0x32d build/StdPeriph_Driver/src/stm32f10x_flash.o
 .debug_str     0x0000000000000000      0x5e0 build/StdPeriph_Driver/src/stm32f10x_flash.o
 .comment       0x0000000000000000       0x39 build/StdPeriph_Driver/src/stm32f10x_flash.o
 .debug_frame   0x0000000000000000      0x410 build/StdPeriph_Driver/src/stm32f10x_flash.o
 .ARM.attributes
                0x0000000000000000       0x33 build/StdPeriph_Driver/src/stm32f10x_flash.o
 .text          0x0000000000000000      0x94c build/StdPeriph_Driver/src/stm32f10x_fsmc.o
 .data          0x0000000000000000        0x0 build/StdPeriph_Driver/src/stm32f10x_fsmc.o
 .bss           0x0000000000000000        0x0 build/StdPeriph_Driver/src/stm32f10x_fsmc.o
 .debug_info    0x0000000000000000      0x8e2 build/StdPeriph_Driver/src/stm32f10x_fsmc.o
 .debug_abbrev  0x0000000000000000      0x172 build/StdPeriph_Driver/src/stm32f10x_fsmc.o
 .debug_aranges
                0x0000000000000000       0x20 build/StdPeriph_Driver/src/stm32f10x_fsmc.o
 .debug_line    0x0000000000000000      0x321 build/StdPeriph_Driver/src/stm32f10x_fsmc.o
 .debug_str     0x0000000000000000      0x772 build/StdPeriph_Driver/src/stm32f10x_fsmc.o
 .comment       0x0000000000000000       0x39 build/StdPeriph_Driver/src/stm32f10x_fsmc.o
 .debug_frame   0x0000000000000000      0x300 build/StdPeriph_Driver/src/stm32f10x_fsmc.o
 .ARM.attributes
                0x0000000000000000       0x33 build/StdPeriph_Driver/src/stm32f10x_fsmc.o
 .data          0x0000000000000000        0x0 build/StdPeriph_Driver/src/stm32f10x_gpio.o
 .bss           0x0000000000000000        0x0 build/StdPeriph_Driver/src/stm32f10x_gpio.o
 .text          0x0000000000000000      0x958 build/StdPeriph_Driver/src/stm32f10x_i2c.o
 .data          0x0000000000000000        0x0 build/StdPeriph_Driver/src/stm32f10x_i2c.o
 .bss           0x0000000000000000        0x0 build/StdPeriph_Driver/src/stm32f10x_i2c.o
 .debug_info    0x0000000000000000      0xaee build/StdPeriph_Driver/src/stm32f10x_i2c.o
 .debug_abbrev  0x0000000000000000      0x166 build/StdPeriph_Driver/src/stm32f10x_i2c.o
 .debug_aranges
                0x0000000000000000       0x20 build/StdPeriph_Driver/src/stm32f10x_i2c.o
 .debug_line    0x0000000000000000      0x2eb build/StdPeriph_Driver/src/stm32f10x_i2c.o
 .debug_str     0x0000000000000000      0x65e build/StdPeriph_Driver/src/stm32f10x_i2c.o
 .comment       0x0000000000000000       0x39 build/StdPeriph_Driver/src/stm32f10x_i2c.o
 .debug_frame   0x0000000000000000      0x530 build/StdPeriph_Driver/src/stm32f10x_i2c.o
 .ARM.attributes
                0x0000000000000000       0x33 build/StdPeriph_Driver/src/stm32f10x_i2c.o
 .text          0x0000000000000000       0xc8 build/StdPeriph_Driver/src/stm32f10x_iwdg.o
 .data          0x0000000000000000        0x0 build/StdPeriph_Driver/src/stm32f10x_iwdg.o
 .bss           0x0000000000000000        0x0 build/StdPeriph_Driver/src/stm32f10x_iwdg.o
 .debug_info    0x0000000000000000      0x1f8 build/StdPeriph_Driver/src/stm32f10x_iwdg.o
 .debug_abbrev  0x0000000000000000      0x103 build/StdPeriph_Driver/src/stm32f10x_iwdg.o
 .debug_aranges
                0x0000000000000000       0x20 build/StdPeriph_Driver/src/stm32f10x_iwdg.o
 .debug_line    0x0000000000000000      0x1a9 build/StdPeriph_Driver/src/stm32f10x_iwdg.o
 .debug_str     0x0000000000000000      0x254 build/StdPeriph_Driver/src/stm32f10x_iwdg.o
 .comment       0x0000000000000000       0x39 build/StdPeriph_Driver/src/stm32f10x_iwdg.o
 .debug_frame   0x0000000000000000       0xf0 build/StdPeriph_Driver/src/stm32f10x_iwdg.o
 .ARM.attributes
                0x0000000000000000       0x33 build/StdPeriph_Driver/src/stm32f10x_iwdg.o
 .text          0x0000000000000000      0x1c8 build/StdPeriph_Driver/src/stm32f10x_pwr.o
 .data          0x0000000000000000        0x0 build/StdPeriph_Driver/src/stm32f10x_pwr.o
 .bss           0x0000000000000000        0x0 build/StdPeriph_Driver/src/stm32f10x_pwr.o
 .debug_info    0x0000000000000000      0x421 build/StdPeriph_Driver/src/stm32f10x_pwr.o
 .debug_abbrev  0x0000000000000000      0x1ad build/StdPeriph_Driver/src/stm32f10x_pwr.o
 .debug_aranges
                0x0000000000000000       0x20 build/StdPeriph_Driver/src/stm32f10x_pwr.o
 .debug_line    0x0000000000000000      0x1d1 build/StdPeriph_Driver/src/stm32f10x_pwr.o
 .debug_str     0x0000000000000000      0x30a build/StdPeriph_Driver/src/stm32f10x_pwr.o
 .comment       0x0000000000000000       0x39 build/StdPeriph_Driver/src/stm32f10x_pwr.o
 .debug_frame   0x0000000000000000      0x19c build/StdPeriph_Driver/src/stm32f10x_pwr.o
 .ARM.attributes
                0x0000000000000000       0x33 build/StdPeriph_Driver/src/stm32f10x_pwr.o
 .bss           0x0000000000000000        0x0 build/StdPeriph_Driver/src/stm32f10x_rcc.o
 .text          0x0000000000000000      0x2ac build/StdPeriph_Driver/src/stm32f10x_rtc.o
 .data          0x0000000000000000        0x0 build/StdPeriph_Driver/src/stm32f10x_rtc.o
 .bss           0x0000000000000000        0x0 build/StdPeriph_Driver/src/stm32f10x_rtc.o
 .debug_info    0x0000000000000000      0x422 build/StdPeriph_Driver/src/stm32f10x_rtc.o
 .debug_abbrev  0x0000000000000000      0x18f build/StdPeriph_Driver/src/stm32f10x_rtc.o
 .debug_aranges
                0x0000000000000000       0x20 build/StdPeriph_Driver/src/stm32f10x_rtc.o
 .debug_line    0x0000000000000000      0x1ef build/StdPeriph_Driver/src/stm32f10x_rtc.o
 .debug_str     0x0000000000000000      0x39a build/StdPeriph_Driver/src/stm32f10x_rtc.o
 .comment       0x0000000000000000       0x39 build/StdPeriph_Driver/src/stm32f10x_rtc.o
 .debug_frame   0x0000000000000000      0x214 build/StdPeriph_Driver/src/stm32f10x_rtc.o
 .ARM.attributes
                0x0000000000000000       0x33 build/StdPeriph_Driver/src/stm32f10x_rtc.o
 .text          0x0000000000000000      0x514 build/StdPeriph_Driver/src/stm32f10x_sdio.o
 .data          0x0000000000000000        0x0 build/StdPeriph_Driver/src/stm32f10x_sdio.o
 .bss           0x0000000000000000        0x0 build/StdPeriph_Driver/src/stm32f10x_sdio.o
 .debug_info    0x0000000000000000      0x7d9 build/StdPeriph_Driver/src/stm32f10x_sdio.o
 .debug_abbrev  0x0000000000000000      0x1b1 build/StdPeriph_Driver/src/stm32f10x_sdio.o
 .debug_aranges
                0x0000000000000000       0x20 build/StdPeriph_Driver/src/stm32f10x_sdio.o
 .debug_line    0x0000000000000000      0x27c build/StdPeriph_Driver/src/stm32f10x_sdio.o
 .debug_str     0x0000000000000000      0x628 build/StdPeriph_Driver/src/stm32f10x_sdio.o
 .comment       0x0000000000000000       0x39 build/StdPeriph_Driver/src/stm32f10x_sdio.o
 .debug_frame   0x0000000000000000      0x490 build/StdPeriph_Driver/src/stm32f10x_sdio.o
 .ARM.attributes
                0x0000000000000000       0x33 build/StdPeriph_Driver/src/stm32f10x_sdio.o
 .text          0x0000000000000000      0x6f4 build/StdPeriph_Driver/src/stm32f10x_spi.o
 .data          0x0000000000000000        0x0 build/StdPeriph_Driver/src/stm32f10x_spi.o
 .bss           0x0000000000000000        0x0 build/StdPeriph_Driver/src/stm32f10x_spi.o
 .debug_info    0x0000000000000000      0x8e1 build/StdPeriph_Driver/src/stm32f10x_spi.o
 .debug_abbrev  0x0000000000000000      0x180 build/StdPeriph_Driver/src/stm32f10x_spi.o
 .debug_aranges
                0x0000000000000000       0x20 build/StdPeriph_Driver/src/stm32f10x_spi.o
 .debug_line    0x0000000000000000      0x2b5 build/StdPeriph_Driver/src/stm32f10x_spi.o
 .debug_str     0x0000000000000000      0x5f5 build/StdPeriph_Driver/src/stm32f10x_spi.o
 .comment       0x0000000000000000       0x39 build/StdPeriph_Driver/src/stm32f10x_spi.o
 .debug_frame   0x0000000000000000      0x3a0 build/StdPeriph_Driver/src/stm32f10x_spi.o
 .ARM.attributes
                0x0000000000000000       0x33 build/StdPeriph_Driver/src/stm32f10x_spi.o
 .text          0x0000000000000000     0x1e10 build/StdPeriph_Driver/src/stm32f10x_tim.o
 .data          0x0000000000000000        0x0 build/StdPeriph_Driver/src/stm32f10x_tim.o
 .bss           0x0000000000000000        0x0 build/StdPeriph_Driver/src/stm32f10x_tim.o
 .debug_info    0x0000000000000000     0x1c46 build/StdPeriph_Driver/src/stm32f10x_tim.o
 .debug_abbrev  0x0000000000000000      0x1b2 build/StdPeriph_Driver/src/stm32f10x_tim.o
 .debug_aranges
                0x0000000000000000       0x20 build/StdPeriph_Driver/src/stm32f10x_tim.o
 .debug_line    0x0000000000000000      0x5fd build/StdPeriph_Driver/src/stm32f10x_tim.o
 .debug_str     0x0000000000000000      0xdd5 build/StdPeriph_Driver/src/stm32f10x_tim.o
 .comment       0x0000000000000000       0x39 build/StdPeriph_Driver/src/stm32f10x_tim.o
 .debug_frame   0x0000000000000000      0xe2c build/StdPeriph_Driver/src/stm32f10x_tim.o
 .ARM.attributes
                0x0000000000000000       0x33 build/StdPeriph_Driver/src/stm32f10x_tim.o
 .text          0x0000000000000000      0x908 build/StdPeriph_Driver/src/stm32f10x_usart.o
 .data          0x0000000000000000        0x0 build/StdPeriph_Driver/src/stm32f10x_usart.o
 .bss           0x0000000000000000        0x0 build/StdPeriph_Driver/src/stm32f10x_usart.o
 .debug_info    0x0000000000000000      0x9d6 build/StdPeriph_Driver/src/stm32f10x_usart.o
 .debug_abbrev  0x0000000000000000      0x164 build/StdPeriph_Driver/src/stm32f10x_usart.o
 .debug_aranges
                0x0000000000000000       0x20 build/StdPeriph_Driver/src/stm32f10x_usart.o
 .debug_line    0x0000000000000000      0x2e7 build/StdPeriph_Driver/src/stm32f10x_usart.o
 .debug_str     0x0000000000000000      0x688 build/StdPeriph_Driver/src/stm32f10x_usart.o
 .comment       0x0000000000000000       0x39 build/StdPeriph_Driver/src/stm32f10x_usart.o
 .debug_frame   0x0000000000000000      0x490 build/StdPeriph_Driver/src/stm32f10x_usart.o
 .ARM.attributes
                0x0000000000000000       0x33 build/StdPeriph_Driver/src/stm32f10x_usart.o
 .text          0x0000000000000000      0x118 build/StdPeriph_Driver/src/stm32f10x_wwdg.o
 .data          0x0000000000000000        0x0 build/StdPeriph_Driver/src/stm32f10x_wwdg.o
 .bss           0x0000000000000000        0x0 build/StdPeriph_Driver/src/stm32f10x_wwdg.o
 .debug_info    0x0000000000000000      0x21c build/StdPeriph_Driver/src/stm32f10x_wwdg.o
 .debug_abbrev  0x0000000000000000      0x119 build/StdPeriph_Driver/src/stm32f10x_wwdg.o
 .debug_aranges
                0x0000000000000000       0x20 build/StdPeriph_Driver/src/stm32f10x_wwdg.o
 .debug_line    0x0000000000000000      0x1b2 build/StdPeriph_Driver/src/stm32f10x_wwdg.o
 .debug_str     0x0000000000000000      0x255 build/StdPeriph_Driver/src/stm32f10x_wwdg.o
 .comment       0x0000000000000000       0x39 build/StdPeriph_Driver/src/stm32f10x_wwdg.o
 .debug_frame   0x0000000000000000      0x12c build/StdPeriph_Driver/src/stm32f10x_wwdg.o
 .ARM.attributes
                0x0000000000000000       0x33 build/StdPeriph_Driver/src/stm32f10x_wwdg.o
 .data          0x0000000000000000        0x0 build/src/delay.o
 .data          0x0000000000000000        0x0 build/src/main.o
 .bss           0x0000000000000000        0x0 build/src/main.o
 .text          0x0000000000000000      0x278 build/src/syscalls.o
 .data          0x0000000000000000        0x4 build/src/syscalls.o
 .bss           0x0000000000000000        0x8 build/src/syscalls.o
 .debug_info    0x0000000000000000      0x65c build/src/syscalls.o
 .debug_abbrev  0x0000000000000000      0x171 build/src/syscalls.o
 .debug_aranges
                0x0000000000000000       0x20 build/src/syscalls.o
 .debug_line    0x0000000000000000       0xf1 build/src/syscalls.o
 .debug_str     0x0000000000000000      0x352 build/src/syscalls.o
 .comment       0x0000000000000000       0x39 build/src/syscalls.o
 .debug_frame   0x0000000000000000      0x2d4 build/src/syscalls.o
 .ARM.attributes
                0x0000000000000000       0x33 build/src/syscalls.o
 .bss           0x0000000000000000        0x0 build/src/system_stm32f10x.o
 .text          0x0000000000000000       0x14 build/startup/startup_stm32.o
 .data          0x0000000000000000        0x0 build/startup/startup_stm32.o
 .bss           0x0000000000000000        0x0 build/startup/startup_stm32.o
 .text          0x0000000000000000        0x0 /usr/lib/gcc/arm-none-eabi/4.9.3/../../../arm-none-eabi/lib/armv7-m/libc.a(lib_a-atexit.o)
 .data          0x0000000000000000        0x0 /usr/lib/gcc/arm-none-eabi/4.9.3/../../../arm-none-eabi/lib/armv7-m/libc.a(lib_a-atexit.o)
 .bss           0x0000000000000000        0x0 /usr/lib/gcc/arm-none-eabi/4.9.3/../../../arm-none-eabi/lib/armv7-m/libc.a(lib_a-atexit.o)
 .text          0x0000000000000000        0x0 /usr/lib/gcc/arm-none-eabi/4.9.3/../../../arm-none-eabi/lib/armv7-m/libc.a(lib_a-errno.o)
 .data          0x0000000000000000        0x0 /usr/lib/gcc/arm-none-eabi/4.9.3/../../../arm-none-eabi/lib/armv7-m/libc.a(lib_a-errno.o)
 .bss           0x0000000000000000        0x0 /usr/lib/gcc/arm-none-eabi/4.9.3/../../../arm-none-eabi/lib/armv7-m/libc.a(lib_a-errno.o)
 .text.__errno  0x0000000000000000        0xc /usr/lib/gcc/arm-none-eabi/4.9.3/../../../arm-none-eabi/lib/armv7-m/libc.a(lib_a-errno.o)
 .debug_info    0x0000000000000000      0x889 /usr/lib/gcc/arm-none-eabi/4.9.3/../../../arm-none-eabi/lib/armv7-m/libc.a(lib_a-errno.o)
 .debug_abbrev  0x0000000000000000      0x18f /usr/lib/gcc/arm-none-eabi/4.9.3/../../../arm-none-eabi/lib/armv7-m/libc.a(lib_a-errno.o)
 .debug_aranges
                0x0000000000000000       0x20 /usr/lib/gcc/arm-none-eabi/4.9.3/../../../arm-none-eabi/lib/armv7-m/libc.a(lib_a-errno.o)
 .debug_ranges  0x0000000000000000       0x10 /usr/lib/gcc/arm-none-eabi/4.9.3/../../../arm-none-eabi/lib/armv7-m/libc.a(lib_a-errno.o)
 .debug_line    0x0000000000000000      0x10c /usr/lib/gcc/arm-none-eabi/4.9.3/../../../arm-none-eabi/lib/armv7-m/libc.a(lib_a-errno.o)
 .debug_str     0x0000000000000000      0x574 /usr/lib/gcc/arm-none-eabi/4.9.3/../../../arm-none-eabi/lib/armv7-m/libc.a(lib_a-errno.o)
 .comment       0x0000000000000000       0x39 /usr/lib/gcc/arm-none-eabi/4.9.3/../../../arm-none-eabi/lib/armv7-m/libc.a(lib_a-errno.o)
 .debug_frame   0x0000000000000000       0x20 /usr/lib/gcc/arm-none-eabi/4.9.3/../../../arm-none-eabi/lib/armv7-m/libc.a(lib_a-errno.o)
 .ARM.attributes
                0x0000000000000000       0x2d /usr/lib/gcc/arm-none-eabi/4.9.3/../../../arm-none-eabi/lib/armv7-m/libc.a(lib_a-errno.o)
 .text          0x0000000000000000        0x0 /usr/lib/gcc/arm-none-eabi/4.9.3/../../../arm-none-eabi/lib/armv7-m/libc.a(lib_a-exit.o)
 .data          0x0000000000000000        0x0 /usr/lib/gcc/arm-none-eabi/4.9.3/../../../arm-none-eabi/lib/armv7-m/libc.a(lib_a-exit.o)
 .bss           0x0000000000000000        0x0 /usr/lib/gcc/arm-none-eabi/4.9.3/../../../arm-none-eabi/lib/armv7-m/libc.a(lib_a-exit.o)
 .text.exit     0x0000000000000000       0x20 /usr/lib/gcc/arm-none-eabi/4.9.3/../../../arm-none-eabi/lib/armv7-m/libc.a(lib_a-exit.o)
 .debug_info    0x0000000000000000      0x8e4 /usr/lib/gcc/arm-none-eabi/4.9.3/../../../arm-none-eabi/lib/armv7-m/libc.a(lib_a-exit.o)
 .debug_abbrev  0x0000000000000000      0x1e6 /usr/lib/gcc/arm-none-eabi/4.9.3/../../../arm-none-eabi/lib/armv7-m/libc.a(lib_a-exit.o)
 .debug_loc     0x0000000000000000       0x1e /usr/lib/gcc/arm-none-eabi/4.9.3/../../../arm-none-eabi/lib/armv7-m/libc.a(lib_a-exit.o)
 .debug_aranges
                0x0000000000000000       0x20 /usr/lib/gcc/arm-none-eabi/4.9.3/../../../arm-none-eabi/lib/armv7-m/libc.a(lib_a-exit.o)
 .debug_ranges  0x0000000000000000       0x10 /usr/lib/gcc/arm-none-eabi/4.9.3/../../../arm-none-eabi/lib/armv7-m/libc.a(lib_a-exit.o)
 .debug_line    0x0000000000000000      0x175 /usr/lib/gcc/arm-none-eabi/4.9.3/../../../arm-none-eabi/lib/armv7-m/libc.a(lib_a-exit.o)
 .debug_str     0x0000000000000000      0x595 /usr/lib/gcc/arm-none-eabi/4.9.3/../../../arm-none-eabi/lib/armv7-m/libc.a(lib_a-exit.o)
 .comment       0x0000000000000000       0x39 /usr/lib/gcc/arm-none-eabi/4.9.3/../../../arm-none-eabi/lib/armv7-m/libc.a(lib_a-exit.o)
 .debug_frame   0x0000000000000000       0x28 /usr/lib/gcc/arm-none-eabi/4.9.3/../../../arm-none-eabi/lib/armv7-m/libc.a(lib_a-exit.o)
 .ARM.attributes
                0x0000000000000000       0x2d /usr/lib/gcc/arm-none-eabi/4.9.3/../../../arm-none-eabi/lib/armv7-m/libc.a(lib_a-exit.o)
 .text          0x0000000000000000        0x0 /usr/lib/gcc/arm-none-eabi/4.9.3/../../../arm-none-eabi/lib/armv7-m/libc.a(lib_a-fini.o)
 .data          0x0000000000000000        0x0 /usr/lib/gcc/arm-none-eabi/4.9.3/../../../arm-none-eabi/lib/armv7-m/libc.a(lib_a-fini.o)
 .bss           0x0000000000000000        0x0 /usr/lib/gcc/arm-none-eabi/4.9.3/../../../arm-none-eabi/lib/armv7-m/libc.a(lib_a-fini.o)
 .text          0x0000000000000000        0x0 /usr/lib/gcc/arm-none-eabi/4.9.3/../../../arm-none-eabi/lib/armv7-m/libc.a(lib_a-impure.o)
 .data          0x0000000000000000        0x0 /usr/lib/gcc/arm-none-eabi/4.9.3/../../../arm-none-eabi/lib/armv7-m/libc.a(lib_a-impure.o)
 .bss           0x0000000000000000        0x0 /usr/lib/gcc/arm-none-eabi/4.9.3/../../../arm-none-eabi/lib/armv7-m/libc.a(lib_a-impure.o)
 .data._impure_ptr
                0x0000000000000000        0x4 /usr/lib/gcc/arm-none-eabi/4.9.3/../../../arm-none-eabi/lib/armv7-m/libc.a(lib_a-impure.o)
 .text          0x0000000000000000        0x0 /usr/lib/gcc/arm-none-eabi/4.9.3/../../../arm-none-eabi/lib/armv7-m/libc.a(lib_a-init.o)
 .data          0x0000000000000000        0x0 /usr/lib/gcc/arm-none-eabi/4.9.3/../../../arm-none-eabi/lib/armv7-m/libc.a(lib_a-init.o)
 .bss           0x0000000000000000        0x0 /usr/lib/gcc/arm-none-eabi/4.9.3/../../../arm-none-eabi/lib/armv7-m/libc.a(lib_a-init.o)
 .text          0x0000000000000000        0x0 /usr/lib/gcc/arm-none-eabi/4.9.3/../../../arm-none-eabi/lib/armv7-m/libc.a(lib_a-memset.o)
 .data          0x0000000000000000        0x0 /usr/lib/gcc/arm-none-eabi/4.9.3/../../../arm-none-eabi/lib/armv7-m/libc.a(lib_a-memset.o)
 .bss           0x0000000000000000        0x0 /usr/lib/gcc/arm-none-eabi/4.9.3/../../../arm-none-eabi/lib/armv7-m/libc.a(lib_a-memset.o)
 .text.memset   0x0000000000000000       0x9c /usr/lib/gcc/arm-none-eabi/4.9.3/../../../arm-none-eabi/lib/armv7-m/libc.a(lib_a-memset.o)
 .debug_info    0x0000000000000000      0x117 /usr/lib/gcc/arm-none-eabi/4.9.3/../../../arm-none-eabi/lib/armv7-m/libc.a(lib_a-memset.o)
 .debug_abbrev  0x0000000000000000       0x9f /usr/lib/gcc/arm-none-eabi/4.9.3/../../../arm-none-eabi/lib/armv7-m/libc.a(lib_a-memset.o)
 .debug_loc     0x0000000000000000      0x1ae /usr/lib/gcc/arm-none-eabi/4.9.3/../../../arm-none-eabi/lib/armv7-m/libc.a(lib_a-memset.o)
 .debug_aranges
                0x0000000000000000       0x20 /usr/lib/gcc/arm-none-eabi/4.9.3/../../../arm-none-eabi/lib/armv7-m/libc.a(lib_a-memset.o)
 .debug_ranges  0x0000000000000000       0x10 /usr/lib/gcc/arm-none-eabi/4.9.3/../../../arm-none-eabi/lib/armv7-m/libc.a(lib_a-memset.o)
 .debug_line    0x0000000000000000      0x119 /usr/lib/gcc/arm-none-eabi/4.9.3/../../../arm-none-eabi/lib/armv7-m/libc.a(lib_a-memset.o)
 .debug_str     0x0000000000000000      0x1cf /usr/lib/gcc/arm-none-eabi/4.9.3/../../../arm-none-eabi/lib/armv7-m/libc.a(lib_a-memset.o)
 .comment       0x0000000000000000       0x39 /usr/lib/gcc/arm-none-eabi/4.9.3/../../../arm-none-eabi/lib/armv7-m/libc.a(lib_a-memset.o)
 .debug_frame   0x0000000000000000       0x34 /usr/lib/gcc/arm-none-eabi/4.9.3/../../../arm-none-eabi/lib/armv7-m/libc.a(lib_a-memset.o)
 .ARM.attributes
                0x0000000000000000       0x2d /usr/lib/gcc/arm-none-eabi/4.9.3/../../../arm-none-eabi/lib/armv7-m/libc.a(lib_a-memset.o)
 .text          0x0000000000000000        0x0 /usr/lib/gcc/arm-none-eabi/4.9.3/../../../arm-none-eabi/lib/armv7-m/libc.a(lib_a-__atexit.o)
 .data          0x0000000000000000        0x0 /usr/lib/gcc/arm-none-eabi/4.9.3/../../../arm-none-eabi/lib/armv7-m/libc.a(lib_a-__atexit.o)
 .bss           0x0000000000000000        0x0 /usr/lib/gcc/arm-none-eabi/4.9.3/../../../arm-none-eabi/lib/armv7-m/libc.a(lib_a-__atexit.o)
 .text          0x0000000000000000        0x0 /usr/lib/gcc/arm-none-eabi/4.9.3/../../../arm-none-eabi/lib/armv7-m/libc.a(lib_a-__call_atexit.o)
 .data          0x0000000000000000        0x0 /usr/lib/gcc/arm-none-eabi/4.9.3/../../../arm-none-eabi/lib/armv7-m/libc.a(lib_a-__call_atexit.o)
 .bss           0x0000000000000000        0x0 /usr/lib/gcc/arm-none-eabi/4.9.3/../../../arm-none-eabi/lib/armv7-m/libc.a(lib_a-__call_atexit.o)
 .text.__call_exitprocs
                0x0000000000000000       0xd4 /usr/lib/gcc/arm-none-eabi/4.9.3/../../../arm-none-eabi/lib/armv7-m/libc.a(lib_a-__call_atexit.o)
 .text          0x0000000000000000        0x0 /usr/lib/gcc/arm-none-eabi/4.9.3/armv7-m/crtend.o
 .data          0x0000000000000000        0x0 /usr/lib/gcc/arm-none-eabi/4.9.3/armv7-m/crtend.o
 .bss           0x0000000000000000        0x0 /usr/lib/gcc/arm-none-eabi/4.9.3/armv7-m/crtend.o
 .eh_frame      0x0000000000000000        0x4 /usr/lib/gcc/arm-none-eabi/4.9.3/armv7-m/crtend.o
 .jcr           0x0000000000000000        0x4 /usr/lib/gcc/arm-none-eabi/4.9.3/armv7-m/crtend.o
 .text          0x0000000000000000        0x0 /usr/lib/gcc/arm-none-eabi/4.9.3/armv7-m/crtn.o
 .data          0x0000000000000000        0x0 /usr/lib/gcc/arm-none-eabi/4.9.3/armv7-m/crtn.o
 .bss           0x0000000000000000        0x0 /usr/lib/gcc/arm-none-eabi/4.9.3/armv7-m/crtn.o

Memory Configuration

Name             Origin             Length             Attributes
RAM              0x0000000020000000 0x0000000000005000 xrw
ROM              0x0000000008000000 0x0000000000010000 xr
*default*        0x0000000000000000 0xffffffffffffffff

Linker script and memory map

LOAD /usr/lib/gcc/arm-none-eabi/4.9.3/armv7-m/crti.o
LOAD /usr/lib/gcc/arm-none-eabi/4.9.3/armv7-m/crtbegin.o
LOAD /usr/lib/gcc/arm-none-eabi/4.9.3/../../../arm-none-eabi/lib/armv7-m/crt0.o
LOAD build/StdPeriph_Driver/src/misc.o
LOAD build/StdPeriph_Driver/src/stm32f10x_adc.o
LOAD build/StdPeriph_Driver/src/stm32f10x_bkp.o
LOAD build/StdPeriph_Driver/src/stm32f10x_can.o
LOAD build/StdPeriph_Driver/src/stm32f10x_cec.o
LOAD build/StdPeriph_Driver/src/stm32f10x_crc.o
LOAD build/StdPeriph_Driver/src/stm32f10x_dac.o
LOAD build/StdPeriph_Driver/src/stm32f10x_dbgmcu.o
LOAD build/StdPeriph_Driver/src/stm32f10x_dma.o
LOAD build/StdPeriph_Driver/src/stm32f10x_exti.o
LOAD build/StdPeriph_Driver/src/stm32f10x_flash.o
LOAD build/StdPeriph_Driver/src/stm32f10x_fsmc.o
LOAD build/StdPeriph_Driver/src/stm32f10x_gpio.o
LOAD build/StdPeriph_Driver/src/stm32f10x_i2c.o
LOAD build/StdPeriph_Driver/src/stm32f10x_iwdg.o
LOAD build/StdPeriph_Driver/src/stm32f10x_pwr.o
LOAD build/StdPeriph_Driver/src/stm32f10x_rcc.o
LOAD build/StdPeriph_Driver/src/stm32f10x_rtc.o
LOAD build/StdPeriph_Driver/src/stm32f10x_sdio.o
LOAD build/StdPeriph_Driver/src/stm32f10x_spi.o
LOAD build/StdPeriph_Driver/src/stm32f10x_tim.o
LOAD build/StdPeriph_Driver/src/stm32f10x_usart.o
LOAD build/StdPeriph_Driver/src/stm32f10x_wwdg.o
LOAD build/src/delay.o
LOAD build/src/main.o
LOAD build/src/syscalls.o
LOAD build/src/system_stm32f10x.o
LOAD build/startup/startup_stm32.o
START GROUP
LOAD /usr/lib/gcc/arm-none-eabi/4.9.3/armv7-m/libgcc.a
LOAD /usr/lib/gcc/arm-none-eabi/4.9.3/../../../arm-none-eabi/lib/armv7-m/libc.a
END GROUP
LOAD /usr/lib/gcc/arm-none-eabi/4.9.3/armv7-m/crtend.o
LOAD /usr/lib/gcc/arm-none-eabi/4.9.3/armv7-m/crtn.o
                0x0000000020005000                _estack = 0x20005000
                0x0000000000000000                _Min_Heap_Size = 0x0
                0x0000000000000400                _Min_Stack_Size = 0x400

.isr_vector     0x0000000008000000      0x188
                0x0000000008000000                . = ALIGN (0x4)
 *(.isr_vector)
 .isr_vector    0x0000000008000000      0x188 build/startup/startup_stm32.o
                0x0000000008000000                g_pfnVectors
                0x0000000008000188                . = ALIGN (0x4)

.text           0x0000000008000188     0x1404
                0x0000000008000188                . = ALIGN (0x4)
 *(.text)
 .text          0x0000000008000188       0xa4 /usr/lib/gcc/arm-none-eabi/4.9.3/armv7-m/crtbegin.o
 .text          0x000000000800022c      0x5f8 build/StdPeriph_Driver/src/stm32f10x_gpio.o
                0x000000000800022c                GPIO_DeInit
                0x0000000008000310                GPIO_AFIODeInit
                0x0000000008000328                GPIO_Init
                0x00000000080004a8                GPIO_StructInit
                0x00000000080004d0                GPIO_ReadInputDataBit
                0x0000000008000504                GPIO_ReadInputData
                0x0000000008000520                GPIO_ReadOutputDataBit
                0x0000000008000554                GPIO_ReadOutputData
                0x0000000008000570                GPIO_SetBits
                0x000000000800058c                GPIO_ResetBits
                0x00000000080005a8                GPIO_WriteBit
                0x00000000080005d8                GPIO_Write
                0x00000000080005f4                GPIO_PinLockConfig
                0x0000000008000638                GPIO_EventOutputConfig
                0x0000000008000684                GPIO_EventOutputCmd
                0x00000000080006a4                GPIO_PinRemapConfig
                0x0000000008000784                GPIO_EXTILineConfig
                0x0000000008000808                GPIO_ETH_MediaInterfaceConfig
 .text          0x0000000008000824      0x7dc build/StdPeriph_Driver/src/stm32f10x_rcc.o
                0x0000000008000824                RCC_DeInit
                0x0000000008000880                RCC_HSEConfig
                0x00000000080008dc                RCC_WaitForHSEStartUp
                0x000000000800092c                RCC_AdjustHSICalibrationValue
                0x0000000008000968                RCC_HSICmd
                0x0000000008000988                RCC_PLLConfig
                0x00000000080009c4                RCC_PLLCmd
                0x00000000080009e4                RCC_SYSCLKConfig
                0x0000000008000a1c                RCC_GetSYSCLKSource
                0x0000000008000a3c                RCC_HCLKConfig
                0x0000000008000a74                RCC_PCLK1Config
                0x0000000008000aac                RCC_PCLK2Config
                0x0000000008000ae4                RCC_ITConfig
                0x0000000008000b30                RCC_USBCLKConfig
                0x0000000008000b4c                RCC_ADCCLKConfig
                0x0000000008000b84                RCC_LSEConfig
                0x0000000008000bc4                RCC_LSICmd
                0x0000000008000be4                RCC_RTCCLKConfig
                0x0000000008000c08                RCC_RTCCLKCmd
                0x0000000008000c28                RCC_GetClocksFreq
                0x0000000008000d8c                RCC_AHBPeriphClockCmd
                0x0000000008000dc8                RCC_APB2PeriphClockCmd
                0x0000000008000e04                RCC_APB1PeriphClockCmd
                0x0000000008000e40                RCC_APB2PeriphResetCmd
                0x0000000008000e7c                RCC_APB1PeriphResetCmd
                0x0000000008000eb8                RCC_BackupResetCmd
                0x0000000008000ed8                RCC_ClockSecuritySystemCmd
                0x0000000008000ef8                RCC_MCOConfig
                0x0000000008000f18                RCC_GetFlagStatus
                0x0000000008000f8c                RCC_ClearFlag
                0x0000000008000fa8                RCC_GetITStatus
                0x0000000008000fe0                RCC_ClearITPendingBit
 .text          0x0000000008001000      0x12c build/src/delay.o
                0x0000000008001098                SysTick_Handler
                0x00000000080010bc                DelayInit
                0x00000000080010e0                DelayUs
                0x0000000008001108                DelayMs
 .text          0x000000000800112c       0x6c build/src/main.o
                0x000000000800112c                InitInputOutput
                0x0000000008001164                main
 .text          0x0000000008001198      0x250 build/src/system_stm32f10x.o
                0x0000000008001198                SystemInit
                0x0000000008001200                SystemCoreClockUpdate
 *(.text*)
 .text.Reset_Handler
                0x00000000080013e8       0x48 build/startup/startup_stm32.o
                0x00000000080013e8                Reset_Handler
 .text.Default_Handler
                0x0000000008001430        0x2 build/startup/startup_stm32.o
                0x0000000008001430                DebugMon_Handler
                0x0000000008001430                HardFault_Handler
                0x0000000008001430                PendSV_Handler
                0x0000000008001430                NMI_Handler
                0x0000000008001430                UsageFault_Handler
                0x0000000008001430                Default_Handler
                0x0000000008001430                MemManage_Handler
                0x0000000008001430                SVC_Handler
                0x0000000008001430                BusFault_Handler
 *fill*         0x0000000008001432        0x2 
 .text.atexit   0x0000000008001434        0xc /usr/lib/gcc/arm-none-eabi/4.9.3/../../../arm-none-eabi/lib/armv7-m/libc.a(lib_a-atexit.o)
                0x0000000008001434                atexit
 .text.__libc_fini_array
                0x0000000008001440       0x2c /usr/lib/gcc/arm-none-eabi/4.9.3/../../../arm-none-eabi/lib/armv7-m/libc.a(lib_a-fini.o)
                0x0000000008001440                __libc_fini_array
 .text.__libc_init_array
                0x000000000800146c       0x50 /usr/lib/gcc/arm-none-eabi/4.9.3/../../../arm-none-eabi/lib/armv7-m/libc.a(lib_a-init.o)
                0x000000000800146c                __libc_init_array
 .text.__register_exitproc
                0x00000000080014bc       0xa4 /usr/lib/gcc/arm-none-eabi/4.9.3/../../../arm-none-eabi/lib/armv7-m/libc.a(lib_a-__atexit.o)
                0x00000000080014bc                __register_exitproc
 .text.startup.register_fini
                0x0000000008001560       0x14 /usr/lib/gcc/arm-none-eabi/4.9.3/../../../arm-none-eabi/lib/armv7-m/libc.a(lib_a-__call_atexit.o)
 *(.glue_7)
 .glue_7        0x0000000008001574        0x0 linker stubs
 *(.glue_7t)
 .glue_7t       0x0000000008001574        0x0 linker stubs
 *(.eh_frame)
 .eh_frame      0x0000000008001574        0x0 /usr/lib/gcc/arm-none-eabi/4.9.3/armv7-m/crtbegin.o
 *(.init)
 .init          0x0000000008001574        0x4 /usr/lib/gcc/arm-none-eabi/4.9.3/armv7-m/crti.o
                0x0000000008001574                _init
 .init          0x0000000008001578        0x8 /usr/lib/gcc/arm-none-eabi/4.9.3/armv7-m/crtn.o
 *(.fini)
 .fini          0x0000000008001580        0x4 /usr/lib/gcc/arm-none-eabi/4.9.3/armv7-m/crti.o
                0x0000000008001580                _fini
 .fini          0x0000000008001584        0x8 /usr/lib/gcc/arm-none-eabi/4.9.3/armv7-m/crtn.o
                0x000000000800158c                . = ALIGN (0x4)
                0x000000000800158c                _etext = .

.vfp11_veneer   0x000000000800158c        0x0
 .vfp11_veneer  0x000000000800158c        0x0 linker stubs

.v4_bx          0x000000000800158c        0x0
 .v4_bx         0x000000000800158c        0x0 linker stubs

.iplt           0x000000000800158c        0x0
 .iplt          0x000000000800158c        0x0 /usr/lib/gcc/arm-none-eabi/4.9.3/armv7-m/crtbegin.o

.rodata         0x000000000800158c        0xc
                0x000000000800158c                . = ALIGN (0x4)
 *(.rodata)
 .rodata        0x000000000800158c        0x4 build/src/main.o
 *(.rodata*)
 .rodata.str1.4
                0x0000000008001590        0x4 /usr/lib/gcc/arm-none-eabi/4.9.3/../../../arm-none-eabi/lib/armv7-m/libc.a(lib_a-impure.o)
 .rodata._global_impure_ptr
                0x0000000008001594        0x4 /usr/lib/gcc/arm-none-eabi/4.9.3/../../../arm-none-eabi/lib/armv7-m/libc.a(lib_a-impure.o)
                0x0000000008001594                _global_impure_ptr
                0x0000000008001598                . = ALIGN (0x4)

.rel.dyn        0x0000000008001598        0x0
 .rel.iplt      0x0000000008001598        0x0 /usr/lib/gcc/arm-none-eabi/4.9.3/armv7-m/crtbegin.o

.ARM.extab      0x0000000008001598        0x0
                0x0000000008001598                . = ALIGN (0x4)
 *(.ARM.extab* .gnu.linkonce.armextab.*)
                0x0000000008001598                . = ALIGN (0x4)

.ARM            0x0000000008001598        0x0
                0x0000000008001598                . = ALIGN (0x4)
                0x0000000008001598                __exidx_start = .
 *(.ARM.exidx*)
                0x0000000008001598                __exidx_end = .
                0x0000000008001598                . = ALIGN (0x4)

.preinit_array  0x0000000008001598        0x0
                0x0000000008001598                . = ALIGN (0x4)
                0x0000000008001598                PROVIDE (__preinit_array_start, .)
 *(.preinit_array*)
                0x0000000008001598                PROVIDE (__preinit_array_end, .)
                0x0000000008001598                . = ALIGN (0x4)

.init_array     0x0000000008001598        0x8
                0x0000000008001598                . = ALIGN (0x4)
                0x0000000008001598                PROVIDE (__init_array_start, .)
 *(SORT(.init_array.*))
 .init_array.00000
                0x0000000008001598        0x4 /usr/lib/gcc/arm-none-eabi/4.9.3/../../../arm-none-eabi/lib/armv7-m/libc.a(lib_a-__call_atexit.o)
 *(.init_array*)
 .init_array    0x000000000800159c        0x4 /usr/lib/gcc/arm-none-eabi/4.9.3/armv7-m/crtbegin.o
                0x00000000080015a0                PROVIDE (__init_array_end, .)
                0x00000000080015a0                . = ALIGN (0x4)

.fini_array     0x00000000080015a0        0x4
                0x00000000080015a0                . = ALIGN (0x4)
                0x00000000080015a0                PROVIDE (__fini_array_start, .)
 *(SORT(.fini_array.*))
 *(.fini_array*)
 .fini_array    0x00000000080015a0        0x4 /usr/lib/gcc/arm-none-eabi/4.9.3/armv7-m/crtbegin.o
                0x00000000080015a4                PROVIDE (__fini_array_end, .)
                0x00000000080015a4                . = ALIGN (0x4)
                0x00000000080015a4                _sidata = LOADADDR (.data)

.data           0x0000000020000000      0x450 load address 0x00000000080015a4
                0x0000000020000000                . = ALIGN (0x4)
                0x0000000020000000                _sdata = .
 *(.data)
 .data          0x0000000020000000       0x14 build/StdPeriph_Driver/src/stm32f10x_rcc.o
 .data          0x0000000020000014       0x14 build/src/system_stm32f10x.o
                0x0000000020000014                SystemCoreClock
                0x0000000020000018                AHBPrescTable
 *(.data*)
 .data.impure_data
                0x0000000020000028      0x428 /usr/lib/gcc/arm-none-eabi/4.9.3/../../../arm-none-eabi/lib/armv7-m/libc.a(lib_a-impure.o)
                0x0000000020000450                . = ALIGN (0x4)
                0x0000000020000450                _edata = .

.jcr            0x0000000020000450        0x0 load address 0x00000000080019f4
 .jcr           0x0000000020000450        0x0 /usr/lib/gcc/arm-none-eabi/4.9.3/armv7-m/crtbegin.o

.tm_clone_table
                0x0000000020000450        0x0 load address 0x00000000080019f4
 .tm_clone_table
                0x0000000020000450        0x0 /usr/lib/gcc/arm-none-eabi/4.9.3/armv7-m/crtbegin.o
 .tm_clone_table
                0x0000000020000450        0x0 /usr/lib/gcc/arm-none-eabi/4.9.3/armv7-m/crtend.o

.igot.plt       0x0000000020000450        0x0 load address 0x00000000080019f4
 .igot.plt      0x0000000020000450        0x0 /usr/lib/gcc/arm-none-eabi/4.9.3/armv7-m/crtbegin.o
                0x0000000020000450                . = ALIGN (0x4)

.bss            0x0000000020000450       0x20 load address 0x00000000080019f4
                0x0000000020000450                _sbss = .
                0x0000000020000450                __bss_start__ = _sbss
 *(.bss)
 .bss           0x0000000020000450       0x1c /usr/lib/gcc/arm-none-eabi/4.9.3/armv7-m/crtbegin.o
 .bss           0x000000002000046c        0x4 build/src/delay.o
 *(.bss*)
 *(COMMON)
                0x0000000020000470                . = ALIGN (0x4)
                0x0000000020000470                _ebss = .
                0x0000000020000470                __bss_end__ = _ebss

._user_heap_stack
                0x0000000020000470      0x400 load address 0x00000000080019f4
                0x0000000020000470                . = ALIGN (0x8)
                0x0000000020000470                PROVIDE (end, .)
                [!provide]                        PROVIDE (_end, .)
                0x0000000020000470                . = (. + _Min_Heap_Size)
                0x0000000020000870                . = (. + _Min_Stack_Size)
 *fill*         0x0000000020000470      0x400 
                0x0000000020000870                . = ALIGN (0x8)

/DISCARD/
 libc.a(*)
 libm.a(*)
 libgcc.a(*)

.ARM.attributes
                0x0000000000000000       0x2d
 *(.ARM.attributes)
 .ARM.attributes
                0x0000000000000000       0x1d /usr/lib/gcc/arm-none-eabi/4.9.3/armv7-m/crti.o
 .ARM.attributes
                0x000000000000001d       0x2d /usr/lib/gcc/arm-none-eabi/4.9.3/armv7-m/crtbegin.o
 .ARM.attributes
                0x000000000000004a       0x33 build/StdPeriph_Driver/src/stm32f10x_gpio.o
 .ARM.attributes
                0x000000000000007d       0x33 build/StdPeriph_Driver/src/stm32f10x_rcc.o
 .ARM.attributes
                0x00000000000000b0       0x33 build/src/delay.o
 .ARM.attributes
                0x00000000000000e3       0x33 build/src/main.o
 .ARM.attributes
                0x0000000000000116       0x33 build/src/system_stm32f10x.o
 .ARM.attributes
                0x0000000000000149       0x25 build/startup/startup_stm32.o
 .ARM.attributes
                0x000000000000016e       0x2d /usr/lib/gcc/arm-none-eabi/4.9.3/../../../arm-none-eabi/lib/armv7-m/libc.a(lib_a-atexit.o)
 .ARM.attributes
                0x000000000000019b       0x2d /usr/lib/gcc/arm-none-eabi/4.9.3/../../../arm-none-eabi/lib/armv7-m/libc.a(lib_a-fini.o)
 .ARM.attributes
                0x00000000000001c8       0x2d /usr/lib/gcc/arm-none-eabi/4.9.3/../../../arm-none-eabi/lib/armv7-m/libc.a(lib_a-impure.o)
 .ARM.attributes
                0x00000000000001f5       0x2d /usr/lib/gcc/arm-none-eabi/4.9.3/../../../arm-none-eabi/lib/armv7-m/libc.a(lib_a-init.o)
 .ARM.attributes
                0x0000000000000222       0x2d /usr/lib/gcc/arm-none-eabi/4.9.3/../../../arm-none-eabi/lib/armv7-m/libc.a(lib_a-__atexit.o)
 .ARM.attributes
                0x000000000000024f       0x2d /usr/lib/gcc/arm-none-eabi/4.9.3/../../../arm-none-eabi/lib/armv7-m/libc.a(lib_a-__call_atexit.o)
 .ARM.attributes
                0x000000000000027c       0x2d /usr/lib/gcc/arm-none-eabi/4.9.3/armv7-m/crtend.o
 .ARM.attributes
                0x00000000000002a9       0x1d /usr/lib/gcc/arm-none-eabi/4.9.3/armv7-m/crtn.o
OUTPUT(build/program.elf elf32-littlearm)

.comment        0x0000000000000000       0x70
 .comment       0x0000000000000000       0x38 /usr/lib/gcc/arm-none-eabi/4.9.3/armv7-m/crtbegin.o
                                         0x39 (size before relaxing)
 .comment       0x0000000000000038       0x39 build/StdPeriph_Driver/src/stm32f10x_gpio.o
 .comment       0x0000000000000038       0x39 build/StdPeriph_Driver/src/stm32f10x_rcc.o
 .comment       0x0000000000000038       0x39 build/src/delay.o
 .comment       0x0000000000000038       0x39 build/src/main.o
 .comment       0x0000000000000038       0x39 build/src/system_stm32f10x.o
 .comment       0x0000000000000038       0x38 /usr/lib/gcc/arm-none-eabi/4.9.3/../../../arm-none-eabi/lib/armv7-m/libc.a(lib_a-atexit.o)
                                         0x39 (size before relaxing)
 .comment       0x0000000000000070       0x39 /usr/lib/gcc/arm-none-eabi/4.9.3/../../../arm-none-eabi/lib/armv7-m/libc.a(lib_a-fini.o)
 .comment       0x0000000000000070       0x39 /usr/lib/gcc/arm-none-eabi/4.9.3/../../../arm-none-eabi/lib/armv7-m/libc.a(lib_a-impure.o)
 .comment       0x0000000000000070       0x39 /usr/lib/gcc/arm-none-eabi/4.9.3/../../../arm-none-eabi/lib/armv7-m/libc.a(lib_a-init.o)
 .comment       0x0000000000000070       0x39 /usr/lib/gcc/arm-none-eabi/4.9.3/../../../arm-none-eabi/lib/armv7-m/libc.a(lib_a-__atexit.o)
 .comment       0x0000000000000070       0x39 /usr/lib/gcc/arm-none-eabi/4.9.3/../../../arm-none-eabi/lib/armv7-m/libc.a(lib_a-__call_atexit.o)
 .comment       0x0000000000000070       0x39 /usr/lib/gcc/arm-none-eabi/4.9.3/armv7-m/crtend.o

.debug_info     0x0000000000000000     0x3a33
 .debug_info    0x0000000000000000      0x6d5 build/StdPeriph_Driver/src/stm32f10x_gpio.o
 .debug_info    0x00000000000006d5      0x87b build/StdPeriph_Driver/src/stm32f10x_rcc.o
 .debug_info    0x0000000000000f50      0x5b5 build/src/delay.o
 .debug_info    0x0000000000001505      0x218 build/src/main.o
 .debug_info    0x000000000000171d      0x438 build/src/system_stm32f10x.o
 .debug_info    0x0000000000001b55       0x6f build/startup/startup_stm32.o
 .debug_info    0x0000000000001bc4      0x10a /usr/lib/gcc/arm-none-eabi/4.9.3/../../../arm-none-eabi/lib/armv7-m/libc.a(lib_a-atexit.o)
 .debug_info    0x0000000000001cce       0xef /usr/lib/gcc/arm-none-eabi/4.9.3/../../../arm-none-eabi/lib/armv7-m/libc.a(lib_a-fini.o)
 .debug_info    0x0000000000001dbd      0x894 /usr/lib/gcc/arm-none-eabi/4.9.3/../../../arm-none-eabi/lib/armv7-m/libc.a(lib_a-impure.o)
 .debug_info    0x0000000000002651      0x105 /usr/lib/gcc/arm-none-eabi/4.9.3/../../../arm-none-eabi/lib/armv7-m/libc.a(lib_a-init.o)
 .debug_info    0x0000000000002756      0x934 /usr/lib/gcc/arm-none-eabi/4.9.3/../../../arm-none-eabi/lib/armv7-m/libc.a(lib_a-__atexit.o)
 .debug_info    0x000000000000308a      0x9a9 /usr/lib/gcc/arm-none-eabi/4.9.3/../../../arm-none-eabi/lib/armv7-m/libc.a(lib_a-__call_atexit.o)

.debug_abbrev   0x0000000000000000     0x1044
 .debug_abbrev  0x0000000000000000      0x1ca build/StdPeriph_Driver/src/stm32f10x_gpio.o
 .debug_abbrev  0x00000000000001ca      0x1bc build/StdPeriph_Driver/src/stm32f10x_rcc.o
 .debug_abbrev  0x0000000000000386      0x1e9 build/src/delay.o
 .debug_abbrev  0x000000000000056f      0x107 build/src/main.o
 .debug_abbrev  0x0000000000000676      0x179 build/src/system_stm32f10x.o
 .debug_abbrev  0x00000000000007ef       0x12 build/startup/startup_stm32.o
 .debug_abbrev  0x0000000000000801       0xb8 /usr/lib/gcc/arm-none-eabi/4.9.3/../../../arm-none-eabi/lib/armv7-m/libc.a(lib_a-atexit.o)
 .debug_abbrev  0x00000000000008b9       0xbd /usr/lib/gcc/arm-none-eabi/4.9.3/../../../arm-none-eabi/lib/armv7-m/libc.a(lib_a-fini.o)
 .debug_abbrev  0x0000000000000976      0x180 /usr/lib/gcc/arm-none-eabi/4.9.3/../../../arm-none-eabi/lib/armv7-m/libc.a(lib_a-impure.o)
 .debug_abbrev  0x0000000000000af6       0xba /usr/lib/gcc/arm-none-eabi/4.9.3/../../../arm-none-eabi/lib/armv7-m/libc.a(lib_a-init.o)
 .debug_abbrev  0x0000000000000bb0      0x20f /usr/lib/gcc/arm-none-eabi/4.9.3/../../../arm-none-eabi/lib/armv7-m/libc.a(lib_a-__atexit.o)
 .debug_abbrev  0x0000000000000dbf      0x285 /usr/lib/gcc/arm-none-eabi/4.9.3/../../../arm-none-eabi/lib/armv7-m/libc.a(lib_a-__call_atexit.o)

.debug_aranges  0x0000000000000000      0x188
 .debug_aranges
                0x0000000000000000       0x20 build/StdPeriph_Driver/src/stm32f10x_gpio.o
 .debug_aranges
                0x0000000000000020       0x20 build/StdPeriph_Driver/src/stm32f10x_rcc.o
 .debug_aranges
                0x0000000000000040       0x20 build/src/delay.o
 .debug_aranges
                0x0000000000000060       0x20 build/src/main.o
 .debug_aranges
                0x0000000000000080       0x20 build/src/system_stm32f10x.o
 .debug_aranges
                0x00000000000000a0       0x28 build/startup/startup_stm32.o
 .debug_aranges
                0x00000000000000c8       0x20 /usr/lib/gcc/arm-none-eabi/4.9.3/../../../arm-none-eabi/lib/armv7-m/libc.a(lib_a-atexit.o)
 .debug_aranges
                0x00000000000000e8       0x20 /usr/lib/gcc/arm-none-eabi/4.9.3/../../../arm-none-eabi/lib/armv7-m/libc.a(lib_a-fini.o)
 .debug_aranges
                0x0000000000000108       0x18 /usr/lib/gcc/arm-none-eabi/4.9.3/../../../arm-none-eabi/lib/armv7-m/libc.a(lib_a-impure.o)
 .debug_aranges
                0x0000000000000120       0x20 /usr/lib/gcc/arm-none-eabi/4.9.3/../../../arm-none-eabi/lib/armv7-m/libc.a(lib_a-init.o)
 .debug_aranges
                0x0000000000000140       0x20 /usr/lib/gcc/arm-none-eabi/4.9.3/../../../arm-none-eabi/lib/armv7-m/libc.a(lib_a-__atexit.o)
 .debug_aranges
                0x0000000000000160       0x28 /usr/lib/gcc/arm-none-eabi/4.9.3/../../../arm-none-eabi/lib/armv7-m/libc.a(lib_a-__call_atexit.o)

.debug_line     0x0000000000000000     0x11b3
 .debug_line    0x0000000000000000      0x290 build/StdPeriph_Driver/src/stm32f10x_gpio.o
 .debug_line    0x0000000000000290      0x2eb build/StdPeriph_Driver/src/stm32f10x_rcc.o
 .debug_line    0x000000000000057b      0x1ba build/src/delay.o
 .debug_line    0x0000000000000735      0x1b9 build/src/main.o
 .debug_line    0x00000000000008ee      0x1ea build/src/system_stm32f10x.o
 .debug_line    0x0000000000000ad8       0x76 build/startup/startup_stm32.o
 .debug_line    0x0000000000000b4e       0xc1 /usr/lib/gcc/arm-none-eabi/4.9.3/../../../arm-none-eabi/lib/armv7-m/libc.a(lib_a-atexit.o)
 .debug_line    0x0000000000000c0f       0x9c /usr/lib/gcc/arm-none-eabi/4.9.3/../../../arm-none-eabi/lib/armv7-m/libc.a(lib_a-fini.o)
 .debug_line    0x0000000000000cab       0xf1 /usr/lib/gcc/arm-none-eabi/4.9.3/../../../arm-none-eabi/lib/armv7-m/libc.a(lib_a-impure.o)
 .debug_line    0x0000000000000d9c       0xb6 /usr/lib/gcc/arm-none-eabi/4.9.3/../../../arm-none-eabi/lib/armv7-m/libc.a(lib_a-init.o)
 .debug_line    0x0000000000000e52      0x19c /usr/lib/gcc/arm-none-eabi/4.9.3/../../../arm-none-eabi/lib/armv7-m/libc.a(lib_a-__atexit.o)
 .debug_line    0x0000000000000fee      0x1c5 /usr/lib/gcc/arm-none-eabi/4.9.3/../../../arm-none-eabi/lib/armv7-m/libc.a(lib_a-__call_atexit.o)

.debug_str      0x0000000000000000     0x1568
 .debug_str     0x0000000000000000      0x4c3 build/StdPeriph_Driver/src/stm32f10x_gpio.o
                                        0x511 (size before relaxing)
 .debug_str     0x00000000000004c3      0x437 build/StdPeriph_Driver/src/stm32f10x_rcc.o
                                        0x612 (size before relaxing)
 .debug_str     0x00000000000008fa      0x410 build/src/delay.o
                                        0x578 (size before relaxing)
 .debug_str     0x0000000000000d0a       0x32 build/src/main.o
                                        0x2b9 (size before relaxing)
 .debug_str     0x0000000000000d3c       0x78 build/src/system_stm32f10x.o
                                        0x2c6 (size before relaxing)
 .debug_str     0x0000000000000db4      0x15f /usr/lib/gcc/arm-none-eabi/4.9.3/../../../arm-none-eabi/lib/armv7-m/libc.a(lib_a-atexit.o)
                                        0x1f8 (size before relaxing)
 .debug_str     0x0000000000000f13       0xca /usr/lib/gcc/arm-none-eabi/4.9.3/../../../arm-none-eabi/lib/armv7-m/libc.a(lib_a-fini.o)
                                        0x1f0 (size before relaxing)
 .debug_str     0x0000000000000fdd      0x445 /usr/lib/gcc/arm-none-eabi/4.9.3/../../../arm-none-eabi/lib/armv7-m/libc.a(lib_a-impure.o)
                                        0x58c (size before relaxing)
 .debug_str     0x0000000000001422       0x90 /usr/lib/gcc/arm-none-eabi/4.9.3/../../../arm-none-eabi/lib/armv7-m/libc.a(lib_a-init.o)
                                        0x21a (size before relaxing)
 .debug_str     0x00000000000014b2       0x30 /usr/lib/gcc/arm-none-eabi/4.9.3/../../../arm-none-eabi/lib/armv7-m/libc.a(lib_a-__atexit.o)
                                        0x5d4 (size before relaxing)
 .debug_str     0x00000000000014e2       0x86 /usr/lib/gcc/arm-none-eabi/4.9.3/../../../arm-none-eabi/lib/armv7-m/libc.a(lib_a-__call_atexit.o)
                                        0x5ec (size before relaxing)

.debug_frame    0x0000000000000000      0xa94
 .debug_frame   0x0000000000000000      0x2d0 build/StdPeriph_Driver/src/stm32f10x_gpio.o
 .debug_frame   0x00000000000002d0      0x4f4 build/StdPeriph_Driver/src/stm32f10x_rcc.o
 .debug_frame   0x00000000000007c4       0xe4 build/src/delay.o
 .debug_frame   0x00000000000008a8       0x50 build/src/main.o
 .debug_frame   0x00000000000008f8       0x98 build/src/system_stm32f10x.o
 .debug_frame   0x0000000000000990       0x20 /usr/lib/gcc/arm-none-eabi/4.9.3/../../../arm-none-eabi/lib/armv7-m/libc.a(lib_a-atexit.o)
 .debug_frame   0x00000000000009b0       0x34 /usr/lib/gcc/arm-none-eabi/4.9.3/../../../arm-none-eabi/lib/armv7-m/libc.a(lib_a-fini.o)
 .debug_frame   0x00000000000009e4       0x2c /usr/lib/gcc/arm-none-eabi/4.9.3/../../../arm-none-eabi/lib/armv7-m/libc.a(lib_a-init.o)
 .debug_frame   0x0000000000000a10       0x34 /usr/lib/gcc/arm-none-eabi/4.9.3/../../../arm-none-eabi/lib/armv7-m/libc.a(lib_a-__atexit.o)
 .debug_frame   0x0000000000000a44       0x50 /usr/lib/gcc/arm-none-eabi/4.9.3/../../../arm-none-eabi/lib/armv7-m/libc.a(lib_a-__call_atexit.o)

.debug_ranges   0x0000000000000000       0x90
 .debug_ranges  0x0000000000000000       0x20 build/startup/startup_stm32.o
 .debug_ranges  0x0000000000000020       0x10 /usr/lib/gcc/arm-none-eabi/4.9.3/../../../arm-none-eabi/lib/armv7-m/libc.a(lib_a-atexit.o)
 .debug_ranges  0x0000000000000030       0x10 /usr/lib/gcc/arm-none-eabi/4.9.3/../../../arm-none-eabi/lib/armv7-m/libc.a(lib_a-fini.o)
 .debug_ranges  0x0000000000000040       0x10 /usr/lib/gcc/arm-none-eabi/4.9.3/../../../arm-none-eabi/lib/armv7-m/libc.a(lib_a-init.o)
 .debug_ranges  0x0000000000000050       0x10 /usr/lib/gcc/arm-none-eabi/4.9.3/../../../arm-none-eabi/lib/armv7-m/libc.a(lib_a-__atexit.o)
 .debug_ranges  0x0000000000000060       0x30 /usr/lib/gcc/arm-none-eabi/4.9.3/../../../arm-none-eabi/lib/armv7-m/libc.a(lib_a-__call_atexit.o)

.debug_loc      0x0000000000000000      0x413
 .debug_loc     0x0000000000000000       0x2c /usr/lib/gcc/arm-none-eabi/4.9.3/../../../arm-none-eabi/lib/armv7-m/libc.a(lib_a-atexit.o)
 .debug_loc     0x000000000000002c       0x5c /usr/lib/gcc/arm-none-eabi/4.9.3/../../../arm-none-eabi/lib/armv7-m/libc.a(lib_a-fini.o)
 .debug_loc     0x0000000000000088       0xae /usr/lib/gcc/arm-none-eabi/4.9.3/../../../arm-none-eabi/lib/armv7-m/libc.a(lib_a-init.o)
 .debug_loc     0x0000000000000136      0x197 /usr/lib/gcc/arm-none-eabi/4.9.3/../../../arm-none-eabi/lib/armv7-m/libc.a(lib_a-__atexit.o)
 .debug_loc     0x00000000000002cd      0x146 /usr/lib/gcc/arm-none-eabi/4.9.3/../../../arm-none-eabi/lib/armv7-m/libc.a(lib_a-__call_atexit.o)
