Archive member included to satisfy reference by file (symbol)

/usr/lib/gcc/arm-none-eabi/4.9.3/../../../arm-none-eabi/lib/armv7-m/libc.a(lib_a-atexit.o)
                              /usr/lib/gcc/arm-none-eabi/4.9.3/../../../arm-none-eabi/lib/armv7-m/crt0.o (atexit)
/usr/lib/gcc/arm-none-eabi/4.9.3/../../../arm-none-eabi/lib/armv7-m/libc.a(lib_a-errno.o)
                              build/src/syscalls.o (__errno)
/usr/lib/gcc/arm-none-eabi/4.9.3/../../../arm-none-eabi/lib/armv7-m/libc.a(lib_a-exit.o)
                              /usr/lib/gcc/arm-none-eabi/4.9.3/../../../arm-none-eabi/lib/armv7-m/crt0.o (exit)
/usr/lib/gcc/arm-none-eabi/4.9.3/../../../arm-none-eabi/lib/armv7-m/libc.a(lib_a-fini.o)
                              /usr/lib/gcc/arm-none-eabi/4.9.3/../../../arm-none-eabi/lib/armv7-m/crt0.o (__libc_fini_array)
/usr/lib/gcc/arm-none-eabi/4.9.3/../../../arm-none-eabi/lib/armv7-m/libc.a(lib_a-impure.o)
                              /usr/lib/gcc/arm-none-eabi/4.9.3/../../../arm-none-eabi/lib/armv7-m/libc.a(lib_a-exit.o) (_global_impure_ptr)
/usr/lib/gcc/arm-none-eabi/4.9.3/../../../arm-none-eabi/lib/armv7-m/libc.a(lib_a-init.o)
                              /usr/lib/gcc/arm-none-eabi/4.9.3/../../../arm-none-eabi/lib/armv7-m/crt0.o (__libc_init_array)
/usr/lib/gcc/arm-none-eabi/4.9.3/../../../arm-none-eabi/lib/armv7-m/libc.a(lib_a-memset.o)
                              /usr/lib/gcc/arm-none-eabi/4.9.3/../../../arm-none-eabi/lib/armv7-m/crt0.o (memset)
/usr/lib/gcc/arm-none-eabi/4.9.3/../../../arm-none-eabi/lib/armv7-m/libc.a(lib_a-__atexit.o)
                              /usr/lib/gcc/arm-none-eabi/4.9.3/../../../arm-none-eabi/lib/armv7-m/libc.a(lib_a-atexit.o) (__register_exitproc)
/usr/lib/gcc/arm-none-eabi/4.9.3/../../../arm-none-eabi/lib/armv7-m/libc.a(lib_a-__call_atexit.o)
                              /usr/lib/gcc/arm-none-eabi/4.9.3/../../../arm-none-eabi/lib/armv7-m/libc.a(lib_a-exit.o) (__call_exitprocs)

Allocating common symbols
Common symbol       size              file

SaveRState          0x2               build//home/max/Projects/Sources/STM32_USB-FS-Device_Lib_V4.1.0/Libraries/STM32_USB-FS-Device_Driver/src/usb_int.o
HSEStartUpStatus    0x1               build/src/hw_config.o
SaveState           0x2               build//home/max/Projects/Sources/STM32_USB-FS-Device_Lib_V4.1.0/Libraries/STM32_USB-FS-Device_Driver/src/usb_init.o
wIstr               0x2               build/src/usb_istr.o
pProperty           0x4               build//home/max/Projects/Sources/STM32_USB-FS-Device_Lib_V4.1.0/Libraries/STM32_USB-FS-Device_Driver/src/usb_init.o
EPindex             0x1               build//home/max/Projects/Sources/STM32_USB-FS-Device_Lib_V4.1.0/Libraries/STM32_USB-FS-Device_Driver/src/usb_init.o
SaveTState          0x2               build//home/max/Projects/Sources/STM32_USB-FS-Device_Lib_V4.1.0/Libraries/STM32_USB-FS-Device_Driver/src/usb_int.o
Device_Info         0x1c              build//home/max/Projects/Sources/STM32_USB-FS-Device_Lib_V4.1.0/Libraries/STM32_USB-FS-Device_Driver/src/usb_init.o
pUser_Standard_Requests
                    0x4               build//home/max/Projects/Sources/STM32_USB-FS-Device_Lib_V4.1.0/Libraries/STM32_USB-FS-Device_Driver/src/usb_init.o
USB_Rx_Buffer       0x40              build/src/usb_endp.o
StatusInfo          0x2               build//home/max/Projects/Sources/STM32_USB-FS-Device_Lib_V4.1.0/Libraries/STM32_USB-FS-Device_Driver/src/usb_core.o
pInformation        0x4               build//home/max/Projects/Sources/STM32_USB-FS-Device_Lib_V4.1.0/Libraries/STM32_USB-FS-Device_Driver/src/usb_init.o
ResumeS             0x2               build/src/usb_pwr.o
EP                  0x20              build/src/usb_pwr.o
EXTI_InitStructure  0x8               build/src/hw_config.o
wInterrupt_Mask     0x2               build//home/max/Projects/Sources/STM32_USB-FS-Device_Lib_V4.1.0/Libraries/STM32_USB-FS-Device_Driver/src/usb_init.o

Discarded input sections

 .text          0x0000000000000000        0x0 /usr/lib/gcc/arm-none-eabi/4.9.3/armv7-m/crti.o
 .data          0x0000000000000000        0x0 /usr/lib/gcc/arm-none-eabi/4.9.3/armv7-m/crti.o
 .bss           0x0000000000000000        0x0 /usr/lib/gcc/arm-none-eabi/4.9.3/armv7-m/crti.o
 .data          0x0000000000000000        0x4 /usr/lib/gcc/arm-none-eabi/4.9.3/armv7-m/crtbegin.o
 .text          0x0000000000000000       0x68 /usr/lib/gcc/arm-none-eabi/4.9.3/../../../arm-none-eabi/lib/armv7-m/crt0.o
 .data          0x0000000000000000        0x0 /usr/lib/gcc/arm-none-eabi/4.9.3/../../../arm-none-eabi/lib/armv7-m/crt0.o
 .bss           0x0000000000000000        0x0 /usr/lib/gcc/arm-none-eabi/4.9.3/../../../arm-none-eabi/lib/armv7-m/crt0.o
 .ARM.extab     0x0000000000000000        0x0 /usr/lib/gcc/arm-none-eabi/4.9.3/../../../arm-none-eabi/lib/armv7-m/crt0.o
 .ARM.exidx     0x0000000000000000        0x8 /usr/lib/gcc/arm-none-eabi/4.9.3/../../../arm-none-eabi/lib/armv7-m/crt0.o
 .debug_line    0x0000000000000000       0x7b /usr/lib/gcc/arm-none-eabi/4.9.3/../../../arm-none-eabi/lib/armv7-m/crt0.o
 .debug_info    0x0000000000000000       0xa8 /usr/lib/gcc/arm-none-eabi/4.9.3/../../../arm-none-eabi/lib/armv7-m/crt0.o
 .debug_abbrev  0x0000000000000000       0x14 /usr/lib/gcc/arm-none-eabi/4.9.3/../../../arm-none-eabi/lib/armv7-m/crt0.o
 .debug_aranges
                0x0000000000000000       0x20 /usr/lib/gcc/arm-none-eabi/4.9.3/../../../arm-none-eabi/lib/armv7-m/crt0.o
 .ARM.attributes
                0x0000000000000000       0x1b /usr/lib/gcc/arm-none-eabi/4.9.3/../../../arm-none-eabi/lib/armv7-m/crt0.o
 .data          0x0000000000000000        0x0 build/StdPeriph_Driver/src/misc.o
 .bss           0x0000000000000000        0x0 build/StdPeriph_Driver/src/misc.o
 .text          0x0000000000000000      0xa3c build/StdPeriph_Driver/src/stm32f10x_adc.o
 .data          0x0000000000000000        0x0 build/StdPeriph_Driver/src/stm32f10x_adc.o
 .bss           0x0000000000000000        0x0 build/StdPeriph_Driver/src/stm32f10x_adc.o
 .debug_info    0x0000000000000000      0xb62 build/StdPeriph_Driver/src/stm32f10x_adc.o
 .debug_abbrev  0x0000000000000000      0x19a build/StdPeriph_Driver/src/stm32f10x_adc.o
 .debug_aranges
                0x0000000000000000       0x20 build/StdPeriph_Driver/src/stm32f10x_adc.o
 .debug_line    0x0000000000000000      0x300 build/StdPeriph_Driver/src/stm32f10x_adc.o
 .debug_str     0x0000000000000000      0x6f2 build/StdPeriph_Driver/src/stm32f10x_adc.o
 .comment       0x0000000000000000       0x39 build/StdPeriph_Driver/src/stm32f10x_adc.o
 .debug_frame   0x0000000000000000      0x5a4 build/StdPeriph_Driver/src/stm32f10x_adc.o
 .ARM.attributes
                0x0000000000000000       0x33 build/StdPeriph_Driver/src/stm32f10x_adc.o
 .text          0x0000000000000000      0x1c0 build/StdPeriph_Driver/src/stm32f10x_bkp.o
 .data          0x0000000000000000        0x0 build/StdPeriph_Driver/src/stm32f10x_bkp.o
 .bss           0x0000000000000000        0x0 build/StdPeriph_Driver/src/stm32f10x_bkp.o
 .debug_info    0x0000000000000000      0x78b build/StdPeriph_Driver/src/stm32f10x_bkp.o
 .debug_abbrev  0x0000000000000000      0x165 build/StdPeriph_Driver/src/stm32f10x_bkp.o
 .debug_aranges
                0x0000000000000000       0x20 build/StdPeriph_Driver/src/stm32f10x_bkp.o
 .debug_line    0x0000000000000000      0x1ca build/StdPeriph_Driver/src/stm32f10x_bkp.o
 .debug_str     0x0000000000000000      0x5ac build/StdPeriph_Driver/src/stm32f10x_bkp.o
 .comment       0x0000000000000000       0x39 build/StdPeriph_Driver/src/stm32f10x_bkp.o
 .debug_frame   0x0000000000000000      0x1c4 build/StdPeriph_Driver/src/stm32f10x_bkp.o
 .ARM.attributes
                0x0000000000000000       0x33 build/StdPeriph_Driver/src/stm32f10x_bkp.o
 .text          0x0000000000000000      0xfa8 build/StdPeriph_Driver/src/stm32f10x_can.o
 .data          0x0000000000000000        0x0 build/StdPeriph_Driver/src/stm32f10x_can.o
 .bss           0x0000000000000000        0x0 build/StdPeriph_Driver/src/stm32f10x_can.o
 .debug_info    0x0000000000000000      0xb8a build/StdPeriph_Driver/src/stm32f10x_can.o
 .debug_abbrev  0x0000000000000000      0x1f5 build/StdPeriph_Driver/src/stm32f10x_can.o
 .debug_aranges
                0x0000000000000000       0x20 build/StdPeriph_Driver/src/stm32f10x_can.o
 .debug_line    0x0000000000000000      0x3d4 build/StdPeriph_Driver/src/stm32f10x_can.o
 .debug_str     0x0000000000000000      0x725 build/StdPeriph_Driver/src/stm32f10x_can.o
 .comment       0x0000000000000000       0x39 build/StdPeriph_Driver/src/stm32f10x_can.o
 .debug_frame   0x0000000000000000      0x3f0 build/StdPeriph_Driver/src/stm32f10x_can.o
 .ARM.attributes
                0x0000000000000000       0x33 build/StdPeriph_Driver/src/stm32f10x_can.o
 .text          0x0000000000000000      0x290 build/StdPeriph_Driver/src/stm32f10x_cec.o
 .data          0x0000000000000000        0x0 build/StdPeriph_Driver/src/stm32f10x_cec.o
 .bss           0x0000000000000000        0x0 build/StdPeriph_Driver/src/stm32f10x_cec.o
 .debug_info    0x0000000000000000      0x40a build/StdPeriph_Driver/src/stm32f10x_cec.o
 .debug_abbrev  0x0000000000000000      0x1b0 build/StdPeriph_Driver/src/stm32f10x_cec.o
 .debug_aranges
                0x0000000000000000       0x20 build/StdPeriph_Driver/src/stm32f10x_cec.o
 .debug_line    0x0000000000000000      0x218 build/StdPeriph_Driver/src/stm32f10x_cec.o
 .debug_str     0x0000000000000000      0x36d build/StdPeriph_Driver/src/stm32f10x_cec.o
 .comment       0x0000000000000000       0x39 build/StdPeriph_Driver/src/stm32f10x_cec.o
 .debug_frame   0x0000000000000000      0x224 build/StdPeriph_Driver/src/stm32f10x_cec.o
 .ARM.attributes
                0x0000000000000000       0x33 build/StdPeriph_Driver/src/stm32f10x_cec.o
 .text          0x0000000000000000       0xd0 build/StdPeriph_Driver/src/stm32f10x_crc.o
 .data          0x0000000000000000        0x0 build/StdPeriph_Driver/src/stm32f10x_crc.o
 .bss           0x0000000000000000        0x0 build/StdPeriph_Driver/src/stm32f10x_crc.o
 .debug_info    0x0000000000000000      0x1f6 build/StdPeriph_Driver/src/stm32f10x_crc.o
 .debug_abbrev  0x0000000000000000      0x116 build/StdPeriph_Driver/src/stm32f10x_crc.o
 .debug_aranges
                0x0000000000000000       0x20 build/StdPeriph_Driver/src/stm32f10x_crc.o
 .debug_line    0x0000000000000000      0x1b1 build/StdPeriph_Driver/src/stm32f10x_crc.o
 .debug_str     0x0000000000000000      0x232 build/StdPeriph_Driver/src/stm32f10x_crc.o
 .comment       0x0000000000000000       0x39 build/StdPeriph_Driver/src/stm32f10x_crc.o
 .debug_frame   0x0000000000000000       0xe8 build/StdPeriph_Driver/src/stm32f10x_crc.o
 .ARM.attributes
                0x0000000000000000       0x33 build/StdPeriph_Driver/src/stm32f10x_crc.o
 .text          0x0000000000000000      0x304 build/StdPeriph_Driver/src/stm32f10x_dac.o
 .data          0x0000000000000000        0x0 build/StdPeriph_Driver/src/stm32f10x_dac.o
 .bss           0x0000000000000000        0x0 build/StdPeriph_Driver/src/stm32f10x_dac.o
 .debug_info    0x0000000000000000      0x49e build/StdPeriph_Driver/src/stm32f10x_dac.o
 .debug_abbrev  0x0000000000000000      0x175 build/StdPeriph_Driver/src/stm32f10x_dac.o
 .debug_aranges
                0x0000000000000000       0x20 build/StdPeriph_Driver/src/stm32f10x_dac.o
 .debug_line    0x0000000000000000      0x211 build/StdPeriph_Driver/src/stm32f10x_dac.o
 .debug_str     0x0000000000000000      0x3a6 build/StdPeriph_Driver/src/stm32f10x_dac.o
 .comment       0x0000000000000000       0x39 build/StdPeriph_Driver/src/stm32f10x_dac.o
 .debug_frame   0x0000000000000000      0x1e4 build/StdPeriph_Driver/src/stm32f10x_dac.o
 .ARM.attributes
                0x0000000000000000       0x33 build/StdPeriph_Driver/src/stm32f10x_dac.o
 .text          0x0000000000000000       0x70 build/StdPeriph_Driver/src/stm32f10x_dbgmcu.o
 .data          0x0000000000000000        0x0 build/StdPeriph_Driver/src/stm32f10x_dbgmcu.o
 .bss           0x0000000000000000        0x0 build/StdPeriph_Driver/src/stm32f10x_dbgmcu.o
 .debug_info    0x0000000000000000      0x14c build/StdPeriph_Driver/src/stm32f10x_dbgmcu.o
 .debug_abbrev  0x0000000000000000       0xe0 build/StdPeriph_Driver/src/stm32f10x_dbgmcu.o
 .debug_aranges
                0x0000000000000000       0x20 build/StdPeriph_Driver/src/stm32f10x_dbgmcu.o
 .debug_line    0x0000000000000000      0x199 build/StdPeriph_Driver/src/stm32f10x_dbgmcu.o
 .debug_str     0x0000000000000000      0x1e9 build/StdPeriph_Driver/src/stm32f10x_dbgmcu.o
 .comment       0x0000000000000000       0x39 build/StdPeriph_Driver/src/stm32f10x_dbgmcu.o
 .debug_frame   0x0000000000000000       0x78 build/StdPeriph_Driver/src/stm32f10x_dbgmcu.o
 .ARM.attributes
                0x0000000000000000       0x33 build/StdPeriph_Driver/src/stm32f10x_dbgmcu.o
 .text          0x0000000000000000      0x404 build/StdPeriph_Driver/src/stm32f10x_dma.o
 .data          0x0000000000000000        0x0 build/StdPeriph_Driver/src/stm32f10x_dma.o
 .bss           0x0000000000000000        0x0 build/StdPeriph_Driver/src/stm32f10x_dma.o
 .debug_info    0x0000000000000000      0x461 build/StdPeriph_Driver/src/stm32f10x_dma.o
 .debug_abbrev  0x0000000000000000      0x157 build/StdPeriph_Driver/src/stm32f10x_dma.o
 .debug_aranges
                0x0000000000000000       0x20 build/StdPeriph_Driver/src/stm32f10x_dma.o
 .debug_line    0x0000000000000000      0x23b build/StdPeriph_Driver/src/stm32f10x_dma.o
 .debug_str     0x0000000000000000      0x3ae build/StdPeriph_Driver/src/stm32f10x_dma.o
 .comment       0x0000000000000000       0x39 build/StdPeriph_Driver/src/stm32f10x_dma.o
 .debug_frame   0x0000000000000000      0x1c8 build/StdPeriph_Driver/src/stm32f10x_dma.o
 .ARM.attributes
                0x0000000000000000       0x33 build/StdPeriph_Driver/src/stm32f10x_dma.o
 .text          0x0000000000000000      0x21c build/StdPeriph_Driver/src/stm32f10x_exti.o
 .data          0x0000000000000000        0x0 build/StdPeriph_Driver/src/stm32f10x_exti.o
 .bss           0x0000000000000000        0x0 build/StdPeriph_Driver/src/stm32f10x_exti.o
 .debug_info    0x0000000000000000      0x32f build/StdPeriph_Driver/src/stm32f10x_exti.o
 .debug_abbrev  0x0000000000000000      0x153 build/StdPeriph_Driver/src/stm32f10x_exti.o
 .debug_aranges
                0x0000000000000000       0x20 build/StdPeriph_Driver/src/stm32f10x_exti.o
 .debug_line    0x0000000000000000      0x201 build/StdPeriph_Driver/src/stm32f10x_exti.o
 .debug_str     0x0000000000000000      0x340 build/StdPeriph_Driver/src/stm32f10x_exti.o
 .comment       0x0000000000000000       0x39 build/StdPeriph_Driver/src/stm32f10x_exti.o
 .debug_frame   0x0000000000000000      0x148 build/StdPeriph_Driver/src/stm32f10x_exti.o
 .ARM.attributes
                0x0000000000000000       0x33 build/StdPeriph_Driver/src/stm32f10x_exti.o
 .text          0x0000000000000000      0x96c build/StdPeriph_Driver/src/stm32f10x_flash.o
 .data          0x0000000000000000        0x0 build/StdPeriph_Driver/src/stm32f10x_flash.o
 .bss           0x0000000000000000        0x0 build/StdPeriph_Driver/src/stm32f10x_flash.o
 .debug_info    0x0000000000000000      0x79f build/StdPeriph_Driver/src/stm32f10x_flash.o
 .debug_abbrev  0x0000000000000000      0x18d build/StdPeriph_Driver/src/stm32f10x_flash.o
 .debug_aranges
                0x0000000000000000       0x20 build/StdPeriph_Driver/src/stm32f10x_flash.o
 .debug_line    0x0000000000000000      0x32b build/StdPeriph_Driver/src/stm32f10x_flash.o
 .debug_str     0x0000000000000000      0x5df build/StdPeriph_Driver/src/stm32f10x_flash.o
 .comment       0x0000000000000000       0x39 build/StdPeriph_Driver/src/stm32f10x_flash.o
 .debug_frame   0x0000000000000000      0x410 build/StdPeriph_Driver/src/stm32f10x_flash.o
 .ARM.attributes
                0x0000000000000000       0x33 build/StdPeriph_Driver/src/stm32f10x_flash.o
 .text          0x0000000000000000      0x94c build/StdPeriph_Driver/src/stm32f10x_fsmc.o
 .data          0x0000000000000000        0x0 build/StdPeriph_Driver/src/stm32f10x_fsmc.o
 .bss           0x0000000000000000        0x0 build/StdPeriph_Driver/src/stm32f10x_fsmc.o
 .debug_info    0x0000000000000000      0x8e2 build/StdPeriph_Driver/src/stm32f10x_fsmc.o
 .debug_abbrev  0x0000000000000000      0x172 build/StdPeriph_Driver/src/stm32f10x_fsmc.o
 .debug_aranges
                0x0000000000000000       0x20 build/StdPeriph_Driver/src/stm32f10x_fsmc.o
 .debug_line    0x0000000000000000      0x31f build/StdPeriph_Driver/src/stm32f10x_fsmc.o
 .debug_str     0x0000000000000000      0x771 build/StdPeriph_Driver/src/stm32f10x_fsmc.o
 .comment       0x0000000000000000       0x39 build/StdPeriph_Driver/src/stm32f10x_fsmc.o
 .debug_frame   0x0000000000000000      0x300 build/StdPeriph_Driver/src/stm32f10x_fsmc.o
 .ARM.attributes
                0x0000000000000000       0x33 build/StdPeriph_Driver/src/stm32f10x_fsmc.o
 .data          0x0000000000000000        0x0 build/StdPeriph_Driver/src/stm32f10x_gpio.o
 .bss           0x0000000000000000        0x0 build/StdPeriph_Driver/src/stm32f10x_gpio.o
 .text          0x0000000000000000      0x958 build/StdPeriph_Driver/src/stm32f10x_i2c.o
 .data          0x0000000000000000        0x0 build/StdPeriph_Driver/src/stm32f10x_i2c.o
 .bss           0x0000000000000000        0x0 build/StdPeriph_Driver/src/stm32f10x_i2c.o
 .debug_info    0x0000000000000000      0xaee build/StdPeriph_Driver/src/stm32f10x_i2c.o
 .debug_abbrev  0x0000000000000000      0x166 build/StdPeriph_Driver/src/stm32f10x_i2c.o
 .debug_aranges
                0x0000000000000000       0x20 build/StdPeriph_Driver/src/stm32f10x_i2c.o
 .debug_line    0x0000000000000000      0x2e9 build/StdPeriph_Driver/src/stm32f10x_i2c.o
 .debug_str     0x0000000000000000      0x65d build/StdPeriph_Driver/src/stm32f10x_i2c.o
 .comment       0x0000000000000000       0x39 build/StdPeriph_Driver/src/stm32f10x_i2c.o
 .debug_frame   0x0000000000000000      0x530 build/StdPeriph_Driver/src/stm32f10x_i2c.o
 .ARM.attributes
                0x0000000000000000       0x33 build/StdPeriph_Driver/src/stm32f10x_i2c.o
 .text          0x0000000000000000       0xc8 build/StdPeriph_Driver/src/stm32f10x_iwdg.o
 .data          0x0000000000000000        0x0 build/StdPeriph_Driver/src/stm32f10x_iwdg.o
 .bss           0x0000000000000000        0x0 build/StdPeriph_Driver/src/stm32f10x_iwdg.o
 .debug_info    0x0000000000000000      0x1f8 build/StdPeriph_Driver/src/stm32f10x_iwdg.o
 .debug_abbrev  0x0000000000000000      0x103 build/StdPeriph_Driver/src/stm32f10x_iwdg.o
 .debug_aranges
                0x0000000000000000       0x20 build/StdPeriph_Driver/src/stm32f10x_iwdg.o
 .debug_line    0x0000000000000000      0x1a8 build/StdPeriph_Driver/src/stm32f10x_iwdg.o
 .debug_str     0x0000000000000000      0x253 build/StdPeriph_Driver/src/stm32f10x_iwdg.o
 .comment       0x0000000000000000       0x39 build/StdPeriph_Driver/src/stm32f10x_iwdg.o
 .debug_frame   0x0000000000000000       0xf0 build/StdPeriph_Driver/src/stm32f10x_iwdg.o
 .ARM.attributes
                0x0000000000000000       0x33 build/StdPeriph_Driver/src/stm32f10x_iwdg.o
 .text          0x0000000000000000      0x1c8 build/StdPeriph_Driver/src/stm32f10x_pwr.o
 .data          0x0000000000000000        0x0 build/StdPeriph_Driver/src/stm32f10x_pwr.o
 .bss           0x0000000000000000        0x0 build/StdPeriph_Driver/src/stm32f10x_pwr.o
 .debug_info    0x0000000000000000      0x421 build/StdPeriph_Driver/src/stm32f10x_pwr.o
 .debug_abbrev  0x0000000000000000      0x1ad build/StdPeriph_Driver/src/stm32f10x_pwr.o
 .debug_aranges
                0x0000000000000000       0x20 build/StdPeriph_Driver/src/stm32f10x_pwr.o
 .debug_line    0x0000000000000000      0x1d0 build/StdPeriph_Driver/src/stm32f10x_pwr.o
 .debug_str     0x0000000000000000      0x309 build/StdPeriph_Driver/src/stm32f10x_pwr.o
 .comment       0x0000000000000000       0x39 build/StdPeriph_Driver/src/stm32f10x_pwr.o
 .debug_frame   0x0000000000000000      0x19c build/StdPeriph_Driver/src/stm32f10x_pwr.o
 .ARM.attributes
                0x0000000000000000       0x33 build/StdPeriph_Driver/src/stm32f10x_pwr.o
 .bss           0x0000000000000000        0x0 build/StdPeriph_Driver/src/stm32f10x_rcc.o
 .text          0x0000000000000000      0x2ac build/StdPeriph_Driver/src/stm32f10x_rtc.o
 .data          0x0000000000000000        0x0 build/StdPeriph_Driver/src/stm32f10x_rtc.o
 .bss           0x0000000000000000        0x0 build/StdPeriph_Driver/src/stm32f10x_rtc.o
 .debug_info    0x0000000000000000      0x422 build/StdPeriph_Driver/src/stm32f10x_rtc.o
 .debug_abbrev  0x0000000000000000      0x18f build/StdPeriph_Driver/src/stm32f10x_rtc.o
 .debug_aranges
                0x0000000000000000       0x20 build/StdPeriph_Driver/src/stm32f10x_rtc.o
 .debug_line    0x0000000000000000      0x1ee build/StdPeriph_Driver/src/stm32f10x_rtc.o
 .debug_str     0x0000000000000000      0x399 build/StdPeriph_Driver/src/stm32f10x_rtc.o
 .comment       0x0000000000000000       0x39 build/StdPeriph_Driver/src/stm32f10x_rtc.o
 .debug_frame   0x0000000000000000      0x214 build/StdPeriph_Driver/src/stm32f10x_rtc.o
 .ARM.attributes
                0x0000000000000000       0x33 build/StdPeriph_Driver/src/stm32f10x_rtc.o
 .text          0x0000000000000000      0x514 build/StdPeriph_Driver/src/stm32f10x_sdio.o
 .data          0x0000000000000000        0x0 build/StdPeriph_Driver/src/stm32f10x_sdio.o
 .bss           0x0000000000000000        0x0 build/StdPeriph_Driver/src/stm32f10x_sdio.o
 .debug_info    0x0000000000000000      0x7d9 build/StdPeriph_Driver/src/stm32f10x_sdio.o
 .debug_abbrev  0x0000000000000000      0x1b1 build/StdPeriph_Driver/src/stm32f10x_sdio.o
 .debug_aranges
                0x0000000000000000       0x20 build/StdPeriph_Driver/src/stm32f10x_sdio.o
 .debug_line    0x0000000000000000      0x27a build/StdPeriph_Driver/src/stm32f10x_sdio.o
 .debug_str     0x0000000000000000      0x627 build/StdPeriph_Driver/src/stm32f10x_sdio.o
 .comment       0x0000000000000000       0x39 build/StdPeriph_Driver/src/stm32f10x_sdio.o
 .debug_frame   0x0000000000000000      0x490 build/StdPeriph_Driver/src/stm32f10x_sdio.o
 .ARM.attributes
                0x0000000000000000       0x33 build/StdPeriph_Driver/src/stm32f10x_sdio.o
 .text          0x0000000000000000      0x6f4 build/StdPeriph_Driver/src/stm32f10x_spi.o
 .data          0x0000000000000000        0x0 build/StdPeriph_Driver/src/stm32f10x_spi.o
 .bss           0x0000000000000000        0x0 build/StdPeriph_Driver/src/stm32f10x_spi.o
 .debug_info    0x0000000000000000      0x8e1 build/StdPeriph_Driver/src/stm32f10x_spi.o
 .debug_abbrev  0x0000000000000000      0x180 build/StdPeriph_Driver/src/stm32f10x_spi.o
 .debug_aranges
                0x0000000000000000       0x20 build/StdPeriph_Driver/src/stm32f10x_spi.o
 .debug_line    0x0000000000000000      0x2b3 build/StdPeriph_Driver/src/stm32f10x_spi.o
 .debug_str     0x0000000000000000      0x5f4 build/StdPeriph_Driver/src/stm32f10x_spi.o
 .comment       0x0000000000000000       0x39 build/StdPeriph_Driver/src/stm32f10x_spi.o
 .debug_frame   0x0000000000000000      0x3a0 build/StdPeriph_Driver/src/stm32f10x_spi.o
 .ARM.attributes
                0x0000000000000000       0x33 build/StdPeriph_Driver/src/stm32f10x_spi.o
 .text          0x0000000000000000     0x1e10 build/StdPeriph_Driver/src/stm32f10x_tim.o
 .data          0x0000000000000000        0x0 build/StdPeriph_Driver/src/stm32f10x_tim.o
 .bss           0x0000000000000000        0x0 build/StdPeriph_Driver/src/stm32f10x_tim.o
 .debug_info    0x0000000000000000     0x1c46 build/StdPeriph_Driver/src/stm32f10x_tim.o
 .debug_abbrev  0x0000000000000000      0x1b2 build/StdPeriph_Driver/src/stm32f10x_tim.o
 .debug_aranges
                0x0000000000000000       0x20 build/StdPeriph_Driver/src/stm32f10x_tim.o
 .debug_line    0x0000000000000000      0x5fb build/StdPeriph_Driver/src/stm32f10x_tim.o
 .debug_str     0x0000000000000000      0xdd4 build/StdPeriph_Driver/src/stm32f10x_tim.o
 .comment       0x0000000000000000       0x39 build/StdPeriph_Driver/src/stm32f10x_tim.o
 .debug_frame   0x0000000000000000      0xe2c build/StdPeriph_Driver/src/stm32f10x_tim.o
 .ARM.attributes
                0x0000000000000000       0x33 build/StdPeriph_Driver/src/stm32f10x_tim.o
 .text          0x0000000000000000      0x908 build/StdPeriph_Driver/src/stm32f10x_usart.o
 .data          0x0000000000000000        0x0 build/StdPeriph_Driver/src/stm32f10x_usart.o
 .bss           0x0000000000000000        0x0 build/StdPeriph_Driver/src/stm32f10x_usart.o
 .debug_info    0x0000000000000000      0x9d6 build/StdPeriph_Driver/src/stm32f10x_usart.o
 .debug_abbrev  0x0000000000000000      0x164 build/StdPeriph_Driver/src/stm32f10x_usart.o
 .debug_aranges
                0x0000000000000000       0x20 build/StdPeriph_Driver/src/stm32f10x_usart.o
 .debug_line    0x0000000000000000      0x2e5 build/StdPeriph_Driver/src/stm32f10x_usart.o
 .debug_str     0x0000000000000000      0x687 build/StdPeriph_Driver/src/stm32f10x_usart.o
 .comment       0x0000000000000000       0x39 build/StdPeriph_Driver/src/stm32f10x_usart.o
 .debug_frame   0x0000000000000000      0x490 build/StdPeriph_Driver/src/stm32f10x_usart.o
 .ARM.attributes
                0x0000000000000000       0x33 build/StdPeriph_Driver/src/stm32f10x_usart.o
 .text          0x0000000000000000      0x118 build/StdPeriph_Driver/src/stm32f10x_wwdg.o
 .data          0x0000000000000000        0x0 build/StdPeriph_Driver/src/stm32f10x_wwdg.o
 .bss           0x0000000000000000        0x0 build/StdPeriph_Driver/src/stm32f10x_wwdg.o
 .debug_info    0x0000000000000000      0x21c build/StdPeriph_Driver/src/stm32f10x_wwdg.o
 .debug_abbrev  0x0000000000000000      0x119 build/StdPeriph_Driver/src/stm32f10x_wwdg.o
 .debug_aranges
                0x0000000000000000       0x20 build/StdPeriph_Driver/src/stm32f10x_wwdg.o
 .debug_line    0x0000000000000000      0x1b1 build/StdPeriph_Driver/src/stm32f10x_wwdg.o
 .debug_str     0x0000000000000000      0x254 build/StdPeriph_Driver/src/stm32f10x_wwdg.o
 .comment       0x0000000000000000       0x39 build/StdPeriph_Driver/src/stm32f10x_wwdg.o
 .debug_frame   0x0000000000000000      0x12c build/StdPeriph_Driver/src/stm32f10x_wwdg.o
 .ARM.attributes
                0x0000000000000000       0x33 build/StdPeriph_Driver/src/stm32f10x_wwdg.o
 .data          0x0000000000000000        0x0 build/src/delay.o
 .data          0x0000000000000000        0x0 build/src/hw_config.o
 .bss           0x0000000000000000        0xd build/src/hw_config.o
 COMMON         0x0000000000000000        0xc build/src/hw_config.o
 .data          0x0000000000000000        0x0 build/src/main.o
 .bss           0x0000000000000000        0x0 build/src/main.o
 .text          0x0000000000000000      0x278 build/src/syscalls.o
 .data          0x0000000000000000        0x4 build/src/syscalls.o
 .bss           0x0000000000000000        0x8 build/src/syscalls.o
 .debug_info    0x0000000000000000      0x65c build/src/syscalls.o
 .debug_abbrev  0x0000000000000000      0x171 build/src/syscalls.o
 .debug_aranges
                0x0000000000000000       0x20 build/src/syscalls.o
 .debug_line    0x0000000000000000       0xf1 build/src/syscalls.o
 .debug_str     0x0000000000000000      0x352 build/src/syscalls.o
 .comment       0x0000000000000000       0x39 build/src/syscalls.o
 .debug_frame   0x0000000000000000      0x2d4 build/src/syscalls.o
 .ARM.attributes
                0x0000000000000000       0x33 build/src/syscalls.o
 .bss           0x0000000000000000        0x0 build/src/system_stm32f10x.o
 .text          0x0000000000000000        0x0 build/src/usb_desc.o
 .bss           0x0000000000000000        0x0 build/src/usb_desc.o
 .rodata        0x0000000000000000       0xb6 build/src/usb_desc.o
 .text          0x0000000000000000       0x6c build/src/usb_endp.o
 .data          0x0000000000000000        0x0 build/src/usb_endp.o
 .bss           0x0000000000000000        0x4 build/src/usb_endp.o
 .debug_info    0x0000000000000000      0x184 build/src/usb_endp.o
 .debug_abbrev  0x0000000000000000       0xdc build/src/usb_endp.o
 .debug_aranges
                0x0000000000000000       0x20 build/src/usb_endp.o
 .debug_line    0x0000000000000000      0x122 build/src/usb_endp.o
 .debug_str     0x0000000000000000      0x225 build/src/usb_endp.o
 .comment       0x0000000000000000       0x39 build/src/usb_endp.o
 .debug_frame   0x0000000000000000       0x6c build/src/usb_endp.o
 .ARM.attributes
                0x0000000000000000       0x33 build/src/usb_endp.o
 COMMON         0x0000000000000000       0x40 build/src/usb_endp.o
 .text          0x0000000000000000      0x228 build/src/usb_istr.o
 .data          0x0000000000000000       0x38 build/src/usb_istr.o
 .bss           0x0000000000000000        0xc build/src/usb_istr.o
 .debug_info    0x0000000000000000      0x33e build/src/usb_istr.o
 .debug_abbrev  0x0000000000000000      0x118 build/src/usb_istr.o
 .debug_aranges
                0x0000000000000000       0x20 build/src/usb_istr.o
 .debug_line    0x0000000000000000      0x1f1 build/src/usb_istr.o
 .debug_str     0x0000000000000000      0x394 build/src/usb_istr.o
 .comment       0x0000000000000000       0x39 build/src/usb_istr.o
 .debug_frame   0x0000000000000000       0x34 build/src/usb_istr.o
 .ARM.attributes
                0x0000000000000000       0x33 build/src/usb_istr.o
 COMMON         0x0000000000000000        0x2 build/src/usb_istr.o
 .text          0x0000000000000000      0x36c build/src/usb_prop.o
 .data          0x0000000000000000       0x90 build/src/usb_prop.o
 .bss           0x0000000000000000        0x1 build/src/usb_prop.o
 .debug_info    0x0000000000000000      0x815 build/src/usb_prop.o
 .debug_abbrev  0x0000000000000000      0x1f5 build/src/usb_prop.o
 .debug_aranges
                0x0000000000000000       0x20 build/src/usb_prop.o
 .debug_line    0x0000000000000000      0x238 build/src/usb_prop.o
 .debug_str     0x0000000000000000      0x931 build/src/usb_prop.o
 .comment       0x0000000000000000       0x39 build/src/usb_prop.o
 .debug_frame   0x0000000000000000      0x1fc build/src/usb_prop.o
 .ARM.attributes
                0x0000000000000000       0x33 build/src/usb_prop.o
 .text          0x0000000000000000      0x2ac build/src/usb_pwr.o
 .data          0x0000000000000000        0x1 build/src/usb_pwr.o
 COMMON         0x0000000000000000       0x24 build/src/usb_pwr.o
 .text          0x0000000000000000       0x14 build/startup/startup_stm32.o
 .data          0x0000000000000000        0x0 build/startup/startup_stm32.o
 .bss           0x0000000000000000        0x0 build/startup/startup_stm32.o
 .text          0x0000000000000000      0xfa8 build//home/max/Projects/Sources/STM32_USB-FS-Device_Lib_V4.1.0/Libraries/STM32_USB-FS-Device_Driver/src/usb_core.o
 .data          0x0000000000000000        0x0 build//home/max/Projects/Sources/STM32_USB-FS-Device_Lib_V4.1.0/Libraries/STM32_USB-FS-Device_Driver/src/usb_core.o
 .bss           0x0000000000000000        0x5 build//home/max/Projects/Sources/STM32_USB-FS-Device_Lib_V4.1.0/Libraries/STM32_USB-FS-Device_Driver/src/usb_core.o
 .debug_info    0x0000000000000000      0xb69 build//home/max/Projects/Sources/STM32_USB-FS-Device_Lib_V4.1.0/Libraries/STM32_USB-FS-Device_Driver/src/usb_core.o
 .debug_abbrev  0x0000000000000000      0x292 build//home/max/Projects/Sources/STM32_USB-FS-Device_Lib_V4.1.0/Libraries/STM32_USB-FS-Device_Driver/src/usb_core.o
 .debug_aranges
                0x0000000000000000       0x20 build//home/max/Projects/Sources/STM32_USB-FS-Device_Lib_V4.1.0/Libraries/STM32_USB-FS-Device_Driver/src/usb_core.o
 .debug_ranges  0x0000000000000000       0x18 build//home/max/Projects/Sources/STM32_USB-FS-Device_Lib_V4.1.0/Libraries/STM32_USB-FS-Device_Driver/src/usb_core.o
 .debug_line    0x0000000000000000      0x42b build//home/max/Projects/Sources/STM32_USB-FS-Device_Lib_V4.1.0/Libraries/STM32_USB-FS-Device_Driver/src/usb_core.o
 .debug_str     0x0000000000000000      0xac4 build//home/max/Projects/Sources/STM32_USB-FS-Device_Lib_V4.1.0/Libraries/STM32_USB-FS-Device_Driver/src/usb_core.o
 .comment       0x0000000000000000       0x39 build//home/max/Projects/Sources/STM32_USB-FS-Device_Lib_V4.1.0/Libraries/STM32_USB-FS-Device_Driver/src/usb_core.o
 .debug_frame   0x0000000000000000      0x2b8 build//home/max/Projects/Sources/STM32_USB-FS-Device_Lib_V4.1.0/Libraries/STM32_USB-FS-Device_Driver/src/usb_core.o
 .ARM.attributes
                0x0000000000000000       0x33 build//home/max/Projects/Sources/STM32_USB-FS-Device_Lib_V4.1.0/Libraries/STM32_USB-FS-Device_Driver/src/usb_core.o
 COMMON         0x0000000000000000        0x2 build//home/max/Projects/Sources/STM32_USB-FS-Device_Lib_V4.1.0/Libraries/STM32_USB-FS-Device_Driver/src/usb_core.o
 .text          0x0000000000000000       0x40 build//home/max/Projects/Sources/STM32_USB-FS-Device_Lib_V4.1.0/Libraries/STM32_USB-FS-Device_Driver/src/usb_init.o
 .data          0x0000000000000000        0x0 build//home/max/Projects/Sources/STM32_USB-FS-Device_Lib_V4.1.0/Libraries/STM32_USB-FS-Device_Driver/src/usb_init.o
 .bss           0x0000000000000000        0x0 build//home/max/Projects/Sources/STM32_USB-FS-Device_Lib_V4.1.0/Libraries/STM32_USB-FS-Device_Driver/src/usb_init.o
 .text          0x0000000000000000      0x3f8 build//home/max/Projects/Sources/STM32_USB-FS-Device_Lib_V4.1.0/Libraries/STM32_USB-FS-Device_Driver/src/usb_int.o
 .data          0x0000000000000000        0x0 build//home/max/Projects/Sources/STM32_USB-FS-Device_Lib_V4.1.0/Libraries/STM32_USB-FS-Device_Driver/src/usb_int.o
 .bss           0x0000000000000000        0x0 build//home/max/Projects/Sources/STM32_USB-FS-Device_Lib_V4.1.0/Libraries/STM32_USB-FS-Device_Driver/src/usb_int.o
 .debug_info    0x0000000000000000      0x1e1 build//home/max/Projects/Sources/STM32_USB-FS-Device_Lib_V4.1.0/Libraries/STM32_USB-FS-Device_Driver/src/usb_int.o
 .debug_abbrev  0x0000000000000000       0xd0 build//home/max/Projects/Sources/STM32_USB-FS-Device_Lib_V4.1.0/Libraries/STM32_USB-FS-Device_Driver/src/usb_int.o
 .debug_aranges
                0x0000000000000000       0x20 build//home/max/Projects/Sources/STM32_USB-FS-Device_Lib_V4.1.0/Libraries/STM32_USB-FS-Device_Driver/src/usb_int.o
 .debug_line    0x0000000000000000      0x2a8 build//home/max/Projects/Sources/STM32_USB-FS-Device_Lib_V4.1.0/Libraries/STM32_USB-FS-Device_Driver/src/usb_int.o
 .debug_str     0x0000000000000000      0x231 build//home/max/Projects/Sources/STM32_USB-FS-Device_Lib_V4.1.0/Libraries/STM32_USB-FS-Device_Driver/src/usb_int.o
 .comment       0x0000000000000000       0x39 build//home/max/Projects/Sources/STM32_USB-FS-Device_Lib_V4.1.0/Libraries/STM32_USB-FS-Device_Driver/src/usb_int.o
 .debug_frame   0x0000000000000000       0x5c build//home/max/Projects/Sources/STM32_USB-FS-Device_Lib_V4.1.0/Libraries/STM32_USB-FS-Device_Driver/src/usb_int.o
 .ARM.attributes
                0x0000000000000000       0x33 build//home/max/Projects/Sources/STM32_USB-FS-Device_Lib_V4.1.0/Libraries/STM32_USB-FS-Device_Driver/src/usb_int.o
 COMMON         0x0000000000000000        0x4 build//home/max/Projects/Sources/STM32_USB-FS-Device_Lib_V4.1.0/Libraries/STM32_USB-FS-Device_Driver/src/usb_int.o
 .text          0x0000000000000000       0xd0 build//home/max/Projects/Sources/STM32_USB-FS-Device_Lib_V4.1.0/Libraries/STM32_USB-FS-Device_Driver/src/usb_mem.o
 .data          0x0000000000000000        0x0 build//home/max/Projects/Sources/STM32_USB-FS-Device_Lib_V4.1.0/Libraries/STM32_USB-FS-Device_Driver/src/usb_mem.o
 .bss           0x0000000000000000        0x0 build//home/max/Projects/Sources/STM32_USB-FS-Device_Lib_V4.1.0/Libraries/STM32_USB-FS-Device_Driver/src/usb_mem.o
 .debug_info    0x0000000000000000      0x1c0 build//home/max/Projects/Sources/STM32_USB-FS-Device_Lib_V4.1.0/Libraries/STM32_USB-FS-Device_Driver/src/usb_mem.o
 .debug_abbrev  0x0000000000000000       0x9f build//home/max/Projects/Sources/STM32_USB-FS-Device_Lib_V4.1.0/Libraries/STM32_USB-FS-Device_Driver/src/usb_mem.o
 .debug_aranges
                0x0000000000000000       0x20 build//home/max/Projects/Sources/STM32_USB-FS-Device_Lib_V4.1.0/Libraries/STM32_USB-FS-Device_Driver/src/usb_mem.o
 .debug_line    0x0000000000000000      0x1ad build//home/max/Projects/Sources/STM32_USB-FS-Device_Lib_V4.1.0/Libraries/STM32_USB-FS-Device_Driver/src/usb_mem.o
 .debug_str     0x0000000000000000      0x232 build//home/max/Projects/Sources/STM32_USB-FS-Device_Lib_V4.1.0/Libraries/STM32_USB-FS-Device_Driver/src/usb_mem.o
 .comment       0x0000000000000000       0x39 build//home/max/Projects/Sources/STM32_USB-FS-Device_Lib_V4.1.0/Libraries/STM32_USB-FS-Device_Driver/src/usb_mem.o
 .debug_frame   0x0000000000000000       0x60 build//home/max/Projects/Sources/STM32_USB-FS-Device_Lib_V4.1.0/Libraries/STM32_USB-FS-Device_Driver/src/usb_mem.o
 .ARM.attributes
                0x0000000000000000       0x33 build//home/max/Projects/Sources/STM32_USB-FS-Device_Lib_V4.1.0/Libraries/STM32_USB-FS-Device_Driver/src/usb_mem.o
 .text          0x0000000000000000     0x10d0 build//home/max/Projects/Sources/STM32_USB-FS-Device_Lib_V4.1.0/Libraries/STM32_USB-FS-Device_Driver/src/usb_regs.o
 .data          0x0000000000000000        0x0 build//home/max/Projects/Sources/STM32_USB-FS-Device_Lib_V4.1.0/Libraries/STM32_USB-FS-Device_Driver/src/usb_regs.o
 .bss           0x0000000000000000        0x0 build//home/max/Projects/Sources/STM32_USB-FS-Device_Lib_V4.1.0/Libraries/STM32_USB-FS-Device_Driver/src/usb_regs.o
 .debug_info    0x0000000000000000      0xc9f build//home/max/Projects/Sources/STM32_USB-FS-Device_Lib_V4.1.0/Libraries/STM32_USB-FS-Device_Driver/src/usb_regs.o
 .debug_abbrev  0x0000000000000000      0x16f build//home/max/Projects/Sources/STM32_USB-FS-Device_Lib_V4.1.0/Libraries/STM32_USB-FS-Device_Driver/src/usb_regs.o
 .debug_aranges
                0x0000000000000000       0x20 build//home/max/Projects/Sources/STM32_USB-FS-Device_Lib_V4.1.0/Libraries/STM32_USB-FS-Device_Driver/src/usb_regs.o
 .debug_line    0x0000000000000000      0x458 build//home/max/Projects/Sources/STM32_USB-FS-Device_Lib_V4.1.0/Libraries/STM32_USB-FS-Device_Driver/src/usb_regs.o
 .debug_str     0x0000000000000000      0x5ba build//home/max/Projects/Sources/STM32_USB-FS-Device_Lib_V4.1.0/Libraries/STM32_USB-FS-Device_Driver/src/usb_regs.o
 .comment       0x0000000000000000       0x39 build//home/max/Projects/Sources/STM32_USB-FS-Device_Lib_V4.1.0/Libraries/STM32_USB-FS-Device_Driver/src/usb_regs.o
 .debug_frame   0x0000000000000000      0x91c build//home/max/Projects/Sources/STM32_USB-FS-Device_Lib_V4.1.0/Libraries/STM32_USB-FS-Device_Driver/src/usb_regs.o
 .ARM.attributes
                0x0000000000000000       0x33 build//home/max/Projects/Sources/STM32_USB-FS-Device_Lib_V4.1.0/Libraries/STM32_USB-FS-Device_Driver/src/usb_regs.o
 .text          0x0000000000000000       0xcc build//home/max/Projects/Sources/STM32_USB-FS-Device_Lib_V4.1.0/Libraries/STM32_USB-FS-Device_Driver/src/usb_sil.o
 .data          0x0000000000000000        0x0 build//home/max/Projects/Sources/STM32_USB-FS-Device_Lib_V4.1.0/Libraries/STM32_USB-FS-Device_Driver/src/usb_sil.o
 .bss           0x0000000000000000        0x0 build//home/max/Projects/Sources/STM32_USB-FS-Device_Lib_V4.1.0/Libraries/STM32_USB-FS-Device_Driver/src/usb_sil.o
 .debug_info    0x0000000000000000      0x174 build//home/max/Projects/Sources/STM32_USB-FS-Device_Lib_V4.1.0/Libraries/STM32_USB-FS-Device_Driver/src/usb_sil.o
 .debug_abbrev  0x0000000000000000       0xbd build//home/max/Projects/Sources/STM32_USB-FS-Device_Lib_V4.1.0/Libraries/STM32_USB-FS-Device_Driver/src/usb_sil.o
 .debug_aranges
                0x0000000000000000       0x20 build//home/max/Projects/Sources/STM32_USB-FS-Device_Lib_V4.1.0/Libraries/STM32_USB-FS-Device_Driver/src/usb_sil.o
 .debug_line    0x0000000000000000      0x1df build//home/max/Projects/Sources/STM32_USB-FS-Device_Lib_V4.1.0/Libraries/STM32_USB-FS-Device_Driver/src/usb_sil.o
 .debug_str     0x0000000000000000      0x240 build//home/max/Projects/Sources/STM32_USB-FS-Device_Lib_V4.1.0/Libraries/STM32_USB-FS-Device_Driver/src/usb_sil.o
 .comment       0x0000000000000000       0x39 build//home/max/Projects/Sources/STM32_USB-FS-Device_Lib_V4.1.0/Libraries/STM32_USB-FS-Device_Driver/src/usb_sil.o
 .debug_frame   0x0000000000000000       0x78 build//home/max/Projects/Sources/STM32_USB-FS-Device_Lib_V4.1.0/Libraries/STM32_USB-FS-Device_Driver/src/usb_sil.o
 .ARM.attributes
                0x0000000000000000       0x33 build//home/max/Projects/Sources/STM32_USB-FS-Device_Lib_V4.1.0/Libraries/STM32_USB-FS-Device_Driver/src/usb_sil.o
 .text          0x0000000000000000        0x0 /usr/lib/gcc/arm-none-eabi/4.9.3/../../../arm-none-eabi/lib/armv7-m/libc.a(lib_a-atexit.o)
 .data          0x0000000000000000        0x0 /usr/lib/gcc/arm-none-eabi/4.9.3/../../../arm-none-eabi/lib/armv7-m/libc.a(lib_a-atexit.o)
 .bss           0x0000000000000000        0x0 /usr/lib/gcc/arm-none-eabi/4.9.3/../../../arm-none-eabi/lib/armv7-m/libc.a(lib_a-atexit.o)
 .text          0x0000000000000000        0x0 /usr/lib/gcc/arm-none-eabi/4.9.3/../../../arm-none-eabi/lib/armv7-m/libc.a(lib_a-errno.o)
 .data          0x0000000000000000        0x0 /usr/lib/gcc/arm-none-eabi/4.9.3/../../../arm-none-eabi/lib/armv7-m/libc.a(lib_a-errno.o)
 .bss           0x0000000000000000        0x0 /usr/lib/gcc/arm-none-eabi/4.9.3/../../../arm-none-eabi/lib/armv7-m/libc.a(lib_a-errno.o)
 .text.__errno  0x0000000000000000        0xc /usr/lib/gcc/arm-none-eabi/4.9.3/../../../arm-none-eabi/lib/armv7-m/libc.a(lib_a-errno.o)
 .debug_info    0x0000000000000000      0x889 /usr/lib/gcc/arm-none-eabi/4.9.3/../../../arm-none-eabi/lib/armv7-m/libc.a(lib_a-errno.o)
 .debug_abbrev  0x0000000000000000      0x18f /usr/lib/gcc/arm-none-eabi/4.9.3/../../../arm-none-eabi/lib/armv7-m/libc.a(lib_a-errno.o)
 .debug_aranges
                0x0000000000000000       0x20 /usr/lib/gcc/arm-none-eabi/4.9.3/../../../arm-none-eabi/lib/armv7-m/libc.a(lib_a-errno.o)
 .debug_ranges  0x0000000000000000       0x10 /usr/lib/gcc/arm-none-eabi/4.9.3/../../../arm-none-eabi/lib/armv7-m/libc.a(lib_a-errno.o)
 .debug_line    0x0000000000000000      0x10c /usr/lib/gcc/arm-none-eabi/4.9.3/../../../arm-none-eabi/lib/armv7-m/libc.a(lib_a-errno.o)
 .debug_str     0x0000000000000000      0x574 /usr/lib/gcc/arm-none-eabi/4.9.3/../../../arm-none-eabi/lib/armv7-m/libc.a(lib_a-errno.o)
 .comment       0x0000000000000000       0x39 /usr/lib/gcc/arm-none-eabi/4.9.3/../../../arm-none-eabi/lib/armv7-m/libc.a(lib_a-errno.o)
 .debug_frame   0x0000000000000000       0x20 /usr/lib/gcc/arm-none-eabi/4.9.3/../../../arm-none-eabi/lib/armv7-m/libc.a(lib_a-errno.o)
 .ARM.attributes
                0x0000000000000000       0x2d /usr/lib/gcc/arm-none-eabi/4.9.3/../../../arm-none-eabi/lib/armv7-m/libc.a(lib_a-errno.o)
 .text          0x0000000000000000        0x0 /usr/lib/gcc/arm-none-eabi/4.9.3/../../../arm-none-eabi/lib/armv7-m/libc.a(lib_a-exit.o)
 .data          0x0000000000000000        0x0 /usr/lib/gcc/arm-none-eabi/4.9.3/../../../arm-none-eabi/lib/armv7-m/libc.a(lib_a-exit.o)
 .bss           0x0000000000000000        0x0 /usr/lib/gcc/arm-none-eabi/4.9.3/../../../arm-none-eabi/lib/armv7-m/libc.a(lib_a-exit.o)
 .text.exit     0x0000000000000000       0x20 /usr/lib/gcc/arm-none-eabi/4.9.3/../../../arm-none-eabi/lib/armv7-m/libc.a(lib_a-exit.o)
 .debug_info    0x0000000000000000      0x8e4 /usr/lib/gcc/arm-none-eabi/4.9.3/../../../arm-none-eabi/lib/armv7-m/libc.a(lib_a-exit.o)
 .debug_abbrev  0x0000000000000000      0x1e6 /usr/lib/gcc/arm-none-eabi/4.9.3/../../../arm-none-eabi/lib/armv7-m/libc.a(lib_a-exit.o)
 .debug_loc     0x0000000000000000       0x1e /usr/lib/gcc/arm-none-eabi/4.9.3/../../../arm-none-eabi/lib/armv7-m/libc.a(lib_a-exit.o)
 .debug_aranges
                0x0000000000000000       0x20 /usr/lib/gcc/arm-none-eabi/4.9.3/../../../arm-none-eabi/lib/armv7-m/libc.a(lib_a-exit.o)
 .debug_ranges  0x0000000000000000       0x10 /usr/lib/gcc/arm-none-eabi/4.9.3/../../../arm-none-eabi/lib/armv7-m/libc.a(lib_a-exit.o)
 .debug_line    0x0000000000000000      0x175 /usr/lib/gcc/arm-none-eabi/4.9.3/../../../arm-none-eabi/lib/armv7-m/libc.a(lib_a-exit.o)
 .debug_str     0x0000000000000000      0x595 /usr/lib/gcc/arm-none-eabi/4.9.3/../../../arm-none-eabi/lib/armv7-m/libc.a(lib_a-exit.o)
 .comment       0x0000000000000000       0x39 /usr/lib/gcc/arm-none-eabi/4.9.3/../../../arm-none-eabi/lib/armv7-m/libc.a(lib_a-exit.o)
 .debug_frame   0x0000000000000000       0x28 /usr/lib/gcc/arm-none-eabi/4.9.3/../../../arm-none-eabi/lib/armv7-m/libc.a(lib_a-exit.o)
 .ARM.attributes
                0x0000000000000000       0x2d /usr/lib/gcc/arm-none-eabi/4.9.3/../../../arm-none-eabi/lib/armv7-m/libc.a(lib_a-exit.o)
 .text          0x0000000000000000        0x0 /usr/lib/gcc/arm-none-eabi/4.9.3/../../../arm-none-eabi/lib/armv7-m/libc.a(lib_a-fini.o)
 .data          0x0000000000000000        0x0 /usr/lib/gcc/arm-none-eabi/4.9.3/../../../arm-none-eabi/lib/armv7-m/libc.a(lib_a-fini.o)
 .bss           0x0000000000000000        0x0 /usr/lib/gcc/arm-none-eabi/4.9.3/../../../arm-none-eabi/lib/armv7-m/libc.a(lib_a-fini.o)
 .text          0x0000000000000000        0x0 /usr/lib/gcc/arm-none-eabi/4.9.3/../../../arm-none-eabi/lib/armv7-m/libc.a(lib_a-impure.o)
 .data          0x0000000000000000        0x0 /usr/lib/gcc/arm-none-eabi/4.9.3/../../../arm-none-eabi/lib/armv7-m/libc.a(lib_a-impure.o)
 .bss           0x0000000000000000        0x0 /usr/lib/gcc/arm-none-eabi/4.9.3/../../../arm-none-eabi/lib/armv7-m/libc.a(lib_a-impure.o)
 .data._impure_ptr
                0x0000000000000000        0x4 /usr/lib/gcc/arm-none-eabi/4.9.3/../../../arm-none-eabi/lib/armv7-m/libc.a(lib_a-impure.o)
 .text          0x0000000000000000        0x0 /usr/lib/gcc/arm-none-eabi/4.9.3/../../../arm-none-eabi/lib/armv7-m/libc.a(lib_a-init.o)
 .data          0x0000000000000000        0x0 /usr/lib/gcc/arm-none-eabi/4.9.3/../../../arm-none-eabi/lib/armv7-m/libc.a(lib_a-init.o)
 .bss           0x0000000000000000        0x0 /usr/lib/gcc/arm-none-eabi/4.9.3/../../../arm-none-eabi/lib/armv7-m/libc.a(lib_a-init.o)
 .text          0x0000000000000000        0x0 /usr/lib/gcc/arm-none-eabi/4.9.3/../../../arm-none-eabi/lib/armv7-m/libc.a(lib_a-memset.o)
 .data          0x0000000000000000        0x0 /usr/lib/gcc/arm-none-eabi/4.9.3/../../../arm-none-eabi/lib/armv7-m/libc.a(lib_a-memset.o)
 .bss           0x0000000000000000        0x0 /usr/lib/gcc/arm-none-eabi/4.9.3/../../../arm-none-eabi/lib/armv7-m/libc.a(lib_a-memset.o)
 .text.memset   0x0000000000000000       0x9c /usr/lib/gcc/arm-none-eabi/4.9.3/../../../arm-none-eabi/lib/armv7-m/libc.a(lib_a-memset.o)
 .debug_info    0x0000000000000000      0x117 /usr/lib/gcc/arm-none-eabi/4.9.3/../../../arm-none-eabi/lib/armv7-m/libc.a(lib_a-memset.o)
 .debug_abbrev  0x0000000000000000       0x9f /usr/lib/gcc/arm-none-eabi/4.9.3/../../../arm-none-eabi/lib/armv7-m/libc.a(lib_a-memset.o)
 .debug_loc     0x0000000000000000      0x1ae /usr/lib/gcc/arm-none-eabi/4.9.3/../../../arm-none-eabi/lib/armv7-m/libc.a(lib_a-memset.o)
 .debug_aranges
                0x0000000000000000       0x20 /usr/lib/gcc/arm-none-eabi/4.9.3/../../../arm-none-eabi/lib/armv7-m/libc.a(lib_a-memset.o)
 .debug_ranges  0x0000000000000000       0x10 /usr/lib/gcc/arm-none-eabi/4.9.3/../../../arm-none-eabi/lib/armv7-m/libc.a(lib_a-memset.o)
 .debug_line    0x0000000000000000      0x119 /usr/lib/gcc/arm-none-eabi/4.9.3/../../../arm-none-eabi/lib/armv7-m/libc.a(lib_a-memset.o)
 .debug_str     0x0000000000000000      0x1cf /usr/lib/gcc/arm-none-eabi/4.9.3/../../../arm-none-eabi/lib/armv7-m/libc.a(lib_a-memset.o)
 .comment       0x0000000000000000       0x39 /usr/lib/gcc/arm-none-eabi/4.9.3/../../../arm-none-eabi/lib/armv7-m/libc.a(lib_a-memset.o)
 .debug_frame   0x0000000000000000       0x34 /usr/lib/gcc/arm-none-eabi/4.9.3/../../../arm-none-eabi/lib/armv7-m/libc.a(lib_a-memset.o)
 .ARM.attributes
                0x0000000000000000       0x2d /usr/lib/gcc/arm-none-eabi/4.9.3/../../../arm-none-eabi/lib/armv7-m/libc.a(lib_a-memset.o)
 .text          0x0000000000000000        0x0 /usr/lib/gcc/arm-none-eabi/4.9.3/../../../arm-none-eabi/lib/armv7-m/libc.a(lib_a-__atexit.o)
 .data          0x0000000000000000        0x0 /usr/lib/gcc/arm-none-eabi/4.9.3/../../../arm-none-eabi/lib/armv7-m/libc.a(lib_a-__atexit.o)
 .bss           0x0000000000000000        0x0 /usr/lib/gcc/arm-none-eabi/4.9.3/../../../arm-none-eabi/lib/armv7-m/libc.a(lib_a-__atexit.o)
 .text          0x0000000000000000        0x0 /usr/lib/gcc/arm-none-eabi/4.9.3/../../../arm-none-eabi/lib/armv7-m/libc.a(lib_a-__call_atexit.o)
 .data          0x0000000000000000        0x0 /usr/lib/gcc/arm-none-eabi/4.9.3/../../../arm-none-eabi/lib/armv7-m/libc.a(lib_a-__call_atexit.o)
 .bss           0x0000000000000000        0x0 /usr/lib/gcc/arm-none-eabi/4.9.3/../../../arm-none-eabi/lib/armv7-m/libc.a(lib_a-__call_atexit.o)
 .text.__call_exitprocs
                0x0000000000000000       0xd4 /usr/lib/gcc/arm-none-eabi/4.9.3/../../../arm-none-eabi/lib/armv7-m/libc.a(lib_a-__call_atexit.o)
 .text          0x0000000000000000        0x0 /usr/lib/gcc/arm-none-eabi/4.9.3/armv7-m/crtend.o
 .data          0x0000000000000000        0x0 /usr/lib/gcc/arm-none-eabi/4.9.3/armv7-m/crtend.o
 .bss           0x0000000000000000        0x0 /usr/lib/gcc/arm-none-eabi/4.9.3/armv7-m/crtend.o
 .eh_frame      0x0000000000000000        0x4 /usr/lib/gcc/arm-none-eabi/4.9.3/armv7-m/crtend.o
 .jcr           0x0000000000000000        0x4 /usr/lib/gcc/arm-none-eabi/4.9.3/armv7-m/crtend.o
 .text          0x0000000000000000        0x0 /usr/lib/gcc/arm-none-eabi/4.9.3/armv7-m/crtn.o
 .data          0x0000000000000000        0x0 /usr/lib/gcc/arm-none-eabi/4.9.3/armv7-m/crtn.o
 .bss           0x0000000000000000        0x0 /usr/lib/gcc/arm-none-eabi/4.9.3/armv7-m/crtn.o

Memory Configuration

Name             Origin             Length             Attributes
RAM              0x0000000020000000 0x0000000000005000 xrw
ROM              0x0000000008000000 0x0000000000010000 xr
*default*        0x0000000000000000 0xffffffffffffffff

Linker script and memory map

LOAD /usr/lib/gcc/arm-none-eabi/4.9.3/armv7-m/crti.o
LOAD /usr/lib/gcc/arm-none-eabi/4.9.3/armv7-m/crtbegin.o
LOAD /usr/lib/gcc/arm-none-eabi/4.9.3/../../../arm-none-eabi/lib/armv7-m/crt0.o
LOAD build/StdPeriph_Driver/src/misc.o
LOAD build/StdPeriph_Driver/src/stm32f10x_adc.o
LOAD build/StdPeriph_Driver/src/stm32f10x_bkp.o
LOAD build/StdPeriph_Driver/src/stm32f10x_can.o
LOAD build/StdPeriph_Driver/src/stm32f10x_cec.o
LOAD build/StdPeriph_Driver/src/stm32f10x_crc.o
LOAD build/StdPeriph_Driver/src/stm32f10x_dac.o
LOAD build/StdPeriph_Driver/src/stm32f10x_dbgmcu.o
LOAD build/StdPeriph_Driver/src/stm32f10x_dma.o
LOAD build/StdPeriph_Driver/src/stm32f10x_exti.o
LOAD build/StdPeriph_Driver/src/stm32f10x_flash.o
LOAD build/StdPeriph_Driver/src/stm32f10x_fsmc.o
LOAD build/StdPeriph_Driver/src/stm32f10x_gpio.o
LOAD build/StdPeriph_Driver/src/stm32f10x_i2c.o
LOAD build/StdPeriph_Driver/src/stm32f10x_iwdg.o
LOAD build/StdPeriph_Driver/src/stm32f10x_pwr.o
LOAD build/StdPeriph_Driver/src/stm32f10x_rcc.o
LOAD build/StdPeriph_Driver/src/stm32f10x_rtc.o
LOAD build/StdPeriph_Driver/src/stm32f10x_sdio.o
LOAD build/StdPeriph_Driver/src/stm32f10x_spi.o
LOAD build/StdPeriph_Driver/src/stm32f10x_tim.o
LOAD build/StdPeriph_Driver/src/stm32f10x_usart.o
LOAD build/StdPeriph_Driver/src/stm32f10x_wwdg.o
LOAD build/src/delay.o
LOAD build/src/hw_config.o
LOAD build/src/main.o
LOAD build/src/syscalls.o
LOAD build/src/system_stm32f10x.o
LOAD build/src/usb_desc.o
LOAD build/src/usb_endp.o
LOAD build/src/usb_istr.o
LOAD build/src/usb_prop.o
LOAD build/src/usb_pwr.o
LOAD build/startup/startup_stm32.o
LOAD build//home/max/Projects/Sources/STM32_USB-FS-Device_Lib_V4.1.0/Libraries/STM32_USB-FS-Device_Driver/src/usb_core.o
LOAD build//home/max/Projects/Sources/STM32_USB-FS-Device_Lib_V4.1.0/Libraries/STM32_USB-FS-Device_Driver/src/usb_init.o
LOAD build//home/max/Projects/Sources/STM32_USB-FS-Device_Lib_V4.1.0/Libraries/STM32_USB-FS-Device_Driver/src/usb_int.o
LOAD build//home/max/Projects/Sources/STM32_USB-FS-Device_Lib_V4.1.0/Libraries/STM32_USB-FS-Device_Driver/src/usb_mem.o
LOAD build//home/max/Projects/Sources/STM32_USB-FS-Device_Lib_V4.1.0/Libraries/STM32_USB-FS-Device_Driver/src/usb_regs.o
LOAD build//home/max/Projects/Sources/STM32_USB-FS-Device_Lib_V4.1.0/Libraries/STM32_USB-FS-Device_Driver/src/usb_sil.o
START GROUP
LOAD /usr/lib/gcc/arm-none-eabi/4.9.3/armv7-m/libgcc.a
LOAD /usr/lib/gcc/arm-none-eabi/4.9.3/../../../arm-none-eabi/lib/armv7-m/libc.a
END GROUP
LOAD /usr/lib/gcc/arm-none-eabi/4.9.3/armv7-m/crtend.o
LOAD /usr/lib/gcc/arm-none-eabi/4.9.3/armv7-m/crtn.o
                0x0000000020005000                _estack = 0x20005000
                0x0000000000000000                _Min_Heap_Size = 0x0
                0x0000000000000400                _Min_Stack_Size = 0x400

.isr_vector     0x0000000008000000      0x10c
                0x0000000008000000                . = ALIGN (0x4)
 *(.isr_vector)
 .isr_vector    0x0000000008000000      0x10c build/startup/startup_stm32.o
                0x0000000008000000                g_pfnVectors
                0x000000000800010c                . = ALIGN (0x4)

.text           0x000000000800010c     0x1798
                0x000000000800010c                . = ALIGN (0x4)
 *(.text)
 .text          0x000000000800010c       0xa4 /usr/lib/gcc/arm-none-eabi/4.9.3/armv7-m/crtbegin.o
 .text          0x00000000080001b0      0x18c build/StdPeriph_Driver/src/misc.o
                0x00000000080001b0                NVIC_PriorityGroupConfig
                0x00000000080001d4                NVIC_Init
                0x0000000008000298                NVIC_SetVectorTable
                0x00000000080002c4                NVIC_SystemLPConfig
                0x0000000008000304                SysTick_CLKSourceConfig
 .text          0x000000000800033c      0x5f8 build/StdPeriph_Driver/src/stm32f10x_gpio.o
                0x000000000800033c                GPIO_DeInit
                0x0000000008000420                GPIO_AFIODeInit
                0x0000000008000438                GPIO_Init
                0x00000000080005b8                GPIO_StructInit
                0x00000000080005e0                GPIO_ReadInputDataBit
                0x0000000008000614                GPIO_ReadInputData
                0x0000000008000630                GPIO_ReadOutputDataBit
                0x0000000008000664                GPIO_ReadOutputData
                0x0000000008000680                GPIO_SetBits
                0x000000000800069c                GPIO_ResetBits
                0x00000000080006b8                GPIO_WriteBit
                0x00000000080006e8                GPIO_Write
                0x0000000008000704                GPIO_PinLockConfig
                0x0000000008000748                GPIO_EventOutputConfig
                0x0000000008000794                GPIO_EventOutputCmd
                0x00000000080007b4                GPIO_PinRemapConfig
                0x0000000008000894                GPIO_EXTILineConfig
                0x0000000008000918                GPIO_ETH_MediaInterfaceConfig
 .text          0x0000000008000934      0x7dc build/StdPeriph_Driver/src/stm32f10x_rcc.o
                0x0000000008000934                RCC_DeInit
                0x0000000008000990                RCC_HSEConfig
                0x00000000080009ec                RCC_WaitForHSEStartUp
                0x0000000008000a3c                RCC_AdjustHSICalibrationValue
                0x0000000008000a78                RCC_HSICmd
                0x0000000008000a98                RCC_PLLConfig
                0x0000000008000ad4                RCC_PLLCmd
                0x0000000008000af4                RCC_SYSCLKConfig
                0x0000000008000b2c                RCC_GetSYSCLKSource
                0x0000000008000b4c                RCC_HCLKConfig
                0x0000000008000b84                RCC_PCLK1Config
                0x0000000008000bbc                RCC_PCLK2Config
                0x0000000008000bf4                RCC_ITConfig
                0x0000000008000c40                RCC_USBCLKConfig
                0x0000000008000c5c                RCC_ADCCLKConfig
                0x0000000008000c94                RCC_LSEConfig
                0x0000000008000cd4                RCC_LSICmd
                0x0000000008000cf4                RCC_RTCCLKConfig
                0x0000000008000d18                RCC_RTCCLKCmd
                0x0000000008000d38                RCC_GetClocksFreq
                0x0000000008000e9c                RCC_AHBPeriphClockCmd
                0x0000000008000ed8                RCC_APB2PeriphClockCmd
                0x0000000008000f14                RCC_APB1PeriphClockCmd
                0x0000000008000f50                RCC_APB2PeriphResetCmd
                0x0000000008000f8c                RCC_APB1PeriphResetCmd
                0x0000000008000fc8                RCC_BackupResetCmd
                0x0000000008000fe8                RCC_ClockSecuritySystemCmd
                0x0000000008001008                RCC_MCOConfig
                0x0000000008001028                RCC_GetFlagStatus
                0x000000000800109c                RCC_ClearFlag
                0x00000000080010b8                RCC_GetITStatus
                0x00000000080010f0                RCC_ClearITPendingBit
 .text          0x0000000008001110      0x12c build/src/delay.o
                0x00000000080011a8                SysTick_Handler
                0x00000000080011cc                DelayInit
                0x00000000080011f0                DelayUs
                0x0000000008001218                DelayMs
 .text          0x000000000800123c      0x204 build/src/hw_config.o
                0x000000000800123c                Set_System
                0x0000000008001298                Set_USBClock
                0x00000000080012b0                Leave_LowPowerMode
                0x00000000080012e4                USB_Interrupts_Config
                0x0000000008001340                USB_Cable_Config
                0x0000000008001370                Get_SerialNum
 .text          0x0000000008001440       0x70 build/src/main.o
                0x0000000008001440                InitInputOutput
                0x0000000008001478                main
 .text          0x00000000080014b0      0x250 build/src/system_stm32f10x.o
                0x00000000080014b0                SystemInit
                0x0000000008001518                SystemCoreClockUpdate
 *(.text*)
 .text.Reset_Handler
                0x0000000008001700       0x48 build/startup/startup_stm32.o
                0x0000000008001700                Reset_Handler
 .text.Default_Handler
                0x0000000008001748        0x2 build/startup/startup_stm32.o
                0x0000000008001748                EXTI2_IRQHandler
                0x0000000008001748                DebugMon_Handler
                0x0000000008001748                TIM1_CC_IRQHandler
                0x0000000008001748                HardFault_Handler
                0x0000000008001748                PVD_IRQHandler
                0x0000000008001748                PendSV_Handler
                0x0000000008001748                NMI_Handler
                0x0000000008001748                EXTI3_IRQHandler
                0x0000000008001748                EXTI0_IRQHandler
                0x0000000008001748                I2C2_EV_IRQHandler
                0x0000000008001748                UsageFault_Handler
                0x0000000008001748                ADC1_2_IRQHandler
                0x0000000008001748                SPI1_IRQHandler
                0x0000000008001748                TAMPER_IRQHandler
                0x0000000008001748                DMA1_Channel4_IRQHandler
                0x0000000008001748                USART3_IRQHandler
                0x0000000008001748                RTC_IRQHandler
                0x0000000008001748                DMA1_Channel7_IRQHandler
                0x0000000008001748                CAN1_RX1_IRQHandler
                0x0000000008001748                TIM4_IRQHandler
                0x0000000008001748                I2C1_EV_IRQHandler
                0x0000000008001748                DMA1_Channel6_IRQHandler
                0x0000000008001748                TIM3_IRQHandler
                0x0000000008001748                RCC_IRQHandler
                0x0000000008001748                TIM1_TRG_COM_IRQHandler
                0x0000000008001748                DMA1_Channel1_IRQHandler
                0x0000000008001748                Default_Handler
                0x0000000008001748                EXTI15_10_IRQHandler
                0x0000000008001748                EXTI9_5_IRQHandler
                0x0000000008001748                SPI2_IRQHandler
                0x0000000008001748                MemManage_Handler
                0x0000000008001748                SVC_Handler
                0x0000000008001748                DMA1_Channel5_IRQHandler
                0x0000000008001748                EXTI4_IRQHandler
                0x0000000008001748                USB_LP_CAN1_RX0_IRQHandler
                0x0000000008001748                USB_HP_CAN1_TX_IRQHandler
                0x0000000008001748                DMA1_Channel3_IRQHandler
                0x0000000008001748                TIM1_UP_IRQHandler
                0x0000000008001748                WWDG_IRQHandler
                0x0000000008001748                TIM2_IRQHandler
                0x0000000008001748                TIM1_BRK_IRQHandler
                0x0000000008001748                EXTI1_IRQHandler
                0x0000000008001748                RTCAlarm_IRQHandler
                0x0000000008001748                USART2_IRQHandler
                0x0000000008001748                I2C2_ER_IRQHandler
                0x0000000008001748                DMA1_Channel2_IRQHandler
                0x0000000008001748                CAN1_SCE_IRQHandler
                0x0000000008001748                FLASH_IRQHandler
                0x0000000008001748                BusFault_Handler
                0x0000000008001748                USART1_IRQHandler
                0x0000000008001748                I2C1_ER_IRQHandler
                0x0000000008001748                USBWakeUp_IRQHandler
 *fill*         0x000000000800174a        0x2 
 .text.atexit   0x000000000800174c        0xc /usr/lib/gcc/arm-none-eabi/4.9.3/../../../arm-none-eabi/lib/armv7-m/libc.a(lib_a-atexit.o)
                0x000000000800174c                atexit
 .text.__libc_fini_array
                0x0000000008001758       0x2c /usr/lib/gcc/arm-none-eabi/4.9.3/../../../arm-none-eabi/lib/armv7-m/libc.a(lib_a-fini.o)
                0x0000000008001758                __libc_fini_array
 .text.__libc_init_array
                0x0000000008001784       0x50 /usr/lib/gcc/arm-none-eabi/4.9.3/../../../arm-none-eabi/lib/armv7-m/libc.a(lib_a-init.o)
                0x0000000008001784                __libc_init_array
 .text.__register_exitproc
                0x00000000080017d4       0xa4 /usr/lib/gcc/arm-none-eabi/4.9.3/../../../arm-none-eabi/lib/armv7-m/libc.a(lib_a-__atexit.o)
                0x00000000080017d4                __register_exitproc
 .text.startup.register_fini
                0x0000000008001878       0x14 /usr/lib/gcc/arm-none-eabi/4.9.3/../../../arm-none-eabi/lib/armv7-m/libc.a(lib_a-__call_atexit.o)
 *(.glue_7)
 .glue_7        0x000000000800188c        0x0 linker stubs
 *(.glue_7t)
 .glue_7t       0x000000000800188c        0x0 linker stubs
 *(.eh_frame)
 .eh_frame      0x000000000800188c        0x0 /usr/lib/gcc/arm-none-eabi/4.9.3/armv7-m/crtbegin.o
 *(.init)
 .init          0x000000000800188c        0x4 /usr/lib/gcc/arm-none-eabi/4.9.3/armv7-m/crti.o
                0x000000000800188c                _init
 .init          0x0000000008001890        0x8 /usr/lib/gcc/arm-none-eabi/4.9.3/armv7-m/crtn.o
 *(.fini)
 .fini          0x0000000008001898        0x4 /usr/lib/gcc/arm-none-eabi/4.9.3/armv7-m/crti.o
                0x0000000008001898                _fini
 .fini          0x000000000800189c        0x8 /usr/lib/gcc/arm-none-eabi/4.9.3/armv7-m/crtn.o
                0x00000000080018a4                . = ALIGN (0x4)
                0x00000000080018a4                _etext = .

.vfp11_veneer   0x00000000080018a4        0x0
 .vfp11_veneer  0x00000000080018a4        0x0 linker stubs

.v4_bx          0x00000000080018a4        0x0
 .v4_bx         0x00000000080018a4        0x0 linker stubs

.iplt           0x00000000080018a4        0x0
 .iplt          0x00000000080018a4        0x0 /usr/lib/gcc/arm-none-eabi/4.9.3/armv7-m/crtbegin.o

.rodata         0x00000000080018a4        0xc
                0x00000000080018a4                . = ALIGN (0x4)
 *(.rodata)
 .rodata        0x00000000080018a4        0x4 build/src/main.o
 *(.rodata*)
 .rodata.str1.4
                0x00000000080018a8        0x4 /usr/lib/gcc/arm-none-eabi/4.9.3/../../../arm-none-eabi/lib/armv7-m/libc.a(lib_a-impure.o)
 .rodata._global_impure_ptr
                0x00000000080018ac        0x4 /usr/lib/gcc/arm-none-eabi/4.9.3/../../../arm-none-eabi/lib/armv7-m/libc.a(lib_a-impure.o)
                0x00000000080018ac                _global_impure_ptr
                0x00000000080018b0                . = ALIGN (0x4)

.rel.dyn        0x00000000080018b0        0x0
 .rel.iplt      0x00000000080018b0        0x0 /usr/lib/gcc/arm-none-eabi/4.9.3/armv7-m/crtbegin.o

.ARM.extab      0x00000000080018b0        0x0
                0x00000000080018b0                . = ALIGN (0x4)
 *(.ARM.extab* .gnu.linkonce.armextab.*)
                0x00000000080018b0                . = ALIGN (0x4)

.ARM            0x00000000080018b0        0x0
                0x00000000080018b0                . = ALIGN (0x4)
                0x00000000080018b0                __exidx_start = .
 *(.ARM.exidx*)
                0x00000000080018b0                __exidx_end = .
                0x00000000080018b0                . = ALIGN (0x4)

.preinit_array  0x00000000080018b0        0x0
                0x00000000080018b0                . = ALIGN (0x4)
                0x00000000080018b0                PROVIDE (__preinit_array_start, .)
 *(.preinit_array*)
                0x00000000080018b0                PROVIDE (__preinit_array_end, .)
                0x00000000080018b0                . = ALIGN (0x4)

.init_array     0x00000000080018b0        0x8
                0x00000000080018b0                . = ALIGN (0x4)
                0x00000000080018b0                PROVIDE (__init_array_start, .)
 *(SORT(.init_array.*))
 .init_array.00000
                0x00000000080018b0        0x4 /usr/lib/gcc/arm-none-eabi/4.9.3/../../../arm-none-eabi/lib/armv7-m/libc.a(lib_a-__call_atexit.o)
 *(.init_array*)
 .init_array    0x00000000080018b4        0x4 /usr/lib/gcc/arm-none-eabi/4.9.3/armv7-m/crtbegin.o
                0x00000000080018b8                PROVIDE (__init_array_end, .)
                0x00000000080018b8                . = ALIGN (0x4)

.fini_array     0x00000000080018b8        0x4
                0x00000000080018b8                . = ALIGN (0x4)
                0x00000000080018b8                PROVIDE (__fini_array_start, .)
 *(SORT(.fini_array.*))
 *(.fini_array*)
 .fini_array    0x00000000080018b8        0x4 /usr/lib/gcc/arm-none-eabi/4.9.3/armv7-m/crtbegin.o
                0x00000000080018bc                PROVIDE (__fini_array_end, .)
                0x00000000080018bc                . = ALIGN (0x4)
                0x00000000080018bc                _sidata = LOADADDR (.data)

.data           0x0000000020000000      0x470 load address 0x00000000080018bc
                0x0000000020000000                . = ALIGN (0x4)
                0x0000000020000000                _sdata = .
 *(.data)
 .data          0x0000000020000000       0x14 build/StdPeriph_Driver/src/stm32f10x_rcc.o
 .data          0x0000000020000014       0x14 build/src/system_stm32f10x.o
                0x0000000020000014                SystemCoreClock
                0x0000000020000018                AHBPrescTable
 .data          0x0000000020000028       0x1a build/src/usb_desc.o
                0x0000000020000028                Virtual_Com_Port_StringSerial
 *(.data*)
 *fill*         0x0000000020000042        0x6 
 .data.impure_data
                0x0000000020000048      0x428 /usr/lib/gcc/arm-none-eabi/4.9.3/../../../arm-none-eabi/lib/armv7-m/libc.a(lib_a-impure.o)
                0x0000000020000470                . = ALIGN (0x4)
                0x0000000020000470                _edata = .

.jcr            0x0000000020000470        0x0 load address 0x0000000008001d2c
 .jcr           0x0000000020000470        0x0 /usr/lib/gcc/arm-none-eabi/4.9.3/armv7-m/crtbegin.o

.tm_clone_table
                0x0000000020000470        0x0 load address 0x0000000008001d2c
 .tm_clone_table
                0x0000000020000470        0x0 /usr/lib/gcc/arm-none-eabi/4.9.3/armv7-m/crtbegin.o
 .tm_clone_table
                0x0000000020000470        0x0 /usr/lib/gcc/arm-none-eabi/4.9.3/armv7-m/crtend.o

.igot.plt       0x0000000020000470        0x0 load address 0x0000000008001d2c
 .igot.plt      0x0000000020000470        0x0 /usr/lib/gcc/arm-none-eabi/4.9.3/armv7-m/crtbegin.o
                0x0000000020000470                . = ALIGN (0x4)

.bss            0x0000000020000470       0x5c load address 0x0000000008001d2c
                0x0000000020000470                _sbss = .
                0x0000000020000470                __bss_start__ = _sbss
 *(.bss)
 .bss           0x0000000020000470       0x1c /usr/lib/gcc/arm-none-eabi/4.9.3/armv7-m/crtbegin.o
 .bss           0x000000002000048c        0x4 build/src/delay.o
 .bss           0x0000000020000490        0x8 build/src/usb_pwr.o
                0x0000000020000490                bDeviceState
                0x0000000020000494                remotewakeupon
 *(.bss*)
 *(COMMON)
 COMMON         0x0000000020000498       0x32 build//home/max/Projects/Sources/STM32_USB-FS-Device_Lib_V4.1.0/Libraries/STM32_USB-FS-Device_Driver/src/usb_init.o
                0x0000000020000498                SaveState
                0x000000002000049c                pProperty
                0x00000000200004a0                EPindex
                0x00000000200004a4                Device_Info
                0x00000000200004c0                pUser_Standard_Requests
                0x00000000200004c4                pInformation
                0x00000000200004c8                wInterrupt_Mask
                0x00000000200004cc                . = ALIGN (0x4)
 *fill*         0x00000000200004ca        0x2 
                0x00000000200004cc                _ebss = .
                0x00000000200004cc                __bss_end__ = _ebss

._user_heap_stack
                0x00000000200004cc      0x404 load address 0x0000000008001d2c
                0x00000000200004d0                . = ALIGN (0x8)
 *fill*         0x00000000200004cc        0x4 
                0x00000000200004d0                PROVIDE (end, .)
                [!provide]                        PROVIDE (_end, .)
                0x00000000200004d0                . = (. + _Min_Heap_Size)
                0x00000000200008d0                . = (. + _Min_Stack_Size)
 *fill*         0x00000000200004d0      0x400 
                0x00000000200008d0                . = ALIGN (0x8)

/DISCARD/
 libc.a(*)
 libm.a(*)
 libgcc.a(*)

.ARM.attributes
                0x0000000000000000       0x29
 *(.ARM.attributes)
 .ARM.attributes
                0x0000000000000000       0x1d /usr/lib/gcc/arm-none-eabi/4.9.3/armv7-m/crti.o
 .ARM.attributes
                0x000000000000001d       0x2d /usr/lib/gcc/arm-none-eabi/4.9.3/armv7-m/crtbegin.o
 .ARM.attributes
                0x000000000000004a       0x33 build/StdPeriph_Driver/src/misc.o
 .ARM.attributes
                0x000000000000007d       0x33 build/StdPeriph_Driver/src/stm32f10x_gpio.o
 .ARM.attributes
                0x00000000000000b0       0x33 build/StdPeriph_Driver/src/stm32f10x_rcc.o
 .ARM.attributes
                0x00000000000000e3       0x33 build/src/delay.o
 .ARM.attributes
                0x0000000000000116       0x33 build/src/hw_config.o
 .ARM.attributes
                0x0000000000000149       0x33 build/src/main.o
 .ARM.attributes
                0x000000000000017c       0x33 build/src/system_stm32f10x.o
 .ARM.attributes
                0x00000000000001af       0x33 build/src/usb_desc.o
 .ARM.attributes
                0x00000000000001e2       0x33 build/src/usb_pwr.o
 .ARM.attributes
                0x0000000000000215       0x21 build/startup/startup_stm32.o
 .ARM.attributes
                0x0000000000000236       0x33 build//home/max/Projects/Sources/STM32_USB-FS-Device_Lib_V4.1.0/Libraries/STM32_USB-FS-Device_Driver/src/usb_init.o
 .ARM.attributes
                0x0000000000000269       0x2d /usr/lib/gcc/arm-none-eabi/4.9.3/../../../arm-none-eabi/lib/armv7-m/libc.a(lib_a-atexit.o)
 .ARM.attributes
                0x0000000000000296       0x2d /usr/lib/gcc/arm-none-eabi/4.9.3/../../../arm-none-eabi/lib/armv7-m/libc.a(lib_a-fini.o)
 .ARM.attributes
                0x00000000000002c3       0x2d /usr/lib/gcc/arm-none-eabi/4.9.3/../../../arm-none-eabi/lib/armv7-m/libc.a(lib_a-impure.o)
 .ARM.attributes
                0x00000000000002f0       0x2d /usr/lib/gcc/arm-none-eabi/4.9.3/../../../arm-none-eabi/lib/armv7-m/libc.a(lib_a-init.o)
 .ARM.attributes
                0x000000000000031d       0x2d /usr/lib/gcc/arm-none-eabi/4.9.3/../../../arm-none-eabi/lib/armv7-m/libc.a(lib_a-__atexit.o)
 .ARM.attributes
                0x000000000000034a       0x2d /usr/lib/gcc/arm-none-eabi/4.9.3/../../../arm-none-eabi/lib/armv7-m/libc.a(lib_a-__call_atexit.o)
 .ARM.attributes
                0x0000000000000377       0x2d /usr/lib/gcc/arm-none-eabi/4.9.3/armv7-m/crtend.o
 .ARM.attributes
                0x00000000000003a4       0x1d /usr/lib/gcc/arm-none-eabi/4.9.3/armv7-m/crtn.o
OUTPUT(build/program.elf elf32-littlearm)

.comment        0x0000000000000000       0x70
 .comment       0x0000000000000000       0x38 /usr/lib/gcc/arm-none-eabi/4.9.3/armv7-m/crtbegin.o
                                         0x39 (size before relaxing)
 .comment       0x0000000000000038       0x39 build/StdPeriph_Driver/src/misc.o
 .comment       0x0000000000000038       0x39 build/StdPeriph_Driver/src/stm32f10x_gpio.o
 .comment       0x0000000000000038       0x39 build/StdPeriph_Driver/src/stm32f10x_rcc.o
 .comment       0x0000000000000038       0x39 build/src/delay.o
 .comment       0x0000000000000038       0x39 build/src/hw_config.o
 .comment       0x0000000000000038       0x39 build/src/main.o
 .comment       0x0000000000000038       0x39 build/src/system_stm32f10x.o
 .comment       0x0000000000000038       0x39 build/src/usb_desc.o
 .comment       0x0000000000000038       0x39 build/src/usb_pwr.o
 .comment       0x0000000000000038       0x39 build//home/max/Projects/Sources/STM32_USB-FS-Device_Lib_V4.1.0/Libraries/STM32_USB-FS-Device_Driver/src/usb_init.o
 .comment       0x0000000000000038       0x38 /usr/lib/gcc/arm-none-eabi/4.9.3/../../../arm-none-eabi/lib/armv7-m/libc.a(lib_a-atexit.o)
                                         0x39 (size before relaxing)
 .comment       0x0000000000000070       0x39 /usr/lib/gcc/arm-none-eabi/4.9.3/../../../arm-none-eabi/lib/armv7-m/libc.a(lib_a-fini.o)
 .comment       0x0000000000000070       0x39 /usr/lib/gcc/arm-none-eabi/4.9.3/../../../arm-none-eabi/lib/armv7-m/libc.a(lib_a-impure.o)
 .comment       0x0000000000000070       0x39 /usr/lib/gcc/arm-none-eabi/4.9.3/../../../arm-none-eabi/lib/armv7-m/libc.a(lib_a-init.o)
 .comment       0x0000000000000070       0x39 /usr/lib/gcc/arm-none-eabi/4.9.3/../../../arm-none-eabi/lib/armv7-m/libc.a(lib_a-__atexit.o)
 .comment       0x0000000000000070       0x39 /usr/lib/gcc/arm-none-eabi/4.9.3/../../../arm-none-eabi/lib/armv7-m/libc.a(lib_a-__call_atexit.o)
 .comment       0x0000000000000070       0x39 /usr/lib/gcc/arm-none-eabi/4.9.3/armv7-m/crtend.o

.debug_info     0x0000000000000000     0x4f6a
 .debug_info    0x0000000000000000      0x4ed build/StdPeriph_Driver/src/misc.o
 .debug_info    0x00000000000004ed      0x6d5 build/StdPeriph_Driver/src/stm32f10x_gpio.o
 .debug_info    0x0000000000000bc2      0x87b build/StdPeriph_Driver/src/stm32f10x_rcc.o
 .debug_info    0x000000000000143d      0x5b5 build/src/delay.o
 .debug_info    0x00000000000019f2      0x785 build/src/hw_config.o
 .debug_info    0x0000000000002177      0x218 build/src/main.o
 .debug_info    0x000000000000238f      0x438 build/src/system_stm32f10x.o
 .debug_info    0x00000000000027c7      0x171 build/src/usb_desc.o
 .debug_info    0x0000000000002938      0x314 build/src/usb_pwr.o
 .debug_info    0x0000000000002c4c       0x6f build/startup/startup_stm32.o
 .debug_info    0x0000000000002cbb      0x440 build//home/max/Projects/Sources/STM32_USB-FS-Device_Lib_V4.1.0/Libraries/STM32_USB-FS-Device_Driver/src/usb_init.o
 .debug_info    0x00000000000030fb      0x10a /usr/lib/gcc/arm-none-eabi/4.9.3/../../../arm-none-eabi/lib/armv7-m/libc.a(lib_a-atexit.o)
 .debug_info    0x0000000000003205       0xef /usr/lib/gcc/arm-none-eabi/4.9.3/../../../arm-none-eabi/lib/armv7-m/libc.a(lib_a-fini.o)
 .debug_info    0x00000000000032f4      0x894 /usr/lib/gcc/arm-none-eabi/4.9.3/../../../arm-none-eabi/lib/armv7-m/libc.a(lib_a-impure.o)
 .debug_info    0x0000000000003b88      0x105 /usr/lib/gcc/arm-none-eabi/4.9.3/../../../arm-none-eabi/lib/armv7-m/libc.a(lib_a-init.o)
 .debug_info    0x0000000000003c8d      0x934 /usr/lib/gcc/arm-none-eabi/4.9.3/../../../arm-none-eabi/lib/armv7-m/libc.a(lib_a-__atexit.o)
 .debug_info    0x00000000000045c1      0x9a9 /usr/lib/gcc/arm-none-eabi/4.9.3/../../../arm-none-eabi/lib/armv7-m/libc.a(lib_a-__call_atexit.o)

.debug_abbrev   0x0000000000000000     0x16c0
 .debug_abbrev  0x0000000000000000      0x156 build/StdPeriph_Driver/src/misc.o
 .debug_abbrev  0x0000000000000156      0x1ca build/StdPeriph_Driver/src/stm32f10x_gpio.o
 .debug_abbrev  0x0000000000000320      0x1bc build/StdPeriph_Driver/src/stm32f10x_rcc.o
 .debug_abbrev  0x00000000000004dc      0x1e9 build/src/delay.o
 .debug_abbrev  0x00000000000006c5      0x21a build/src/hw_config.o
 .debug_abbrev  0x00000000000008df      0x107 build/src/main.o
 .debug_abbrev  0x00000000000009e6      0x179 build/src/system_stm32f10x.o
 .debug_abbrev  0x0000000000000b5f       0x75 build/src/usb_desc.o
 .debug_abbrev  0x0000000000000bd4      0x188 build/src/usb_pwr.o
 .debug_abbrev  0x0000000000000d5c       0x12 build/startup/startup_stm32.o
 .debug_abbrev  0x0000000000000d6e      0x10f build//home/max/Projects/Sources/STM32_USB-FS-Device_Lib_V4.1.0/Libraries/STM32_USB-FS-Device_Driver/src/usb_init.o
 .debug_abbrev  0x0000000000000e7d       0xb8 /usr/lib/gcc/arm-none-eabi/4.9.3/../../../arm-none-eabi/lib/armv7-m/libc.a(lib_a-atexit.o)
 .debug_abbrev  0x0000000000000f35       0xbd /usr/lib/gcc/arm-none-eabi/4.9.3/../../../arm-none-eabi/lib/armv7-m/libc.a(lib_a-fini.o)
 .debug_abbrev  0x0000000000000ff2      0x180 /usr/lib/gcc/arm-none-eabi/4.9.3/../../../arm-none-eabi/lib/armv7-m/libc.a(lib_a-impure.o)
 .debug_abbrev  0x0000000000001172       0xba /usr/lib/gcc/arm-none-eabi/4.9.3/../../../arm-none-eabi/lib/armv7-m/libc.a(lib_a-init.o)
 .debug_abbrev  0x000000000000122c      0x20f /usr/lib/gcc/arm-none-eabi/4.9.3/../../../arm-none-eabi/lib/armv7-m/libc.a(lib_a-__atexit.o)
 .debug_abbrev  0x000000000000143b      0x285 /usr/lib/gcc/arm-none-eabi/4.9.3/../../../arm-none-eabi/lib/armv7-m/libc.a(lib_a-__call_atexit.o)

.debug_aranges  0x0000000000000000      0x220
 .debug_aranges
                0x0000000000000000       0x20 build/StdPeriph_Driver/src/misc.o
 .debug_aranges
                0x0000000000000020       0x20 build/StdPeriph_Driver/src/stm32f10x_gpio.o
 .debug_aranges
                0x0000000000000040       0x20 build/StdPeriph_Driver/src/stm32f10x_rcc.o
 .debug_aranges
                0x0000000000000060       0x20 build/src/delay.o
 .debug_aranges
                0x0000000000000080       0x20 build/src/hw_config.o
 .debug_aranges
                0x00000000000000a0       0x20 build/src/main.o
 .debug_aranges
                0x00000000000000c0       0x20 build/src/system_stm32f10x.o
 .debug_aranges
                0x00000000000000e0       0x18 build/src/usb_desc.o
 .debug_aranges
                0x00000000000000f8       0x20 build/src/usb_pwr.o
 .debug_aranges
                0x0000000000000118       0x28 build/startup/startup_stm32.o
 .debug_aranges
                0x0000000000000140       0x20 build//home/max/Projects/Sources/STM32_USB-FS-Device_Lib_V4.1.0/Libraries/STM32_USB-FS-Device_Driver/src/usb_init.o
 .debug_aranges
                0x0000000000000160       0x20 /usr/lib/gcc/arm-none-eabi/4.9.3/../../../arm-none-eabi/lib/armv7-m/libc.a(lib_a-atexit.o)
 .debug_aranges
                0x0000000000000180       0x20 /usr/lib/gcc/arm-none-eabi/4.9.3/../../../arm-none-eabi/lib/armv7-m/libc.a(lib_a-fini.o)
 .debug_aranges
                0x00000000000001a0       0x18 /usr/lib/gcc/arm-none-eabi/4.9.3/../../../arm-none-eabi/lib/armv7-m/libc.a(lib_a-impure.o)
 .debug_aranges
                0x00000000000001b8       0x20 /usr/lib/gcc/arm-none-eabi/4.9.3/../../../arm-none-eabi/lib/armv7-m/libc.a(lib_a-init.o)
 .debug_aranges
                0x00000000000001d8       0x20 /usr/lib/gcc/arm-none-eabi/4.9.3/../../../arm-none-eabi/lib/armv7-m/libc.a(lib_a-__atexit.o)
 .debug_aranges
                0x00000000000001f8       0x28 /usr/lib/gcc/arm-none-eabi/4.9.3/../../../arm-none-eabi/lib/armv7-m/libc.a(lib_a-__call_atexit.o)

.debug_line     0x0000000000000000     0x1b84
 .debug_line    0x0000000000000000      0x1c8 build/StdPeriph_Driver/src/misc.o
 .debug_line    0x00000000000001c8      0x28e build/StdPeriph_Driver/src/stm32f10x_gpio.o
 .debug_line    0x0000000000000456      0x2e9 build/StdPeriph_Driver/src/stm32f10x_rcc.o
 .debug_line    0x000000000000073f      0x1ba build/src/delay.o
 .debug_line    0x00000000000008f9      0x2bb build/src/hw_config.o
 .debug_line    0x0000000000000bb4      0x1ba build/src/main.o
 .debug_line    0x0000000000000d6e      0x1ea build/src/system_stm32f10x.o
 .debug_line    0x0000000000000f58       0xec build/src/usb_desc.o
 .debug_line    0x0000000000001044      0x295 build/src/usb_pwr.o
 .debug_line    0x00000000000012d9       0x74 build/startup/startup_stm32.o
 .debug_line    0x000000000000134d      0x1d2 build//home/max/Projects/Sources/STM32_USB-FS-Device_Lib_V4.1.0/Libraries/STM32_USB-FS-Device_Driver/src/usb_init.o
 .debug_line    0x000000000000151f       0xc1 /usr/lib/gcc/arm-none-eabi/4.9.3/../../../arm-none-eabi/lib/armv7-m/libc.a(lib_a-atexit.o)
 .debug_line    0x00000000000015e0       0x9c /usr/lib/gcc/arm-none-eabi/4.9.3/../../../arm-none-eabi/lib/armv7-m/libc.a(lib_a-fini.o)
 .debug_line    0x000000000000167c       0xf1 /usr/lib/gcc/arm-none-eabi/4.9.3/../../../arm-none-eabi/lib/armv7-m/libc.a(lib_a-impure.o)
 .debug_line    0x000000000000176d       0xb6 /usr/lib/gcc/arm-none-eabi/4.9.3/../../../arm-none-eabi/lib/armv7-m/libc.a(lib_a-init.o)
 .debug_line    0x0000000000001823      0x19c /usr/lib/gcc/arm-none-eabi/4.9.3/../../../arm-none-eabi/lib/armv7-m/libc.a(lib_a-__atexit.o)
 .debug_line    0x00000000000019bf      0x1c5 /usr/lib/gcc/arm-none-eabi/4.9.3/../../../arm-none-eabi/lib/armv7-m/libc.a(lib_a-__call_atexit.o)

.debug_str      0x0000000000000000     0x1e7c
 .debug_str     0x0000000000000000      0x356 build/StdPeriph_Driver/src/misc.o
                                        0x3af (size before relaxing)
 .debug_str     0x0000000000000356      0x37c build/StdPeriph_Driver/src/stm32f10x_gpio.o
                                        0x510 (size before relaxing)
 .debug_str     0x00000000000006d2      0x428 build/StdPeriph_Driver/src/stm32f10x_rcc.o
                                        0x611 (size before relaxing)
 .debug_str     0x0000000000000afa      0x343 build/src/delay.o
                                        0x578 (size before relaxing)
 .debug_str     0x0000000000000e3d      0x380 build/src/hw_config.o
                                        0x9b2 (size before relaxing)
 .debug_str     0x00000000000011bd       0x32 build/src/main.o
                                        0x2b9 (size before relaxing)
 .debug_str     0x00000000000011ef       0x78 build/src/system_stm32f10x.o
                                        0x2c6 (size before relaxing)
 .debug_str     0x0000000000001267       0xae build/src/usb_desc.o
                                        0x211 (size before relaxing)
 .debug_str     0x0000000000001315      0x155 build/src/usb_pwr.o
                                        0x343 (size before relaxing)
 .debug_str     0x000000000000146a      0x263 build//home/max/Projects/Sources/STM32_USB-FS-Device_Lib_V4.1.0/Libraries/STM32_USB-FS-Device_Driver/src/usb_init.o
                                        0x572 (size before relaxing)
 .debug_str     0x00000000000016cd      0x15f /usr/lib/gcc/arm-none-eabi/4.9.3/../../../arm-none-eabi/lib/armv7-m/libc.a(lib_a-atexit.o)
                                        0x1f8 (size before relaxing)
 .debug_str     0x000000000000182c       0xca /usr/lib/gcc/arm-none-eabi/4.9.3/../../../arm-none-eabi/lib/armv7-m/libc.a(lib_a-fini.o)
                                        0x1f0 (size before relaxing)
 .debug_str     0x00000000000018f6      0x445 /usr/lib/gcc/arm-none-eabi/4.9.3/../../../arm-none-eabi/lib/armv7-m/libc.a(lib_a-impure.o)
                                        0x58c (size before relaxing)
 .debug_str     0x0000000000001d3b       0x90 /usr/lib/gcc/arm-none-eabi/4.9.3/../../../arm-none-eabi/lib/armv7-m/libc.a(lib_a-init.o)
                                        0x21a (size before relaxing)
 .debug_str     0x0000000000001dcb       0x30 /usr/lib/gcc/arm-none-eabi/4.9.3/../../../arm-none-eabi/lib/armv7-m/libc.a(lib_a-__atexit.o)
                                        0x5d4 (size before relaxing)
 .debug_str     0x0000000000001dfb       0x81 /usr/lib/gcc/arm-none-eabi/4.9.3/../../../arm-none-eabi/lib/armv7-m/libc.a(lib_a-__call_atexit.o)
                                        0x5ec (size before relaxing)

.debug_frame    0x0000000000000000      0xd64
 .debug_frame   0x0000000000000000       0xd8 build/StdPeriph_Driver/src/misc.o
 .debug_frame   0x00000000000000d8      0x2d0 build/StdPeriph_Driver/src/stm32f10x_gpio.o
 .debug_frame   0x00000000000003a8      0x4f4 build/StdPeriph_Driver/src/stm32f10x_rcc.o
 .debug_frame   0x000000000000089c       0xe4 build/src/delay.o
 .debug_frame   0x0000000000000980      0x108 build/src/hw_config.o
 .debug_frame   0x0000000000000a88       0x50 build/src/main.o
 .debug_frame   0x0000000000000ad8       0x98 build/src/system_stm32f10x.o
 .debug_frame   0x0000000000000b70       0xc4 build/src/usb_pwr.o
 .debug_frame   0x0000000000000c34       0x2c build//home/max/Projects/Sources/STM32_USB-FS-Device_Lib_V4.1.0/Libraries/STM32_USB-FS-Device_Driver/src/usb_init.o
 .debug_frame   0x0000000000000c60       0x20 /usr/lib/gcc/arm-none-eabi/4.9.3/../../../arm-none-eabi/lib/armv7-m/libc.a(lib_a-atexit.o)
 .debug_frame   0x0000000000000c80       0x34 /usr/lib/gcc/arm-none-eabi/4.9.3/../../../arm-none-eabi/lib/armv7-m/libc.a(lib_a-fini.o)
 .debug_frame   0x0000000000000cb4       0x2c /usr/lib/gcc/arm-none-eabi/4.9.3/../../../arm-none-eabi/lib/armv7-m/libc.a(lib_a-init.o)
 .debug_frame   0x0000000000000ce0       0x34 /usr/lib/gcc/arm-none-eabi/4.9.3/../../../arm-none-eabi/lib/armv7-m/libc.a(lib_a-__atexit.o)
 .debug_frame   0x0000000000000d14       0x50 /usr/lib/gcc/arm-none-eabi/4.9.3/../../../arm-none-eabi/lib/armv7-m/libc.a(lib_a-__call_atexit.o)

.debug_ranges   0x0000000000000000       0x90
 .debug_ranges  0x0000000000000000       0x20 build/startup/startup_stm32.o
 .debug_ranges  0x0000000000000020       0x10 /usr/lib/gcc/arm-none-eabi/4.9.3/../../../arm-none-eabi/lib/armv7-m/libc.a(lib_a-atexit.o)
 .debug_ranges  0x0000000000000030       0x10 /usr/lib/gcc/arm-none-eabi/4.9.3/../../../arm-none-eabi/lib/armv7-m/libc.a(lib_a-fini.o)
 .debug_ranges  0x0000000000000040       0x10 /usr/lib/gcc/arm-none-eabi/4.9.3/../../../arm-none-eabi/lib/armv7-m/libc.a(lib_a-init.o)
 .debug_ranges  0x0000000000000050       0x10 /usr/lib/gcc/arm-none-eabi/4.9.3/../../../arm-none-eabi/lib/armv7-m/libc.a(lib_a-__atexit.o)
 .debug_ranges  0x0000000000000060       0x30 /usr/lib/gcc/arm-none-eabi/4.9.3/../../../arm-none-eabi/lib/armv7-m/libc.a(lib_a-__call_atexit.o)

.debug_loc      0x0000000000000000      0x413
 .debug_loc     0x0000000000000000       0x2c /usr/lib/gcc/arm-none-eabi/4.9.3/../../../arm-none-eabi/lib/armv7-m/libc.a(lib_a-atexit.o)
 .debug_loc     0x000000000000002c       0x5c /usr/lib/gcc/arm-none-eabi/4.9.3/../../../arm-none-eabi/lib/armv7-m/libc.a(lib_a-fini.o)
 .debug_loc     0x0000000000000088       0xae /usr/lib/gcc/arm-none-eabi/4.9.3/../../../arm-none-eabi/lib/armv7-m/libc.a(lib_a-init.o)
 .debug_loc     0x0000000000000136      0x197 /usr/lib/gcc/arm-none-eabi/4.9.3/../../../arm-none-eabi/lib/armv7-m/libc.a(lib_a-__atexit.o)
 .debug_loc     0x00000000000002cd      0x146 /usr/lib/gcc/arm-none-eabi/4.9.3/../../../arm-none-eabi/lib/armv7-m/libc.a(lib_a-__call_atexit.o)
