Archive member included to satisfy reference by file (symbol)

/usr/lib/gcc/arm-none-eabi/4.9.3/../../../arm-none-eabi/lib/armv7-m/libc.a(lib_a-atexit.o)
                              /usr/lib/gcc/arm-none-eabi/4.9.3/../../../arm-none-eabi/lib/armv7-m/crt0.o (atexit)
/usr/lib/gcc/arm-none-eabi/4.9.3/../../../arm-none-eabi/lib/armv7-m/libc.a(lib_a-errno.o)
                              build/src/syscalls.o (__errno)
/usr/lib/gcc/arm-none-eabi/4.9.3/../../../arm-none-eabi/lib/armv7-m/libc.a(lib_a-exit.o)
                              /usr/lib/gcc/arm-none-eabi/4.9.3/../../../arm-none-eabi/lib/armv7-m/crt0.o (exit)
/usr/lib/gcc/arm-none-eabi/4.9.3/../../../arm-none-eabi/lib/armv7-m/libc.a(lib_a-fini.o)
                              /usr/lib/gcc/arm-none-eabi/4.9.3/../../../arm-none-eabi/lib/armv7-m/crt0.o (__libc_fini_array)
/usr/lib/gcc/arm-none-eabi/4.9.3/../../../arm-none-eabi/lib/armv7-m/libc.a(lib_a-impure.o)
                              /usr/lib/gcc/arm-none-eabi/4.9.3/../../../arm-none-eabi/lib/armv7-m/libc.a(lib_a-exit.o) (_global_impure_ptr)
/usr/lib/gcc/arm-none-eabi/4.9.3/../../../arm-none-eabi/lib/armv7-m/libc.a(lib_a-init.o)
                              /usr/lib/gcc/arm-none-eabi/4.9.3/../../../arm-none-eabi/lib/armv7-m/crt0.o (__libc_init_array)
/usr/lib/gcc/arm-none-eabi/4.9.3/../../../arm-none-eabi/lib/armv7-m/libc.a(lib_a-memset.o)
                              /usr/lib/gcc/arm-none-eabi/4.9.3/../../../arm-none-eabi/lib/armv7-m/crt0.o (memset)
/usr/lib/gcc/arm-none-eabi/4.9.3/../../../arm-none-eabi/lib/armv7-m/libc.a(lib_a-__atexit.o)
                              /usr/lib/gcc/arm-none-eabi/4.9.3/../../../arm-none-eabi/lib/armv7-m/libc.a(lib_a-atexit.o) (__register_exitproc)
/usr/lib/gcc/arm-none-eabi/4.9.3/../../../arm-none-eabi/lib/armv7-m/libc.a(lib_a-__call_atexit.o)
                              /usr/lib/gcc/arm-none-eabi/4.9.3/../../../arm-none-eabi/lib/armv7-m/libc.a(lib_a-exit.o) (__call_exitprocs)

Discarded input sections

 .text          0x0000000000000000        0x0 /usr/lib/gcc/arm-none-eabi/4.9.3/armv7-m/crti.o
 .data          0x0000000000000000        0x0 /usr/lib/gcc/arm-none-eabi/4.9.3/armv7-m/crti.o
 .bss           0x0000000000000000        0x0 /usr/lib/gcc/arm-none-eabi/4.9.3/armv7-m/crti.o
 .data          0x0000000000000000        0x4 /usr/lib/gcc/arm-none-eabi/4.9.3/armv7-m/crtbegin.o
 .text          0x0000000000000000       0x68 /usr/lib/gcc/arm-none-eabi/4.9.3/../../../arm-none-eabi/lib/armv7-m/crt0.o
 .data          0x0000000000000000        0x0 /usr/lib/gcc/arm-none-eabi/4.9.3/../../../arm-none-eabi/lib/armv7-m/crt0.o
 .bss           0x0000000000000000        0x0 /usr/lib/gcc/arm-none-eabi/4.9.3/../../../arm-none-eabi/lib/armv7-m/crt0.o
 .ARM.extab     0x0000000000000000        0x0 /usr/lib/gcc/arm-none-eabi/4.9.3/../../../arm-none-eabi/lib/armv7-m/crt0.o
 .ARM.exidx     0x0000000000000000        0x8 /usr/lib/gcc/arm-none-eabi/4.9.3/../../../arm-none-eabi/lib/armv7-m/crt0.o
 .debug_line    0x0000000000000000       0x7b /usr/lib/gcc/arm-none-eabi/4.9.3/../../../arm-none-eabi/lib/armv7-m/crt0.o
 .debug_info    0x0000000000000000       0xa8 /usr/lib/gcc/arm-none-eabi/4.9.3/../../../arm-none-eabi/lib/armv7-m/crt0.o
 .debug_abbrev  0x0000000000000000       0x14 /usr/lib/gcc/arm-none-eabi/4.9.3/../../../arm-none-eabi/lib/armv7-m/crt0.o
 .debug_aranges
                0x0000000000000000       0x20 /usr/lib/gcc/arm-none-eabi/4.9.3/../../../arm-none-eabi/lib/armv7-m/crt0.o
 .ARM.attributes
                0x0000000000000000       0x1b /usr/lib/gcc/arm-none-eabi/4.9.3/../../../arm-none-eabi/lib/armv7-m/crt0.o
 .text          0x0000000000000000      0x18c build/StdPeriph_Driver//src/misc.o
 .data          0x0000000000000000        0x0 build/StdPeriph_Driver//src/misc.o
 .bss           0x0000000000000000        0x0 build/StdPeriph_Driver//src/misc.o
 .debug_info    0x0000000000000000      0x4ed build/StdPeriph_Driver//src/misc.o
 .debug_abbrev  0x0000000000000000      0x156 build/StdPeriph_Driver//src/misc.o
 .debug_aranges
                0x0000000000000000       0x20 build/StdPeriph_Driver//src/misc.o
 .debug_line    0x0000000000000000      0x1ca build/StdPeriph_Driver//src/misc.o
 .debug_str     0x0000000000000000      0x3b0 build/StdPeriph_Driver//src/misc.o
 .comment       0x0000000000000000       0x39 build/StdPeriph_Driver//src/misc.o
 .debug_frame   0x0000000000000000       0xd8 build/StdPeriph_Driver//src/misc.o
 .ARM.attributes
                0x0000000000000000       0x33 build/StdPeriph_Driver//src/misc.o
 .text          0x0000000000000000      0xa3c build/StdPeriph_Driver//src/stm32f10x_adc.o
 .data          0x0000000000000000        0x0 build/StdPeriph_Driver//src/stm32f10x_adc.o
 .bss           0x0000000000000000        0x0 build/StdPeriph_Driver//src/stm32f10x_adc.o
 .debug_info    0x0000000000000000      0xb62 build/StdPeriph_Driver//src/stm32f10x_adc.o
 .debug_abbrev  0x0000000000000000      0x19a build/StdPeriph_Driver//src/stm32f10x_adc.o
 .debug_aranges
                0x0000000000000000       0x20 build/StdPeriph_Driver//src/stm32f10x_adc.o
 .debug_line    0x0000000000000000      0x302 build/StdPeriph_Driver//src/stm32f10x_adc.o
 .debug_str     0x0000000000000000      0x6f3 build/StdPeriph_Driver//src/stm32f10x_adc.o
 .comment       0x0000000000000000       0x39 build/StdPeriph_Driver//src/stm32f10x_adc.o
 .debug_frame   0x0000000000000000      0x5a4 build/StdPeriph_Driver//src/stm32f10x_adc.o
 .ARM.attributes
                0x0000000000000000       0x33 build/StdPeriph_Driver//src/stm32f10x_adc.o
 .text          0x0000000000000000      0x1c0 build/StdPeriph_Driver//src/stm32f10x_bkp.o
 .data          0x0000000000000000        0x0 build/StdPeriph_Driver//src/stm32f10x_bkp.o
 .bss           0x0000000000000000        0x0 build/StdPeriph_Driver//src/stm32f10x_bkp.o
 .debug_info    0x0000000000000000      0x78b build/StdPeriph_Driver//src/stm32f10x_bkp.o
 .debug_abbrev  0x0000000000000000      0x165 build/StdPeriph_Driver//src/stm32f10x_bkp.o
 .debug_aranges
                0x0000000000000000       0x20 build/StdPeriph_Driver//src/stm32f10x_bkp.o
 .debug_line    0x0000000000000000      0x1cb build/StdPeriph_Driver//src/stm32f10x_bkp.o
 .debug_str     0x0000000000000000      0x5ad build/StdPeriph_Driver//src/stm32f10x_bkp.o
 .comment       0x0000000000000000       0x39 build/StdPeriph_Driver//src/stm32f10x_bkp.o
 .debug_frame   0x0000000000000000      0x1c4 build/StdPeriph_Driver//src/stm32f10x_bkp.o
 .ARM.attributes
                0x0000000000000000       0x33 build/StdPeriph_Driver//src/stm32f10x_bkp.o
 .text          0x0000000000000000      0xfa8 build/StdPeriph_Driver//src/stm32f10x_can.o
 .data          0x0000000000000000        0x0 build/StdPeriph_Driver//src/stm32f10x_can.o
 .bss           0x0000000000000000        0x0 build/StdPeriph_Driver//src/stm32f10x_can.o
 .debug_info    0x0000000000000000      0xb8a build/StdPeriph_Driver//src/stm32f10x_can.o
 .debug_abbrev  0x0000000000000000      0x1f5 build/StdPeriph_Driver//src/stm32f10x_can.o
 .debug_aranges
                0x0000000000000000       0x20 build/StdPeriph_Driver//src/stm32f10x_can.o
 .debug_line    0x0000000000000000      0x3d6 build/StdPeriph_Driver//src/stm32f10x_can.o
 .debug_str     0x0000000000000000      0x726 build/StdPeriph_Driver//src/stm32f10x_can.o
 .comment       0x0000000000000000       0x39 build/StdPeriph_Driver//src/stm32f10x_can.o
 .debug_frame   0x0000000000000000      0x3f0 build/StdPeriph_Driver//src/stm32f10x_can.o
 .ARM.attributes
                0x0000000000000000       0x33 build/StdPeriph_Driver//src/stm32f10x_can.o
 .text          0x0000000000000000      0x290 build/StdPeriph_Driver//src/stm32f10x_cec.o
 .data          0x0000000000000000        0x0 build/StdPeriph_Driver//src/stm32f10x_cec.o
 .bss           0x0000000000000000        0x0 build/StdPeriph_Driver//src/stm32f10x_cec.o
 .debug_info    0x0000000000000000      0x40a build/StdPeriph_Driver//src/stm32f10x_cec.o
 .debug_abbrev  0x0000000000000000      0x1b0 build/StdPeriph_Driver//src/stm32f10x_cec.o
 .debug_aranges
                0x0000000000000000       0x20 build/StdPeriph_Driver//src/stm32f10x_cec.o
 .debug_line    0x0000000000000000      0x21a build/StdPeriph_Driver//src/stm32f10x_cec.o
 .debug_str     0x0000000000000000      0x36e build/StdPeriph_Driver//src/stm32f10x_cec.o
 .comment       0x0000000000000000       0x39 build/StdPeriph_Driver//src/stm32f10x_cec.o
 .debug_frame   0x0000000000000000      0x224 build/StdPeriph_Driver//src/stm32f10x_cec.o
 .ARM.attributes
                0x0000000000000000       0x33 build/StdPeriph_Driver//src/stm32f10x_cec.o
 .text          0x0000000000000000       0xd0 build/StdPeriph_Driver//src/stm32f10x_crc.o
 .data          0x0000000000000000        0x0 build/StdPeriph_Driver//src/stm32f10x_crc.o
 .bss           0x0000000000000000        0x0 build/StdPeriph_Driver//src/stm32f10x_crc.o
 .debug_info    0x0000000000000000      0x1f6 build/StdPeriph_Driver//src/stm32f10x_crc.o
 .debug_abbrev  0x0000000000000000      0x116 build/StdPeriph_Driver//src/stm32f10x_crc.o
 .debug_aranges
                0x0000000000000000       0x20 build/StdPeriph_Driver//src/stm32f10x_crc.o
 .debug_line    0x0000000000000000      0x1b2 build/StdPeriph_Driver//src/stm32f10x_crc.o
 .debug_str     0x0000000000000000      0x233 build/StdPeriph_Driver//src/stm32f10x_crc.o
 .comment       0x0000000000000000       0x39 build/StdPeriph_Driver//src/stm32f10x_crc.o
 .debug_frame   0x0000000000000000       0xe8 build/StdPeriph_Driver//src/stm32f10x_crc.o
 .ARM.attributes
                0x0000000000000000       0x33 build/StdPeriph_Driver//src/stm32f10x_crc.o
 .text          0x0000000000000000      0x304 build/StdPeriph_Driver//src/stm32f10x_dac.o
 .data          0x0000000000000000        0x0 build/StdPeriph_Driver//src/stm32f10x_dac.o
 .bss           0x0000000000000000        0x0 build/StdPeriph_Driver//src/stm32f10x_dac.o
 .debug_info    0x0000000000000000      0x49e build/StdPeriph_Driver//src/stm32f10x_dac.o
 .debug_abbrev  0x0000000000000000      0x175 build/StdPeriph_Driver//src/stm32f10x_dac.o
 .debug_aranges
                0x0000000000000000       0x20 build/StdPeriph_Driver//src/stm32f10x_dac.o
 .debug_line    0x0000000000000000      0x213 build/StdPeriph_Driver//src/stm32f10x_dac.o
 .debug_str     0x0000000000000000      0x3a7 build/StdPeriph_Driver//src/stm32f10x_dac.o
 .comment       0x0000000000000000       0x39 build/StdPeriph_Driver//src/stm32f10x_dac.o
 .debug_frame   0x0000000000000000      0x1e4 build/StdPeriph_Driver//src/stm32f10x_dac.o
 .ARM.attributes
                0x0000000000000000       0x33 build/StdPeriph_Driver//src/stm32f10x_dac.o
 .text          0x0000000000000000       0x70 build/StdPeriph_Driver//src/stm32f10x_dbgmcu.o
 .data          0x0000000000000000        0x0 build/StdPeriph_Driver//src/stm32f10x_dbgmcu.o
 .bss           0x0000000000000000        0x0 build/StdPeriph_Driver//src/stm32f10x_dbgmcu.o
 .debug_info    0x0000000000000000      0x14c build/StdPeriph_Driver//src/stm32f10x_dbgmcu.o
 .debug_abbrev  0x0000000000000000       0xe0 build/StdPeriph_Driver//src/stm32f10x_dbgmcu.o
 .debug_aranges
                0x0000000000000000       0x20 build/StdPeriph_Driver//src/stm32f10x_dbgmcu.o
 .debug_line    0x0000000000000000      0x19a build/StdPeriph_Driver//src/stm32f10x_dbgmcu.o
 .debug_str     0x0000000000000000      0x1ea build/StdPeriph_Driver//src/stm32f10x_dbgmcu.o
 .comment       0x0000000000000000       0x39 build/StdPeriph_Driver//src/stm32f10x_dbgmcu.o
 .debug_frame   0x0000000000000000       0x78 build/StdPeriph_Driver//src/stm32f10x_dbgmcu.o
 .ARM.attributes
                0x0000000000000000       0x33 build/StdPeriph_Driver//src/stm32f10x_dbgmcu.o
 .text          0x0000000000000000      0x404 build/StdPeriph_Driver//src/stm32f10x_dma.o
 .data          0x0000000000000000        0x0 build/StdPeriph_Driver//src/stm32f10x_dma.o
 .bss           0x0000000000000000        0x0 build/StdPeriph_Driver//src/stm32f10x_dma.o
 .debug_info    0x0000000000000000      0x461 build/StdPeriph_Driver//src/stm32f10x_dma.o
 .debug_abbrev  0x0000000000000000      0x157 build/StdPeriph_Driver//src/stm32f10x_dma.o
 .debug_aranges
                0x0000000000000000       0x20 build/StdPeriph_Driver//src/stm32f10x_dma.o
 .debug_line    0x0000000000000000      0x23d build/StdPeriph_Driver//src/stm32f10x_dma.o
 .debug_str     0x0000000000000000      0x3af build/StdPeriph_Driver//src/stm32f10x_dma.o
 .comment       0x0000000000000000       0x39 build/StdPeriph_Driver//src/stm32f10x_dma.o
 .debug_frame   0x0000000000000000      0x1c8 build/StdPeriph_Driver//src/stm32f10x_dma.o
 .ARM.attributes
                0x0000000000000000       0x33 build/StdPeriph_Driver//src/stm32f10x_dma.o
 .text          0x0000000000000000      0x21c build/StdPeriph_Driver//src/stm32f10x_exti.o
 .data          0x0000000000000000        0x0 build/StdPeriph_Driver//src/stm32f10x_exti.o
 .bss           0x0000000000000000        0x0 build/StdPeriph_Driver//src/stm32f10x_exti.o
 .debug_info    0x0000000000000000      0x32f build/StdPeriph_Driver//src/stm32f10x_exti.o
 .debug_abbrev  0x0000000000000000      0x153 build/StdPeriph_Driver//src/stm32f10x_exti.o
 .debug_aranges
                0x0000000000000000       0x20 build/StdPeriph_Driver//src/stm32f10x_exti.o
 .debug_line    0x0000000000000000      0x203 build/StdPeriph_Driver//src/stm32f10x_exti.o
 .debug_str     0x0000000000000000      0x341 build/StdPeriph_Driver//src/stm32f10x_exti.o
 .comment       0x0000000000000000       0x39 build/StdPeriph_Driver//src/stm32f10x_exti.o
 .debug_frame   0x0000000000000000      0x148 build/StdPeriph_Driver//src/stm32f10x_exti.o
 .ARM.attributes
                0x0000000000000000       0x33 build/StdPeriph_Driver//src/stm32f10x_exti.o
 .text          0x0000000000000000      0x96c build/StdPeriph_Driver//src/stm32f10x_flash.o
 .data          0x0000000000000000        0x0 build/StdPeriph_Driver//src/stm32f10x_flash.o
 .bss           0x0000000000000000        0x0 build/StdPeriph_Driver//src/stm32f10x_flash.o
 .debug_info    0x0000000000000000      0x79f build/StdPeriph_Driver//src/stm32f10x_flash.o
 .debug_abbrev  0x0000000000000000      0x18d build/StdPeriph_Driver//src/stm32f10x_flash.o
 .debug_aranges
                0x0000000000000000       0x20 build/StdPeriph_Driver//src/stm32f10x_flash.o
 .debug_line    0x0000000000000000      0x32d build/StdPeriph_Driver//src/stm32f10x_flash.o
 .debug_str     0x0000000000000000      0x5e0 build/StdPeriph_Driver//src/stm32f10x_flash.o
 .comment       0x0000000000000000       0x39 build/StdPeriph_Driver//src/stm32f10x_flash.o
 .debug_frame   0x0000000000000000      0x410 build/StdPeriph_Driver//src/stm32f10x_flash.o
 .ARM.attributes
                0x0000000000000000       0x33 build/StdPeriph_Driver//src/stm32f10x_flash.o
 .text          0x0000000000000000      0x94c build/StdPeriph_Driver//src/stm32f10x_fsmc.o
 .data          0x0000000000000000        0x0 build/StdPeriph_Driver//src/stm32f10x_fsmc.o
 .bss           0x0000000000000000        0x0 build/StdPeriph_Driver//src/stm32f10x_fsmc.o
 .debug_info    0x0000000000000000      0x8e2 build/StdPeriph_Driver//src/stm32f10x_fsmc.o
 .debug_abbrev  0x0000000000000000      0x172 build/StdPeriph_Driver//src/stm32f10x_fsmc.o
 .debug_aranges
                0x0000000000000000       0x20 build/StdPeriph_Driver//src/stm32f10x_fsmc.o
 .debug_line    0x0000000000000000      0x321 build/StdPeriph_Driver//src/stm32f10x_fsmc.o
 .debug_str     0x0000000000000000      0x772 build/StdPeriph_Driver//src/stm32f10x_fsmc.o
 .comment       0x0000000000000000       0x39 build/StdPeriph_Driver//src/stm32f10x_fsmc.o
 .debug_frame   0x0000000000000000      0x300 build/StdPeriph_Driver//src/stm32f10x_fsmc.o
 .ARM.attributes
                0x0000000000000000       0x33 build/StdPeriph_Driver//src/stm32f10x_fsmc.o
 .text          0x0000000000000000      0x5f8 build/StdPeriph_Driver//src/stm32f10x_gpio.o
 .data          0x0000000000000000        0x0 build/StdPeriph_Driver//src/stm32f10x_gpio.o
 .bss           0x0000000000000000        0x0 build/StdPeriph_Driver//src/stm32f10x_gpio.o
 .debug_info    0x0000000000000000      0x6d5 build/StdPeriph_Driver//src/stm32f10x_gpio.o
 .debug_abbrev  0x0000000000000000      0x1ca build/StdPeriph_Driver//src/stm32f10x_gpio.o
 .debug_aranges
                0x0000000000000000       0x20 build/StdPeriph_Driver//src/stm32f10x_gpio.o
 .debug_line    0x0000000000000000      0x290 build/StdPeriph_Driver//src/stm32f10x_gpio.o
 .debug_str     0x0000000000000000      0x511 build/StdPeriph_Driver//src/stm32f10x_gpio.o
 .comment       0x0000000000000000       0x39 build/StdPeriph_Driver//src/stm32f10x_gpio.o
 .debug_frame   0x0000000000000000      0x2d0 build/StdPeriph_Driver//src/stm32f10x_gpio.o
 .ARM.attributes
                0x0000000000000000       0x33 build/StdPeriph_Driver//src/stm32f10x_gpio.o
 .text          0x0000000000000000      0x958 build/StdPeriph_Driver//src/stm32f10x_i2c.o
 .data          0x0000000000000000        0x0 build/StdPeriph_Driver//src/stm32f10x_i2c.o
 .bss           0x0000000000000000        0x0 build/StdPeriph_Driver//src/stm32f10x_i2c.o
 .debug_info    0x0000000000000000      0xaee build/StdPeriph_Driver//src/stm32f10x_i2c.o
 .debug_abbrev  0x0000000000000000      0x166 build/StdPeriph_Driver//src/stm32f10x_i2c.o
 .debug_aranges
                0x0000000000000000       0x20 build/StdPeriph_Driver//src/stm32f10x_i2c.o
 .debug_line    0x0000000000000000      0x2eb build/StdPeriph_Driver//src/stm32f10x_i2c.o
 .debug_str     0x0000000000000000      0x65e build/StdPeriph_Driver//src/stm32f10x_i2c.o
 .comment       0x0000000000000000       0x39 build/StdPeriph_Driver//src/stm32f10x_i2c.o
 .debug_frame   0x0000000000000000      0x530 build/StdPeriph_Driver//src/stm32f10x_i2c.o
 .ARM.attributes
                0x0000000000000000       0x33 build/StdPeriph_Driver//src/stm32f10x_i2c.o
 .text          0x0000000000000000       0xc8 build/StdPeriph_Driver//src/stm32f10x_iwdg.o
 .data          0x0000000000000000        0x0 build/StdPeriph_Driver//src/stm32f10x_iwdg.o
 .bss           0x0000000000000000        0x0 build/StdPeriph_Driver//src/stm32f10x_iwdg.o
 .debug_info    0x0000000000000000      0x1f8 build/StdPeriph_Driver//src/stm32f10x_iwdg.o
 .debug_abbrev  0x0000000000000000      0x103 build/StdPeriph_Driver//src/stm32f10x_iwdg.o
 .debug_aranges
                0x0000000000000000       0x20 build/StdPeriph_Driver//src/stm32f10x_iwdg.o
 .debug_line    0x0000000000000000      0x1a9 build/StdPeriph_Driver//src/stm32f10x_iwdg.o
 .debug_str     0x0000000000000000      0x254 build/StdPeriph_Driver//src/stm32f10x_iwdg.o
 .comment       0x0000000000000000       0x39 build/StdPeriph_Driver//src/stm32f10x_iwdg.o
 .debug_frame   0x0000000000000000       0xf0 build/StdPeriph_Driver//src/stm32f10x_iwdg.o
 .ARM.attributes
                0x0000000000000000       0x33 build/StdPeriph_Driver//src/stm32f10x_iwdg.o
 .text          0x0000000000000000      0x1c8 build/StdPeriph_Driver//src/stm32f10x_pwr.o
 .data          0x0000000000000000        0x0 build/StdPeriph_Driver//src/stm32f10x_pwr.o
 .bss           0x0000000000000000        0x0 build/StdPeriph_Driver//src/stm32f10x_pwr.o
 .debug_info    0x0000000000000000      0x421 build/StdPeriph_Driver//src/stm32f10x_pwr.o
 .debug_abbrev  0x0000000000000000      0x1ad build/StdPeriph_Driver//src/stm32f10x_pwr.o
 .debug_aranges
                0x0000000000000000       0x20 build/StdPeriph_Driver//src/stm32f10x_pwr.o
 .debug_line    0x0000000000000000      0x1d1 build/StdPeriph_Driver//src/stm32f10x_pwr.o
 .debug_str     0x0000000000000000      0x30a build/StdPeriph_Driver//src/stm32f10x_pwr.o
 .comment       0x0000000000000000       0x39 build/StdPeriph_Driver//src/stm32f10x_pwr.o
 .debug_frame   0x0000000000000000      0x19c build/StdPeriph_Driver//src/stm32f10x_pwr.o
 .ARM.attributes
                0x0000000000000000       0x33 build/StdPeriph_Driver//src/stm32f10x_pwr.o
 .text          0x0000000000000000      0x7dc build/StdPeriph_Driver//src/stm32f10x_rcc.o
 .data          0x0000000000000000       0x14 build/StdPeriph_Driver//src/stm32f10x_rcc.o
 .bss           0x0000000000000000        0x0 build/StdPeriph_Driver//src/stm32f10x_rcc.o
 .debug_info    0x0000000000000000      0x87b build/StdPeriph_Driver//src/stm32f10x_rcc.o
 .debug_abbrev  0x0000000000000000      0x1bc build/StdPeriph_Driver//src/stm32f10x_rcc.o
 .debug_aranges
                0x0000000000000000       0x20 build/StdPeriph_Driver//src/stm32f10x_rcc.o
 .debug_line    0x0000000000000000      0x2eb build/StdPeriph_Driver//src/stm32f10x_rcc.o
 .debug_str     0x0000000000000000      0x612 build/StdPeriph_Driver//src/stm32f10x_rcc.o
 .comment       0x0000000000000000       0x39 build/StdPeriph_Driver//src/stm32f10x_rcc.o
 .debug_frame   0x0000000000000000      0x4f4 build/StdPeriph_Driver//src/stm32f10x_rcc.o
 .ARM.attributes
                0x0000000000000000       0x33 build/StdPeriph_Driver//src/stm32f10x_rcc.o
 .text          0x0000000000000000      0x2ac build/StdPeriph_Driver//src/stm32f10x_rtc.o
 .data          0x0000000000000000        0x0 build/StdPeriph_Driver//src/stm32f10x_rtc.o
 .bss           0x0000000000000000        0x0 build/StdPeriph_Driver//src/stm32f10x_rtc.o
 .debug_info    0x0000000000000000      0x422 build/StdPeriph_Driver//src/stm32f10x_rtc.o
 .debug_abbrev  0x0000000000000000      0x18f build/StdPeriph_Driver//src/stm32f10x_rtc.o
 .debug_aranges
                0x0000000000000000       0x20 build/StdPeriph_Driver//src/stm32f10x_rtc.o
 .debug_line    0x0000000000000000      0x1ef build/StdPeriph_Driver//src/stm32f10x_rtc.o
 .debug_str     0x0000000000000000      0x39a build/StdPeriph_Driver//src/stm32f10x_rtc.o
 .comment       0x0000000000000000       0x39 build/StdPeriph_Driver//src/stm32f10x_rtc.o
 .debug_frame   0x0000000000000000      0x214 build/StdPeriph_Driver//src/stm32f10x_rtc.o
 .ARM.attributes
                0x0000000000000000       0x33 build/StdPeriph_Driver//src/stm32f10x_rtc.o
 .text          0x0000000000000000      0x514 build/StdPeriph_Driver//src/stm32f10x_sdio.o
 .data          0x0000000000000000        0x0 build/StdPeriph_Driver//src/stm32f10x_sdio.o
 .bss           0x0000000000000000        0x0 build/StdPeriph_Driver//src/stm32f10x_sdio.o
 .debug_info    0x0000000000000000      0x7d9 build/StdPeriph_Driver//src/stm32f10x_sdio.o
 .debug_abbrev  0x0000000000000000      0x1b1 build/StdPeriph_Driver//src/stm32f10x_sdio.o
 .debug_aranges
                0x0000000000000000       0x20 build/StdPeriph_Driver//src/stm32f10x_sdio.o
 .debug_line    0x0000000000000000      0x27c build/StdPeriph_Driver//src/stm32f10x_sdio.o
 .debug_str     0x0000000000000000      0x628 build/StdPeriph_Driver//src/stm32f10x_sdio.o
 .comment       0x0000000000000000       0x39 build/StdPeriph_Driver//src/stm32f10x_sdio.o
 .debug_frame   0x0000000000000000      0x490 build/StdPeriph_Driver//src/stm32f10x_sdio.o
 .ARM.attributes
                0x0000000000000000       0x33 build/StdPeriph_Driver//src/stm32f10x_sdio.o
 .text          0x0000000000000000      0x6f4 build/StdPeriph_Driver//src/stm32f10x_spi.o
 .data          0x0000000000000000        0x0 build/StdPeriph_Driver//src/stm32f10x_spi.o
 .bss           0x0000000000000000        0x0 build/StdPeriph_Driver//src/stm32f10x_spi.o
 .debug_info    0x0000000000000000      0x8e1 build/StdPeriph_Driver//src/stm32f10x_spi.o
 .debug_abbrev  0x0000000000000000      0x180 build/StdPeriph_Driver//src/stm32f10x_spi.o
 .debug_aranges
                0x0000000000000000       0x20 build/StdPeriph_Driver//src/stm32f10x_spi.o
 .debug_line    0x0000000000000000      0x2b5 build/StdPeriph_Driver//src/stm32f10x_spi.o
 .debug_str     0x0000000000000000      0x5f5 build/StdPeriph_Driver//src/stm32f10x_spi.o
 .comment       0x0000000000000000       0x39 build/StdPeriph_Driver//src/stm32f10x_spi.o
 .debug_frame   0x0000000000000000      0x3a0 build/StdPeriph_Driver//src/stm32f10x_spi.o
 .ARM.attributes
                0x0000000000000000       0x33 build/StdPeriph_Driver//src/stm32f10x_spi.o
 .text          0x0000000000000000     0x1e10 build/StdPeriph_Driver//src/stm32f10x_tim.o
 .data          0x0000000000000000        0x0 build/StdPeriph_Driver//src/stm32f10x_tim.o
 .bss           0x0000000000000000        0x0 build/StdPeriph_Driver//src/stm32f10x_tim.o
 .debug_info    0x0000000000000000     0x1c46 build/StdPeriph_Driver//src/stm32f10x_tim.o
 .debug_abbrev  0x0000000000000000      0x1b2 build/StdPeriph_Driver//src/stm32f10x_tim.o
 .debug_aranges
                0x0000000000000000       0x20 build/StdPeriph_Driver//src/stm32f10x_tim.o
 .debug_line    0x0000000000000000      0x5fd build/StdPeriph_Driver//src/stm32f10x_tim.o
 .debug_str     0x0000000000000000      0xdd5 build/StdPeriph_Driver//src/stm32f10x_tim.o
 .comment       0x0000000000000000       0x39 build/StdPeriph_Driver//src/stm32f10x_tim.o
 .debug_frame   0x0000000000000000      0xe2c build/StdPeriph_Driver//src/stm32f10x_tim.o
 .ARM.attributes
                0x0000000000000000       0x33 build/StdPeriph_Driver//src/stm32f10x_tim.o
 .text          0x0000000000000000      0x908 build/StdPeriph_Driver//src/stm32f10x_usart.o
 .data          0x0000000000000000        0x0 build/StdPeriph_Driver//src/stm32f10x_usart.o
 .bss           0x0000000000000000        0x0 build/StdPeriph_Driver//src/stm32f10x_usart.o
 .debug_info    0x0000000000000000      0x9d6 build/StdPeriph_Driver//src/stm32f10x_usart.o
 .debug_abbrev  0x0000000000000000      0x164 build/StdPeriph_Driver//src/stm32f10x_usart.o
 .debug_aranges
                0x0000000000000000       0x20 build/StdPeriph_Driver//src/stm32f10x_usart.o
 .debug_line    0x0000000000000000      0x2e7 build/StdPeriph_Driver//src/stm32f10x_usart.o
 .debug_str     0x0000000000000000      0x688 build/StdPeriph_Driver//src/stm32f10x_usart.o
 .comment       0x0000000000000000       0x39 build/StdPeriph_Driver//src/stm32f10x_usart.o
 .debug_frame   0x0000000000000000      0x490 build/StdPeriph_Driver//src/stm32f10x_usart.o
 .ARM.attributes
                0x0000000000000000       0x33 build/StdPeriph_Driver//src/stm32f10x_usart.o
 .text          0x0000000000000000      0x118 build/StdPeriph_Driver//src/stm32f10x_wwdg.o
 .data          0x0000000000000000        0x0 build/StdPeriph_Driver//src/stm32f10x_wwdg.o
 .bss           0x0000000000000000        0x0 build/StdPeriph_Driver//src/stm32f10x_wwdg.o
 .debug_info    0x0000000000000000      0x21c build/StdPeriph_Driver//src/stm32f10x_wwdg.o
 .debug_abbrev  0x0000000000000000      0x119 build/StdPeriph_Driver//src/stm32f10x_wwdg.o
 .debug_aranges
                0x0000000000000000       0x20 build/StdPeriph_Driver//src/stm32f10x_wwdg.o
 .debug_line    0x0000000000000000      0x1b2 build/StdPeriph_Driver//src/stm32f10x_wwdg.o
 .debug_str     0x0000000000000000      0x255 build/StdPeriph_Driver//src/stm32f10x_wwdg.o
 .comment       0x0000000000000000       0x39 build/StdPeriph_Driver//src/stm32f10x_wwdg.o
 .debug_frame   0x0000000000000000      0x12c build/StdPeriph_Driver//src/stm32f10x_wwdg.o
 .ARM.attributes
                0x0000000000000000       0x33 build/StdPeriph_Driver//src/stm32f10x_wwdg.o
 .data          0x0000000000000000        0x0 build/src/main.o
 .bss           0x0000000000000000        0x0 build/src/main.o
 .text          0x0000000000000000      0x278 build/src/syscalls.o
 .data          0x0000000000000000        0x4 build/src/syscalls.o
 .bss           0x0000000000000000        0x8 build/src/syscalls.o
 .debug_info    0x0000000000000000      0x65c build/src/syscalls.o
 .debug_abbrev  0x0000000000000000      0x171 build/src/syscalls.o
 .debug_aranges
                0x0000000000000000       0x20 build/src/syscalls.o
 .debug_line    0x0000000000000000       0xf1 build/src/syscalls.o
 .debug_str     0x0000000000000000      0x352 build/src/syscalls.o
 .comment       0x0000000000000000       0x39 build/src/syscalls.o
 .debug_frame   0x0000000000000000      0x2d4 build/src/syscalls.o
 .ARM.attributes
                0x0000000000000000       0x33 build/src/syscalls.o
 .bss           0x0000000000000000        0x0 build/src/system_stm32f10x.o
 .text          0x0000000000000000       0x14 build/startup/startup_stm32.o
 .data          0x0000000000000000        0x0 build/startup/startup_stm32.o
 .bss           0x0000000000000000        0x0 build/startup/startup_stm32.o
 .text          0x0000000000000000        0x0 /usr/lib/gcc/arm-none-eabi/4.9.3/../../../arm-none-eabi/lib/armv7-m/libc.a(lib_a-atexit.o)
 .data          0x0000000000000000        0x0 /usr/lib/gcc/arm-none-eabi/4.9.3/../../../arm-none-eabi/lib/armv7-m/libc.a(lib_a-atexit.o)
 .bss           0x0000000000000000        0x0 /usr/lib/gcc/arm-none-eabi/4.9.3/../../../arm-none-eabi/lib/armv7-m/libc.a(lib_a-atexit.o)
 .text          0x0000000000000000        0x0 /usr/lib/gcc/arm-none-eabi/4.9.3/../../../arm-none-eabi/lib/armv7-m/libc.a(lib_a-errno.o)
 .data          0x0000000000000000        0x0 /usr/lib/gcc/arm-none-eabi/4.9.3/../../../arm-none-eabi/lib/armv7-m/libc.a(lib_a-errno.o)
 .bss           0x0000000000000000        0x0 /usr/lib/gcc/arm-none-eabi/4.9.3/../../../arm-none-eabi/lib/armv7-m/libc.a(lib_a-errno.o)
 .text.__errno  0x0000000000000000        0xc /usr/lib/gcc/arm-none-eabi/4.9.3/../../../arm-none-eabi/lib/armv7-m/libc.a(lib_a-errno.o)
 .debug_info    0x0000000000000000      0x889 /usr/lib/gcc/arm-none-eabi/4.9.3/../../../arm-none-eabi/lib/armv7-m/libc.a(lib_a-errno.o)
 .debug_abbrev  0x0000000000000000      0x18f /usr/lib/gcc/arm-none-eabi/4.9.3/../../../arm-none-eabi/lib/armv7-m/libc.a(lib_a-errno.o)
 .debug_aranges
                0x0000000000000000       0x20 /usr/lib/gcc/arm-none-eabi/4.9.3/../../../arm-none-eabi/lib/armv7-m/libc.a(lib_a-errno.o)
 .debug_ranges  0x0000000000000000       0x10 /usr/lib/gcc/arm-none-eabi/4.9.3/../../../arm-none-eabi/lib/armv7-m/libc.a(lib_a-errno.o)
 .debug_line    0x0000000000000000      0x10c /usr/lib/gcc/arm-none-eabi/4.9.3/../../../arm-none-eabi/lib/armv7-m/libc.a(lib_a-errno.o)
 .debug_str     0x0000000000000000      0x574 /usr/lib/gcc/arm-none-eabi/4.9.3/../../../arm-none-eabi/lib/armv7-m/libc.a(lib_a-errno.o)
 .comment       0x0000000000000000       0x39 /usr/lib/gcc/arm-none-eabi/4.9.3/../../../arm-none-eabi/lib/armv7-m/libc.a(lib_a-errno.o)
 .debug_frame   0x0000000000000000       0x20 /usr/lib/gcc/arm-none-eabi/4.9.3/../../../arm-none-eabi/lib/armv7-m/libc.a(lib_a-errno.o)
 .ARM.attributes
                0x0000000000000000       0x2d /usr/lib/gcc/arm-none-eabi/4.9.3/../../../arm-none-eabi/lib/armv7-m/libc.a(lib_a-errno.o)
 .text          0x0000000000000000        0x0 /usr/lib/gcc/arm-none-eabi/4.9.3/../../../arm-none-eabi/lib/armv7-m/libc.a(lib_a-exit.o)
 .data          0x0000000000000000        0x0 /usr/lib/gcc/arm-none-eabi/4.9.3/../../../arm-none-eabi/lib/armv7-m/libc.a(lib_a-exit.o)
 .bss           0x0000000000000000        0x0 /usr/lib/gcc/arm-none-eabi/4.9.3/../../../arm-none-eabi/lib/armv7-m/libc.a(lib_a-exit.o)
 .text.exit     0x0000000000000000       0x20 /usr/lib/gcc/arm-none-eabi/4.9.3/../../../arm-none-eabi/lib/armv7-m/libc.a(lib_a-exit.o)
 .debug_info    0x0000000000000000      0x8e4 /usr/lib/gcc/arm-none-eabi/4.9.3/../../../arm-none-eabi/lib/armv7-m/libc.a(lib_a-exit.o)
 .debug_abbrev  0x0000000000000000      0x1e6 /usr/lib/gcc/arm-none-eabi/4.9.3/../../../arm-none-eabi/lib/armv7-m/libc.a(lib_a-exit.o)
 .debug_loc     0x0000000000000000       0x1e /usr/lib/gcc/arm-none-eabi/4.9.3/../../../arm-none-eabi/lib/armv7-m/libc.a(lib_a-exit.o)
 .debug_aranges
                0x0000000000000000       0x20 /usr/lib/gcc/arm-none-eabi/4.9.3/../../../arm-none-eabi/lib/armv7-m/libc.a(lib_a-exit.o)
 .debug_ranges  0x0000000000000000       0x10 /usr/lib/gcc/arm-none-eabi/4.9.3/../../../arm-none-eabi/lib/armv7-m/libc.a(lib_a-exit.o)
 .debug_line    0x0000000000000000      0x175 /usr/lib/gcc/arm-none-eabi/4.9.3/../../../arm-none-eabi/lib/armv7-m/libc.a(lib_a-exit.o)
 .debug_str     0x0000000000000000      0x595 /usr/lib/gcc/arm-none-eabi/4.9.3/../../../arm-none-eabi/lib/armv7-m/libc.a(lib_a-exit.o)
 .comment       0x0000000000000000       0x39 /usr/lib/gcc/arm-none-eabi/4.9.3/../../../arm-none-eabi/lib/armv7-m/libc.a(lib_a-exit.o)
 .debug_frame   0x0000000000000000       0x28 /usr/lib/gcc/arm-none-eabi/4.9.3/../../../arm-none-eabi/lib/armv7-m/libc.a(lib_a-exit.o)
 .ARM.attributes
                0x0000000000000000       0x2d /usr/lib/gcc/arm-none-eabi/4.9.3/../../../arm-none-eabi/lib/armv7-m/libc.a(lib_a-exit.o)
 .text          0x0000000000000000        0x0 /usr/lib/gcc/arm-none-eabi/4.9.3/../../../arm-none-eabi/lib/armv7-m/libc.a(lib_a-fini.o)
 .data          0x0000000000000000        0x0 /usr/lib/gcc/arm-none-eabi/4.9.3/../../../arm-none-eabi/lib/armv7-m/libc.a(lib_a-fini.o)
 .bss           0x0000000000000000        0x0 /usr/lib/gcc/arm-none-eabi/4.9.3/../../../arm-none-eabi/lib/armv7-m/libc.a(lib_a-fini.o)
 .text          0x0000000000000000        0x0 /usr/lib/gcc/arm-none-eabi/4.9.3/../../../arm-none-eabi/lib/armv7-m/libc.a(lib_a-impure.o)
 .data          0x0000000000000000        0x0 /usr/lib/gcc/arm-none-eabi/4.9.3/../../../arm-none-eabi/lib/armv7-m/libc.a(lib_a-impure.o)
 .bss           0x0000000000000000        0x0 /usr/lib/gcc/arm-none-eabi/4.9.3/../../../arm-none-eabi/lib/armv7-m/libc.a(lib_a-impure.o)
 .data._impure_ptr
                0x0000000000000000        0x4 /usr/lib/gcc/arm-none-eabi/4.9.3/../../../arm-none-eabi/lib/armv7-m/libc.a(lib_a-impure.o)
 .text          0x0000000000000000        0x0 /usr/lib/gcc/arm-none-eabi/4.9.3/../../../arm-none-eabi/lib/armv7-m/libc.a(lib_a-init.o)
 .data          0x0000000000000000        0x0 /usr/lib/gcc/arm-none-eabi/4.9.3/../../../arm-none-eabi/lib/armv7-m/libc.a(lib_a-init.o)
 .bss           0x0000000000000000        0x0 /usr/lib/gcc/arm-none-eabi/4.9.3/../../../arm-none-eabi/lib/armv7-m/libc.a(lib_a-init.o)
 .text          0x0000000000000000        0x0 /usr/lib/gcc/arm-none-eabi/4.9.3/../../../arm-none-eabi/lib/armv7-m/libc.a(lib_a-memset.o)
 .data          0x0000000000000000        0x0 /usr/lib/gcc/arm-none-eabi/4.9.3/../../../arm-none-eabi/lib/armv7-m/libc.a(lib_a-memset.o)
 .bss           0x0000000000000000        0x0 /usr/lib/gcc/arm-none-eabi/4.9.3/../../../arm-none-eabi/lib/armv7-m/libc.a(lib_a-memset.o)
 .text.memset   0x0000000000000000       0x9c /usr/lib/gcc/arm-none-eabi/4.9.3/../../../arm-none-eabi/lib/armv7-m/libc.a(lib_a-memset.o)
 .debug_info    0x0000000000000000      0x117 /usr/lib/gcc/arm-none-eabi/4.9.3/../../../arm-none-eabi/lib/armv7-m/libc.a(lib_a-memset.o)
 .debug_abbrev  0x0000000000000000       0x9f /usr/lib/gcc/arm-none-eabi/4.9.3/../../../arm-none-eabi/lib/armv7-m/libc.a(lib_a-memset.o)
 .debug_loc     0x0000000000000000      0x1ae /usr/lib/gcc/arm-none-eabi/4.9.3/../../../arm-none-eabi/lib/armv7-m/libc.a(lib_a-memset.o)
 .debug_aranges
                0x0000000000000000       0x20 /usr/lib/gcc/arm-none-eabi/4.9.3/../../../arm-none-eabi/lib/armv7-m/libc.a(lib_a-memset.o)
 .debug_ranges  0x0000000000000000       0x10 /usr/lib/gcc/arm-none-eabi/4.9.3/../../../arm-none-eabi/lib/armv7-m/libc.a(lib_a-memset.o)
 .debug_line    0x0000000000000000      0x119 /usr/lib/gcc/arm-none-eabi/4.9.3/../../../arm-none-eabi/lib/armv7-m/libc.a(lib_a-memset.o)
 .debug_str     0x0000000000000000      0x1cf /usr/lib/gcc/arm-none-eabi/4.9.3/../../../arm-none-eabi/lib/armv7-m/libc.a(lib_a-memset.o)
 .comment       0x0000000000000000       0x39 /usr/lib/gcc/arm-none-eabi/4.9.3/../../../arm-none-eabi/lib/armv7-m/libc.a(lib_a-memset.o)
 .debug_frame   0x0000000000000000       0x34 /usr/lib/gcc/arm-none-eabi/4.9.3/../../../arm-none-eabi/lib/armv7-m/libc.a(lib_a-memset.o)
 .ARM.attributes
                0x0000000000000000       0x2d /usr/lib/gcc/arm-none-eabi/4.9.3/../../../arm-none-eabi/lib/armv7-m/libc.a(lib_a-memset.o)
 .text          0x0000000000000000        0x0 /usr/lib/gcc/arm-none-eabi/4.9.3/../../../arm-none-eabi/lib/armv7-m/libc.a(lib_a-__atexit.o)
 .data          0x0000000000000000        0x0 /usr/lib/gcc/arm-none-eabi/4.9.3/../../../arm-none-eabi/lib/armv7-m/libc.a(lib_a-__atexit.o)
 .bss           0x0000000000000000        0x0 /usr/lib/gcc/arm-none-eabi/4.9.3/../../../arm-none-eabi/lib/armv7-m/libc.a(lib_a-__atexit.o)
 .text          0x0000000000000000        0x0 /usr/lib/gcc/arm-none-eabi/4.9.3/../../../arm-none-eabi/lib/armv7-m/libc.a(lib_a-__call_atexit.o)
 .data          0x0000000000000000        0x0 /usr/lib/gcc/arm-none-eabi/4.9.3/../../../arm-none-eabi/lib/armv7-m/libc.a(lib_a-__call_atexit.o)
 .bss           0x0000000000000000        0x0 /usr/lib/gcc/arm-none-eabi/4.9.3/../../../arm-none-eabi/lib/armv7-m/libc.a(lib_a-__call_atexit.o)
 .text.__call_exitprocs
                0x0000000000000000       0xd4 /usr/lib/gcc/arm-none-eabi/4.9.3/../../../arm-none-eabi/lib/armv7-m/libc.a(lib_a-__call_atexit.o)
 .text          0x0000000000000000        0x0 /usr/lib/gcc/arm-none-eabi/4.9.3/armv7-m/crtend.o
 .data          0x0000000000000000        0x0 /usr/lib/gcc/arm-none-eabi/4.9.3/armv7-m/crtend.o
 .bss           0x0000000000000000        0x0 /usr/lib/gcc/arm-none-eabi/4.9.3/armv7-m/crtend.o
 .eh_frame      0x0000000000000000        0x4 /usr/lib/gcc/arm-none-eabi/4.9.3/armv7-m/crtend.o
 .jcr           0x0000000000000000        0x4 /usr/lib/gcc/arm-none-eabi/4.9.3/armv7-m/crtend.o
 .text          0x0000000000000000        0x0 /usr/lib/gcc/arm-none-eabi/4.9.3/armv7-m/crtn.o
 .data          0x0000000000000000        0x0 /usr/lib/gcc/arm-none-eabi/4.9.3/armv7-m/crtn.o
 .bss           0x0000000000000000        0x0 /usr/lib/gcc/arm-none-eabi/4.9.3/armv7-m/crtn.o

Memory Configuration

Name             Origin             Length             Attributes
RAM              0x0000000020000000 0x0000000000005000 xrw
ROM              0x0000000008000000 0x0000000000010000 xr
*default*        0x0000000000000000 0xffffffffffffffff

Linker script and memory map

LOAD /usr/lib/gcc/arm-none-eabi/4.9.3/armv7-m/crti.o
LOAD /usr/lib/gcc/arm-none-eabi/4.9.3/armv7-m/crtbegin.o
LOAD /usr/lib/gcc/arm-none-eabi/4.9.3/../../../arm-none-eabi/lib/armv7-m/crt0.o
LOAD build/StdPeriph_Driver//src/misc.o
LOAD build/StdPeriph_Driver//src/stm32f10x_adc.o
LOAD build/StdPeriph_Driver//src/stm32f10x_bkp.o
LOAD build/StdPeriph_Driver//src/stm32f10x_can.o
LOAD build/StdPeriph_Driver//src/stm32f10x_cec.o
LOAD build/StdPeriph_Driver//src/stm32f10x_crc.o
LOAD build/StdPeriph_Driver//src/stm32f10x_dac.o
LOAD build/StdPeriph_Driver//src/stm32f10x_dbgmcu.o
LOAD build/StdPeriph_Driver//src/stm32f10x_dma.o
LOAD build/StdPeriph_Driver//src/stm32f10x_exti.o
LOAD build/StdPeriph_Driver//src/stm32f10x_flash.o
LOAD build/StdPeriph_Driver//src/stm32f10x_fsmc.o
LOAD build/StdPeriph_Driver//src/stm32f10x_gpio.o
LOAD build/StdPeriph_Driver//src/stm32f10x_i2c.o
LOAD build/StdPeriph_Driver//src/stm32f10x_iwdg.o
LOAD build/StdPeriph_Driver//src/stm32f10x_pwr.o
LOAD build/StdPeriph_Driver//src/stm32f10x_rcc.o
LOAD build/StdPeriph_Driver//src/stm32f10x_rtc.o
LOAD build/StdPeriph_Driver//src/stm32f10x_sdio.o
LOAD build/StdPeriph_Driver//src/stm32f10x_spi.o
LOAD build/StdPeriph_Driver//src/stm32f10x_tim.o
LOAD build/StdPeriph_Driver//src/stm32f10x_usart.o
LOAD build/StdPeriph_Driver//src/stm32f10x_wwdg.o
LOAD build/src/main.o
LOAD build/src/syscalls.o
LOAD build/src/system_stm32f10x.o
LOAD build/startup/startup_stm32.o
START GROUP
LOAD /usr/lib/gcc/arm-none-eabi/4.9.3/armv7-m/libgcc.a
LOAD /usr/lib/gcc/arm-none-eabi/4.9.3/../../../arm-none-eabi/lib/armv7-m/libc.a
END GROUP
LOAD /usr/lib/gcc/arm-none-eabi/4.9.3/armv7-m/crtend.o
LOAD /usr/lib/gcc/arm-none-eabi/4.9.3/armv7-m/crtn.o
                0x0000000020005000                _estack = 0x20005000
                0x0000000000000000                _Min_Heap_Size = 0x0
                0x0000000000000400                _Min_Stack_Size = 0x400

.isr_vector     0x0000000008000000      0x188
                0x0000000008000000                . = ALIGN (0x4)
 *(.isr_vector)
 .isr_vector    0x0000000008000000      0x188 build/startup/startup_stm32.o
                0x0000000008000000                g_pfnVectors
                0x0000000008000188                . = ALIGN (0x4)

.text           0x0000000008000188      0x4a0
                0x0000000008000188                . = ALIGN (0x4)
 *(.text)
 .text          0x0000000008000188       0xa4 /usr/lib/gcc/arm-none-eabi/4.9.3/armv7-m/crtbegin.o
 .text          0x000000000800022c        0x8 build/src/main.o
                0x000000000800022c                main
 .text          0x0000000008000234      0x250 build/src/system_stm32f10x.o
                0x0000000008000234                SystemInit
                0x000000000800029c                SystemCoreClockUpdate
 *(.text*)
 .text.Reset_Handler
                0x0000000008000484       0x48 build/startup/startup_stm32.o
                0x0000000008000484                Reset_Handler
 .text.Default_Handler
                0x00000000080004cc        0x2 build/startup/startup_stm32.o
                0x00000000080004cc                DebugMon_Handler
                0x00000000080004cc                HardFault_Handler
                0x00000000080004cc                SysTick_Handler
                0x00000000080004cc                PendSV_Handler
                0x00000000080004cc                NMI_Handler
                0x00000000080004cc                UsageFault_Handler
                0x00000000080004cc                Default_Handler
                0x00000000080004cc                MemManage_Handler
                0x00000000080004cc                SVC_Handler
                0x00000000080004cc                BusFault_Handler
 *fill*         0x00000000080004ce        0x2 
 .text.atexit   0x00000000080004d0        0xc /usr/lib/gcc/arm-none-eabi/4.9.3/../../../arm-none-eabi/lib/armv7-m/libc.a(lib_a-atexit.o)
                0x00000000080004d0                atexit
 .text.__libc_fini_array
                0x00000000080004dc       0x2c /usr/lib/gcc/arm-none-eabi/4.9.3/../../../arm-none-eabi/lib/armv7-m/libc.a(lib_a-fini.o)
                0x00000000080004dc                __libc_fini_array
 .text.__libc_init_array
                0x0000000008000508       0x50 /usr/lib/gcc/arm-none-eabi/4.9.3/../../../arm-none-eabi/lib/armv7-m/libc.a(lib_a-init.o)
                0x0000000008000508                __libc_init_array
 .text.__register_exitproc
                0x0000000008000558       0xa4 /usr/lib/gcc/arm-none-eabi/4.9.3/../../../arm-none-eabi/lib/armv7-m/libc.a(lib_a-__atexit.o)
                0x0000000008000558                __register_exitproc
 .text.startup.register_fini
                0x00000000080005fc       0x14 /usr/lib/gcc/arm-none-eabi/4.9.3/../../../arm-none-eabi/lib/armv7-m/libc.a(lib_a-__call_atexit.o)
 *(.glue_7)
 .glue_7        0x0000000008000610        0x0 linker stubs
 *(.glue_7t)
 .glue_7t       0x0000000008000610        0x0 linker stubs
 *(.eh_frame)
 .eh_frame      0x0000000008000610        0x0 /usr/lib/gcc/arm-none-eabi/4.9.3/armv7-m/crtbegin.o
 *(.init)
 .init          0x0000000008000610        0x4 /usr/lib/gcc/arm-none-eabi/4.9.3/armv7-m/crti.o
                0x0000000008000610                _init
 .init          0x0000000008000614        0x8 /usr/lib/gcc/arm-none-eabi/4.9.3/armv7-m/crtn.o
 *(.fini)
 .fini          0x000000000800061c        0x4 /usr/lib/gcc/arm-none-eabi/4.9.3/armv7-m/crti.o
                0x000000000800061c                _fini
 .fini          0x0000000008000620        0x8 /usr/lib/gcc/arm-none-eabi/4.9.3/armv7-m/crtn.o
                0x0000000008000628                . = ALIGN (0x4)
                0x0000000008000628                _etext = .

.vfp11_veneer   0x0000000008000628        0x0
 .vfp11_veneer  0x0000000008000628        0x0 linker stubs

.v4_bx          0x0000000008000628        0x0
 .v4_bx         0x0000000008000628        0x0 linker stubs

.iplt           0x0000000008000628        0x0
 .iplt          0x0000000008000628        0x0 /usr/lib/gcc/arm-none-eabi/4.9.3/armv7-m/crtbegin.o

.rodata         0x0000000008000628        0x8
                0x0000000008000628                . = ALIGN (0x4)
 *(.rodata)
 *(.rodata*)
 .rodata.str1.4
                0x0000000008000628        0x4 /usr/lib/gcc/arm-none-eabi/4.9.3/../../../arm-none-eabi/lib/armv7-m/libc.a(lib_a-impure.o)
 .rodata._global_impure_ptr
                0x000000000800062c        0x4 /usr/lib/gcc/arm-none-eabi/4.9.3/../../../arm-none-eabi/lib/armv7-m/libc.a(lib_a-impure.o)
                0x000000000800062c                _global_impure_ptr
                0x0000000008000630                . = ALIGN (0x4)

.rel.dyn        0x0000000008000630        0x0
 .rel.iplt      0x0000000008000630        0x0 /usr/lib/gcc/arm-none-eabi/4.9.3/armv7-m/crtbegin.o

.ARM.extab      0x0000000008000630        0x0
                0x0000000008000630                . = ALIGN (0x4)
 *(.ARM.extab* .gnu.linkonce.armextab.*)
                0x0000000008000630                . = ALIGN (0x4)

.ARM            0x0000000008000630        0x0
                0x0000000008000630                . = ALIGN (0x4)
                0x0000000008000630                __exidx_start = .
 *(.ARM.exidx*)
                0x0000000008000630                __exidx_end = .
                0x0000000008000630                . = ALIGN (0x4)

.preinit_array  0x0000000008000630        0x0
                0x0000000008000630                . = ALIGN (0x4)
                0x0000000008000630                PROVIDE (__preinit_array_start, .)
 *(.preinit_array*)
                0x0000000008000630                PROVIDE (__preinit_array_end, .)
                0x0000000008000630                . = ALIGN (0x4)

.init_array     0x0000000008000630        0x8
                0x0000000008000630                . = ALIGN (0x4)
                0x0000000008000630                PROVIDE (__init_array_start, .)
 *(SORT(.init_array.*))
 .init_array.00000
                0x0000000008000630        0x4 /usr/lib/gcc/arm-none-eabi/4.9.3/../../../arm-none-eabi/lib/armv7-m/libc.a(lib_a-__call_atexit.o)
 *(.init_array*)
 .init_array    0x0000000008000634        0x4 /usr/lib/gcc/arm-none-eabi/4.9.3/armv7-m/crtbegin.o
                0x0000000008000638                PROVIDE (__init_array_end, .)
                0x0000000008000638                . = ALIGN (0x4)

.fini_array     0x0000000008000638        0x4
                0x0000000008000638                . = ALIGN (0x4)
                0x0000000008000638                PROVIDE (__fini_array_start, .)
 *(SORT(.fini_array.*))
 *(.fini_array*)
 .fini_array    0x0000000008000638        0x4 /usr/lib/gcc/arm-none-eabi/4.9.3/armv7-m/crtbegin.o
                0x000000000800063c                PROVIDE (__fini_array_end, .)
                0x000000000800063c                . = ALIGN (0x4)
                0x000000000800063c                _sidata = LOADADDR (.data)

.data           0x0000000020000000      0x440 load address 0x000000000800063c
                0x0000000020000000                . = ALIGN (0x4)
                0x0000000020000000                _sdata = .
 *(.data)
 .data          0x0000000020000000       0x14 build/src/system_stm32f10x.o
                0x0000000020000000                SystemCoreClock
                0x0000000020000004                AHBPrescTable
 *(.data*)
 *fill*         0x0000000020000014        0x4 
 .data.impure_data
                0x0000000020000018      0x428 /usr/lib/gcc/arm-none-eabi/4.9.3/../../../arm-none-eabi/lib/armv7-m/libc.a(lib_a-impure.o)
                0x0000000020000440                . = ALIGN (0x4)
                0x0000000020000440                _edata = .

.jcr            0x0000000020000440        0x0 load address 0x0000000008000a7c
 .jcr           0x0000000020000440        0x0 /usr/lib/gcc/arm-none-eabi/4.9.3/armv7-m/crtbegin.o

.tm_clone_table
                0x0000000020000440        0x0 load address 0x0000000008000a7c
 .tm_clone_table
                0x0000000020000440        0x0 /usr/lib/gcc/arm-none-eabi/4.9.3/armv7-m/crtbegin.o
 .tm_clone_table
                0x0000000020000440        0x0 /usr/lib/gcc/arm-none-eabi/4.9.3/armv7-m/crtend.o

.igot.plt       0x0000000020000440        0x0 load address 0x0000000008000a7c
 .igot.plt      0x0000000020000440        0x0 /usr/lib/gcc/arm-none-eabi/4.9.3/armv7-m/crtbegin.o
                0x0000000020000440                . = ALIGN (0x4)

.bss            0x0000000020000440       0x1c load address 0x0000000008000a7c
                0x0000000020000440                _sbss = .
                0x0000000020000440                __bss_start__ = _sbss
 *(.bss)
 .bss           0x0000000020000440       0x1c /usr/lib/gcc/arm-none-eabi/4.9.3/armv7-m/crtbegin.o
 *(.bss*)
 *(COMMON)
                0x000000002000045c                . = ALIGN (0x4)
                0x000000002000045c                _ebss = .
                0x000000002000045c                __bss_end__ = _ebss

._user_heap_stack
                0x000000002000045c      0x404 load address 0x0000000008000a7c
                0x0000000020000460                . = ALIGN (0x8)
 *fill*         0x000000002000045c        0x4 
                0x0000000020000460                PROVIDE (end, .)
                [!provide]                        PROVIDE (_end, .)
                0x0000000020000460                . = (. + _Min_Heap_Size)
                0x0000000020000860                . = (. + _Min_Stack_Size)
 *fill*         0x0000000020000460      0x400 
                0x0000000020000860                . = ALIGN (0x8)

/DISCARD/
 libc.a(*)
 libm.a(*)
 libgcc.a(*)

.ARM.attributes
                0x0000000000000000       0x2d
 *(.ARM.attributes)
 .ARM.attributes
                0x0000000000000000       0x1d /usr/lib/gcc/arm-none-eabi/4.9.3/armv7-m/crti.o
 .ARM.attributes
                0x000000000000001d       0x2d /usr/lib/gcc/arm-none-eabi/4.9.3/armv7-m/crtbegin.o
 .ARM.attributes
                0x000000000000004a       0x33 build/src/main.o
 .ARM.attributes
                0x000000000000007d       0x33 build/src/system_stm32f10x.o
 .ARM.attributes
                0x00000000000000b0       0x25 build/startup/startup_stm32.o
 .ARM.attributes
                0x00000000000000d5       0x2d /usr/lib/gcc/arm-none-eabi/4.9.3/../../../arm-none-eabi/lib/armv7-m/libc.a(lib_a-atexit.o)
 .ARM.attributes
                0x0000000000000102       0x2d /usr/lib/gcc/arm-none-eabi/4.9.3/../../../arm-none-eabi/lib/armv7-m/libc.a(lib_a-fini.o)
 .ARM.attributes
                0x000000000000012f       0x2d /usr/lib/gcc/arm-none-eabi/4.9.3/../../../arm-none-eabi/lib/armv7-m/libc.a(lib_a-impure.o)
 .ARM.attributes
                0x000000000000015c       0x2d /usr/lib/gcc/arm-none-eabi/4.9.3/../../../arm-none-eabi/lib/armv7-m/libc.a(lib_a-init.o)
 .ARM.attributes
                0x0000000000000189       0x2d /usr/lib/gcc/arm-none-eabi/4.9.3/../../../arm-none-eabi/lib/armv7-m/libc.a(lib_a-__atexit.o)
 .ARM.attributes
                0x00000000000001b6       0x2d /usr/lib/gcc/arm-none-eabi/4.9.3/../../../arm-none-eabi/lib/armv7-m/libc.a(lib_a-__call_atexit.o)
 .ARM.attributes
                0x00000000000001e3       0x2d /usr/lib/gcc/arm-none-eabi/4.9.3/armv7-m/crtend.o
 .ARM.attributes
                0x0000000000000210       0x1d /usr/lib/gcc/arm-none-eabi/4.9.3/armv7-m/crtn.o
OUTPUT(build/program.elf elf32-littlearm)

.comment        0x0000000000000000       0x70
 .comment       0x0000000000000000       0x38 /usr/lib/gcc/arm-none-eabi/4.9.3/armv7-m/crtbegin.o
                                         0x39 (size before relaxing)
 .comment       0x0000000000000038       0x39 build/src/main.o
 .comment       0x0000000000000038       0x39 build/src/system_stm32f10x.o
 .comment       0x0000000000000038       0x38 /usr/lib/gcc/arm-none-eabi/4.9.3/../../../arm-none-eabi/lib/armv7-m/libc.a(lib_a-atexit.o)
                                         0x39 (size before relaxing)
 .comment       0x0000000000000070       0x39 /usr/lib/gcc/arm-none-eabi/4.9.3/../../../arm-none-eabi/lib/armv7-m/libc.a(lib_a-fini.o)
 .comment       0x0000000000000070       0x39 /usr/lib/gcc/arm-none-eabi/4.9.3/../../../arm-none-eabi/lib/armv7-m/libc.a(lib_a-impure.o)
 .comment       0x0000000000000070       0x39 /usr/lib/gcc/arm-none-eabi/4.9.3/../../../arm-none-eabi/lib/armv7-m/libc.a(lib_a-init.o)
 .comment       0x0000000000000070       0x39 /usr/lib/gcc/arm-none-eabi/4.9.3/../../../arm-none-eabi/lib/armv7-m/libc.a(lib_a-__atexit.o)
 .comment       0x0000000000000070       0x39 /usr/lib/gcc/arm-none-eabi/4.9.3/../../../arm-none-eabi/lib/armv7-m/libc.a(lib_a-__call_atexit.o)
 .comment       0x0000000000000070       0x39 /usr/lib/gcc/arm-none-eabi/4.9.3/armv7-m/crtend.o

.debug_info     0x0000000000000000     0x23af
 .debug_info    0x0000000000000000       0x99 build/src/main.o
 .debug_info    0x0000000000000099      0x438 build/src/system_stm32f10x.o
 .debug_info    0x00000000000004d1       0x6f build/startup/startup_stm32.o
 .debug_info    0x0000000000000540      0x10a /usr/lib/gcc/arm-none-eabi/4.9.3/../../../arm-none-eabi/lib/armv7-m/libc.a(lib_a-atexit.o)
 .debug_info    0x000000000000064a       0xef /usr/lib/gcc/arm-none-eabi/4.9.3/../../../arm-none-eabi/lib/armv7-m/libc.a(lib_a-fini.o)
 .debug_info    0x0000000000000739      0x894 /usr/lib/gcc/arm-none-eabi/4.9.3/../../../arm-none-eabi/lib/armv7-m/libc.a(lib_a-impure.o)
 .debug_info    0x0000000000000fcd      0x105 /usr/lib/gcc/arm-none-eabi/4.9.3/../../../arm-none-eabi/lib/armv7-m/libc.a(lib_a-init.o)
 .debug_info    0x00000000000010d2      0x934 /usr/lib/gcc/arm-none-eabi/4.9.3/../../../arm-none-eabi/lib/armv7-m/libc.a(lib_a-__atexit.o)
 .debug_info    0x0000000000001a06      0x9a9 /usr/lib/gcc/arm-none-eabi/4.9.3/../../../arm-none-eabi/lib/armv7-m/libc.a(lib_a-__call_atexit.o)

.debug_abbrev   0x0000000000000000      0xa2a
 .debug_abbrev  0x0000000000000000       0x5c build/src/main.o
 .debug_abbrev  0x000000000000005c      0x179 build/src/system_stm32f10x.o
 .debug_abbrev  0x00000000000001d5       0x12 build/startup/startup_stm32.o
 .debug_abbrev  0x00000000000001e7       0xb8 /usr/lib/gcc/arm-none-eabi/4.9.3/../../../arm-none-eabi/lib/armv7-m/libc.a(lib_a-atexit.o)
 .debug_abbrev  0x000000000000029f       0xbd /usr/lib/gcc/arm-none-eabi/4.9.3/../../../arm-none-eabi/lib/armv7-m/libc.a(lib_a-fini.o)
 .debug_abbrev  0x000000000000035c      0x180 /usr/lib/gcc/arm-none-eabi/4.9.3/../../../arm-none-eabi/lib/armv7-m/libc.a(lib_a-impure.o)
 .debug_abbrev  0x00000000000004dc       0xba /usr/lib/gcc/arm-none-eabi/4.9.3/../../../arm-none-eabi/lib/armv7-m/libc.a(lib_a-init.o)
 .debug_abbrev  0x0000000000000596      0x20f /usr/lib/gcc/arm-none-eabi/4.9.3/../../../arm-none-eabi/lib/armv7-m/libc.a(lib_a-__atexit.o)
 .debug_abbrev  0x00000000000007a5      0x285 /usr/lib/gcc/arm-none-eabi/4.9.3/../../../arm-none-eabi/lib/armv7-m/libc.a(lib_a-__call_atexit.o)

.debug_aranges  0x0000000000000000      0x128
 .debug_aranges
                0x0000000000000000       0x20 build/src/main.o
 .debug_aranges
                0x0000000000000020       0x20 build/src/system_stm32f10x.o
 .debug_aranges
                0x0000000000000040       0x28 build/startup/startup_stm32.o
 .debug_aranges
                0x0000000000000068       0x20 /usr/lib/gcc/arm-none-eabi/4.9.3/../../../arm-none-eabi/lib/armv7-m/libc.a(lib_a-atexit.o)
 .debug_aranges
                0x0000000000000088       0x20 /usr/lib/gcc/arm-none-eabi/4.9.3/../../../arm-none-eabi/lib/armv7-m/libc.a(lib_a-fini.o)
 .debug_aranges
                0x00000000000000a8       0x18 /usr/lib/gcc/arm-none-eabi/4.9.3/../../../arm-none-eabi/lib/armv7-m/libc.a(lib_a-impure.o)
 .debug_aranges
                0x00000000000000c0       0x20 /usr/lib/gcc/arm-none-eabi/4.9.3/../../../arm-none-eabi/lib/armv7-m/libc.a(lib_a-init.o)
 .debug_aranges
                0x00000000000000e0       0x20 /usr/lib/gcc/arm-none-eabi/4.9.3/../../../arm-none-eabi/lib/armv7-m/libc.a(lib_a-__atexit.o)
 .debug_aranges
                0x0000000000000100       0x28 /usr/lib/gcc/arm-none-eabi/4.9.3/../../../arm-none-eabi/lib/armv7-m/libc.a(lib_a-__call_atexit.o)

.debug_line     0x0000000000000000      0x96c
 .debug_line    0x0000000000000000       0xa7 build/src/main.o
 .debug_line    0x00000000000000a7      0x1ea build/src/system_stm32f10x.o
 .debug_line    0x0000000000000291       0x76 build/startup/startup_stm32.o
 .debug_line    0x0000000000000307       0xc1 /usr/lib/gcc/arm-none-eabi/4.9.3/../../../arm-none-eabi/lib/armv7-m/libc.a(lib_a-atexit.o)
 .debug_line    0x00000000000003c8       0x9c /usr/lib/gcc/arm-none-eabi/4.9.3/../../../arm-none-eabi/lib/armv7-m/libc.a(lib_a-fini.o)
 .debug_line    0x0000000000000464       0xf1 /usr/lib/gcc/arm-none-eabi/4.9.3/../../../arm-none-eabi/lib/armv7-m/libc.a(lib_a-impure.o)
 .debug_line    0x0000000000000555       0xb6 /usr/lib/gcc/arm-none-eabi/4.9.3/../../../arm-none-eabi/lib/armv7-m/libc.a(lib_a-init.o)
 .debug_line    0x000000000000060b      0x19c /usr/lib/gcc/arm-none-eabi/4.9.3/../../../arm-none-eabi/lib/armv7-m/libc.a(lib_a-__atexit.o)
 .debug_line    0x00000000000007a7      0x1c5 /usr/lib/gcc/arm-none-eabi/4.9.3/../../../arm-none-eabi/lib/armv7-m/libc.a(lib_a-__call_atexit.o)

.debug_str      0x0000000000000000      0xa37
 .debug_str     0x0000000000000000      0x10f build/src/main.o
                                        0x143 (size before relaxing)
 .debug_str     0x000000000000010f      0x174 build/src/system_stm32f10x.o
                                        0x2c6 (size before relaxing)
 .debug_str     0x0000000000000283      0x15f /usr/lib/gcc/arm-none-eabi/4.9.3/../../../arm-none-eabi/lib/armv7-m/libc.a(lib_a-atexit.o)
                                        0x1f8 (size before relaxing)
 .debug_str     0x00000000000003e2       0xca /usr/lib/gcc/arm-none-eabi/4.9.3/../../../arm-none-eabi/lib/armv7-m/libc.a(lib_a-fini.o)
                                        0x1f0 (size before relaxing)
 .debug_str     0x00000000000004ac      0x445 /usr/lib/gcc/arm-none-eabi/4.9.3/../../../arm-none-eabi/lib/armv7-m/libc.a(lib_a-impure.o)
                                        0x58c (size before relaxing)
 .debug_str     0x00000000000008f1       0x90 /usr/lib/gcc/arm-none-eabi/4.9.3/../../../arm-none-eabi/lib/armv7-m/libc.a(lib_a-init.o)
                                        0x21a (size before relaxing)
 .debug_str     0x0000000000000981       0x30 /usr/lib/gcc/arm-none-eabi/4.9.3/../../../arm-none-eabi/lib/armv7-m/libc.a(lib_a-__atexit.o)
                                        0x5d4 (size before relaxing)
 .debug_str     0x00000000000009b1       0x86 /usr/lib/gcc/arm-none-eabi/4.9.3/../../../arm-none-eabi/lib/armv7-m/libc.a(lib_a-__call_atexit.o)
                                        0x5ec (size before relaxing)

.debug_frame    0x0000000000000000      0x1c4
 .debug_frame   0x0000000000000000       0x28 build/src/main.o
 .debug_frame   0x0000000000000028       0x98 build/src/system_stm32f10x.o
 .debug_frame   0x00000000000000c0       0x20 /usr/lib/gcc/arm-none-eabi/4.9.3/../../../arm-none-eabi/lib/armv7-m/libc.a(lib_a-atexit.o)
 .debug_frame   0x00000000000000e0       0x34 /usr/lib/gcc/arm-none-eabi/4.9.3/../../../arm-none-eabi/lib/armv7-m/libc.a(lib_a-fini.o)
 .debug_frame   0x0000000000000114       0x2c /usr/lib/gcc/arm-none-eabi/4.9.3/../../../arm-none-eabi/lib/armv7-m/libc.a(lib_a-init.o)
 .debug_frame   0x0000000000000140       0x34 /usr/lib/gcc/arm-none-eabi/4.9.3/../../../arm-none-eabi/lib/armv7-m/libc.a(lib_a-__atexit.o)
 .debug_frame   0x0000000000000174       0x50 /usr/lib/gcc/arm-none-eabi/4.9.3/../../../arm-none-eabi/lib/armv7-m/libc.a(lib_a-__call_atexit.o)

.debug_ranges   0x0000000000000000       0x90
 .debug_ranges  0x0000000000000000       0x20 build/startup/startup_stm32.o
 .debug_ranges  0x0000000000000020       0x10 /usr/lib/gcc/arm-none-eabi/4.9.3/../../../arm-none-eabi/lib/armv7-m/libc.a(lib_a-atexit.o)
 .debug_ranges  0x0000000000000030       0x10 /usr/lib/gcc/arm-none-eabi/4.9.3/../../../arm-none-eabi/lib/armv7-m/libc.a(lib_a-fini.o)
 .debug_ranges  0x0000000000000040       0x10 /usr/lib/gcc/arm-none-eabi/4.9.3/../../../arm-none-eabi/lib/armv7-m/libc.a(lib_a-init.o)
 .debug_ranges  0x0000000000000050       0x10 /usr/lib/gcc/arm-none-eabi/4.9.3/../../../arm-none-eabi/lib/armv7-m/libc.a(lib_a-__atexit.o)
 .debug_ranges  0x0000000000000060       0x30 /usr/lib/gcc/arm-none-eabi/4.9.3/../../../arm-none-eabi/lib/armv7-m/libc.a(lib_a-__call_atexit.o)

.debug_loc      0x0000000000000000      0x413
 .debug_loc     0x0000000000000000       0x2c /usr/lib/gcc/arm-none-eabi/4.9.3/../../../arm-none-eabi/lib/armv7-m/libc.a(lib_a-atexit.o)
 .debug_loc     0x000000000000002c       0x5c /usr/lib/gcc/arm-none-eabi/4.9.3/../../../arm-none-eabi/lib/armv7-m/libc.a(lib_a-fini.o)
 .debug_loc     0x0000000000000088       0xae /usr/lib/gcc/arm-none-eabi/4.9.3/../../../arm-none-eabi/lib/armv7-m/libc.a(lib_a-init.o)
 .debug_loc     0x0000000000000136      0x197 /usr/lib/gcc/arm-none-eabi/4.9.3/../../../arm-none-eabi/lib/armv7-m/libc.a(lib_a-__atexit.o)
 .debug_loc     0x00000000000002cd      0x146 /usr/lib/gcc/arm-none-eabi/4.9.3/../../../arm-none-eabi/lib/armv7-m/libc.a(lib_a-__call_atexit.o)
