Archive member included to satisfy reference by file (symbol)

/usr/lib/gcc/arm-none-eabi/4.9.3/../../../arm-none-eabi/lib/armv7-m/libc.a(lib_a-atexit.o)
                              /usr/lib/gcc/arm-none-eabi/4.9.3/../../../arm-none-eabi/lib/armv7-m/crt0.o (atexit)
/usr/lib/gcc/arm-none-eabi/4.9.3/../../../arm-none-eabi/lib/armv7-m/libc.a(lib_a-errno.o)
                              build/src/syscalls.o (__errno)
/usr/lib/gcc/arm-none-eabi/4.9.3/../../../arm-none-eabi/lib/armv7-m/libc.a(lib_a-exit.o)
                              /usr/lib/gcc/arm-none-eabi/4.9.3/../../../arm-none-eabi/lib/armv7-m/crt0.o (exit)
/usr/lib/gcc/arm-none-eabi/4.9.3/../../../arm-none-eabi/lib/armv7-m/libc.a(lib_a-fini.o)
                              /usr/lib/gcc/arm-none-eabi/4.9.3/../../../arm-none-eabi/lib/armv7-m/crt0.o (__libc_fini_array)
/usr/lib/gcc/arm-none-eabi/4.9.3/../../../arm-none-eabi/lib/armv7-m/libc.a(lib_a-impure.o)
                              /usr/lib/gcc/arm-none-eabi/4.9.3/../../../arm-none-eabi/lib/armv7-m/libc.a(lib_a-exit.o) (_global_impure_ptr)
/usr/lib/gcc/arm-none-eabi/4.9.3/../../../arm-none-eabi/lib/armv7-m/libc.a(lib_a-init.o)
                              /usr/lib/gcc/arm-none-eabi/4.9.3/../../../arm-none-eabi/lib/armv7-m/crt0.o (__libc_init_array)
/usr/lib/gcc/arm-none-eabi/4.9.3/../../../arm-none-eabi/lib/armv7-m/libc.a(lib_a-memset.o)
                              /usr/lib/gcc/arm-none-eabi/4.9.3/../../../arm-none-eabi/lib/armv7-m/crt0.o (memset)
/usr/lib/gcc/arm-none-eabi/4.9.3/../../../arm-none-eabi/lib/armv7-m/libc.a(lib_a-__atexit.o)
                              /usr/lib/gcc/arm-none-eabi/4.9.3/../../../arm-none-eabi/lib/armv7-m/libc.a(lib_a-atexit.o) (__register_exitproc)
/usr/lib/gcc/arm-none-eabi/4.9.3/../../../arm-none-eabi/lib/armv7-m/libc.a(lib_a-__call_atexit.o)
                              /usr/lib/gcc/arm-none-eabi/4.9.3/../../../arm-none-eabi/lib/armv7-m/libc.a(lib_a-exit.o) (__call_exitprocs)

Discarded input sections

 .text          0x0000000000000000        0x0 /usr/lib/gcc/arm-none-eabi/4.9.3/armv7-m/crti.o
 .data          0x0000000000000000        0x0 /usr/lib/gcc/arm-none-eabi/4.9.3/armv7-m/crti.o
 .bss           0x0000000000000000        0x0 /usr/lib/gcc/arm-none-eabi/4.9.3/armv7-m/crti.o
 .data          0x0000000000000000        0x4 /usr/lib/gcc/arm-none-eabi/4.9.3/armv7-m/crtbegin.o
 .text          0x0000000000000000       0x68 /usr/lib/gcc/arm-none-eabi/4.9.3/../../../arm-none-eabi/lib/armv7-m/crt0.o
 .data          0x0000000000000000        0x0 /usr/lib/gcc/arm-none-eabi/4.9.3/../../../arm-none-eabi/lib/armv7-m/crt0.o
 .bss           0x0000000000000000        0x0 /usr/lib/gcc/arm-none-eabi/4.9.3/../../../arm-none-eabi/lib/armv7-m/crt0.o
 .ARM.extab     0x0000000000000000        0x0 /usr/lib/gcc/arm-none-eabi/4.9.3/../../../arm-none-eabi/lib/armv7-m/crt0.o
 .ARM.exidx     0x0000000000000000        0x8 /usr/lib/gcc/arm-none-eabi/4.9.3/../../../arm-none-eabi/lib/armv7-m/crt0.o
 .debug_line    0x0000000000000000       0x7b /usr/lib/gcc/arm-none-eabi/4.9.3/../../../arm-none-eabi/lib/armv7-m/crt0.o
 .debug_info    0x0000000000000000       0xa8 /usr/lib/gcc/arm-none-eabi/4.9.3/../../../arm-none-eabi/lib/armv7-m/crt0.o
 .debug_abbrev  0x0000000000000000       0x14 /usr/lib/gcc/arm-none-eabi/4.9.3/../../../arm-none-eabi/lib/armv7-m/crt0.o
 .debug_aranges
                0x0000000000000000       0x20 /usr/lib/gcc/arm-none-eabi/4.9.3/../../../arm-none-eabi/lib/armv7-m/crt0.o
 .ARM.attributes
                0x0000000000000000       0x1b /usr/lib/gcc/arm-none-eabi/4.9.3/../../../arm-none-eabi/lib/armv7-m/crt0.o
 .text          0x0000000000000000      0x18c build//home/max/Projects/Sources/STM32_USB-FS-Device_Lib_V4.1.0/Libraries/STM32F10x_StdPeriph_Driver/src/misc.o
 .data          0x0000000000000000        0x0 build//home/max/Projects/Sources/STM32_USB-FS-Device_Lib_V4.1.0/Libraries/STM32F10x_StdPeriph_Driver/src/misc.o
 .bss           0x0000000000000000        0x0 build//home/max/Projects/Sources/STM32_USB-FS-Device_Lib_V4.1.0/Libraries/STM32F10x_StdPeriph_Driver/src/misc.o
 .debug_info    0x0000000000000000      0x53d build//home/max/Projects/Sources/STM32_USB-FS-Device_Lib_V4.1.0/Libraries/STM32F10x_StdPeriph_Driver/src/misc.o
 .debug_abbrev  0x0000000000000000      0x145 build//home/max/Projects/Sources/STM32_USB-FS-Device_Lib_V4.1.0/Libraries/STM32F10x_StdPeriph_Driver/src/misc.o
 .debug_aranges
                0x0000000000000000       0x20 build//home/max/Projects/Sources/STM32_USB-FS-Device_Lib_V4.1.0/Libraries/STM32F10x_StdPeriph_Driver/src/misc.o
 .debug_line    0x0000000000000000      0x259 build//home/max/Projects/Sources/STM32_USB-FS-Device_Lib_V4.1.0/Libraries/STM32F10x_StdPeriph_Driver/src/misc.o
 .debug_str     0x0000000000000000      0x3e0 build//home/max/Projects/Sources/STM32_USB-FS-Device_Lib_V4.1.0/Libraries/STM32F10x_StdPeriph_Driver/src/misc.o
 .comment       0x0000000000000000       0x39 build//home/max/Projects/Sources/STM32_USB-FS-Device_Lib_V4.1.0/Libraries/STM32F10x_StdPeriph_Driver/src/misc.o
 .debug_frame   0x0000000000000000       0xd8 build//home/max/Projects/Sources/STM32_USB-FS-Device_Lib_V4.1.0/Libraries/STM32F10x_StdPeriph_Driver/src/misc.o
 .ARM.attributes
                0x0000000000000000       0x33 build//home/max/Projects/Sources/STM32_USB-FS-Device_Lib_V4.1.0/Libraries/STM32F10x_StdPeriph_Driver/src/misc.o
 .text          0x0000000000000000      0xa3c build//home/max/Projects/Sources/STM32_USB-FS-Device_Lib_V4.1.0/Libraries/STM32F10x_StdPeriph_Driver/src/stm32f10x_adc.o
 .data          0x0000000000000000        0x0 build//home/max/Projects/Sources/STM32_USB-FS-Device_Lib_V4.1.0/Libraries/STM32F10x_StdPeriph_Driver/src/stm32f10x_adc.o
 .bss           0x0000000000000000        0x0 build//home/max/Projects/Sources/STM32_USB-FS-Device_Lib_V4.1.0/Libraries/STM32F10x_StdPeriph_Driver/src/stm32f10x_adc.o
 .debug_info    0x0000000000000000      0xb74 build//home/max/Projects/Sources/STM32_USB-FS-Device_Lib_V4.1.0/Libraries/STM32F10x_StdPeriph_Driver/src/stm32f10x_adc.o
 .debug_abbrev  0x0000000000000000      0x198 build//home/max/Projects/Sources/STM32_USB-FS-Device_Lib_V4.1.0/Libraries/STM32F10x_StdPeriph_Driver/src/stm32f10x_adc.o
 .debug_aranges
                0x0000000000000000       0x20 build//home/max/Projects/Sources/STM32_USB-FS-Device_Lib_V4.1.0/Libraries/STM32F10x_StdPeriph_Driver/src/stm32f10x_adc.o
 .debug_line    0x0000000000000000      0x391 build//home/max/Projects/Sources/STM32_USB-FS-Device_Lib_V4.1.0/Libraries/STM32F10x_StdPeriph_Driver/src/stm32f10x_adc.o
 .debug_str     0x0000000000000000      0x71d build//home/max/Projects/Sources/STM32_USB-FS-Device_Lib_V4.1.0/Libraries/STM32F10x_StdPeriph_Driver/src/stm32f10x_adc.o
 .comment       0x0000000000000000       0x39 build//home/max/Projects/Sources/STM32_USB-FS-Device_Lib_V4.1.0/Libraries/STM32F10x_StdPeriph_Driver/src/stm32f10x_adc.o
 .debug_frame   0x0000000000000000      0x5a4 build//home/max/Projects/Sources/STM32_USB-FS-Device_Lib_V4.1.0/Libraries/STM32F10x_StdPeriph_Driver/src/stm32f10x_adc.o
 .ARM.attributes
                0x0000000000000000       0x33 build//home/max/Projects/Sources/STM32_USB-FS-Device_Lib_V4.1.0/Libraries/STM32F10x_StdPeriph_Driver/src/stm32f10x_adc.o
 .text          0x0000000000000000      0x1c0 build//home/max/Projects/Sources/STM32_USB-FS-Device_Lib_V4.1.0/Libraries/STM32F10x_StdPeriph_Driver/src/stm32f10x_bkp.o
 .data          0x0000000000000000        0x0 build//home/max/Projects/Sources/STM32_USB-FS-Device_Lib_V4.1.0/Libraries/STM32F10x_StdPeriph_Driver/src/stm32f10x_bkp.o
 .bss           0x0000000000000000        0x0 build//home/max/Projects/Sources/STM32_USB-FS-Device_Lib_V4.1.0/Libraries/STM32F10x_StdPeriph_Driver/src/stm32f10x_bkp.o
 .debug_info    0x0000000000000000      0x79d build//home/max/Projects/Sources/STM32_USB-FS-Device_Lib_V4.1.0/Libraries/STM32F10x_StdPeriph_Driver/src/stm32f10x_bkp.o
 .debug_abbrev  0x0000000000000000      0x163 build//home/max/Projects/Sources/STM32_USB-FS-Device_Lib_V4.1.0/Libraries/STM32F10x_StdPeriph_Driver/src/stm32f10x_bkp.o
 .debug_aranges
                0x0000000000000000       0x20 build//home/max/Projects/Sources/STM32_USB-FS-Device_Lib_V4.1.0/Libraries/STM32F10x_StdPeriph_Driver/src/stm32f10x_bkp.o
 .debug_line    0x0000000000000000      0x20d build//home/max/Projects/Sources/STM32_USB-FS-Device_Lib_V4.1.0/Libraries/STM32F10x_StdPeriph_Driver/src/stm32f10x_bkp.o
 .debug_str     0x0000000000000000      0x5d7 build//home/max/Projects/Sources/STM32_USB-FS-Device_Lib_V4.1.0/Libraries/STM32F10x_StdPeriph_Driver/src/stm32f10x_bkp.o
 .comment       0x0000000000000000       0x39 build//home/max/Projects/Sources/STM32_USB-FS-Device_Lib_V4.1.0/Libraries/STM32F10x_StdPeriph_Driver/src/stm32f10x_bkp.o
 .debug_frame   0x0000000000000000      0x1c4 build//home/max/Projects/Sources/STM32_USB-FS-Device_Lib_V4.1.0/Libraries/STM32F10x_StdPeriph_Driver/src/stm32f10x_bkp.o
 .ARM.attributes
                0x0000000000000000       0x33 build//home/max/Projects/Sources/STM32_USB-FS-Device_Lib_V4.1.0/Libraries/STM32F10x_StdPeriph_Driver/src/stm32f10x_bkp.o
 .text          0x0000000000000000      0xfa8 build//home/max/Projects/Sources/STM32_USB-FS-Device_Lib_V4.1.0/Libraries/STM32F10x_StdPeriph_Driver/src/stm32f10x_can.o
 .data          0x0000000000000000        0x0 build//home/max/Projects/Sources/STM32_USB-FS-Device_Lib_V4.1.0/Libraries/STM32F10x_StdPeriph_Driver/src/stm32f10x_can.o
 .bss           0x0000000000000000        0x0 build//home/max/Projects/Sources/STM32_USB-FS-Device_Lib_V4.1.0/Libraries/STM32F10x_StdPeriph_Driver/src/stm32f10x_can.o
 .debug_info    0x0000000000000000      0xb9c build//home/max/Projects/Sources/STM32_USB-FS-Device_Lib_V4.1.0/Libraries/STM32F10x_StdPeriph_Driver/src/stm32f10x_can.o
 .debug_abbrev  0x0000000000000000      0x1f3 build//home/max/Projects/Sources/STM32_USB-FS-Device_Lib_V4.1.0/Libraries/STM32F10x_StdPeriph_Driver/src/stm32f10x_can.o
 .debug_aranges
                0x0000000000000000       0x20 build//home/max/Projects/Sources/STM32_USB-FS-Device_Lib_V4.1.0/Libraries/STM32F10x_StdPeriph_Driver/src/stm32f10x_can.o
 .debug_line    0x0000000000000000      0x465 build//home/max/Projects/Sources/STM32_USB-FS-Device_Lib_V4.1.0/Libraries/STM32F10x_StdPeriph_Driver/src/stm32f10x_can.o
 .debug_str     0x0000000000000000      0x750 build//home/max/Projects/Sources/STM32_USB-FS-Device_Lib_V4.1.0/Libraries/STM32F10x_StdPeriph_Driver/src/stm32f10x_can.o
 .comment       0x0000000000000000       0x39 build//home/max/Projects/Sources/STM32_USB-FS-Device_Lib_V4.1.0/Libraries/STM32F10x_StdPeriph_Driver/src/stm32f10x_can.o
 .debug_frame   0x0000000000000000      0x3f0 build//home/max/Projects/Sources/STM32_USB-FS-Device_Lib_V4.1.0/Libraries/STM32F10x_StdPeriph_Driver/src/stm32f10x_can.o
 .ARM.attributes
                0x0000000000000000       0x33 build//home/max/Projects/Sources/STM32_USB-FS-Device_Lib_V4.1.0/Libraries/STM32F10x_StdPeriph_Driver/src/stm32f10x_can.o
 .text          0x0000000000000000      0x290 build//home/max/Projects/Sources/STM32_USB-FS-Device_Lib_V4.1.0/Libraries/STM32F10x_StdPeriph_Driver/src/stm32f10x_cec.o
 .data          0x0000000000000000        0x0 build//home/max/Projects/Sources/STM32_USB-FS-Device_Lib_V4.1.0/Libraries/STM32F10x_StdPeriph_Driver/src/stm32f10x_cec.o
 .bss           0x0000000000000000        0x0 build//home/max/Projects/Sources/STM32_USB-FS-Device_Lib_V4.1.0/Libraries/STM32F10x_StdPeriph_Driver/src/stm32f10x_cec.o
 .debug_info    0x0000000000000000      0x41d build//home/max/Projects/Sources/STM32_USB-FS-Device_Lib_V4.1.0/Libraries/STM32F10x_StdPeriph_Driver/src/stm32f10x_cec.o
 .debug_abbrev  0x0000000000000000      0x1ae build//home/max/Projects/Sources/STM32_USB-FS-Device_Lib_V4.1.0/Libraries/STM32F10x_StdPeriph_Driver/src/stm32f10x_cec.o
 .debug_aranges
                0x0000000000000000       0x20 build//home/max/Projects/Sources/STM32_USB-FS-Device_Lib_V4.1.0/Libraries/STM32F10x_StdPeriph_Driver/src/stm32f10x_cec.o
 .debug_line    0x0000000000000000      0x2a9 build//home/max/Projects/Sources/STM32_USB-FS-Device_Lib_V4.1.0/Libraries/STM32F10x_StdPeriph_Driver/src/stm32f10x_cec.o
 .debug_str     0x0000000000000000      0x398 build//home/max/Projects/Sources/STM32_USB-FS-Device_Lib_V4.1.0/Libraries/STM32F10x_StdPeriph_Driver/src/stm32f10x_cec.o
 .comment       0x0000000000000000       0x39 build//home/max/Projects/Sources/STM32_USB-FS-Device_Lib_V4.1.0/Libraries/STM32F10x_StdPeriph_Driver/src/stm32f10x_cec.o
 .debug_frame   0x0000000000000000      0x224 build//home/max/Projects/Sources/STM32_USB-FS-Device_Lib_V4.1.0/Libraries/STM32F10x_StdPeriph_Driver/src/stm32f10x_cec.o
 .ARM.attributes
                0x0000000000000000       0x33 build//home/max/Projects/Sources/STM32_USB-FS-Device_Lib_V4.1.0/Libraries/STM32F10x_StdPeriph_Driver/src/stm32f10x_cec.o
 .text          0x0000000000000000       0xd0 build//home/max/Projects/Sources/STM32_USB-FS-Device_Lib_V4.1.0/Libraries/STM32F10x_StdPeriph_Driver/src/stm32f10x_crc.o
 .data          0x0000000000000000        0x0 build//home/max/Projects/Sources/STM32_USB-FS-Device_Lib_V4.1.0/Libraries/STM32F10x_StdPeriph_Driver/src/stm32f10x_crc.o
 .bss           0x0000000000000000        0x0 build//home/max/Projects/Sources/STM32_USB-FS-Device_Lib_V4.1.0/Libraries/STM32F10x_StdPeriph_Driver/src/stm32f10x_crc.o
 .debug_info    0x0000000000000000      0x208 build//home/max/Projects/Sources/STM32_USB-FS-Device_Lib_V4.1.0/Libraries/STM32F10x_StdPeriph_Driver/src/stm32f10x_crc.o
 .debug_abbrev  0x0000000000000000      0x114 build//home/max/Projects/Sources/STM32_USB-FS-Device_Lib_V4.1.0/Libraries/STM32F10x_StdPeriph_Driver/src/stm32f10x_crc.o
 .debug_aranges
                0x0000000000000000       0x20 build//home/max/Projects/Sources/STM32_USB-FS-Device_Lib_V4.1.0/Libraries/STM32F10x_StdPeriph_Driver/src/stm32f10x_crc.o
 .debug_line    0x0000000000000000      0x1f4 build//home/max/Projects/Sources/STM32_USB-FS-Device_Lib_V4.1.0/Libraries/STM32F10x_StdPeriph_Driver/src/stm32f10x_crc.o
 .debug_str     0x0000000000000000      0x25d build//home/max/Projects/Sources/STM32_USB-FS-Device_Lib_V4.1.0/Libraries/STM32F10x_StdPeriph_Driver/src/stm32f10x_crc.o
 .comment       0x0000000000000000       0x39 build//home/max/Projects/Sources/STM32_USB-FS-Device_Lib_V4.1.0/Libraries/STM32F10x_StdPeriph_Driver/src/stm32f10x_crc.o
 .debug_frame   0x0000000000000000       0xe8 build//home/max/Projects/Sources/STM32_USB-FS-Device_Lib_V4.1.0/Libraries/STM32F10x_StdPeriph_Driver/src/stm32f10x_crc.o
 .ARM.attributes
                0x0000000000000000       0x33 build//home/max/Projects/Sources/STM32_USB-FS-Device_Lib_V4.1.0/Libraries/STM32F10x_StdPeriph_Driver/src/stm32f10x_crc.o
 .text          0x0000000000000000      0x304 build//home/max/Projects/Sources/STM32_USB-FS-Device_Lib_V4.1.0/Libraries/STM32F10x_StdPeriph_Driver/src/stm32f10x_dac.o
 .data          0x0000000000000000        0x0 build//home/max/Projects/Sources/STM32_USB-FS-Device_Lib_V4.1.0/Libraries/STM32F10x_StdPeriph_Driver/src/stm32f10x_dac.o
 .bss           0x0000000000000000        0x0 build//home/max/Projects/Sources/STM32_USB-FS-Device_Lib_V4.1.0/Libraries/STM32F10x_StdPeriph_Driver/src/stm32f10x_dac.o
 .debug_info    0x0000000000000000      0x4b0 build//home/max/Projects/Sources/STM32_USB-FS-Device_Lib_V4.1.0/Libraries/STM32F10x_StdPeriph_Driver/src/stm32f10x_dac.o
 .debug_abbrev  0x0000000000000000      0x173 build//home/max/Projects/Sources/STM32_USB-FS-Device_Lib_V4.1.0/Libraries/STM32F10x_StdPeriph_Driver/src/stm32f10x_dac.o
 .debug_aranges
                0x0000000000000000       0x20 build//home/max/Projects/Sources/STM32_USB-FS-Device_Lib_V4.1.0/Libraries/STM32F10x_StdPeriph_Driver/src/stm32f10x_dac.o
 .debug_line    0x0000000000000000      0x2a2 build//home/max/Projects/Sources/STM32_USB-FS-Device_Lib_V4.1.0/Libraries/STM32F10x_StdPeriph_Driver/src/stm32f10x_dac.o
 .debug_str     0x0000000000000000      0x3d1 build//home/max/Projects/Sources/STM32_USB-FS-Device_Lib_V4.1.0/Libraries/STM32F10x_StdPeriph_Driver/src/stm32f10x_dac.o
 .comment       0x0000000000000000       0x39 build//home/max/Projects/Sources/STM32_USB-FS-Device_Lib_V4.1.0/Libraries/STM32F10x_StdPeriph_Driver/src/stm32f10x_dac.o
 .debug_frame   0x0000000000000000      0x1e4 build//home/max/Projects/Sources/STM32_USB-FS-Device_Lib_V4.1.0/Libraries/STM32F10x_StdPeriph_Driver/src/stm32f10x_dac.o
 .ARM.attributes
                0x0000000000000000       0x33 build//home/max/Projects/Sources/STM32_USB-FS-Device_Lib_V4.1.0/Libraries/STM32F10x_StdPeriph_Driver/src/stm32f10x_dac.o
 .text          0x0000000000000000       0x70 build//home/max/Projects/Sources/STM32_USB-FS-Device_Lib_V4.1.0/Libraries/STM32F10x_StdPeriph_Driver/src/stm32f10x_dbgmcu.o
 .data          0x0000000000000000        0x0 build//home/max/Projects/Sources/STM32_USB-FS-Device_Lib_V4.1.0/Libraries/STM32F10x_StdPeriph_Driver/src/stm32f10x_dbgmcu.o
 .bss           0x0000000000000000        0x0 build//home/max/Projects/Sources/STM32_USB-FS-Device_Lib_V4.1.0/Libraries/STM32F10x_StdPeriph_Driver/src/stm32f10x_dbgmcu.o
 .debug_info    0x0000000000000000      0x15e build//home/max/Projects/Sources/STM32_USB-FS-Device_Lib_V4.1.0/Libraries/STM32F10x_StdPeriph_Driver/src/stm32f10x_dbgmcu.o
 .debug_abbrev  0x0000000000000000       0xde build//home/max/Projects/Sources/STM32_USB-FS-Device_Lib_V4.1.0/Libraries/STM32F10x_StdPeriph_Driver/src/stm32f10x_dbgmcu.o
 .debug_aranges
                0x0000000000000000       0x20 build//home/max/Projects/Sources/STM32_USB-FS-Device_Lib_V4.1.0/Libraries/STM32F10x_StdPeriph_Driver/src/stm32f10x_dbgmcu.o
 .debug_line    0x0000000000000000      0x1dc build//home/max/Projects/Sources/STM32_USB-FS-Device_Lib_V4.1.0/Libraries/STM32F10x_StdPeriph_Driver/src/stm32f10x_dbgmcu.o
 .debug_str     0x0000000000000000      0x214 build//home/max/Projects/Sources/STM32_USB-FS-Device_Lib_V4.1.0/Libraries/STM32F10x_StdPeriph_Driver/src/stm32f10x_dbgmcu.o
 .comment       0x0000000000000000       0x39 build//home/max/Projects/Sources/STM32_USB-FS-Device_Lib_V4.1.0/Libraries/STM32F10x_StdPeriph_Driver/src/stm32f10x_dbgmcu.o
 .debug_frame   0x0000000000000000       0x78 build//home/max/Projects/Sources/STM32_USB-FS-Device_Lib_V4.1.0/Libraries/STM32F10x_StdPeriph_Driver/src/stm32f10x_dbgmcu.o
 .ARM.attributes
                0x0000000000000000       0x33 build//home/max/Projects/Sources/STM32_USB-FS-Device_Lib_V4.1.0/Libraries/STM32F10x_StdPeriph_Driver/src/stm32f10x_dbgmcu.o
 .text          0x0000000000000000      0x404 build//home/max/Projects/Sources/STM32_USB-FS-Device_Lib_V4.1.0/Libraries/STM32F10x_StdPeriph_Driver/src/stm32f10x_dma.o
 .data          0x0000000000000000        0x0 build//home/max/Projects/Sources/STM32_USB-FS-Device_Lib_V4.1.0/Libraries/STM32F10x_StdPeriph_Driver/src/stm32f10x_dma.o
 .bss           0x0000000000000000        0x0 build//home/max/Projects/Sources/STM32_USB-FS-Device_Lib_V4.1.0/Libraries/STM32F10x_StdPeriph_Driver/src/stm32f10x_dma.o
 .debug_info    0x0000000000000000      0x473 build//home/max/Projects/Sources/STM32_USB-FS-Device_Lib_V4.1.0/Libraries/STM32F10x_StdPeriph_Driver/src/stm32f10x_dma.o
 .debug_abbrev  0x0000000000000000      0x155 build//home/max/Projects/Sources/STM32_USB-FS-Device_Lib_V4.1.0/Libraries/STM32F10x_StdPeriph_Driver/src/stm32f10x_dma.o
 .debug_aranges
                0x0000000000000000       0x20 build//home/max/Projects/Sources/STM32_USB-FS-Device_Lib_V4.1.0/Libraries/STM32F10x_StdPeriph_Driver/src/stm32f10x_dma.o
 .debug_line    0x0000000000000000      0x2cc build//home/max/Projects/Sources/STM32_USB-FS-Device_Lib_V4.1.0/Libraries/STM32F10x_StdPeriph_Driver/src/stm32f10x_dma.o
 .debug_str     0x0000000000000000      0x3d9 build//home/max/Projects/Sources/STM32_USB-FS-Device_Lib_V4.1.0/Libraries/STM32F10x_StdPeriph_Driver/src/stm32f10x_dma.o
 .comment       0x0000000000000000       0x39 build//home/max/Projects/Sources/STM32_USB-FS-Device_Lib_V4.1.0/Libraries/STM32F10x_StdPeriph_Driver/src/stm32f10x_dma.o
 .debug_frame   0x0000000000000000      0x1c8 build//home/max/Projects/Sources/STM32_USB-FS-Device_Lib_V4.1.0/Libraries/STM32F10x_StdPeriph_Driver/src/stm32f10x_dma.o
 .ARM.attributes
                0x0000000000000000       0x33 build//home/max/Projects/Sources/STM32_USB-FS-Device_Lib_V4.1.0/Libraries/STM32F10x_StdPeriph_Driver/src/stm32f10x_dma.o
 .text          0x0000000000000000      0x21c build//home/max/Projects/Sources/STM32_USB-FS-Device_Lib_V4.1.0/Libraries/STM32F10x_StdPeriph_Driver/src/stm32f10x_exti.o
 .data          0x0000000000000000        0x0 build//home/max/Projects/Sources/STM32_USB-FS-Device_Lib_V4.1.0/Libraries/STM32F10x_StdPeriph_Driver/src/stm32f10x_exti.o
 .bss           0x0000000000000000        0x0 build//home/max/Projects/Sources/STM32_USB-FS-Device_Lib_V4.1.0/Libraries/STM32F10x_StdPeriph_Driver/src/stm32f10x_exti.o
 .debug_info    0x0000000000000000      0x341 build//home/max/Projects/Sources/STM32_USB-FS-Device_Lib_V4.1.0/Libraries/STM32F10x_StdPeriph_Driver/src/stm32f10x_exti.o
 .debug_abbrev  0x0000000000000000      0x151 build//home/max/Projects/Sources/STM32_USB-FS-Device_Lib_V4.1.0/Libraries/STM32F10x_StdPeriph_Driver/src/stm32f10x_exti.o
 .debug_aranges
                0x0000000000000000       0x20 build//home/max/Projects/Sources/STM32_USB-FS-Device_Lib_V4.1.0/Libraries/STM32F10x_StdPeriph_Driver/src/stm32f10x_exti.o
 .debug_line    0x0000000000000000      0x292 build//home/max/Projects/Sources/STM32_USB-FS-Device_Lib_V4.1.0/Libraries/STM32F10x_StdPeriph_Driver/src/stm32f10x_exti.o
 .debug_str     0x0000000000000000      0x36b build//home/max/Projects/Sources/STM32_USB-FS-Device_Lib_V4.1.0/Libraries/STM32F10x_StdPeriph_Driver/src/stm32f10x_exti.o
 .comment       0x0000000000000000       0x39 build//home/max/Projects/Sources/STM32_USB-FS-Device_Lib_V4.1.0/Libraries/STM32F10x_StdPeriph_Driver/src/stm32f10x_exti.o
 .debug_frame   0x0000000000000000      0x148 build//home/max/Projects/Sources/STM32_USB-FS-Device_Lib_V4.1.0/Libraries/STM32F10x_StdPeriph_Driver/src/stm32f10x_exti.o
 .ARM.attributes
                0x0000000000000000       0x33 build//home/max/Projects/Sources/STM32_USB-FS-Device_Lib_V4.1.0/Libraries/STM32F10x_StdPeriph_Driver/src/stm32f10x_exti.o
 .text          0x0000000000000000      0x96c build//home/max/Projects/Sources/STM32_USB-FS-Device_Lib_V4.1.0/Libraries/STM32F10x_StdPeriph_Driver/src/stm32f10x_flash.o
 .data          0x0000000000000000        0x0 build//home/max/Projects/Sources/STM32_USB-FS-Device_Lib_V4.1.0/Libraries/STM32F10x_StdPeriph_Driver/src/stm32f10x_flash.o
 .bss           0x0000000000000000        0x0 build//home/max/Projects/Sources/STM32_USB-FS-Device_Lib_V4.1.0/Libraries/STM32F10x_StdPeriph_Driver/src/stm32f10x_flash.o
 .debug_info    0x0000000000000000      0x7b1 build//home/max/Projects/Sources/STM32_USB-FS-Device_Lib_V4.1.0/Libraries/STM32F10x_StdPeriph_Driver/src/stm32f10x_flash.o
 .debug_abbrev  0x0000000000000000      0x18b build//home/max/Projects/Sources/STM32_USB-FS-Device_Lib_V4.1.0/Libraries/STM32F10x_StdPeriph_Driver/src/stm32f10x_flash.o
 .debug_aranges
                0x0000000000000000       0x20 build//home/max/Projects/Sources/STM32_USB-FS-Device_Lib_V4.1.0/Libraries/STM32F10x_StdPeriph_Driver/src/stm32f10x_flash.o
 .debug_line    0x0000000000000000      0x3bc build//home/max/Projects/Sources/STM32_USB-FS-Device_Lib_V4.1.0/Libraries/STM32F10x_StdPeriph_Driver/src/stm32f10x_flash.o
 .debug_str     0x0000000000000000      0x60a build//home/max/Projects/Sources/STM32_USB-FS-Device_Lib_V4.1.0/Libraries/STM32F10x_StdPeriph_Driver/src/stm32f10x_flash.o
 .comment       0x0000000000000000       0x39 build//home/max/Projects/Sources/STM32_USB-FS-Device_Lib_V4.1.0/Libraries/STM32F10x_StdPeriph_Driver/src/stm32f10x_flash.o
 .debug_frame   0x0000000000000000      0x410 build//home/max/Projects/Sources/STM32_USB-FS-Device_Lib_V4.1.0/Libraries/STM32F10x_StdPeriph_Driver/src/stm32f10x_flash.o
 .ARM.attributes
                0x0000000000000000       0x33 build//home/max/Projects/Sources/STM32_USB-FS-Device_Lib_V4.1.0/Libraries/STM32F10x_StdPeriph_Driver/src/stm32f10x_flash.o
 .text          0x0000000000000000      0x94c build//home/max/Projects/Sources/STM32_USB-FS-Device_Lib_V4.1.0/Libraries/STM32F10x_StdPeriph_Driver/src/stm32f10x_fsmc.o
 .data          0x0000000000000000        0x0 build//home/max/Projects/Sources/STM32_USB-FS-Device_Lib_V4.1.0/Libraries/STM32F10x_StdPeriph_Driver/src/stm32f10x_fsmc.o
 .bss           0x0000000000000000        0x0 build//home/max/Projects/Sources/STM32_USB-FS-Device_Lib_V4.1.0/Libraries/STM32F10x_StdPeriph_Driver/src/stm32f10x_fsmc.o
 .debug_info    0x0000000000000000      0x8f4 build//home/max/Projects/Sources/STM32_USB-FS-Device_Lib_V4.1.0/Libraries/STM32F10x_StdPeriph_Driver/src/stm32f10x_fsmc.o
 .debug_abbrev  0x0000000000000000      0x170 build//home/max/Projects/Sources/STM32_USB-FS-Device_Lib_V4.1.0/Libraries/STM32F10x_StdPeriph_Driver/src/stm32f10x_fsmc.o
 .debug_aranges
                0x0000000000000000       0x20 build//home/max/Projects/Sources/STM32_USB-FS-Device_Lib_V4.1.0/Libraries/STM32F10x_StdPeriph_Driver/src/stm32f10x_fsmc.o
 .debug_line    0x0000000000000000      0x3b0 build//home/max/Projects/Sources/STM32_USB-FS-Device_Lib_V4.1.0/Libraries/STM32F10x_StdPeriph_Driver/src/stm32f10x_fsmc.o
 .debug_str     0x0000000000000000      0x79c build//home/max/Projects/Sources/STM32_USB-FS-Device_Lib_V4.1.0/Libraries/STM32F10x_StdPeriph_Driver/src/stm32f10x_fsmc.o
 .comment       0x0000000000000000       0x39 build//home/max/Projects/Sources/STM32_USB-FS-Device_Lib_V4.1.0/Libraries/STM32F10x_StdPeriph_Driver/src/stm32f10x_fsmc.o
 .debug_frame   0x0000000000000000      0x300 build//home/max/Projects/Sources/STM32_USB-FS-Device_Lib_V4.1.0/Libraries/STM32F10x_StdPeriph_Driver/src/stm32f10x_fsmc.o
 .ARM.attributes
                0x0000000000000000       0x33 build//home/max/Projects/Sources/STM32_USB-FS-Device_Lib_V4.1.0/Libraries/STM32F10x_StdPeriph_Driver/src/stm32f10x_fsmc.o
 .data          0x0000000000000000        0x0 build//home/max/Projects/Sources/STM32_USB-FS-Device_Lib_V4.1.0/Libraries/STM32F10x_StdPeriph_Driver/src/stm32f10x_gpio.o
 .bss           0x0000000000000000        0x0 build//home/max/Projects/Sources/STM32_USB-FS-Device_Lib_V4.1.0/Libraries/STM32F10x_StdPeriph_Driver/src/stm32f10x_gpio.o
 .text          0x0000000000000000      0x958 build//home/max/Projects/Sources/STM32_USB-FS-Device_Lib_V4.1.0/Libraries/STM32F10x_StdPeriph_Driver/src/stm32f10x_i2c.o
 .data          0x0000000000000000        0x0 build//home/max/Projects/Sources/STM32_USB-FS-Device_Lib_V4.1.0/Libraries/STM32F10x_StdPeriph_Driver/src/stm32f10x_i2c.o
 .bss           0x0000000000000000        0x0 build//home/max/Projects/Sources/STM32_USB-FS-Device_Lib_V4.1.0/Libraries/STM32F10x_StdPeriph_Driver/src/stm32f10x_i2c.o
 .debug_info    0x0000000000000000      0xb00 build//home/max/Projects/Sources/STM32_USB-FS-Device_Lib_V4.1.0/Libraries/STM32F10x_StdPeriph_Driver/src/stm32f10x_i2c.o
 .debug_abbrev  0x0000000000000000      0x164 build//home/max/Projects/Sources/STM32_USB-FS-Device_Lib_V4.1.0/Libraries/STM32F10x_StdPeriph_Driver/src/stm32f10x_i2c.o
 .debug_aranges
                0x0000000000000000       0x20 build//home/max/Projects/Sources/STM32_USB-FS-Device_Lib_V4.1.0/Libraries/STM32F10x_StdPeriph_Driver/src/stm32f10x_i2c.o
 .debug_line    0x0000000000000000      0x37a build//home/max/Projects/Sources/STM32_USB-FS-Device_Lib_V4.1.0/Libraries/STM32F10x_StdPeriph_Driver/src/stm32f10x_i2c.o
 .debug_str     0x0000000000000000      0x688 build//home/max/Projects/Sources/STM32_USB-FS-Device_Lib_V4.1.0/Libraries/STM32F10x_StdPeriph_Driver/src/stm32f10x_i2c.o
 .comment       0x0000000000000000       0x39 build//home/max/Projects/Sources/STM32_USB-FS-Device_Lib_V4.1.0/Libraries/STM32F10x_StdPeriph_Driver/src/stm32f10x_i2c.o
 .debug_frame   0x0000000000000000      0x530 build//home/max/Projects/Sources/STM32_USB-FS-Device_Lib_V4.1.0/Libraries/STM32F10x_StdPeriph_Driver/src/stm32f10x_i2c.o
 .ARM.attributes
                0x0000000000000000       0x33 build//home/max/Projects/Sources/STM32_USB-FS-Device_Lib_V4.1.0/Libraries/STM32F10x_StdPeriph_Driver/src/stm32f10x_i2c.o
 .text          0x0000000000000000       0xc8 build//home/max/Projects/Sources/STM32_USB-FS-Device_Lib_V4.1.0/Libraries/STM32F10x_StdPeriph_Driver/src/stm32f10x_iwdg.o
 .data          0x0000000000000000        0x0 build//home/max/Projects/Sources/STM32_USB-FS-Device_Lib_V4.1.0/Libraries/STM32F10x_StdPeriph_Driver/src/stm32f10x_iwdg.o
 .bss           0x0000000000000000        0x0 build//home/max/Projects/Sources/STM32_USB-FS-Device_Lib_V4.1.0/Libraries/STM32F10x_StdPeriph_Driver/src/stm32f10x_iwdg.o
 .debug_info    0x0000000000000000      0x20a build//home/max/Projects/Sources/STM32_USB-FS-Device_Lib_V4.1.0/Libraries/STM32F10x_StdPeriph_Driver/src/stm32f10x_iwdg.o
 .debug_abbrev  0x0000000000000000      0x101 build//home/max/Projects/Sources/STM32_USB-FS-Device_Lib_V4.1.0/Libraries/STM32F10x_StdPeriph_Driver/src/stm32f10x_iwdg.o
 .debug_aranges
                0x0000000000000000       0x20 build//home/max/Projects/Sources/STM32_USB-FS-Device_Lib_V4.1.0/Libraries/STM32F10x_StdPeriph_Driver/src/stm32f10x_iwdg.o
 .debug_line    0x0000000000000000      0x1eb build//home/max/Projects/Sources/STM32_USB-FS-Device_Lib_V4.1.0/Libraries/STM32F10x_StdPeriph_Driver/src/stm32f10x_iwdg.o
 .debug_str     0x0000000000000000      0x27e build//home/max/Projects/Sources/STM32_USB-FS-Device_Lib_V4.1.0/Libraries/STM32F10x_StdPeriph_Driver/src/stm32f10x_iwdg.o
 .comment       0x0000000000000000       0x39 build//home/max/Projects/Sources/STM32_USB-FS-Device_Lib_V4.1.0/Libraries/STM32F10x_StdPeriph_Driver/src/stm32f10x_iwdg.o
 .debug_frame   0x0000000000000000       0xf0 build//home/max/Projects/Sources/STM32_USB-FS-Device_Lib_V4.1.0/Libraries/STM32F10x_StdPeriph_Driver/src/stm32f10x_iwdg.o
 .ARM.attributes
                0x0000000000000000       0x33 build//home/max/Projects/Sources/STM32_USB-FS-Device_Lib_V4.1.0/Libraries/STM32F10x_StdPeriph_Driver/src/stm32f10x_iwdg.o
 .text          0x0000000000000000      0x1ac build//home/max/Projects/Sources/STM32_USB-FS-Device_Lib_V4.1.0/Libraries/STM32F10x_StdPeriph_Driver/src/stm32f10x_pwr.o
 .data          0x0000000000000000        0x0 build//home/max/Projects/Sources/STM32_USB-FS-Device_Lib_V4.1.0/Libraries/STM32F10x_StdPeriph_Driver/src/stm32f10x_pwr.o
 .bss           0x0000000000000000        0x0 build//home/max/Projects/Sources/STM32_USB-FS-Device_Lib_V4.1.0/Libraries/STM32F10x_StdPeriph_Driver/src/stm32f10x_pwr.o
 .debug_info    0x0000000000000000      0x482 build//home/max/Projects/Sources/STM32_USB-FS-Device_Lib_V4.1.0/Libraries/STM32F10x_StdPeriph_Driver/src/stm32f10x_pwr.o
 .debug_abbrev  0x0000000000000000      0x17f build//home/max/Projects/Sources/STM32_USB-FS-Device_Lib_V4.1.0/Libraries/STM32F10x_StdPeriph_Driver/src/stm32f10x_pwr.o
 .debug_aranges
                0x0000000000000000       0x20 build//home/max/Projects/Sources/STM32_USB-FS-Device_Lib_V4.1.0/Libraries/STM32F10x_StdPeriph_Driver/src/stm32f10x_pwr.o
 .debug_line    0x0000000000000000      0x232 build//home/max/Projects/Sources/STM32_USB-FS-Device_Lib_V4.1.0/Libraries/STM32F10x_StdPeriph_Driver/src/stm32f10x_pwr.o
 .debug_str     0x0000000000000000      0x344 build//home/max/Projects/Sources/STM32_USB-FS-Device_Lib_V4.1.0/Libraries/STM32F10x_StdPeriph_Driver/src/stm32f10x_pwr.o
 .comment       0x0000000000000000       0x39 build//home/max/Projects/Sources/STM32_USB-FS-Device_Lib_V4.1.0/Libraries/STM32F10x_StdPeriph_Driver/src/stm32f10x_pwr.o
 .debug_frame   0x0000000000000000      0x164 build//home/max/Projects/Sources/STM32_USB-FS-Device_Lib_V4.1.0/Libraries/STM32F10x_StdPeriph_Driver/src/stm32f10x_pwr.o
 .ARM.attributes
                0x0000000000000000       0x33 build//home/max/Projects/Sources/STM32_USB-FS-Device_Lib_V4.1.0/Libraries/STM32F10x_StdPeriph_Driver/src/stm32f10x_pwr.o
 .bss           0x0000000000000000        0x0 build//home/max/Projects/Sources/STM32_USB-FS-Device_Lib_V4.1.0/Libraries/STM32F10x_StdPeriph_Driver/src/stm32f10x_rcc.o
 .text          0x0000000000000000      0x2d4 build//home/max/Projects/Sources/STM32_USB-FS-Device_Lib_V4.1.0/Libraries/STM32F10x_StdPeriph_Driver/src/stm32f10x_rtc.o
 .data          0x0000000000000000        0x0 build//home/max/Projects/Sources/STM32_USB-FS-Device_Lib_V4.1.0/Libraries/STM32F10x_StdPeriph_Driver/src/stm32f10x_rtc.o
 .bss           0x0000000000000000        0x0 build//home/max/Projects/Sources/STM32_USB-FS-Device_Lib_V4.1.0/Libraries/STM32F10x_StdPeriph_Driver/src/stm32f10x_rtc.o
 .debug_info    0x0000000000000000      0x453 build//home/max/Projects/Sources/STM32_USB-FS-Device_Lib_V4.1.0/Libraries/STM32F10x_StdPeriph_Driver/src/stm32f10x_rtc.o
 .debug_abbrev  0x0000000000000000      0x18d build//home/max/Projects/Sources/STM32_USB-FS-Device_Lib_V4.1.0/Libraries/STM32F10x_StdPeriph_Driver/src/stm32f10x_rtc.o
 .debug_aranges
                0x0000000000000000       0x20 build//home/max/Projects/Sources/STM32_USB-FS-Device_Lib_V4.1.0/Libraries/STM32F10x_StdPeriph_Driver/src/stm32f10x_rtc.o
 .debug_line    0x0000000000000000      0x235 build//home/max/Projects/Sources/STM32_USB-FS-Device_Lib_V4.1.0/Libraries/STM32F10x_StdPeriph_Driver/src/stm32f10x_rtc.o
 .debug_str     0x0000000000000000      0x3d0 build//home/max/Projects/Sources/STM32_USB-FS-Device_Lib_V4.1.0/Libraries/STM32F10x_StdPeriph_Driver/src/stm32f10x_rtc.o
 .comment       0x0000000000000000       0x39 build//home/max/Projects/Sources/STM32_USB-FS-Device_Lib_V4.1.0/Libraries/STM32F10x_StdPeriph_Driver/src/stm32f10x_rtc.o
 .debug_frame   0x0000000000000000      0x214 build//home/max/Projects/Sources/STM32_USB-FS-Device_Lib_V4.1.0/Libraries/STM32F10x_StdPeriph_Driver/src/stm32f10x_rtc.o
 .ARM.attributes
                0x0000000000000000       0x33 build//home/max/Projects/Sources/STM32_USB-FS-Device_Lib_V4.1.0/Libraries/STM32F10x_StdPeriph_Driver/src/stm32f10x_rtc.o
 .text          0x0000000000000000      0x500 build//home/max/Projects/Sources/STM32_USB-FS-Device_Lib_V4.1.0/Libraries/STM32F10x_StdPeriph_Driver/src/stm32f10x_sdio.o
 .data          0x0000000000000000        0x0 build//home/max/Projects/Sources/STM32_USB-FS-Device_Lib_V4.1.0/Libraries/STM32F10x_StdPeriph_Driver/src/stm32f10x_sdio.o
 .bss           0x0000000000000000        0x0 build//home/max/Projects/Sources/STM32_USB-FS-Device_Lib_V4.1.0/Libraries/STM32F10x_StdPeriph_Driver/src/stm32f10x_sdio.o
 .debug_info    0x0000000000000000      0x7ed build//home/max/Projects/Sources/STM32_USB-FS-Device_Lib_V4.1.0/Libraries/STM32F10x_StdPeriph_Driver/src/stm32f10x_sdio.o
 .debug_abbrev  0x0000000000000000      0x1af build//home/max/Projects/Sources/STM32_USB-FS-Device_Lib_V4.1.0/Libraries/STM32F10x_StdPeriph_Driver/src/stm32f10x_sdio.o
 .debug_aranges
                0x0000000000000000       0x20 build//home/max/Projects/Sources/STM32_USB-FS-Device_Lib_V4.1.0/Libraries/STM32F10x_StdPeriph_Driver/src/stm32f10x_sdio.o
 .debug_line    0x0000000000000000      0x30a build//home/max/Projects/Sources/STM32_USB-FS-Device_Lib_V4.1.0/Libraries/STM32F10x_StdPeriph_Driver/src/stm32f10x_sdio.o
 .debug_str     0x0000000000000000      0x652 build//home/max/Projects/Sources/STM32_USB-FS-Device_Lib_V4.1.0/Libraries/STM32F10x_StdPeriph_Driver/src/stm32f10x_sdio.o
 .comment       0x0000000000000000       0x39 build//home/max/Projects/Sources/STM32_USB-FS-Device_Lib_V4.1.0/Libraries/STM32F10x_StdPeriph_Driver/src/stm32f10x_sdio.o
 .debug_frame   0x0000000000000000      0x490 build//home/max/Projects/Sources/STM32_USB-FS-Device_Lib_V4.1.0/Libraries/STM32F10x_StdPeriph_Driver/src/stm32f10x_sdio.o
 .ARM.attributes
                0x0000000000000000       0x33 build//home/max/Projects/Sources/STM32_USB-FS-Device_Lib_V4.1.0/Libraries/STM32F10x_StdPeriph_Driver/src/stm32f10x_sdio.o
 .text          0x0000000000000000      0x6f4 build//home/max/Projects/Sources/STM32_USB-FS-Device_Lib_V4.1.0/Libraries/STM32F10x_StdPeriph_Driver/src/stm32f10x_spi.o
 .data          0x0000000000000000        0x0 build//home/max/Projects/Sources/STM32_USB-FS-Device_Lib_V4.1.0/Libraries/STM32F10x_StdPeriph_Driver/src/stm32f10x_spi.o
 .bss           0x0000000000000000        0x0 build//home/max/Projects/Sources/STM32_USB-FS-Device_Lib_V4.1.0/Libraries/STM32F10x_StdPeriph_Driver/src/stm32f10x_spi.o
 .debug_info    0x0000000000000000      0x8f3 build//home/max/Projects/Sources/STM32_USB-FS-Device_Lib_V4.1.0/Libraries/STM32F10x_StdPeriph_Driver/src/stm32f10x_spi.o
 .debug_abbrev  0x0000000000000000      0x17e build//home/max/Projects/Sources/STM32_USB-FS-Device_Lib_V4.1.0/Libraries/STM32F10x_StdPeriph_Driver/src/stm32f10x_spi.o
 .debug_aranges
                0x0000000000000000       0x20 build//home/max/Projects/Sources/STM32_USB-FS-Device_Lib_V4.1.0/Libraries/STM32F10x_StdPeriph_Driver/src/stm32f10x_spi.o
 .debug_line    0x0000000000000000      0x344 build//home/max/Projects/Sources/STM32_USB-FS-Device_Lib_V4.1.0/Libraries/STM32F10x_StdPeriph_Driver/src/stm32f10x_spi.o
 .debug_str     0x0000000000000000      0x61f build//home/max/Projects/Sources/STM32_USB-FS-Device_Lib_V4.1.0/Libraries/STM32F10x_StdPeriph_Driver/src/stm32f10x_spi.o
 .comment       0x0000000000000000       0x39 build//home/max/Projects/Sources/STM32_USB-FS-Device_Lib_V4.1.0/Libraries/STM32F10x_StdPeriph_Driver/src/stm32f10x_spi.o
 .debug_frame   0x0000000000000000      0x3a0 build//home/max/Projects/Sources/STM32_USB-FS-Device_Lib_V4.1.0/Libraries/STM32F10x_StdPeriph_Driver/src/stm32f10x_spi.o
 .ARM.attributes
                0x0000000000000000       0x33 build//home/max/Projects/Sources/STM32_USB-FS-Device_Lib_V4.1.0/Libraries/STM32F10x_StdPeriph_Driver/src/stm32f10x_spi.o
 .text          0x0000000000000000     0x1e10 build//home/max/Projects/Sources/STM32_USB-FS-Device_Lib_V4.1.0/Libraries/STM32F10x_StdPeriph_Driver/src/stm32f10x_tim.o
 .data          0x0000000000000000        0x0 build//home/max/Projects/Sources/STM32_USB-FS-Device_Lib_V4.1.0/Libraries/STM32F10x_StdPeriph_Driver/src/stm32f10x_tim.o
 .bss           0x0000000000000000        0x0 build//home/max/Projects/Sources/STM32_USB-FS-Device_Lib_V4.1.0/Libraries/STM32F10x_StdPeriph_Driver/src/stm32f10x_tim.o
 .debug_info    0x0000000000000000     0x1c58 build//home/max/Projects/Sources/STM32_USB-FS-Device_Lib_V4.1.0/Libraries/STM32F10x_StdPeriph_Driver/src/stm32f10x_tim.o
 .debug_abbrev  0x0000000000000000      0x1b0 build//home/max/Projects/Sources/STM32_USB-FS-Device_Lib_V4.1.0/Libraries/STM32F10x_StdPeriph_Driver/src/stm32f10x_tim.o
 .debug_aranges
                0x0000000000000000       0x20 build//home/max/Projects/Sources/STM32_USB-FS-Device_Lib_V4.1.0/Libraries/STM32F10x_StdPeriph_Driver/src/stm32f10x_tim.o
 .debug_line    0x0000000000000000      0x68c build//home/max/Projects/Sources/STM32_USB-FS-Device_Lib_V4.1.0/Libraries/STM32F10x_StdPeriph_Driver/src/stm32f10x_tim.o
 .debug_str     0x0000000000000000      0xdff build//home/max/Projects/Sources/STM32_USB-FS-Device_Lib_V4.1.0/Libraries/STM32F10x_StdPeriph_Driver/src/stm32f10x_tim.o
 .comment       0x0000000000000000       0x39 build//home/max/Projects/Sources/STM32_USB-FS-Device_Lib_V4.1.0/Libraries/STM32F10x_StdPeriph_Driver/src/stm32f10x_tim.o
 .debug_frame   0x0000000000000000      0xe2c build//home/max/Projects/Sources/STM32_USB-FS-Device_Lib_V4.1.0/Libraries/STM32F10x_StdPeriph_Driver/src/stm32f10x_tim.o
 .ARM.attributes
                0x0000000000000000       0x33 build//home/max/Projects/Sources/STM32_USB-FS-Device_Lib_V4.1.0/Libraries/STM32F10x_StdPeriph_Driver/src/stm32f10x_tim.o
 .text          0x0000000000000000      0x908 build//home/max/Projects/Sources/STM32_USB-FS-Device_Lib_V4.1.0/Libraries/STM32F10x_StdPeriph_Driver/src/stm32f10x_usart.o
 .data          0x0000000000000000        0x0 build//home/max/Projects/Sources/STM32_USB-FS-Device_Lib_V4.1.0/Libraries/STM32F10x_StdPeriph_Driver/src/stm32f10x_usart.o
 .bss           0x0000000000000000        0x0 build//home/max/Projects/Sources/STM32_USB-FS-Device_Lib_V4.1.0/Libraries/STM32F10x_StdPeriph_Driver/src/stm32f10x_usart.o
 .debug_info    0x0000000000000000      0x9e8 build//home/max/Projects/Sources/STM32_USB-FS-Device_Lib_V4.1.0/Libraries/STM32F10x_StdPeriph_Driver/src/stm32f10x_usart.o
 .debug_abbrev  0x0000000000000000      0x162 build//home/max/Projects/Sources/STM32_USB-FS-Device_Lib_V4.1.0/Libraries/STM32F10x_StdPeriph_Driver/src/stm32f10x_usart.o
 .debug_aranges
                0x0000000000000000       0x20 build//home/max/Projects/Sources/STM32_USB-FS-Device_Lib_V4.1.0/Libraries/STM32F10x_StdPeriph_Driver/src/stm32f10x_usart.o
 .debug_line    0x0000000000000000      0x376 build//home/max/Projects/Sources/STM32_USB-FS-Device_Lib_V4.1.0/Libraries/STM32F10x_StdPeriph_Driver/src/stm32f10x_usart.o
 .debug_str     0x0000000000000000      0x6b2 build//home/max/Projects/Sources/STM32_USB-FS-Device_Lib_V4.1.0/Libraries/STM32F10x_StdPeriph_Driver/src/stm32f10x_usart.o
 .comment       0x0000000000000000       0x39 build//home/max/Projects/Sources/STM32_USB-FS-Device_Lib_V4.1.0/Libraries/STM32F10x_StdPeriph_Driver/src/stm32f10x_usart.o
 .debug_frame   0x0000000000000000      0x490 build//home/max/Projects/Sources/STM32_USB-FS-Device_Lib_V4.1.0/Libraries/STM32F10x_StdPeriph_Driver/src/stm32f10x_usart.o
 .ARM.attributes
                0x0000000000000000       0x33 build//home/max/Projects/Sources/STM32_USB-FS-Device_Lib_V4.1.0/Libraries/STM32F10x_StdPeriph_Driver/src/stm32f10x_usart.o
 .text          0x0000000000000000      0x118 build//home/max/Projects/Sources/STM32_USB-FS-Device_Lib_V4.1.0/Libraries/STM32F10x_StdPeriph_Driver/src/stm32f10x_wwdg.o
 .data          0x0000000000000000        0x0 build//home/max/Projects/Sources/STM32_USB-FS-Device_Lib_V4.1.0/Libraries/STM32F10x_StdPeriph_Driver/src/stm32f10x_wwdg.o
 .bss           0x0000000000000000        0x0 build//home/max/Projects/Sources/STM32_USB-FS-Device_Lib_V4.1.0/Libraries/STM32F10x_StdPeriph_Driver/src/stm32f10x_wwdg.o
 .debug_info    0x0000000000000000      0x22e build//home/max/Projects/Sources/STM32_USB-FS-Device_Lib_V4.1.0/Libraries/STM32F10x_StdPeriph_Driver/src/stm32f10x_wwdg.o
 .debug_abbrev  0x0000000000000000      0x117 build//home/max/Projects/Sources/STM32_USB-FS-Device_Lib_V4.1.0/Libraries/STM32F10x_StdPeriph_Driver/src/stm32f10x_wwdg.o
 .debug_aranges
                0x0000000000000000       0x20 build//home/max/Projects/Sources/STM32_USB-FS-Device_Lib_V4.1.0/Libraries/STM32F10x_StdPeriph_Driver/src/stm32f10x_wwdg.o
 .debug_line    0x0000000000000000      0x1f4 build//home/max/Projects/Sources/STM32_USB-FS-Device_Lib_V4.1.0/Libraries/STM32F10x_StdPeriph_Driver/src/stm32f10x_wwdg.o
 .debug_str     0x0000000000000000      0x27f build//home/max/Projects/Sources/STM32_USB-FS-Device_Lib_V4.1.0/Libraries/STM32F10x_StdPeriph_Driver/src/stm32f10x_wwdg.o
 .comment       0x0000000000000000       0x39 build//home/max/Projects/Sources/STM32_USB-FS-Device_Lib_V4.1.0/Libraries/STM32F10x_StdPeriph_Driver/src/stm32f10x_wwdg.o
 .debug_frame   0x0000000000000000      0x12c build//home/max/Projects/Sources/STM32_USB-FS-Device_Lib_V4.1.0/Libraries/STM32F10x_StdPeriph_Driver/src/stm32f10x_wwdg.o
 .ARM.attributes
                0x0000000000000000       0x33 build//home/max/Projects/Sources/STM32_USB-FS-Device_Lib_V4.1.0/Libraries/STM32F10x_StdPeriph_Driver/src/stm32f10x_wwdg.o
 .data          0x0000000000000000        0x0 build/src/delay.o
 .data          0x0000000000000000        0x0 build/src/main.o
 .bss           0x0000000000000000        0x0 build/src/main.o
 .text          0x0000000000000000      0x278 build/src/syscalls.o
 .data          0x0000000000000000        0x4 build/src/syscalls.o
 .bss           0x0000000000000000        0x8 build/src/syscalls.o
 .debug_info    0x0000000000000000      0x65c build/src/syscalls.o
 .debug_abbrev  0x0000000000000000      0x171 build/src/syscalls.o
 .debug_aranges
                0x0000000000000000       0x20 build/src/syscalls.o
 .debug_line    0x0000000000000000       0xf1 build/src/syscalls.o
 .debug_str     0x0000000000000000      0x352 build/src/syscalls.o
 .comment       0x0000000000000000       0x39 build/src/syscalls.o
 .debug_frame   0x0000000000000000      0x2d4 build/src/syscalls.o
 .ARM.attributes
                0x0000000000000000       0x33 build/src/syscalls.o
 .bss           0x0000000000000000        0x0 build/src/system_stm32f10x.o
 .text          0x0000000000000000       0x14 build/startup/startup_stm32.o
 .data          0x0000000000000000        0x0 build/startup/startup_stm32.o
 .bss           0x0000000000000000        0x0 build/startup/startup_stm32.o
 .text          0x0000000000000000        0x0 /usr/lib/gcc/arm-none-eabi/4.9.3/../../../arm-none-eabi/lib/armv7-m/libc.a(lib_a-atexit.o)
 .data          0x0000000000000000        0x0 /usr/lib/gcc/arm-none-eabi/4.9.3/../../../arm-none-eabi/lib/armv7-m/libc.a(lib_a-atexit.o)
 .bss           0x0000000000000000        0x0 /usr/lib/gcc/arm-none-eabi/4.9.3/../../../arm-none-eabi/lib/armv7-m/libc.a(lib_a-atexit.o)
 .text          0x0000000000000000        0x0 /usr/lib/gcc/arm-none-eabi/4.9.3/../../../arm-none-eabi/lib/armv7-m/libc.a(lib_a-errno.o)
 .data          0x0000000000000000        0x0 /usr/lib/gcc/arm-none-eabi/4.9.3/../../../arm-none-eabi/lib/armv7-m/libc.a(lib_a-errno.o)
 .bss           0x0000000000000000        0x0 /usr/lib/gcc/arm-none-eabi/4.9.3/../../../arm-none-eabi/lib/armv7-m/libc.a(lib_a-errno.o)
 .text.__errno  0x0000000000000000        0xc /usr/lib/gcc/arm-none-eabi/4.9.3/../../../arm-none-eabi/lib/armv7-m/libc.a(lib_a-errno.o)
 .debug_info    0x0000000000000000      0x889 /usr/lib/gcc/arm-none-eabi/4.9.3/../../../arm-none-eabi/lib/armv7-m/libc.a(lib_a-errno.o)
 .debug_abbrev  0x0000000000000000      0x18f /usr/lib/gcc/arm-none-eabi/4.9.3/../../../arm-none-eabi/lib/armv7-m/libc.a(lib_a-errno.o)
 .debug_aranges
                0x0000000000000000       0x20 /usr/lib/gcc/arm-none-eabi/4.9.3/../../../arm-none-eabi/lib/armv7-m/libc.a(lib_a-errno.o)
 .debug_ranges  0x0000000000000000       0x10 /usr/lib/gcc/arm-none-eabi/4.9.3/../../../arm-none-eabi/lib/armv7-m/libc.a(lib_a-errno.o)
 .debug_line    0x0000000000000000      0x10c /usr/lib/gcc/arm-none-eabi/4.9.3/../../../arm-none-eabi/lib/armv7-m/libc.a(lib_a-errno.o)
 .debug_str     0x0000000000000000      0x574 /usr/lib/gcc/arm-none-eabi/4.9.3/../../../arm-none-eabi/lib/armv7-m/libc.a(lib_a-errno.o)
 .comment       0x0000000000000000       0x39 /usr/lib/gcc/arm-none-eabi/4.9.3/../../../arm-none-eabi/lib/armv7-m/libc.a(lib_a-errno.o)
 .debug_frame   0x0000000000000000       0x20 /usr/lib/gcc/arm-none-eabi/4.9.3/../../../arm-none-eabi/lib/armv7-m/libc.a(lib_a-errno.o)
 .ARM.attributes
                0x0000000000000000       0x2d /usr/lib/gcc/arm-none-eabi/4.9.3/../../../arm-none-eabi/lib/armv7-m/libc.a(lib_a-errno.o)
 .text          0x0000000000000000        0x0 /usr/lib/gcc/arm-none-eabi/4.9.3/../../../arm-none-eabi/lib/armv7-m/libc.a(lib_a-exit.o)
 .data          0x0000000000000000        0x0 /usr/lib/gcc/arm-none-eabi/4.9.3/../../../arm-none-eabi/lib/armv7-m/libc.a(lib_a-exit.o)
 .bss           0x0000000000000000        0x0 /usr/lib/gcc/arm-none-eabi/4.9.3/../../../arm-none-eabi/lib/armv7-m/libc.a(lib_a-exit.o)
 .text.exit     0x0000000000000000       0x20 /usr/lib/gcc/arm-none-eabi/4.9.3/../../../arm-none-eabi/lib/armv7-m/libc.a(lib_a-exit.o)
 .debug_info    0x0000000000000000      0x8e4 /usr/lib/gcc/arm-none-eabi/4.9.3/../../../arm-none-eabi/lib/armv7-m/libc.a(lib_a-exit.o)
 .debug_abbrev  0x0000000000000000      0x1e6 /usr/lib/gcc/arm-none-eabi/4.9.3/../../../arm-none-eabi/lib/armv7-m/libc.a(lib_a-exit.o)
 .debug_loc     0x0000000000000000       0x1e /usr/lib/gcc/arm-none-eabi/4.9.3/../../../arm-none-eabi/lib/armv7-m/libc.a(lib_a-exit.o)
 .debug_aranges
                0x0000000000000000       0x20 /usr/lib/gcc/arm-none-eabi/4.9.3/../../../arm-none-eabi/lib/armv7-m/libc.a(lib_a-exit.o)
 .debug_ranges  0x0000000000000000       0x10 /usr/lib/gcc/arm-none-eabi/4.9.3/../../../arm-none-eabi/lib/armv7-m/libc.a(lib_a-exit.o)
 .debug_line    0x0000000000000000      0x175 /usr/lib/gcc/arm-none-eabi/4.9.3/../../../arm-none-eabi/lib/armv7-m/libc.a(lib_a-exit.o)
 .debug_str     0x0000000000000000      0x595 /usr/lib/gcc/arm-none-eabi/4.9.3/../../../arm-none-eabi/lib/armv7-m/libc.a(lib_a-exit.o)
 .comment       0x0000000000000000       0x39 /usr/lib/gcc/arm-none-eabi/4.9.3/../../../arm-none-eabi/lib/armv7-m/libc.a(lib_a-exit.o)
 .debug_frame   0x0000000000000000       0x28 /usr/lib/gcc/arm-none-eabi/4.9.3/../../../arm-none-eabi/lib/armv7-m/libc.a(lib_a-exit.o)
 .ARM.attributes
                0x0000000000000000       0x2d /usr/lib/gcc/arm-none-eabi/4.9.3/../../../arm-none-eabi/lib/armv7-m/libc.a(lib_a-exit.o)
 .text          0x0000000000000000        0x0 /usr/lib/gcc/arm-none-eabi/4.9.3/../../../arm-none-eabi/lib/armv7-m/libc.a(lib_a-fini.o)
 .data          0x0000000000000000        0x0 /usr/lib/gcc/arm-none-eabi/4.9.3/../../../arm-none-eabi/lib/armv7-m/libc.a(lib_a-fini.o)
 .bss           0x0000000000000000        0x0 /usr/lib/gcc/arm-none-eabi/4.9.3/../../../arm-none-eabi/lib/armv7-m/libc.a(lib_a-fini.o)
 .text          0x0000000000000000        0x0 /usr/lib/gcc/arm-none-eabi/4.9.3/../../../arm-none-eabi/lib/armv7-m/libc.a(lib_a-impure.o)
 .data          0x0000000000000000        0x0 /usr/lib/gcc/arm-none-eabi/4.9.3/../../../arm-none-eabi/lib/armv7-m/libc.a(lib_a-impure.o)
 .bss           0x0000000000000000        0x0 /usr/lib/gcc/arm-none-eabi/4.9.3/../../../arm-none-eabi/lib/armv7-m/libc.a(lib_a-impure.o)
 .data._impure_ptr
                0x0000000000000000        0x4 /usr/lib/gcc/arm-none-eabi/4.9.3/../../../arm-none-eabi/lib/armv7-m/libc.a(lib_a-impure.o)
 .text          0x0000000000000000        0x0 /usr/lib/gcc/arm-none-eabi/4.9.3/../../../arm-none-eabi/lib/armv7-m/libc.a(lib_a-init.o)
 .data          0x0000000000000000        0x0 /usr/lib/gcc/arm-none-eabi/4.9.3/../../../arm-none-eabi/lib/armv7-m/libc.a(lib_a-init.o)
 .bss           0x0000000000000000        0x0 /usr/lib/gcc/arm-none-eabi/4.9.3/../../../arm-none-eabi/lib/armv7-m/libc.a(lib_a-init.o)
 .text          0x0000000000000000        0x0 /usr/lib/gcc/arm-none-eabi/4.9.3/../../../arm-none-eabi/lib/armv7-m/libc.a(lib_a-memset.o)
 .data          0x0000000000000000        0x0 /usr/lib/gcc/arm-none-eabi/4.9.3/../../../arm-none-eabi/lib/armv7-m/libc.a(lib_a-memset.o)
 .bss           0x0000000000000000        0x0 /usr/lib/gcc/arm-none-eabi/4.9.3/../../../arm-none-eabi/lib/armv7-m/libc.a(lib_a-memset.o)
 .text.memset   0x0000000000000000       0x9c /usr/lib/gcc/arm-none-eabi/4.9.3/../../../arm-none-eabi/lib/armv7-m/libc.a(lib_a-memset.o)
 .debug_info    0x0000000000000000      0x117 /usr/lib/gcc/arm-none-eabi/4.9.3/../../../arm-none-eabi/lib/armv7-m/libc.a(lib_a-memset.o)
 .debug_abbrev  0x0000000000000000       0x9f /usr/lib/gcc/arm-none-eabi/4.9.3/../../../arm-none-eabi/lib/armv7-m/libc.a(lib_a-memset.o)
 .debug_loc     0x0000000000000000      0x1ae /usr/lib/gcc/arm-none-eabi/4.9.3/../../../arm-none-eabi/lib/armv7-m/libc.a(lib_a-memset.o)
 .debug_aranges
                0x0000000000000000       0x20 /usr/lib/gcc/arm-none-eabi/4.9.3/../../../arm-none-eabi/lib/armv7-m/libc.a(lib_a-memset.o)
 .debug_ranges  0x0000000000000000       0x10 /usr/lib/gcc/arm-none-eabi/4.9.3/../../../arm-none-eabi/lib/armv7-m/libc.a(lib_a-memset.o)
 .debug_line    0x0000000000000000      0x119 /usr/lib/gcc/arm-none-eabi/4.9.3/../../../arm-none-eabi/lib/armv7-m/libc.a(lib_a-memset.o)
 .debug_str     0x0000000000000000      0x1cf /usr/lib/gcc/arm-none-eabi/4.9.3/../../../arm-none-eabi/lib/armv7-m/libc.a(lib_a-memset.o)
 .comment       0x0000000000000000       0x39 /usr/lib/gcc/arm-none-eabi/4.9.3/../../../arm-none-eabi/lib/armv7-m/libc.a(lib_a-memset.o)
 .debug_frame   0x0000000000000000       0x34 /usr/lib/gcc/arm-none-eabi/4.9.3/../../../arm-none-eabi/lib/armv7-m/libc.a(lib_a-memset.o)
 .ARM.attributes
                0x0000000000000000       0x2d /usr/lib/gcc/arm-none-eabi/4.9.3/../../../arm-none-eabi/lib/armv7-m/libc.a(lib_a-memset.o)
 .text          0x0000000000000000        0x0 /usr/lib/gcc/arm-none-eabi/4.9.3/../../../arm-none-eabi/lib/armv7-m/libc.a(lib_a-__atexit.o)
 .data          0x0000000000000000        0x0 /usr/lib/gcc/arm-none-eabi/4.9.3/../../../arm-none-eabi/lib/armv7-m/libc.a(lib_a-__atexit.o)
 .bss           0x0000000000000000        0x0 /usr/lib/gcc/arm-none-eabi/4.9.3/../../../arm-none-eabi/lib/armv7-m/libc.a(lib_a-__atexit.o)
 .text          0x0000000000000000        0x0 /usr/lib/gcc/arm-none-eabi/4.9.3/../../../arm-none-eabi/lib/armv7-m/libc.a(lib_a-__call_atexit.o)
 .data          0x0000000000000000        0x0 /usr/lib/gcc/arm-none-eabi/4.9.3/../../../arm-none-eabi/lib/armv7-m/libc.a(lib_a-__call_atexit.o)
 .bss           0x0000000000000000        0x0 /usr/lib/gcc/arm-none-eabi/4.9.3/../../../arm-none-eabi/lib/armv7-m/libc.a(lib_a-__call_atexit.o)
 .text.__call_exitprocs
                0x0000000000000000       0xd4 /usr/lib/gcc/arm-none-eabi/4.9.3/../../../arm-none-eabi/lib/armv7-m/libc.a(lib_a-__call_atexit.o)
 .text          0x0000000000000000        0x0 /usr/lib/gcc/arm-none-eabi/4.9.3/armv7-m/crtend.o
 .data          0x0000000000000000        0x0 /usr/lib/gcc/arm-none-eabi/4.9.3/armv7-m/crtend.o
 .bss           0x0000000000000000        0x0 /usr/lib/gcc/arm-none-eabi/4.9.3/armv7-m/crtend.o
 .eh_frame      0x0000000000000000        0x4 /usr/lib/gcc/arm-none-eabi/4.9.3/armv7-m/crtend.o
 .jcr           0x0000000000000000        0x4 /usr/lib/gcc/arm-none-eabi/4.9.3/armv7-m/crtend.o
 .text          0x0000000000000000        0x0 /usr/lib/gcc/arm-none-eabi/4.9.3/armv7-m/crtn.o
 .data          0x0000000000000000        0x0 /usr/lib/gcc/arm-none-eabi/4.9.3/armv7-m/crtn.o
 .bss           0x0000000000000000        0x0 /usr/lib/gcc/arm-none-eabi/4.9.3/armv7-m/crtn.o

Memory Configuration

Name             Origin             Length             Attributes
RAM              0x0000000020000000 0x0000000000005000 xrw
ROM              0x0000000008000000 0x0000000000010000 xr
*default*        0x0000000000000000 0xffffffffffffffff

Linker script and memory map

LOAD /usr/lib/gcc/arm-none-eabi/4.9.3/armv7-m/crti.o
LOAD /usr/lib/gcc/arm-none-eabi/4.9.3/armv7-m/crtbegin.o
LOAD /usr/lib/gcc/arm-none-eabi/4.9.3/../../../arm-none-eabi/lib/armv7-m/crt0.o
LOAD build//home/max/Projects/Sources/STM32_USB-FS-Device_Lib_V4.1.0/Libraries/STM32F10x_StdPeriph_Driver/src/misc.o
LOAD build//home/max/Projects/Sources/STM32_USB-FS-Device_Lib_V4.1.0/Libraries/STM32F10x_StdPeriph_Driver/src/stm32f10x_adc.o
LOAD build//home/max/Projects/Sources/STM32_USB-FS-Device_Lib_V4.1.0/Libraries/STM32F10x_StdPeriph_Driver/src/stm32f10x_bkp.o
LOAD build//home/max/Projects/Sources/STM32_USB-FS-Device_Lib_V4.1.0/Libraries/STM32F10x_StdPeriph_Driver/src/stm32f10x_can.o
LOAD build//home/max/Projects/Sources/STM32_USB-FS-Device_Lib_V4.1.0/Libraries/STM32F10x_StdPeriph_Driver/src/stm32f10x_cec.o
LOAD build//home/max/Projects/Sources/STM32_USB-FS-Device_Lib_V4.1.0/Libraries/STM32F10x_StdPeriph_Driver/src/stm32f10x_crc.o
LOAD build//home/max/Projects/Sources/STM32_USB-FS-Device_Lib_V4.1.0/Libraries/STM32F10x_StdPeriph_Driver/src/stm32f10x_dac.o
LOAD build//home/max/Projects/Sources/STM32_USB-FS-Device_Lib_V4.1.0/Libraries/STM32F10x_StdPeriph_Driver/src/stm32f10x_dbgmcu.o
LOAD build//home/max/Projects/Sources/STM32_USB-FS-Device_Lib_V4.1.0/Libraries/STM32F10x_StdPeriph_Driver/src/stm32f10x_dma.o
LOAD build//home/max/Projects/Sources/STM32_USB-FS-Device_Lib_V4.1.0/Libraries/STM32F10x_StdPeriph_Driver/src/stm32f10x_exti.o
LOAD build//home/max/Projects/Sources/STM32_USB-FS-Device_Lib_V4.1.0/Libraries/STM32F10x_StdPeriph_Driver/src/stm32f10x_flash.o
LOAD build//home/max/Projects/Sources/STM32_USB-FS-Device_Lib_V4.1.0/Libraries/STM32F10x_StdPeriph_Driver/src/stm32f10x_fsmc.o
LOAD build//home/max/Projects/Sources/STM32_USB-FS-Device_Lib_V4.1.0/Libraries/STM32F10x_StdPeriph_Driver/src/stm32f10x_gpio.o
LOAD build//home/max/Projects/Sources/STM32_USB-FS-Device_Lib_V4.1.0/Libraries/STM32F10x_StdPeriph_Driver/src/stm32f10x_i2c.o
LOAD build//home/max/Projects/Sources/STM32_USB-FS-Device_Lib_V4.1.0/Libraries/STM32F10x_StdPeriph_Driver/src/stm32f10x_iwdg.o
LOAD build//home/max/Projects/Sources/STM32_USB-FS-Device_Lib_V4.1.0/Libraries/STM32F10x_StdPeriph_Driver/src/stm32f10x_pwr.o
LOAD build//home/max/Projects/Sources/STM32_USB-FS-Device_Lib_V4.1.0/Libraries/STM32F10x_StdPeriph_Driver/src/stm32f10x_rcc.o
LOAD build//home/max/Projects/Sources/STM32_USB-FS-Device_Lib_V4.1.0/Libraries/STM32F10x_StdPeriph_Driver/src/stm32f10x_rtc.o
LOAD build//home/max/Projects/Sources/STM32_USB-FS-Device_Lib_V4.1.0/Libraries/STM32F10x_StdPeriph_Driver/src/stm32f10x_sdio.o
LOAD build//home/max/Projects/Sources/STM32_USB-FS-Device_Lib_V4.1.0/Libraries/STM32F10x_StdPeriph_Driver/src/stm32f10x_spi.o
LOAD build//home/max/Projects/Sources/STM32_USB-FS-Device_Lib_V4.1.0/Libraries/STM32F10x_StdPeriph_Driver/src/stm32f10x_tim.o
LOAD build//home/max/Projects/Sources/STM32_USB-FS-Device_Lib_V4.1.0/Libraries/STM32F10x_StdPeriph_Driver/src/stm32f10x_usart.o
LOAD build//home/max/Projects/Sources/STM32_USB-FS-Device_Lib_V4.1.0/Libraries/STM32F10x_StdPeriph_Driver/src/stm32f10x_wwdg.o
LOAD build/src/delay.o
LOAD build/src/main.o
LOAD build/src/syscalls.o
LOAD build/src/system_stm32f10x.o
LOAD build/startup/startup_stm32.o
START GROUP
LOAD /usr/lib/gcc/arm-none-eabi/4.9.3/armv7-m/libgcc.a
LOAD /usr/lib/gcc/arm-none-eabi/4.9.3/../../../arm-none-eabi/lib/armv7-m/libc.a
END GROUP
LOAD /usr/lib/gcc/arm-none-eabi/4.9.3/armv7-m/crtend.o
LOAD /usr/lib/gcc/arm-none-eabi/4.9.3/armv7-m/crtn.o
                0x0000000020005000                _estack = 0x20005000
                0x0000000000000000                _Min_Heap_Size = 0x0
                0x0000000000000400                _Min_Stack_Size = 0x400

.isr_vector     0x0000000008000000      0x10c
                0x0000000008000000                . = ALIGN (0x4)
 *(.isr_vector)
 .isr_vector    0x0000000008000000      0x10c build/startup/startup_stm32.o
                0x0000000008000000                g_pfnVectors
                0x000000000800010c                . = ALIGN (0x4)

.text           0x000000000800010c     0x1404
                0x000000000800010c                . = ALIGN (0x4)
 *(.text)
 .text          0x000000000800010c       0xa4 /usr/lib/gcc/arm-none-eabi/4.9.3/armv7-m/crtbegin.o
 .text          0x00000000080001b0      0x5f8 build//home/max/Projects/Sources/STM32_USB-FS-Device_Lib_V4.1.0/Libraries/STM32F10x_StdPeriph_Driver/src/stm32f10x_gpio.o
                0x00000000080001b0                GPIO_DeInit
                0x0000000008000294                GPIO_AFIODeInit
                0x00000000080002ac                GPIO_Init
                0x000000000800042c                GPIO_StructInit
                0x0000000008000454                GPIO_ReadInputDataBit
                0x0000000008000488                GPIO_ReadInputData
                0x00000000080004a4                GPIO_ReadOutputDataBit
                0x00000000080004d8                GPIO_ReadOutputData
                0x00000000080004f4                GPIO_SetBits
                0x0000000008000510                GPIO_ResetBits
                0x000000000800052c                GPIO_WriteBit
                0x000000000800055c                GPIO_Write
                0x0000000008000578                GPIO_PinLockConfig
                0x00000000080005bc                GPIO_EventOutputConfig
                0x0000000008000608                GPIO_EventOutputCmd
                0x0000000008000628                GPIO_PinRemapConfig
                0x0000000008000708                GPIO_EXTILineConfig
                0x000000000800078c                GPIO_ETH_MediaInterfaceConfig
 .text          0x00000000080007a8      0x7dc build//home/max/Projects/Sources/STM32_USB-FS-Device_Lib_V4.1.0/Libraries/STM32F10x_StdPeriph_Driver/src/stm32f10x_rcc.o
                0x00000000080007a8                RCC_DeInit
                0x0000000008000804                RCC_HSEConfig
                0x0000000008000860                RCC_WaitForHSEStartUp
                0x00000000080008b0                RCC_AdjustHSICalibrationValue
                0x00000000080008ec                RCC_HSICmd
                0x000000000800090c                RCC_PLLConfig
                0x0000000008000948                RCC_PLLCmd
                0x0000000008000968                RCC_SYSCLKConfig
                0x00000000080009a0                RCC_GetSYSCLKSource
                0x00000000080009c0                RCC_HCLKConfig
                0x00000000080009f8                RCC_PCLK1Config
                0x0000000008000a30                RCC_PCLK2Config
                0x0000000008000a68                RCC_ITConfig
                0x0000000008000ab4                RCC_USBCLKConfig
                0x0000000008000ad0                RCC_ADCCLKConfig
                0x0000000008000b08                RCC_LSEConfig
                0x0000000008000b48                RCC_LSICmd
                0x0000000008000b68                RCC_RTCCLKConfig
                0x0000000008000b8c                RCC_RTCCLKCmd
                0x0000000008000bac                RCC_GetClocksFreq
                0x0000000008000d10                RCC_AHBPeriphClockCmd
                0x0000000008000d4c                RCC_APB2PeriphClockCmd
                0x0000000008000d88                RCC_APB1PeriphClockCmd
                0x0000000008000dc4                RCC_APB2PeriphResetCmd
                0x0000000008000e00                RCC_APB1PeriphResetCmd
                0x0000000008000e3c                RCC_BackupResetCmd
                0x0000000008000e5c                RCC_ClockSecuritySystemCmd
                0x0000000008000e7c                RCC_MCOConfig
                0x0000000008000e9c                RCC_GetFlagStatus
                0x0000000008000f10                RCC_ClearFlag
                0x0000000008000f2c                RCC_GetITStatus
                0x0000000008000f64                RCC_ClearITPendingBit
 .text          0x0000000008000f84      0x12c build/src/delay.o
                0x000000000800101c                SysTick_Handler
                0x0000000008001040                DelayInit
                0x0000000008001064                DelayUs
                0x000000000800108c                DelayMs
 .text          0x00000000080010b0       0x6c build/src/main.o
                0x00000000080010b0                InitInputOutput
                0x00000000080010e8                main
 .text          0x000000000800111c      0x250 build/src/system_stm32f10x.o
                0x000000000800111c                SystemInit
                0x0000000008001184                SystemCoreClockUpdate
 *(.text*)
 .text.Reset_Handler
                0x000000000800136c       0x48 build/startup/startup_stm32.o
                0x000000000800136c                Reset_Handler
 .text.Default_Handler
                0x00000000080013b4        0x2 build/startup/startup_stm32.o
                0x00000000080013b4                EXTI2_IRQHandler
                0x00000000080013b4                DebugMon_Handler
                0x00000000080013b4                TIM1_CC_IRQHandler
                0x00000000080013b4                HardFault_Handler
                0x00000000080013b4                PVD_IRQHandler
                0x00000000080013b4                PendSV_Handler
                0x00000000080013b4                NMI_Handler
                0x00000000080013b4                EXTI3_IRQHandler
                0x00000000080013b4                EXTI0_IRQHandler
                0x00000000080013b4                I2C2_EV_IRQHandler
                0x00000000080013b4                UsageFault_Handler
                0x00000000080013b4                ADC1_2_IRQHandler
                0x00000000080013b4                SPI1_IRQHandler
                0x00000000080013b4                TAMPER_IRQHandler
                0x00000000080013b4                DMA1_Channel4_IRQHandler
                0x00000000080013b4                USART3_IRQHandler
                0x00000000080013b4                RTC_IRQHandler
                0x00000000080013b4                DMA1_Channel7_IRQHandler
                0x00000000080013b4                CAN1_RX1_IRQHandler
                0x00000000080013b4                TIM4_IRQHandler
                0x00000000080013b4                I2C1_EV_IRQHandler
                0x00000000080013b4                DMA1_Channel6_IRQHandler
                0x00000000080013b4                TIM3_IRQHandler
                0x00000000080013b4                RCC_IRQHandler
                0x00000000080013b4                TIM1_TRG_COM_IRQHandler
                0x00000000080013b4                DMA1_Channel1_IRQHandler
                0x00000000080013b4                Default_Handler
                0x00000000080013b4                EXTI15_10_IRQHandler
                0x00000000080013b4                EXTI9_5_IRQHandler
                0x00000000080013b4                SPI2_IRQHandler
                0x00000000080013b4                MemManage_Handler
                0x00000000080013b4                SVC_Handler
                0x00000000080013b4                DMA1_Channel5_IRQHandler
                0x00000000080013b4                EXTI4_IRQHandler
                0x00000000080013b4                USB_LP_CAN1_RX0_IRQHandler
                0x00000000080013b4                USB_HP_CAN1_TX_IRQHandler
                0x00000000080013b4                DMA1_Channel3_IRQHandler
                0x00000000080013b4                TIM1_UP_IRQHandler
                0x00000000080013b4                WWDG_IRQHandler
                0x00000000080013b4                TIM2_IRQHandler
                0x00000000080013b4                TIM1_BRK_IRQHandler
                0x00000000080013b4                EXTI1_IRQHandler
                0x00000000080013b4                RTCAlarm_IRQHandler
                0x00000000080013b4                USART2_IRQHandler
                0x00000000080013b4                I2C2_ER_IRQHandler
                0x00000000080013b4                DMA1_Channel2_IRQHandler
                0x00000000080013b4                CAN1_SCE_IRQHandler
                0x00000000080013b4                FLASH_IRQHandler
                0x00000000080013b4                BusFault_Handler
                0x00000000080013b4                USART1_IRQHandler
                0x00000000080013b4                I2C1_ER_IRQHandler
                0x00000000080013b4                USBWakeUp_IRQHandler
 *fill*         0x00000000080013b6        0x2 
 .text.atexit   0x00000000080013b8        0xc /usr/lib/gcc/arm-none-eabi/4.9.3/../../../arm-none-eabi/lib/armv7-m/libc.a(lib_a-atexit.o)
                0x00000000080013b8                atexit
 .text.__libc_fini_array
                0x00000000080013c4       0x2c /usr/lib/gcc/arm-none-eabi/4.9.3/../../../arm-none-eabi/lib/armv7-m/libc.a(lib_a-fini.o)
                0x00000000080013c4                __libc_fini_array
 .text.__libc_init_array
                0x00000000080013f0       0x50 /usr/lib/gcc/arm-none-eabi/4.9.3/../../../arm-none-eabi/lib/armv7-m/libc.a(lib_a-init.o)
                0x00000000080013f0                __libc_init_array
 .text.__register_exitproc
                0x0000000008001440       0xa4 /usr/lib/gcc/arm-none-eabi/4.9.3/../../../arm-none-eabi/lib/armv7-m/libc.a(lib_a-__atexit.o)
                0x0000000008001440                __register_exitproc
 .text.startup.register_fini
                0x00000000080014e4       0x14 /usr/lib/gcc/arm-none-eabi/4.9.3/../../../arm-none-eabi/lib/armv7-m/libc.a(lib_a-__call_atexit.o)
 *(.glue_7)
 .glue_7        0x00000000080014f8        0x0 linker stubs
 *(.glue_7t)
 .glue_7t       0x00000000080014f8        0x0 linker stubs
 *(.eh_frame)
 .eh_frame      0x00000000080014f8        0x0 /usr/lib/gcc/arm-none-eabi/4.9.3/armv7-m/crtbegin.o
 *(.init)
 .init          0x00000000080014f8        0x4 /usr/lib/gcc/arm-none-eabi/4.9.3/armv7-m/crti.o
                0x00000000080014f8                _init
 .init          0x00000000080014fc        0x8 /usr/lib/gcc/arm-none-eabi/4.9.3/armv7-m/crtn.o
 *(.fini)
 .fini          0x0000000008001504        0x4 /usr/lib/gcc/arm-none-eabi/4.9.3/armv7-m/crti.o
                0x0000000008001504                _fini
 .fini          0x0000000008001508        0x8 /usr/lib/gcc/arm-none-eabi/4.9.3/armv7-m/crtn.o
                0x0000000008001510                . = ALIGN (0x4)
                0x0000000008001510                _etext = .

.vfp11_veneer   0x0000000008001510        0x0
 .vfp11_veneer  0x0000000008001510        0x0 linker stubs

.v4_bx          0x0000000008001510        0x0
 .v4_bx         0x0000000008001510        0x0 linker stubs

.iplt           0x0000000008001510        0x0
 .iplt          0x0000000008001510        0x0 /usr/lib/gcc/arm-none-eabi/4.9.3/armv7-m/crtbegin.o

.rodata         0x0000000008001510        0xc
                0x0000000008001510                . = ALIGN (0x4)
 *(.rodata)
 .rodata        0x0000000008001510        0x4 build/src/main.o
 *(.rodata*)
 .rodata.str1.4
                0x0000000008001514        0x4 /usr/lib/gcc/arm-none-eabi/4.9.3/../../../arm-none-eabi/lib/armv7-m/libc.a(lib_a-impure.o)
 .rodata._global_impure_ptr
                0x0000000008001518        0x4 /usr/lib/gcc/arm-none-eabi/4.9.3/../../../arm-none-eabi/lib/armv7-m/libc.a(lib_a-impure.o)
                0x0000000008001518                _global_impure_ptr
                0x000000000800151c                . = ALIGN (0x4)

.rel.dyn        0x000000000800151c        0x0
 .rel.iplt      0x000000000800151c        0x0 /usr/lib/gcc/arm-none-eabi/4.9.3/armv7-m/crtbegin.o

.ARM.extab      0x000000000800151c        0x0
                0x000000000800151c                . = ALIGN (0x4)
 *(.ARM.extab* .gnu.linkonce.armextab.*)
                0x000000000800151c                . = ALIGN (0x4)

.ARM            0x000000000800151c        0x0
                0x000000000800151c                . = ALIGN (0x4)
                0x000000000800151c                __exidx_start = .
 *(.ARM.exidx*)
                0x000000000800151c                __exidx_end = .
                0x000000000800151c                . = ALIGN (0x4)

.preinit_array  0x000000000800151c        0x0
                0x000000000800151c                . = ALIGN (0x4)
                0x000000000800151c                PROVIDE (__preinit_array_start, .)
 *(.preinit_array*)
                0x000000000800151c                PROVIDE (__preinit_array_end, .)
                0x000000000800151c                . = ALIGN (0x4)

.init_array     0x000000000800151c        0x8
                0x000000000800151c                . = ALIGN (0x4)
                0x000000000800151c                PROVIDE (__init_array_start, .)
 *(SORT(.init_array.*))
 .init_array.00000
                0x000000000800151c        0x4 /usr/lib/gcc/arm-none-eabi/4.9.3/../../../arm-none-eabi/lib/armv7-m/libc.a(lib_a-__call_atexit.o)
 *(.init_array*)
 .init_array    0x0000000008001520        0x4 /usr/lib/gcc/arm-none-eabi/4.9.3/armv7-m/crtbegin.o
                0x0000000008001524                PROVIDE (__init_array_end, .)
                0x0000000008001524                . = ALIGN (0x4)

.fini_array     0x0000000008001524        0x4
                0x0000000008001524                . = ALIGN (0x4)
                0x0000000008001524                PROVIDE (__fini_array_start, .)
 *(SORT(.fini_array.*))
 *(.fini_array*)
 .fini_array    0x0000000008001524        0x4 /usr/lib/gcc/arm-none-eabi/4.9.3/armv7-m/crtbegin.o
                0x0000000008001528                PROVIDE (__fini_array_end, .)
                0x0000000008001528                . = ALIGN (0x4)
                0x0000000008001528                _sidata = LOADADDR (.data)

.data           0x0000000020000000      0x450 load address 0x0000000008001528
                0x0000000020000000                . = ALIGN (0x4)
                0x0000000020000000                _sdata = .
 *(.data)
 .data          0x0000000020000000       0x14 build//home/max/Projects/Sources/STM32_USB-FS-Device_Lib_V4.1.0/Libraries/STM32F10x_StdPeriph_Driver/src/stm32f10x_rcc.o
 .data          0x0000000020000014       0x14 build/src/system_stm32f10x.o
                0x0000000020000014                SystemCoreClock
                0x0000000020000018                AHBPrescTable
 *(.data*)
 .data.impure_data
                0x0000000020000028      0x428 /usr/lib/gcc/arm-none-eabi/4.9.3/../../../arm-none-eabi/lib/armv7-m/libc.a(lib_a-impure.o)
                0x0000000020000450                . = ALIGN (0x4)
                0x0000000020000450                _edata = .

.jcr            0x0000000020000450        0x0 load address 0x0000000008001978
 .jcr           0x0000000020000450        0x0 /usr/lib/gcc/arm-none-eabi/4.9.3/armv7-m/crtbegin.o

.tm_clone_table
                0x0000000020000450        0x0 load address 0x0000000008001978
 .tm_clone_table
                0x0000000020000450        0x0 /usr/lib/gcc/arm-none-eabi/4.9.3/armv7-m/crtbegin.o
 .tm_clone_table
                0x0000000020000450        0x0 /usr/lib/gcc/arm-none-eabi/4.9.3/armv7-m/crtend.o

.igot.plt       0x0000000020000450        0x0 load address 0x0000000008001978
 .igot.plt      0x0000000020000450        0x0 /usr/lib/gcc/arm-none-eabi/4.9.3/armv7-m/crtbegin.o
                0x0000000020000450                . = ALIGN (0x4)

.bss            0x0000000020000450       0x20 load address 0x0000000008001978
                0x0000000020000450                _sbss = .
                0x0000000020000450                __bss_start__ = _sbss
 *(.bss)
 .bss           0x0000000020000450       0x1c /usr/lib/gcc/arm-none-eabi/4.9.3/armv7-m/crtbegin.o
 .bss           0x000000002000046c        0x4 build/src/delay.o
 *(.bss*)
 *(COMMON)
                0x0000000020000470                . = ALIGN (0x4)
                0x0000000020000470                _ebss = .
                0x0000000020000470                __bss_end__ = _ebss

._user_heap_stack
                0x0000000020000470      0x400 load address 0x0000000008001978
                0x0000000020000470                . = ALIGN (0x8)
                0x0000000020000470                PROVIDE (end, .)
                [!provide]                        PROVIDE (_end, .)
                0x0000000020000470                . = (. + _Min_Heap_Size)
                0x0000000020000870                . = (. + _Min_Stack_Size)
 *fill*         0x0000000020000470      0x400 
                0x0000000020000870                . = ALIGN (0x8)

/DISCARD/
 libc.a(*)
 libm.a(*)
 libgcc.a(*)

.ARM.attributes
                0x0000000000000000       0x29
 *(.ARM.attributes)
 .ARM.attributes
                0x0000000000000000       0x1d /usr/lib/gcc/arm-none-eabi/4.9.3/armv7-m/crti.o
 .ARM.attributes
                0x000000000000001d       0x2d /usr/lib/gcc/arm-none-eabi/4.9.3/armv7-m/crtbegin.o
 .ARM.attributes
                0x000000000000004a       0x33 build//home/max/Projects/Sources/STM32_USB-FS-Device_Lib_V4.1.0/Libraries/STM32F10x_StdPeriph_Driver/src/stm32f10x_gpio.o
 .ARM.attributes
                0x000000000000007d       0x33 build//home/max/Projects/Sources/STM32_USB-FS-Device_Lib_V4.1.0/Libraries/STM32F10x_StdPeriph_Driver/src/stm32f10x_rcc.o
 .ARM.attributes
                0x00000000000000b0       0x33 build/src/delay.o
 .ARM.attributes
                0x00000000000000e3       0x33 build/src/main.o
 .ARM.attributes
                0x0000000000000116       0x33 build/src/system_stm32f10x.o
 .ARM.attributes
                0x0000000000000149       0x21 build/startup/startup_stm32.o
 .ARM.attributes
                0x000000000000016a       0x2d /usr/lib/gcc/arm-none-eabi/4.9.3/../../../arm-none-eabi/lib/armv7-m/libc.a(lib_a-atexit.o)
 .ARM.attributes
                0x0000000000000197       0x2d /usr/lib/gcc/arm-none-eabi/4.9.3/../../../arm-none-eabi/lib/armv7-m/libc.a(lib_a-fini.o)
 .ARM.attributes
                0x00000000000001c4       0x2d /usr/lib/gcc/arm-none-eabi/4.9.3/../../../arm-none-eabi/lib/armv7-m/libc.a(lib_a-impure.o)
 .ARM.attributes
                0x00000000000001f1       0x2d /usr/lib/gcc/arm-none-eabi/4.9.3/../../../arm-none-eabi/lib/armv7-m/libc.a(lib_a-init.o)
 .ARM.attributes
                0x000000000000021e       0x2d /usr/lib/gcc/arm-none-eabi/4.9.3/../../../arm-none-eabi/lib/armv7-m/libc.a(lib_a-__atexit.o)
 .ARM.attributes
                0x000000000000024b       0x2d /usr/lib/gcc/arm-none-eabi/4.9.3/../../../arm-none-eabi/lib/armv7-m/libc.a(lib_a-__call_atexit.o)
 .ARM.attributes
                0x0000000000000278       0x2d /usr/lib/gcc/arm-none-eabi/4.9.3/armv7-m/crtend.o
 .ARM.attributes
                0x00000000000002a5       0x1d /usr/lib/gcc/arm-none-eabi/4.9.3/armv7-m/crtn.o
OUTPUT(build/program.elf elf32-littlearm)

.comment        0x0000000000000000       0x70
 .comment       0x0000000000000000       0x38 /usr/lib/gcc/arm-none-eabi/4.9.3/armv7-m/crtbegin.o
                                         0x39 (size before relaxing)
 .comment       0x0000000000000038       0x39 build//home/max/Projects/Sources/STM32_USB-FS-Device_Lib_V4.1.0/Libraries/STM32F10x_StdPeriph_Driver/src/stm32f10x_gpio.o
 .comment       0x0000000000000038       0x39 build//home/max/Projects/Sources/STM32_USB-FS-Device_Lib_V4.1.0/Libraries/STM32F10x_StdPeriph_Driver/src/stm32f10x_rcc.o
 .comment       0x0000000000000038       0x39 build/src/delay.o
 .comment       0x0000000000000038       0x39 build/src/main.o
 .comment       0x0000000000000038       0x39 build/src/system_stm32f10x.o
 .comment       0x0000000000000038       0x38 /usr/lib/gcc/arm-none-eabi/4.9.3/../../../arm-none-eabi/lib/armv7-m/libc.a(lib_a-atexit.o)
                                         0x39 (size before relaxing)
 .comment       0x0000000000000070       0x39 /usr/lib/gcc/arm-none-eabi/4.9.3/../../../arm-none-eabi/lib/armv7-m/libc.a(lib_a-fini.o)
 .comment       0x0000000000000070       0x39 /usr/lib/gcc/arm-none-eabi/4.9.3/../../../arm-none-eabi/lib/armv7-m/libc.a(lib_a-impure.o)
 .comment       0x0000000000000070       0x39 /usr/lib/gcc/arm-none-eabi/4.9.3/../../../arm-none-eabi/lib/armv7-m/libc.a(lib_a-init.o)
 .comment       0x0000000000000070       0x39 /usr/lib/gcc/arm-none-eabi/4.9.3/../../../arm-none-eabi/lib/armv7-m/libc.a(lib_a-__atexit.o)
 .comment       0x0000000000000070       0x39 /usr/lib/gcc/arm-none-eabi/4.9.3/../../../arm-none-eabi/lib/armv7-m/libc.a(lib_a-__call_atexit.o)
 .comment       0x0000000000000070       0x39 /usr/lib/gcc/arm-none-eabi/4.9.3/armv7-m/crtend.o

.debug_info     0x0000000000000000     0x3b06
 .debug_info    0x0000000000000000      0x6e7 build//home/max/Projects/Sources/STM32_USB-FS-Device_Lib_V4.1.0/Libraries/STM32F10x_StdPeriph_Driver/src/stm32f10x_gpio.o
 .debug_info    0x00000000000006e7      0x88d build//home/max/Projects/Sources/STM32_USB-FS-Device_Lib_V4.1.0/Libraries/STM32F10x_StdPeriph_Driver/src/stm32f10x_rcc.o
 .debug_info    0x0000000000000f74      0x609 build/src/delay.o
 .debug_info    0x000000000000157d      0x22e build/src/main.o
 .debug_info    0x00000000000017ab      0x47d build/src/system_stm32f10x.o
 .debug_info    0x0000000000001c28       0x6f build/startup/startup_stm32.o
 .debug_info    0x0000000000001c97      0x10a /usr/lib/gcc/arm-none-eabi/4.9.3/../../../arm-none-eabi/lib/armv7-m/libc.a(lib_a-atexit.o)
 .debug_info    0x0000000000001da1       0xef /usr/lib/gcc/arm-none-eabi/4.9.3/../../../arm-none-eabi/lib/armv7-m/libc.a(lib_a-fini.o)
 .debug_info    0x0000000000001e90      0x894 /usr/lib/gcc/arm-none-eabi/4.9.3/../../../arm-none-eabi/lib/armv7-m/libc.a(lib_a-impure.o)
 .debug_info    0x0000000000002724      0x105 /usr/lib/gcc/arm-none-eabi/4.9.3/../../../arm-none-eabi/lib/armv7-m/libc.a(lib_a-init.o)
 .debug_info    0x0000000000002829      0x934 /usr/lib/gcc/arm-none-eabi/4.9.3/../../../arm-none-eabi/lib/armv7-m/libc.a(lib_a-__atexit.o)
 .debug_info    0x000000000000315d      0x9a9 /usr/lib/gcc/arm-none-eabi/4.9.3/../../../arm-none-eabi/lib/armv7-m/libc.a(lib_a-__call_atexit.o)

.debug_abbrev   0x0000000000000000      0xfea
 .debug_abbrev  0x0000000000000000      0x1c8 build//home/max/Projects/Sources/STM32_USB-FS-Device_Lib_V4.1.0/Libraries/STM32F10x_StdPeriph_Driver/src/stm32f10x_gpio.o
 .debug_abbrev  0x00000000000001c8      0x1ba build//home/max/Projects/Sources/STM32_USB-FS-Device_Lib_V4.1.0/Libraries/STM32F10x_StdPeriph_Driver/src/stm32f10x_rcc.o
 .debug_abbrev  0x0000000000000382      0x1be build/src/delay.o
 .debug_abbrev  0x0000000000000540      0x107 build/src/main.o
 .debug_abbrev  0x0000000000000647      0x14e build/src/system_stm32f10x.o
 .debug_abbrev  0x0000000000000795       0x12 build/startup/startup_stm32.o
 .debug_abbrev  0x00000000000007a7       0xb8 /usr/lib/gcc/arm-none-eabi/4.9.3/../../../arm-none-eabi/lib/armv7-m/libc.a(lib_a-atexit.o)
 .debug_abbrev  0x000000000000085f       0xbd /usr/lib/gcc/arm-none-eabi/4.9.3/../../../arm-none-eabi/lib/armv7-m/libc.a(lib_a-fini.o)
 .debug_abbrev  0x000000000000091c      0x180 /usr/lib/gcc/arm-none-eabi/4.9.3/../../../arm-none-eabi/lib/armv7-m/libc.a(lib_a-impure.o)
 .debug_abbrev  0x0000000000000a9c       0xba /usr/lib/gcc/arm-none-eabi/4.9.3/../../../arm-none-eabi/lib/armv7-m/libc.a(lib_a-init.o)
 .debug_abbrev  0x0000000000000b56      0x20f /usr/lib/gcc/arm-none-eabi/4.9.3/../../../arm-none-eabi/lib/armv7-m/libc.a(lib_a-__atexit.o)
 .debug_abbrev  0x0000000000000d65      0x285 /usr/lib/gcc/arm-none-eabi/4.9.3/../../../arm-none-eabi/lib/armv7-m/libc.a(lib_a-__call_atexit.o)

.debug_aranges  0x0000000000000000      0x188
 .debug_aranges
                0x0000000000000000       0x20 build//home/max/Projects/Sources/STM32_USB-FS-Device_Lib_V4.1.0/Libraries/STM32F10x_StdPeriph_Driver/src/stm32f10x_gpio.o
 .debug_aranges
                0x0000000000000020       0x20 build//home/max/Projects/Sources/STM32_USB-FS-Device_Lib_V4.1.0/Libraries/STM32F10x_StdPeriph_Driver/src/stm32f10x_rcc.o
 .debug_aranges
                0x0000000000000040       0x20 build/src/delay.o
 .debug_aranges
                0x0000000000000060       0x20 build/src/main.o
 .debug_aranges
                0x0000000000000080       0x20 build/src/system_stm32f10x.o
 .debug_aranges
                0x00000000000000a0       0x28 build/startup/startup_stm32.o
 .debug_aranges
                0x00000000000000c8       0x20 /usr/lib/gcc/arm-none-eabi/4.9.3/../../../arm-none-eabi/lib/armv7-m/libc.a(lib_a-atexit.o)
 .debug_aranges
                0x00000000000000e8       0x20 /usr/lib/gcc/arm-none-eabi/4.9.3/../../../arm-none-eabi/lib/armv7-m/libc.a(lib_a-fini.o)
 .debug_aranges
                0x0000000000000108       0x18 /usr/lib/gcc/arm-none-eabi/4.9.3/../../../arm-none-eabi/lib/armv7-m/libc.a(lib_a-impure.o)
 .debug_aranges
                0x0000000000000120       0x20 /usr/lib/gcc/arm-none-eabi/4.9.3/../../../arm-none-eabi/lib/armv7-m/libc.a(lib_a-init.o)
 .debug_aranges
                0x0000000000000140       0x20 /usr/lib/gcc/arm-none-eabi/4.9.3/../../../arm-none-eabi/lib/armv7-m/libc.a(lib_a-__atexit.o)
 .debug_aranges
                0x0000000000000160       0x28 /usr/lib/gcc/arm-none-eabi/4.9.3/../../../arm-none-eabi/lib/armv7-m/libc.a(lib_a-__call_atexit.o)

.debug_line     0x0000000000000000     0x12fc
 .debug_line    0x0000000000000000      0x31f build//home/max/Projects/Sources/STM32_USB-FS-Device_Lib_V4.1.0/Libraries/STM32F10x_StdPeriph_Driver/src/stm32f10x_gpio.o
 .debug_line    0x000000000000031f      0x37a build//home/max/Projects/Sources/STM32_USB-FS-Device_Lib_V4.1.0/Libraries/STM32F10x_StdPeriph_Driver/src/stm32f10x_rcc.o
 .debug_line    0x0000000000000699      0x1af build/src/delay.o
 .debug_line    0x0000000000000848      0x1fc build/src/main.o
 .debug_line    0x0000000000000a44      0x1df build/src/system_stm32f10x.o
 .debug_line    0x0000000000000c23       0x74 build/startup/startup_stm32.o
 .debug_line    0x0000000000000c97       0xc1 /usr/lib/gcc/arm-none-eabi/4.9.3/../../../arm-none-eabi/lib/armv7-m/libc.a(lib_a-atexit.o)
 .debug_line    0x0000000000000d58       0x9c /usr/lib/gcc/arm-none-eabi/4.9.3/../../../arm-none-eabi/lib/armv7-m/libc.a(lib_a-fini.o)
 .debug_line    0x0000000000000df4       0xf1 /usr/lib/gcc/arm-none-eabi/4.9.3/../../../arm-none-eabi/lib/armv7-m/libc.a(lib_a-impure.o)
 .debug_line    0x0000000000000ee5       0xb6 /usr/lib/gcc/arm-none-eabi/4.9.3/../../../arm-none-eabi/lib/armv7-m/libc.a(lib_a-init.o)
 .debug_line    0x0000000000000f9b      0x19c /usr/lib/gcc/arm-none-eabi/4.9.3/../../../arm-none-eabi/lib/armv7-m/libc.a(lib_a-__atexit.o)
 .debug_line    0x0000000000001137      0x1c5 /usr/lib/gcc/arm-none-eabi/4.9.3/../../../arm-none-eabi/lib/armv7-m/libc.a(lib_a-__call_atexit.o)

.debug_str      0x0000000000000000     0x1612
 .debug_str     0x0000000000000000      0x4e5 build//home/max/Projects/Sources/STM32_USB-FS-Device_Lib_V4.1.0/Libraries/STM32F10x_StdPeriph_Driver/src/stm32f10x_gpio.o
                                        0x53b (size before relaxing)
 .debug_str     0x00000000000004e5      0x484 build//home/max/Projects/Sources/STM32_USB-FS-Device_Lib_V4.1.0/Libraries/STM32F10x_StdPeriph_Driver/src/stm32f10x_rcc.o
                                        0x63c (size before relaxing)
 .debug_str     0x0000000000000969      0x44b build/src/delay.o
                                        0x590 (size before relaxing)
 .debug_str     0x0000000000000db4       0x32 build/src/main.o
                                        0x2cb (size before relaxing)
 .debug_str     0x0000000000000de6       0x78 build/src/system_stm32f10x.o
                                        0x2e8 (size before relaxing)
 .debug_str     0x0000000000000e5e      0x15f /usr/lib/gcc/arm-none-eabi/4.9.3/../../../arm-none-eabi/lib/armv7-m/libc.a(lib_a-atexit.o)
                                        0x1f8 (size before relaxing)
 .debug_str     0x0000000000000fbd       0xca /usr/lib/gcc/arm-none-eabi/4.9.3/../../../arm-none-eabi/lib/armv7-m/libc.a(lib_a-fini.o)
                                        0x1f0 (size before relaxing)
 .debug_str     0x0000000000001087      0x445 /usr/lib/gcc/arm-none-eabi/4.9.3/../../../arm-none-eabi/lib/armv7-m/libc.a(lib_a-impure.o)
                                        0x58c (size before relaxing)
 .debug_str     0x00000000000014cc       0x90 /usr/lib/gcc/arm-none-eabi/4.9.3/../../../arm-none-eabi/lib/armv7-m/libc.a(lib_a-init.o)
                                        0x21a (size before relaxing)
 .debug_str     0x000000000000155c       0x30 /usr/lib/gcc/arm-none-eabi/4.9.3/../../../arm-none-eabi/lib/armv7-m/libc.a(lib_a-__atexit.o)
                                        0x5d4 (size before relaxing)
 .debug_str     0x000000000000158c       0x86 /usr/lib/gcc/arm-none-eabi/4.9.3/../../../arm-none-eabi/lib/armv7-m/libc.a(lib_a-__call_atexit.o)
                                        0x5ec (size before relaxing)

.debug_frame    0x0000000000000000      0xa94
 .debug_frame   0x0000000000000000      0x2d0 build//home/max/Projects/Sources/STM32_USB-FS-Device_Lib_V4.1.0/Libraries/STM32F10x_StdPeriph_Driver/src/stm32f10x_gpio.o
 .debug_frame   0x00000000000002d0      0x4f4 build//home/max/Projects/Sources/STM32_USB-FS-Device_Lib_V4.1.0/Libraries/STM32F10x_StdPeriph_Driver/src/stm32f10x_rcc.o
 .debug_frame   0x00000000000007c4       0xe4 build/src/delay.o
 .debug_frame   0x00000000000008a8       0x50 build/src/main.o
 .debug_frame   0x00000000000008f8       0x98 build/src/system_stm32f10x.o
 .debug_frame   0x0000000000000990       0x20 /usr/lib/gcc/arm-none-eabi/4.9.3/../../../arm-none-eabi/lib/armv7-m/libc.a(lib_a-atexit.o)
 .debug_frame   0x00000000000009b0       0x34 /usr/lib/gcc/arm-none-eabi/4.9.3/../../../arm-none-eabi/lib/armv7-m/libc.a(lib_a-fini.o)
 .debug_frame   0x00000000000009e4       0x2c /usr/lib/gcc/arm-none-eabi/4.9.3/../../../arm-none-eabi/lib/armv7-m/libc.a(lib_a-init.o)
 .debug_frame   0x0000000000000a10       0x34 /usr/lib/gcc/arm-none-eabi/4.9.3/../../../arm-none-eabi/lib/armv7-m/libc.a(lib_a-__atexit.o)
 .debug_frame   0x0000000000000a44       0x50 /usr/lib/gcc/arm-none-eabi/4.9.3/../../../arm-none-eabi/lib/armv7-m/libc.a(lib_a-__call_atexit.o)

.debug_ranges   0x0000000000000000       0x90
 .debug_ranges  0x0000000000000000       0x20 build/startup/startup_stm32.o
 .debug_ranges  0x0000000000000020       0x10 /usr/lib/gcc/arm-none-eabi/4.9.3/../../../arm-none-eabi/lib/armv7-m/libc.a(lib_a-atexit.o)
 .debug_ranges  0x0000000000000030       0x10 /usr/lib/gcc/arm-none-eabi/4.9.3/../../../arm-none-eabi/lib/armv7-m/libc.a(lib_a-fini.o)
 .debug_ranges  0x0000000000000040       0x10 /usr/lib/gcc/arm-none-eabi/4.9.3/../../../arm-none-eabi/lib/armv7-m/libc.a(lib_a-init.o)
 .debug_ranges  0x0000000000000050       0x10 /usr/lib/gcc/arm-none-eabi/4.9.3/../../../arm-none-eabi/lib/armv7-m/libc.a(lib_a-__atexit.o)
 .debug_ranges  0x0000000000000060       0x30 /usr/lib/gcc/arm-none-eabi/4.9.3/../../../arm-none-eabi/lib/armv7-m/libc.a(lib_a-__call_atexit.o)

.debug_loc      0x0000000000000000      0x413
 .debug_loc     0x0000000000000000       0x2c /usr/lib/gcc/arm-none-eabi/4.9.3/../../../arm-none-eabi/lib/armv7-m/libc.a(lib_a-atexit.o)
 .debug_loc     0x000000000000002c       0x5c /usr/lib/gcc/arm-none-eabi/4.9.3/../../../arm-none-eabi/lib/armv7-m/libc.a(lib_a-fini.o)
 .debug_loc     0x0000000000000088       0xae /usr/lib/gcc/arm-none-eabi/4.9.3/../../../arm-none-eabi/lib/armv7-m/libc.a(lib_a-init.o)
 .debug_loc     0x0000000000000136      0x197 /usr/lib/gcc/arm-none-eabi/4.9.3/../../../arm-none-eabi/lib/armv7-m/libc.a(lib_a-__atexit.o)
 .debug_loc     0x00000000000002cd      0x146 /usr/lib/gcc/arm-none-eabi/4.9.3/../../../arm-none-eabi/lib/armv7-m/libc.a(lib_a-__call_atexit.o)
