Archive member included to satisfy reference by file (symbol)

/usr/lib/gcc/arm-none-eabi/4.9.3/../../../arm-none-eabi/lib/armv7-m/libc.a(lib_a-atexit.o)
                              /usr/lib/gcc/arm-none-eabi/4.9.3/../../../arm-none-eabi/lib/armv7-m/crt0.o (atexit)
/usr/lib/gcc/arm-none-eabi/4.9.3/../../../arm-none-eabi/lib/armv7-m/libc.a(lib_a-errno.o)
                              build/src/syscalls.o (__errno)
/usr/lib/gcc/arm-none-eabi/4.9.3/../../../arm-none-eabi/lib/armv7-m/libc.a(lib_a-exit.o)
                              /usr/lib/gcc/arm-none-eabi/4.9.3/../../../arm-none-eabi/lib/armv7-m/crt0.o (exit)
/usr/lib/gcc/arm-none-eabi/4.9.3/../../../arm-none-eabi/lib/armv7-m/libc.a(lib_a-fini.o)
                              /usr/lib/gcc/arm-none-eabi/4.9.3/../../../arm-none-eabi/lib/armv7-m/crt0.o (__libc_fini_array)
/usr/lib/gcc/arm-none-eabi/4.9.3/../../../arm-none-eabi/lib/armv7-m/libc.a(lib_a-impure.o)
                              /usr/lib/gcc/arm-none-eabi/4.9.3/../../../arm-none-eabi/lib/armv7-m/libc.a(lib_a-exit.o) (_global_impure_ptr)
/usr/lib/gcc/arm-none-eabi/4.9.3/../../../arm-none-eabi/lib/armv7-m/libc.a(lib_a-init.o)
                              /usr/lib/gcc/arm-none-eabi/4.9.3/../../../arm-none-eabi/lib/armv7-m/crt0.o (__libc_init_array)
/usr/lib/gcc/arm-none-eabi/4.9.3/../../../arm-none-eabi/lib/armv7-m/libc.a(lib_a-memset.o)
                              /usr/lib/gcc/arm-none-eabi/4.9.3/../../../arm-none-eabi/lib/armv7-m/crt0.o (memset)
/usr/lib/gcc/arm-none-eabi/4.9.3/../../../arm-none-eabi/lib/armv7-m/libc.a(lib_a-__atexit.o)
                              /usr/lib/gcc/arm-none-eabi/4.9.3/../../../arm-none-eabi/lib/armv7-m/libc.a(lib_a-atexit.o) (__register_exitproc)
/usr/lib/gcc/arm-none-eabi/4.9.3/../../../arm-none-eabi/lib/armv7-m/libc.a(lib_a-__call_atexit.o)
                              /usr/lib/gcc/arm-none-eabi/4.9.3/../../../arm-none-eabi/lib/armv7-m/libc.a(lib_a-exit.o) (__call_exitprocs)

Allocating common symbols
Common symbol       size              file

SaveRState          0x2               build//home/max/Projects/Sources/STM32_USB-FS-Device_Lib_V4.1.0/Libraries/STM32_USB-FS-Device_Driver/src/usb_int.o
HSEStartUpStatus    0x1               build/src/hw_config.o
SaveState           0x2               build//home/max/Projects/Sources/STM32_USB-FS-Device_Lib_V4.1.0/Libraries/STM32_USB-FS-Device_Driver/src/usb_init.o
wIstr               0x2               build/src/usb_istr.o
pProperty           0x4               build//home/max/Projects/Sources/STM32_USB-FS-Device_Lib_V4.1.0/Libraries/STM32_USB-FS-Device_Driver/src/usb_init.o
EPindex             0x1               build//home/max/Projects/Sources/STM32_USB-FS-Device_Lib_V4.1.0/Libraries/STM32_USB-FS-Device_Driver/src/usb_init.o
SaveTState          0x2               build//home/max/Projects/Sources/STM32_USB-FS-Device_Lib_V4.1.0/Libraries/STM32_USB-FS-Device_Driver/src/usb_int.o
Device_Info         0x1c              build//home/max/Projects/Sources/STM32_USB-FS-Device_Lib_V4.1.0/Libraries/STM32_USB-FS-Device_Driver/src/usb_init.o
pUser_Standard_Requests
                    0x4               build//home/max/Projects/Sources/STM32_USB-FS-Device_Lib_V4.1.0/Libraries/STM32_USB-FS-Device_Driver/src/usb_init.o
USB_Rx_Buffer       0x40              build/src/usb_endp.o
USART_Rx_Buffer     0x200             build/src/virtualComPort.o
StatusInfo          0x2               build//home/max/Projects/Sources/STM32_USB-FS-Device_Lib_V4.1.0/Libraries/STM32_USB-FS-Device_Driver/src/usb_core.o
pInformation        0x4               build//home/max/Projects/Sources/STM32_USB-FS-Device_Lib_V4.1.0/Libraries/STM32_USB-FS-Device_Driver/src/usb_init.o
ResumeS             0x2               build/src/usb_pwr.o
USART_InitStructure
                    0x10              build/src/virtualComPort.o
USB_Tx_ptr          0x2               build/src/virtualComPort.o
EP                  0x20              build/src/usb_pwr.o
EXTI_InitStructure  0x8               build/src/hw_config.o
USB_Tx_length       0x2               build/src/virtualComPort.o
wInterrupt_Mask     0x2               build//home/max/Projects/Sources/STM32_USB-FS-Device_Lib_V4.1.0/Libraries/STM32_USB-FS-Device_Driver/src/usb_init.o

Discarded input sections

 .text          0x0000000000000000        0x0 /usr/lib/gcc/arm-none-eabi/4.9.3/armv7-m/crti.o
 .data          0x0000000000000000        0x0 /usr/lib/gcc/arm-none-eabi/4.9.3/armv7-m/crti.o
 .bss           0x0000000000000000        0x0 /usr/lib/gcc/arm-none-eabi/4.9.3/armv7-m/crti.o
 .data          0x0000000000000000        0x4 /usr/lib/gcc/arm-none-eabi/4.9.3/armv7-m/crtbegin.o
 .text          0x0000000000000000       0x68 /usr/lib/gcc/arm-none-eabi/4.9.3/../../../arm-none-eabi/lib/armv7-m/crt0.o
 .data          0x0000000000000000        0x0 /usr/lib/gcc/arm-none-eabi/4.9.3/../../../arm-none-eabi/lib/armv7-m/crt0.o
 .bss           0x0000000000000000        0x0 /usr/lib/gcc/arm-none-eabi/4.9.3/../../../arm-none-eabi/lib/armv7-m/crt0.o
[...]
Memory Configuration

Name             Origin             Length             Attributes
RAM              0x0000000020000000 0x0000000000005000 xrw
ROM              0x0000000008000000 0x0000000000010000 xr
*default*        0x0000000000000000 0xffffffffffffffff

Linker script and memory map

LOAD /usr/lib/gcc/arm-none-eabi/4.9.3/armv7-m/crti.o
LOAD /usr/lib/gcc/arm-none-eabi/4.9.3/armv7-m/crtbegin.o
LOAD /usr/lib/gcc/arm-none-eabi/4.9.3/../../../arm-none-eabi/lib/armv7-m/crt0.o
LOAD build/StdPeriph_Driver/src/misc.o
LOAD build/StdPeriph_Driver/src/stm32f10x_adc.o
LOAD build/StdPeriph_Driver/src/stm32f10x_bkp.o
LOAD build/StdPeriph_Driver/src/stm32f10x_can.o
LOAD build/StdPeriph_Driver/src/stm32f10x_cec.o
LOAD build/StdPeriph_Driver/src/stm32f10x_crc.o
LOAD build/StdPeriph_Driver/src/stm32f10x_dac.o
LOAD build/StdPeriph_Driver/src/stm32f10x_dbgmcu.o
LOAD build/StdPeriph_Driver/src/stm32f10x_dma.o
LOAD build/StdPeriph_Driver/src/stm32f10x_exti.o
LOAD build/StdPeriph_Driver/src/stm32f10x_flash.o
LOAD build/StdPeriph_Driver/src/stm32f10x_fsmc.o
LOAD build/StdPeriph_Driver/src/stm32f10x_gpio.o
LOAD build/StdPeriph_Driver/src/stm32f10x_i2c.o
LOAD build/StdPeriph_Driver/src/stm32f10x_iwdg.o
LOAD build/StdPeriph_Driver/src/stm32f10x_pwr.o
LOAD build/StdPeriph_Driver/src/stm32f10x_rcc.o
LOAD build/StdPeriph_Driver/src/stm32f10x_rtc.o
LOAD build/StdPeriph_Driver/src/stm32f10x_sdio.o
LOAD build/StdPeriph_Driver/src/stm32f10x_spi.o
LOAD build/StdPeriph_Driver/src/stm32f10x_tim.o
LOAD build/StdPeriph_Driver/src/stm32f10x_usart.o
LOAD build/StdPeriph_Driver/src/stm32f10x_wwdg.o
LOAD build/src/customboard.o
LOAD build/src/delay.o
LOAD build/src/hw_config.o
LOAD build/src/main.o
LOAD build/src/stm32f10x_it.o
LOAD build/src/syscalls.o
LOAD build/src/system_stm32f10x.o
LOAD build/src/usb_desc.o
LOAD build/src/usb_endp.o
LOAD build/src/usb_istr.o
LOAD build/src/usb_prop.o
LOAD build/src/usb_pwr.o
LOAD build/src/virtualComPort.o
LOAD build/startup/startup_stm32.o
LOAD build//home/max/Projects/Sources/STM32_USB-FS-Device_Lib_V4.1.0/Libraries/STM32_USB-FS-Device_Driver/src/usb_core.o
LOAD build//home/max/Projects/Sources/STM32_USB-FS-Device_Lib_V4.1.0/Libraries/STM32_USB-FS-Device_Driver/src/usb_init.o
LOAD build//home/max/Projects/Sources/STM32_USB-FS-Device_Lib_V4.1.0/Libraries/STM32_USB-FS-Device_Driver/src/usb_int.o
LOAD build//home/max/Projects/Sources/STM32_USB-FS-Device_Lib_V4.1.0/Libraries/STM32_USB-FS-Device_Driver/src/usb_mem.o
LOAD build//home/max/Projects/Sources/STM32_USB-FS-Device_Lib_V4.1.0/Libraries/STM32_USB-FS-Device_Driver/src/usb_regs.o
LOAD build//home/max/Projects/Sources/STM32_USB-FS-Device_Lib_V4.1.0/Libraries/STM32_USB-FS-Device_Driver/src/usb_sil.o
START GROUP
LOAD /usr/lib/gcc/arm-none-eabi/4.9.3/armv7-m/libgcc.a
LOAD /usr/lib/gcc/arm-none-eabi/4.9.3/../../../arm-none-eabi/lib/armv7-m/libc.a
END GROUP
LOAD /usr/lib/gcc/arm-none-eabi/4.9.3/armv7-m/crtend.o
LOAD /usr/lib/gcc/arm-none-eabi/4.9.3/armv7-m/crtn.o
                0x0000000020005000                _estack = 0x20005000
                0x0000000000000000                _Min_Heap_Size = 0x0
                0x0000000000000400                _Min_Stack_Size = 0x400

.isr_vector     0x0000000008000000      0x10c
                0x0000000008000000                . = ALIGN (0x4)
 *(.isr_vector)
 .isr_vector    0x0000000008000000      0x10c build/startup/startup_stm32.o
                0x0000000008000000                g_pfnVectors
                0x000000000800010c                . = ALIGN (0x4)

.text           0x000000000800010c     0x769c
                0x000000000800010c                . = ALIGN (0x4)
 *(.text)
 .text          0x000000000800010c       0xa4 /usr/lib/gcc/arm-none-eabi/4.9.3/armv7-m/crtbegin.o
 .text          0x00000000080001b0      0x18c build/StdPeriph_Driver/src/misc.o
                0x00000000080001b0                NVIC_PriorityGroupConfig
                0x00000000080001d4                NVIC_Init
                0x0000000008000298                NVIC_SetVectorTable
                0x00000000080002c4                NVIC_SystemLPConfig
                0x0000000008000304                SysTick_CLKSourceConfig
 .text          0x000000000800033c      0x404 build/StdPeriph_Driver/src/stm32f10x_dma.o
                0x000000000800033c                DMA_DeInit
                0x00000000080004b4                DMA_Init
                0x0000000008000530                DMA_StructInit
                0x0000000008000584                DMA_Cmd
                0x00000000080005bc                DMA_ITConfig
                0x00000000080005f8                DMA_SetCurrDataCounter
                0x0000000008000614                DMA_GetCurrDataCounter
                0x0000000008000630                DMA_GetFlagStatus
                0x0000000008000684                DMA_ClearFlag
                0x00000000080006b8                DMA_GetITStatus
                0x000000000800070c                DMA_ClearITPendingBit
 .text          0x0000000008000740      0x21c build/StdPeriph_Driver/src/stm32f10x_exti.o
                0x0000000008000740                EXTI_DeInit
                0x0000000008000774                EXTI_Init
                0x0000000008000858                EXTI_StructInit
                0x0000000008000884                EXTI_GenerateSWInterrupt
                0x00000000080008a8                EXTI_GetFlagStatus
                0x00000000080008dc                EXTI_ClearFlag
                0x00000000080008f8                EXTI_GetITStatus
                0x0000000008000940                EXTI_ClearITPendingBit
 .text          0x000000000800095c      0x5f8 build/StdPeriph_Driver/src/stm32f10x_gpio.o
                0x000000000800095c                GPIO_DeInit
                0x0000000008000a40                GPIO_AFIODeInit
                0x0000000008000a58                GPIO_Init
                0x0000000008000bd8                GPIO_StructInit
                0x0000000008000c00                GPIO_ReadInputDataBit
                0x0000000008000c34                GPIO_ReadInputData
                0x0000000008000c50                GPIO_ReadOutputDataBit
                0x0000000008000c84                GPIO_ReadOutputData
                0x0000000008000ca0                GPIO_SetBits
                0x0000000008000cbc                GPIO_ResetBits
                0x0000000008000cd8                GPIO_WriteBit
                0x0000000008000d08                GPIO_Write
                0x0000000008000d24                GPIO_PinLockConfig
                0x0000000008000d68                GPIO_EventOutputConfig
                0x0000000008000db4                GPIO_EventOutputCmd
                0x0000000008000dd4                GPIO_PinRemapConfig
                0x0000000008000eb4                GPIO_EXTILineConfig
                0x0000000008000f38                GPIO_ETH_MediaInterfaceConfig
 .text          0x0000000008000f54      0x958 build/StdPeriph_Driver/src/stm32f10x_i2c.o
                0x0000000008000f54                I2C_DeInit
                0x0000000008000f98                I2C_Init
                0x000000000800111c                I2C_StructInit
                0x0000000008001158                I2C_Cmd
                0x0000000008001198                I2C_DMACmd
                0x00000000080011d8                I2C_DMALastTransferCmd
                0x0000000008001218                I2C_GenerateSTART
                0x0000000008001258                I2C_GenerateSTOP
                0x0000000008001298                I2C_AcknowledgeConfig
                0x00000000080012d8                I2C_OwnAddress2Config
                0x0000000008001318                I2C_DualAddressCmd
                0x0000000008001358                I2C_GeneralCallCmd
                0x0000000008001398                I2C_ITConfig
                0x00000000080013e0                I2C_SendData
                0x0000000008001400                I2C_ReceiveData
                0x000000000800141c                I2C_Send7bitAddress
                0x0000000008001458                I2C_ReadRegister
                0x0000000008001488                I2C_SoftwareResetCmd
                0x00000000080014cc                I2C_NACKPositionConfig
                0x000000000800150c                I2C_SMBusAlertConfig
                0x000000000800154c                I2C_TransmitPEC
                0x000000000800158c                I2C_PECPositionConfig
                0x00000000080015cc                I2C_CalculatePEC
                0x000000000800160c                I2C_GetPEC
                0x000000000800162c                I2C_ARPCmd
                0x000000000800166c                I2C_StretchClockCmd
                0x00000000080016ac                I2C_FastModeDutyCycleConfig
                0x00000000080016ec                I2C_CheckEvent
                0x000000000800174c                I2C_GetLastEvent
                0x0000000008001790                I2C_GetFlagStatus
                0x00000000080017f8                I2C_ClearFlag
                0x0000000008001824                I2C_GetITStatus
                0x0000000008001880                I2C_ClearITPendingBit
 .text          0x00000000080018ac      0x7dc build/StdPeriph_Driver/src/stm32f10x_rcc.o
                0x00000000080018ac                RCC_DeInit
                0x0000000008001908                RCC_HSEConfig
                0x0000000008001964                RCC_WaitForHSEStartUp
                0x00000000080019b4                RCC_AdjustHSICalibrationValue
                0x00000000080019f0                RCC_HSICmd
                0x0000000008001a10                RCC_PLLConfig
                0x0000000008001a4c                RCC_PLLCmd
                0x0000000008001a6c                RCC_SYSCLKConfig
                0x0000000008001aa4                RCC_GetSYSCLKSource
                0x0000000008001ac4                RCC_HCLKConfig
                0x0000000008001afc                RCC_PCLK1Config
                0x0000000008001b34                RCC_PCLK2Config
                0x0000000008001b6c                RCC_ITConfig
                0x0000000008001bb8                RCC_USBCLKConfig
                0x0000000008001bd4                RCC_ADCCLKConfig
                0x0000000008001c0c                RCC_LSEConfig
                0x0000000008001c4c                RCC_LSICmd
                0x0000000008001c6c                RCC_RTCCLKConfig
                0x0000000008001c90                RCC_RTCCLKCmd
                0x0000000008001cb0                RCC_GetClocksFreq
                0x0000000008001e14                RCC_AHBPeriphClockCmd
                0x0000000008001e50                RCC_APB2PeriphClockCmd
                0x0000000008001e8c                RCC_APB1PeriphClockCmd
                0x0000000008001ec8                RCC_APB2PeriphResetCmd
                0x0000000008001f04                RCC_APB1PeriphResetCmd
                0x0000000008001f40                RCC_BackupResetCmd
                0x0000000008001f60                RCC_ClockSecuritySystemCmd
                0x0000000008001f80                RCC_MCOConfig
                0x0000000008001fa0                RCC_GetFlagStatus
                0x0000000008002014                RCC_ClearFlag
                0x0000000008002030                RCC_GetITStatus
                0x0000000008002068                RCC_ClearITPendingBit
 .text          0x0000000008002088      0x514 build/StdPeriph_Driver/src/stm32f10x_sdio.o
                0x0000000008002088                SDIO_DeInit
                0x00000000080020d4                SDIO_Init
                0x0000000008002130                SDIO_StructInit
                0x0000000008002168                SDIO_ClockCmd
                0x0000000008002188                SDIO_SetPowerState
                0x00000000080021b8                SDIO_GetPowerState
                0x00000000080021d4                SDIO_ITConfig
                0x0000000008002210                SDIO_DMACmd
                0x0000000008002230                SDIO_SendCommand
                0x0000000008002288                SDIO_CmdStructInit
                0x00000000080022b8                SDIO_GetCommandResponse
                0x00000000080022d0                SDIO_GetResponse
                0x00000000080022f8                SDIO_DataConfig
                0x0000000008002354                SDIO_DataStructInit
                0x000000000800238c                SDIO_GetDataCounter
                0x00000000080023a4                SDIO_ReadData
                0x00000000080023bc                SDIO_WriteData
                0x00000000080023dc                SDIO_GetFIFOCount
                0x00000000080023f4                SDIO_StartSDIOReadWait
                0x0000000008002414                SDIO_StopSDIOReadWait
                0x0000000008002434                SDIO_SetSDIOReadWaitMode
                0x0000000008002450                SDIO_SetSDIOOperation
                0x0000000008002470                SDIO_SendSDIOSuspendCmd
                0x0000000008002490                SDIO_CommandCompletionCmd
                0x00000000080024b0                SDIO_CEATAITCmd
                0x00000000080024dc                SDIO_SendCEATACmd
                0x00000000080024fc                SDIO_GetFlagStatus
                0x0000000008002530                SDIO_ClearFlag
                0x000000000800254c                SDIO_GetITStatus
                0x0000000008002580                SDIO_ClearITPendingBit
 .text          0x000000000800259c      0x6f4 build/StdPeriph_Driver/src/stm32f10x_spi.o
                0x000000000800259c                SPI_I2S_DeInit
                0x0000000008002610                SPI_Init
                0x0000000008002698                I2S_Init
                0x00000000080027fc                SPI_StructInit
                0x0000000008002844                I2S_StructInit
                0x000000000800287c                SPI_Cmd
                0x00000000080028bc                I2S_Cmd
                0x00000000080028fc                SPI_I2S_ITConfig
                0x000000000800295c                SPI_I2S_DMACmd
                0x00000000080029a4                SPI_I2S_SendData
                0x00000000080029c0                SPI_I2S_ReceiveData
                0x00000000080029dc                SPI_NSSInternalSoftwareConfig
                0x0000000008002a20                SPI_SSOutputCmd
                0x0000000008002a60                SPI_DataSizeConfig
                0x0000000008002a98                SPI_TransmitCRC
                0x0000000008002abc                SPI_CalculateCRC
                0x0000000008002afc                SPI_GetCRC
                0x0000000008002b30                SPI_GetCRCPolynomial
                0x0000000008002b4c                SPI_BiDirectionalLineConfig
                0x0000000008002b8c                SPI_I2S_GetFlagStatus
                0x0000000008002bc4                SPI_I2S_ClearFlag
                0x0000000008002be4                SPI_I2S_GetITStatus
                0x0000000008002c5c                SPI_I2S_ClearITPendingBit
 .text          0x0000000008002c90      0x908 build/StdPeriph_Driver/src/stm32f10x_usart.o
                0x0000000008002c90                USART_DeInit
                0x0000000008002d48                USART_Init
                0x0000000008002ebc                USART_StructInit
                0x0000000008002ef4                USART_ClockInit
                0x0000000008002f4c                USART_ClockStructInit
                0x0000000008002f78                USART_Cmd
                0x0000000008002fb8                USART_ITConfig
                0x0000000008003048                USART_DMACmd
                0x0000000008003090                USART_SetAddress
                0x00000000080030c8                USART_WakeUpConfig
                0x0000000008003100                USART_ReceiverWakeUpCmd
                0x0000000008003140                USART_LINBreakDetectLengthConfig
                0x0000000008003178                USART_LINCmd
                0x00000000080031b8                USART_SendData
                0x00000000080031dc                USART_ReceiveData
                0x00000000080031fc                USART_SendBreak
                0x0000000008003220                USART_SetGuardTime
                0x000000000800325c                USART_SetPrescaler
                0x0000000008003294                USART_SmartCardCmd
                0x00000000080032d4                USART_SmartCardNACKCmd
                0x0000000008003314                USART_HalfDuplexCmd
                0x0000000008003354                USART_OverSampling8Cmd
                0x0000000008003398                USART_OneBitMethodCmd
                0x00000000080033d8                USART_IrDAConfig
                0x0000000008003410                USART_IrDACmd
                0x0000000008003450                USART_GetFlagStatus
                0x0000000008003488                USART_ClearFlag
                0x00000000080034a8                USART_GetITStatus
                0x0000000008003560                USART_ClearITPendingBit
 .text          0x0000000008003598      0x634 build/src/customboard.o
                0x0000000008003598                STM_EVAL_LEDInit
                0x00000000080035ec                STM_EVAL_LEDOn
                0x000000000800361c                STM_EVAL_LEDOff
                0x000000000800364c                STM_EVAL_LEDToggle
                0x0000000008003688                STM_EVAL_PBInit
                0x0000000008003760                STM_EVAL_PBGetState
                0x0000000008003794                STM_EVAL_COMInit
                0x0000000008003874                SD_LowLevel_DeInit
                0x00000000080038c4                SD_LowLevel_Init
                0x0000000008003930                SD_LowLevel_DMA_TxConfig
                0x00000000080039ac                SD_LowLevel_DMA_RxConfig
                0x0000000008003a28                SD_DMAEndOfTransferStatus
                0x0000000008003a3c                sFLASH_LowLevel_DeInit
                0x0000000008003aa8                sFLASH_LowLevel_Init
                0x0000000008003b18                LM75_LowLevel_DeInit
                0x0000000008003b74                LM75_LowLevel_Init
 .text          0x0000000008003bcc      0x108 build/src/delay.o
                0x0000000008003c64                DelayInit
                0x0000000008003c88                DelayUs
                0x0000000008003cb0                DelayMs
 .text          0x0000000008003cd4      0x204 build/src/hw_config.o
                0x0000000008003cd4                Set_System
                0x0000000008003d30                Set_USBClock
                0x0000000008003d48                Leave_LowPowerMode
                0x0000000008003d7c                USB_Interrupts_Config
                0x0000000008003dd8                USB_Cable_Config
                0x0000000008003e08                Get_SerialNum
 .text          0x0000000008003ed8       0x70 build/src/main.o
                0x0000000008003ed8                InitInputOutput
                0x0000000008003f10                main
 .text          0x0000000008003f48       0xc4 build/src/stm32f10x_it.o
                0x0000000008003f48                NMI_Handler
                0x0000000008003f54                HardFault_Handler
                0x0000000008003f5c                MemManage_Handler
                0x0000000008003f64                BusFault_Handler
                0x0000000008003f6c                UsageFault_Handler
                0x0000000008003f74                SVC_Handler
                0x0000000008003f80                DebugMon_Handler
                0x0000000008003f8c                PendSV_Handler
                0x0000000008003f98                SysTick_Handler
                0x0000000008003fbc                USB_LP_CAN1_RX0_IRQHandler
                0x0000000008003fc8                USART1_IRQHandler
                0x0000000008003ffc                USBWakeUp_IRQHandler
 .text          0x000000000800400c      0x250 build/src/system_stm32f10x.o
                0x000000000800400c                SystemInit
                0x0000000008004074                SystemCoreClockUpdate
 .text          0x000000000800425c       0x6c build/src/usb_endp.o
                0x000000000800425c                EP1_IN_Callback
                0x0000000008004268                EP3_OUT_Callback
                0x0000000008004298                SOF_Callback
 .text          0x00000000080042c8      0x228 build/src/usb_istr.o
                0x00000000080042c8                USB_Istr
 .text          0x00000000080044f0      0x36c build/src/usb_prop.o
                0x00000000080044f0                Virtual_Com_Port_init
                0x000000000800451c                Virtual_Com_Port_Reset
                0x000000000800460c                Virtual_Com_Port_SetConfiguration
                0x0000000008004638                Virtual_Com_Port_SetDeviceAddress
                0x0000000008004650                Virtual_Com_Port_Status_In
                0x000000000800466c                Virtual_Com_Port_Status_Out
                0x0000000008004678                Virtual_Com_Port_Data_Setup
                0x00000000080046f8                Virtual_Com_Port_NoData_Setup
                0x0000000008004738                Virtual_Com_Port_GetDeviceDescriptor
                0x000000000800475c                Virtual_Com_Port_GetConfigDescriptor
                0x0000000008004780                Virtual_Com_Port_GetStringDescriptor
                0x00000000080047c0                Virtual_Com_Port_Get_Interface_Setting
                0x00000000080047f4                Virtual_Com_Port_GetLineCoding
                0x0000000008004828                Virtual_Com_Port_SetLineCoding
 .text          0x000000000800485c      0x2ac build/src/usb_pwr.o
                0x000000000800485c                PowerOn
                0x00000000080048b4                PowerOff
                0x00000000080048e0                Suspend
                0x00000000080049c0                Resume_Init
                0x00000000080049f0                Resume
 .text          0x0000000008004b08      0x414 build/src/virtualComPort.o
                0x0000000008004b08                VCP_Data_InISR
                0x0000000008004b14                DMA_COMInit
                0x0000000008004bac                USART_Config_Default
                0x0000000008004bf8                USART_Config
                0x0000000008004cc8                USB_To_USART_Send_Data
                0x0000000008004d14                VCP_SendRxBufPacketToUsb
                0x0000000008004db4                Handle_USBAsynchXfer
                0x0000000008004eb0                USART_To_USB_Send_Data
 .text          0x0000000008004f1c      0xfa8 build//home/max/Projects/Sources/STM32_USB-FS-Device_Lib_V4.1.0/Libraries/STM32_USB-FS-Device_Driver/src/usb_core.o
                0x0000000008004f1c                Standard_GetConfiguration
                0x0000000008004f58                Standard_SetConfiguration
                0x0000000008004fa8                Standard_GetInterface
                0x0000000008004fe4                Standard_SetInterface
                0x0000000008005070                Standard_GetStatus
                0x00000000080051a8                Standard_ClearFeature
                0x0000000008005384                Standard_SetEndPointFeature
                0x000000000800549c                Standard_SetDeviceFeature
                0x00000000080054c8                Standard_GetDescriptorData
                0x0000000008005c10                Setup0_Process
                0x0000000008005ce8                In0_Process
                0x0000000008005d78                Out0_Process
                0x0000000008005dec                Post0_Process
                0x0000000008005e3c                SetDeviceAddress
                0x0000000008005eb8                NOP_Process
 .text          0x0000000008005ec4       0x40 build//home/max/Projects/Sources/STM32_USB-FS-Device_Lib_V4.1.0/Libraries/STM32_USB-FS-Device_Driver/src/usb_init.o
                0x0000000008005ec4                USB_Init
 .text          0x0000000008005f04      0x3f8 build//home/max/Projects/Sources/STM32_USB-FS-Device_Lib_V4.1.0/Libraries/STM32_USB-FS-Device_Driver/src/usb_int.o
                0x0000000008005f04                CTR_LP
                0x000000000800620c                CTR_HP
 .text          0x00000000080062fc       0xd0 build//home/max/Projects/Sources/STM32_USB-FS-Device_Lib_V4.1.0/Libraries/STM32_USB-FS-Device_Driver/src/usb_mem.o
                0x00000000080062fc                UserToPMABufferCopy
                0x0000000008006370                PMAToUserBufferCopy
 .text          0x00000000080063cc     0x10d0 build//home/max/Projects/Sources/STM32_USB-FS-Device_Lib_V4.1.0/Libraries/STM32_USB-FS-Device_Driver/src/usb_regs.o
                0x00000000080063cc                SetCNTR
                0x00000000080063ec                GetCNTR
                0x0000000008006404                SetISTR
                0x0000000008006424                GetISTR
                0x000000000800643c                GetFNR
                0x0000000008006454                SetDADDR
                0x0000000008006474                GetDADDR
                0x000000000800648c                SetBTABLE
                0x00000000080064b0                GetBTABLE
                0x00000000080064c8                SetENDPOINT
                0x00000000080064f4                GetENDPOINT
                0x000000000800651c                SetEPType
                0x0000000008006568                GetEPType
                0x0000000008006594                SetEPTxStatus
                0x0000000008006604                SetEPRxStatus
                0x0000000008006674                SetDouBleBuffEPStall
                0x00000000080066cc                GetEPTxStatus
                0x00000000080066f8                GetEPRxStatus
                0x0000000008006724                SetEPTxValid
                0x0000000008006774                SetEPRxValid
                0x00000000080067c4                SetEP_KIND
                0x0000000008006814                ClearEP_KIND
                0x0000000008006864                Clear_Status_Out
                0x00000000080068b4                Set_Status_Out
                0x0000000008006904                SetEPDoubleBuff
                0x0000000008006954                ClearEPDoubleBuff
                0x00000000080069a4                GetTxStallStatus
                0x00000000080069dc                GetRxStallStatus
                0x0000000008006a14                ClearEP_CTR_RX
                0x0000000008006a50                ClearEP_CTR_TX
                0x0000000008006a8c                ToggleDTOG_RX
                0x0000000008006ad0                ToggleDTOG_TX
                0x0000000008006b14                ClearDTOG_RX
                0x0000000008006b70                ClearDTOG_TX
                0x0000000008006bcc                SetEPAddress
                0x0000000008006c18                GetEPAddress
                0x0000000008006c44                SetEPTxAddr
                0x0000000008006c88                SetEPRxAddr
                0x0000000008006ccc                GetEPTxAddr
                0x0000000008006d04                GetEPRxAddr
                0x0000000008006d3c                SetEPTxCount
                0x0000000008006d78                SetEPCountRxReg
                0x0000000008006ddc                SetEPRxCount
                0x0000000008006e60                GetEPTxCount
                0x0000000008006e9c                GetEPRxCount
                0x0000000008006ed8                SetEPDblBuffAddr
                0x0000000008006f40                SetEPDblBuf0Addr
                0x0000000008006f84                SetEPDblBuf1Addr
                0x0000000008006fc8                GetEPDblBuf0Addr
                0x0000000008007000                GetEPDblBuf1Addr
                0x0000000008007038                SetEPDblBuffCount
                0x0000000008007174                SetEPDblBuf0Count
                0x0000000008007224                SetEPDblBuf1Count
                0x00000000080072d4                GetEPDblBuf0Count
                0x0000000008007310                GetEPDblBuf1Count
                0x000000000800734c                GetEPDblBufDir
                0x00000000080073b8                FreeUserBuffer
                0x000000000800743c                ToWord
                0x000000000800746c                ByteSwap
 .text          0x000000000800749c       0xcc build//home/max/Projects/Sources/STM32_USB-FS-Device_Lib_V4.1.0/Libraries/STM32_USB-FS-Device_Driver/src/usb_sil.o
                0x000000000800749c                USB_SIL_Init
                0x00000000080074d0                USB_SIL_Write
                0x000000000800751c                USB_SIL_Read
 *(.text*)
 .text.Reset_Handler
                0x0000000008007568       0x48 build/startup/startup_stm32.o
                0x0000000008007568                Reset_Handler
 .text.Default_Handler
                0x00000000080075b0        0x2 build/startup/startup_stm32.o
                0x00000000080075b0                EXTI2_IRQHandler
                0x00000000080075b0                TIM1_CC_IRQHandler
                0x00000000080075b0                PVD_IRQHandler
                0x00000000080075b0                EXTI3_IRQHandler
                0x00000000080075b0                EXTI0_IRQHandler
                0x00000000080075b0                I2C2_EV_IRQHandler
                0x00000000080075b0                ADC1_2_IRQHandler
                0x00000000080075b0                SPI1_IRQHandler
                0x00000000080075b0                TAMPER_IRQHandler
                0x00000000080075b0                DMA1_Channel4_IRQHandler
                0x00000000080075b0                USART3_IRQHandler
                0x00000000080075b0                RTC_IRQHandler
                0x00000000080075b0                DMA1_Channel7_IRQHandler
                0x00000000080075b0                CAN1_RX1_IRQHandler
                0x00000000080075b0                TIM4_IRQHandler
                0x00000000080075b0                I2C1_EV_IRQHandler
                0x00000000080075b0                DMA1_Channel6_IRQHandler
                0x00000000080075b0                TIM3_IRQHandler
                0x00000000080075b0                RCC_IRQHandler
                0x00000000080075b0                TIM1_TRG_COM_IRQHandler
                0x00000000080075b0                DMA1_Channel1_IRQHandler
                0x00000000080075b0                Default_Handler
                0x00000000080075b0                EXTI15_10_IRQHandler
                0x00000000080075b0                EXTI9_5_IRQHandler
                0x00000000080075b0                SPI2_IRQHandler
                0x00000000080075b0                DMA1_Channel5_IRQHandler
                0x00000000080075b0                EXTI4_IRQHandler
                0x00000000080075b0                USB_HP_CAN1_TX_IRQHandler
                0x00000000080075b0                DMA1_Channel3_IRQHandler
                0x00000000080075b0                TIM1_UP_IRQHandler
                0x00000000080075b0                WWDG_IRQHandler
                0x00000000080075b0                TIM2_IRQHandler
                0x00000000080075b0                TIM1_BRK_IRQHandler
                0x00000000080075b0                EXTI1_IRQHandler
                0x00000000080075b0                RTCAlarm_IRQHandler
                0x00000000080075b0                USART2_IRQHandler
                0x00000000080075b0                I2C2_ER_IRQHandler
                0x00000000080075b0                DMA1_Channel2_IRQHandler
                0x00000000080075b0                CAN1_SCE_IRQHandler
                0x00000000080075b0                FLASH_IRQHandler
                0x00000000080075b0                I2C1_ER_IRQHandler
 *fill*         0x00000000080075b2        0x2 
 .text.atexit   0x00000000080075b4        0xc /usr/lib/gcc/arm-none-eabi/4.9.3/../../../arm-none-eabi/lib/armv7-m/libc.a(lib_a-atexit.o)
                0x00000000080075b4                atexit
 .text.__libc_fini_array
                0x00000000080075c0       0x2c /usr/lib/gcc/arm-none-eabi/4.9.3/../../../arm-none-eabi/lib/armv7-m/libc.a(lib_a-fini.o)
                0x00000000080075c0                __libc_fini_array
 .text.__libc_init_array
                0x00000000080075ec       0x50 /usr/lib/gcc/arm-none-eabi/4.9.3/../../../arm-none-eabi/lib/armv7-m/libc.a(lib_a-init.o)
                0x00000000080075ec                __libc_init_array
 .text.memset   0x000000000800763c       0x9c /usr/lib/gcc/arm-none-eabi/4.9.3/../../../arm-none-eabi/lib/armv7-m/libc.a(lib_a-memset.o)
                0x000000000800763c                memset
 .text.__register_exitproc
                0x00000000080076d8       0xa4 /usr/lib/gcc/arm-none-eabi/4.9.3/../../../arm-none-eabi/lib/armv7-m/libc.a(lib_a-__atexit.o)
                0x00000000080076d8                __register_exitproc
 .text.startup.register_fini
                0x000000000800777c       0x14 /usr/lib/gcc/arm-none-eabi/4.9.3/../../../arm-none-eabi/lib/armv7-m/libc.a(lib_a-__call_atexit.o)
 *(.glue_7)
 .glue_7        0x0000000008007790        0x0 linker stubs
 *(.glue_7t)
 .glue_7t       0x0000000008007790        0x0 linker stubs
 *(.eh_frame)
 .eh_frame      0x0000000008007790        0x0 /usr/lib/gcc/arm-none-eabi/4.9.3/armv7-m/crtbegin.o
 *(.init)
 .init          0x0000000008007790        0x4 /usr/lib/gcc/arm-none-eabi/4.9.3/armv7-m/crti.o
                0x0000000008007790                _init
 .init          0x0000000008007794        0x8 /usr/lib/gcc/arm-none-eabi/4.9.3/armv7-m/crtn.o
 *(.fini)
 .fini          0x000000000800779c        0x4 /usr/lib/gcc/arm-none-eabi/4.9.3/armv7-m/crti.o
                0x000000000800779c                _fini
 .fini          0x00000000080077a0        0x8 /usr/lib/gcc/arm-none-eabi/4.9.3/armv7-m/crtn.o
                0x00000000080077a8                . = ALIGN (0x4)
                0x00000000080077a8                _etext = .

.vfp11_veneer   0x00000000080077a8        0x0
 .vfp11_veneer  0x00000000080077a8        0x0 linker stubs

.v4_bx          0x00000000080077a8        0x0
 .v4_bx         0x00000000080077a8        0x0 linker stubs

.iplt           0x00000000080077a8        0x0
 .iplt          0x00000000080077a8        0x0 /usr/lib/gcc/arm-none-eabi/4.9.3/armv7-m/crtbegin.o

.rodata         0x00000000080077a8      0x16c
                0x00000000080077a8                . = ALIGN (0x4)
 *(.rodata)
 .rodata        0x00000000080077a8       0xa8 build/src/customboard.o
                0x00000000080077a8                GPIO_PIN
                0x00000000080077b0                GPIO_CLK
                0x00000000080077c0                BUTTON_PIN
                0x00000000080077d0                BUTTON_CLK
                0x00000000080077f0                BUTTON_EXTI_LINE
                0x0000000008007800                BUTTON_PORT_SOURCE
                0x0000000008007810                BUTTON_PIN_SOURCE
                0x0000000008007820                BUTTON_IRQn
                0x0000000008007830                COM_USART_CLK
                0x0000000008007838                COM_TX_PORT_CLK
                0x0000000008007840                COM_RX_PORT_CLK
                0x0000000008007848                COM_TX_PIN
                0x000000000800784c                COM_RX_PIN
 .rodata        0x0000000008007850        0x4 build/src/main.o
 .rodata        0x0000000008007854       0xb6 build/src/usb_desc.o
                0x0000000008007854                Virtual_Com_Port_DeviceDescriptor
                0x0000000008007868                Virtual_Com_Port_ConfigDescriptor
                0x00000000080078ac                Virtual_Com_Port_StringLangID
                0x00000000080078b0                Virtual_Com_Port_StringVendor
                0x00000000080078d8                Virtual_Com_Port_StringProduct
 *(.rodata*)
 *fill*         0x000000000800790a        0x2 
 .rodata.str1.4
                0x000000000800790c        0x4 /usr/lib/gcc/arm-none-eabi/4.9.3/../../../arm-none-eabi/lib/armv7-m/libc.a(lib_a-impure.o)
 .rodata._global_impure_ptr
                0x0000000008007910        0x4 /usr/lib/gcc/arm-none-eabi/4.9.3/../../../arm-none-eabi/lib/armv7-m/libc.a(lib_a-impure.o)
                0x0000000008007910                _global_impure_ptr
                0x0000000008007914                . = ALIGN (0x4)

.rel.dyn        0x0000000008007914        0x0
 .rel.iplt      0x0000000008007914        0x0 /usr/lib/gcc/arm-none-eabi/4.9.3/armv7-m/crtbegin.o

.ARM.extab      0x0000000008007914        0x0
                0x0000000008007914                . = ALIGN (0x4)
 *(.ARM.extab* .gnu.linkonce.armextab.*)
                0x0000000008007914                . = ALIGN (0x4)

.ARM            0x0000000008007914        0x0
                0x0000000008007914                . = ALIGN (0x4)
                0x0000000008007914                __exidx_start = .
 *(.ARM.exidx*)
                0x0000000008007914                __exidx_end = .
                0x0000000008007914                . = ALIGN (0x4)

.preinit_array  0x0000000008007914        0x0
                0x0000000008007914                . = ALIGN (0x4)
                0x0000000008007914                PROVIDE (__preinit_array_start, .)
 *(.preinit_array*)
                0x0000000008007914                PROVIDE (__preinit_array_end, .)
                0x0000000008007914                . = ALIGN (0x4)

.init_array     0x0000000008007914        0x8
                0x0000000008007914                . = ALIGN (0x4)
                0x0000000008007914                PROVIDE (__init_array_start, .)
 *(SORT(.init_array.*))
 .init_array.00000
                0x0000000008007914        0x4 /usr/lib/gcc/arm-none-eabi/4.9.3/../../../arm-none-eabi/lib/armv7-m/libc.a(lib_a-__call_atexit.o)
 *(.init_array*)
 .init_array    0x0000000008007918        0x4 /usr/lib/gcc/arm-none-eabi/4.9.3/armv7-m/crtbegin.o
                0x000000000800791c                PROVIDE (__init_array_end, .)
                0x000000000800791c                . = ALIGN (0x4)

.fini_array     0x000000000800791c        0x4
                0x000000000800791c                . = ALIGN (0x4)
                0x000000000800791c                PROVIDE (__fini_array_start, .)
 *(SORT(.fini_array.*))
 *(.fini_array*)
 .fini_array    0x000000000800791c        0x4 /usr/lib/gcc/arm-none-eabi/4.9.3/armv7-m/crtbegin.o
                0x0000000008007920                PROVIDE (__fini_array_end, .)
                0x0000000008007920                . = ALIGN (0x4)
                0x0000000008007920                _sidata = LOADADDR (.data)

.data           0x0000000020000000      0x580 load address 0x0000000008007920
                0x0000000020000000                . = ALIGN (0x4)
                0x0000000020000000                _sdata = .
 *(.data)
 .data          0x0000000020000000       0x14 build/StdPeriph_Driver/src/stm32f10x_rcc.o
 .data          0x0000000020000014       0x48 build/src/customboard.o
                0x0000000020000014                GPIO_PORT
                0x0000000020000024                BUTTON_PORT
                0x0000000020000044                COM_USART
                0x000000002000004c                COM_TX_PORT
                0x0000000020000054                COM_RX_PORT
 .data          0x000000002000005c       0x14 build/src/system_stm32f10x.o
                0x000000002000005c                SystemCoreClock
                0x0000000020000060                AHBPrescTable
 .data          0x0000000020000070       0x1a build/src/usb_desc.o
                0x0000000020000070                Virtual_Com_Port_StringSerial
 *fill*         0x000000002000008a        0x2 
 .data          0x000000002000008c       0x38 build/src/usb_istr.o
                0x000000002000008c                pEpInt_IN
                0x00000000200000a8                pEpInt_OUT
 .data          0x00000000200000c4       0x90 build/src/usb_prop.o
                0x00000000200000c4                linecoding
                0x00000000200000cc                Device_Table
                0x00000000200000d0                Device_Property
                0x0000000020000100                User_Standard_Requests
                0x0000000020000124                Device_Descriptor
                0x000000002000012c                Config_Descriptor
                0x0000000020000134                String_Descriptor
 .data          0x0000000020000154        0x1 build/src/usb_pwr.o
                0x0000000020000154                fSuspendEnabled
 *(.data*)
 *fill*         0x0000000020000155        0x3 
 .data.impure_data
                0x0000000020000158      0x428 /usr/lib/gcc/arm-none-eabi/4.9.3/../../../arm-none-eabi/lib/armv7-m/libc.a(lib_a-impure.o)
                0x0000000020000580                . = ALIGN (0x4)
                0x0000000020000580                _edata = .

.jcr            0x0000000020000580        0x0 load address 0x0000000008007ea0
 .jcr           0x0000000020000580        0x0 /usr/lib/gcc/arm-none-eabi/4.9.3/armv7-m/crtbegin.o

.tm_clone_table
                0x0000000020000580        0x0 load address 0x0000000008007ea0
 .tm_clone_table
                0x0000000020000580        0x0 /usr/lib/gcc/arm-none-eabi/4.9.3/armv7-m/crtbegin.o
 .tm_clone_table
                0x0000000020000580        0x0 /usr/lib/gcc/arm-none-eabi/4.9.3/armv7-m/crtend.o

.igot.plt       0x0000000020000580        0x0 load address 0x0000000008007ea0
 .igot.plt      0x0000000020000580        0x0 /usr/lib/gcc/arm-none-eabi/4.9.3/armv7-m/crtbegin.o
                0x0000000020000580                . = ALIGN (0x4)

.bss            0x0000000020000580      0x314 load address 0x0000000008007ea0
                0x0000000020000580                _sbss = .
                0x0000000020000580                __bss_start__ = _sbss
 *(.bss)
 .bss           0x0000000020000580       0x1c /usr/lib/gcc/arm-none-eabi/4.9.3/armv7-m/crtbegin.o
 .bss           0x000000002000059c        0x4 build/src/delay.o
 .bss           0x00000000200005a0       0x11 build/src/hw_config.o
                0x00000000200005a4                USART_Rx_ptr_in
                0x00000000200005a8                USART_Rx_ptr_out
                0x00000000200005ac                USART_Rx_length
                0x00000000200005b0                USB_Tx_State
 *fill*         0x00000000200005b1        0x3 
 .bss           0x00000000200005b4        0x4 build/src/stm32f10x_it.o
 .bss           0x00000000200005b8        0x4 build/src/usb_endp.o
 .bss           0x00000000200005bc        0xc build/src/usb_istr.o
                0x00000000200005bc                bIntPackSOF
                0x00000000200005c0                esof_counter
                0x00000000200005c4                wCNTR
 .bss           0x00000000200005c8        0x1 build/src/usb_prop.o
                0x00000000200005c8                Request
 *fill*         0x00000000200005c9        0x3 
 .bss           0x00000000200005cc        0x8 build/src/usb_pwr.o
                0x00000000200005cc                bDeviceState
                0x00000000200005d0                remotewakeupon
 .bss           0x00000000200005d4        0x5 build//home/max/Projects/Sources/STM32_USB-FS-Device_Lib_V4.1.0/Libraries/STM32_USB-FS-Device_Driver/src/usb_core.o
                0x00000000200005d4                DevRemoteWakeup
                0x00000000200005d8                Data_Mul_MaxPacketSize
 *(.bss*)
 *(COMMON)
 *fill*         0x00000000200005d9        0x3 
 COMMON         0x00000000200005dc       0x40 build/src/usb_endp.o
                0x00000000200005dc                USB_Rx_Buffer
 COMMON         0x000000002000061c        0x2 build/src/usb_istr.o
                0x000000002000061c                wIstr
 *fill*         0x000000002000061e        0x2 
 COMMON         0x0000000020000620       0x24 build/src/usb_pwr.o
                0x0000000020000620                ResumeS
                0x0000000020000624                EP
 COMMON         0x0000000020000644      0x214 build/src/virtualComPort.o
                0x0000000020000644                USART_Rx_Buffer
                0x0000000020000844                USART_InitStructure
                0x0000000020000854                USB_Tx_ptr
                0x0000000020000856                USB_Tx_length
 COMMON         0x0000000020000858        0x2 build//home/max/Projects/Sources/STM32_USB-FS-Device_Lib_V4.1.0/Libraries/STM32_USB-FS-Device_Driver/src/usb_core.o
                0x0000000020000858                StatusInfo
 *fill*         0x000000002000085a        0x2 
 COMMON         0x000000002000085c       0x32 build//home/max/Projects/Sources/STM32_USB-FS-Device_Lib_V4.1.0/Libraries/STM32_USB-FS-Device_Driver/src/usb_init.o
                0x000000002000085c                SaveState
                0x0000000020000860                pProperty
                0x0000000020000864                EPindex
                0x0000000020000868                Device_Info
                0x0000000020000884                pUser_Standard_Requests
                0x0000000020000888                pInformation
                0x000000002000088c                wInterrupt_Mask
 COMMON         0x000000002000088e        0x4 build//home/max/Projects/Sources/STM32_USB-FS-Device_Lib_V4.1.0/Libraries/STM32_USB-FS-Device_Driver/src/usb_int.o
                0x000000002000088e                SaveRState
                0x0000000020000890                SaveTState
                0x0000000020000894                . = ALIGN (0x4)
 *fill*         0x0000000020000892        0x2 
                0x0000000020000894                _ebss = .
                0x0000000020000894                __bss_end__ = _ebss

._user_heap_stack
                0x0000000020000894      0x404 load address 0x0000000008007ea0
                0x0000000020000898                . = ALIGN (0x8)
 *fill*         0x0000000020000894        0x4 
                0x0000000020000898                PROVIDE (end, .)
                [!provide]                        PROVIDE (_end, .)
                0x0000000020000898                . = (. + _Min_Heap_Size)
                0x0000000020000c98                . = (. + _Min_Stack_Size)
 *fill*         0x0000000020000898      0x400 
                0x0000000020000c98                . = ALIGN (0x8)

/DISCARD/
 libc.a(*)
 libm.a(*)
 libgcc.a(*)

.ARM.attributes
                0x0000000000000000       0x29
 *(.ARM.attributes)
 .ARM.attributes
                0x0000000000000000       0x1d /usr/lib/gcc/arm-none-eabi/4.9.3/armv7-m/crti.o
 .ARM.attributes
                0x000000000000001d       0x2d /usr/lib/gcc/arm-none-eabi/4.9.3/armv7-m/crtbegin.o
 .ARM.attributes
                0x000000000000004a       0x33 build/StdPeriph_Driver/src/misc.o
 .ARM.attributes
                0x000000000000007d       0x33 build/StdPeriph_Driver/src/stm32f10x_dma.o
 .ARM.attributes
                0x00000000000000b0       0x33 build/StdPeriph_Driver/src/stm32f10x_exti.o
 .ARM.attributes
                0x00000000000000e3       0x33 build/StdPeriph_Driver/src/stm32f10x_gpio.o
 .ARM.attributes
                0x0000000000000116       0x33 build/StdPeriph_Driver/src/stm32f10x_i2c.o
 .ARM.attributes
                0x0000000000000149       0x33 build/StdPeriph_Driver/src/stm32f10x_rcc.o
 .ARM.attributes
                0x000000000000017c       0x33 build/StdPeriph_Driver/src/stm32f10x_sdio.o
 .ARM.attributes
                0x00000000000001af       0x33 build/StdPeriph_Driver/src/stm32f10x_spi.o
 .ARM.attributes
                0x00000000000001e2       0x33 build/StdPeriph_Driver/src/stm32f10x_usart.o
 .ARM.attributes
                0x0000000000000215       0x33 build/src/customboard.o
 .ARM.attributes
                0x0000000000000248       0x33 build/src/delay.o
 .ARM.attributes
                0x000000000000027b       0x33 build/src/hw_config.o
 .ARM.attributes
                0x00000000000002ae       0x33 build/src/main.o
 .ARM.attributes
                0x00000000000002e1       0x33 build/src/stm32f10x_it.o
 .ARM.attributes
                0x0000000000000314       0x33 build/src/system_stm32f10x.o
 .ARM.attributes
                0x0000000000000347       0x33 build/src/usb_desc.o
 .ARM.attributes
                0x000000000000037a       0x33 build/src/usb_endp.o
 .ARM.attributes
                0x00000000000003ad       0x33 build/src/usb_istr.o
 .ARM.attributes
                0x00000000000003e0       0x33 build/src/usb_prop.o
 .ARM.attributes
                0x0000000000000413       0x33 build/src/usb_pwr.o
 .ARM.attributes
                0x0000000000000446       0x33 build/src/virtualComPort.o
 .ARM.attributes
                0x0000000000000479       0x21 build/startup/startup_stm32.o
 .ARM.attributes
                0x000000000000049a       0x33 build//home/max/Projects/Sources/STM32_USB-FS-Device_Lib_V4.1.0/Libraries/STM32_USB-FS-Device_Driver/src/usb_core.o
 .ARM.attributes
                0x00000000000004cd       0x33 build//home/max/Projects/Sources/STM32_USB-FS-Device_Lib_V4.1.0/Libraries/STM32_USB-FS-Device_Driver/src/usb_init.o
 .ARM.attributes
                0x0000000000000500       0x33 build//home/max/Projects/Sources/STM32_USB-FS-Device_Lib_V4.1.0/Libraries/STM32_USB-FS-Device_Driver/src/usb_int.o
 .ARM.attributes
                0x0000000000000533       0x33 build//home/max/Projects/Sources/STM32_USB-FS-Device_Lib_V4.1.0/Libraries/STM32_USB-FS-Device_Driver/src/usb_mem.o
 .ARM.attributes
                0x0000000000000566       0x33 build//home/max/Projects/Sources/STM32_USB-FS-Device_Lib_V4.1.0/Libraries/STM32_USB-FS-Device_Driver/src/usb_regs.o
 .ARM.attributes
                0x0000000000000599       0x33 build//home/max/Projects/Sources/STM32_USB-FS-Device_Lib_V4.1.0/Libraries/STM32_USB-FS-Device_Driver/src/usb_sil.o
 .ARM.attributes
                0x00000000000005cc       0x2d /usr/lib/gcc/arm-none-eabi/4.9.3/../../../arm-none-eabi/lib/armv7-m/libc.a(lib_a-atexit.o)
 .ARM.attributes
                0x00000000000005f9       0x2d /usr/lib/gcc/arm-none-eabi/4.9.3/../../../arm-none-eabi/lib/armv7-m/libc.a(lib_a-fini.o)
 .ARM.attributes
                0x0000000000000626       0x2d /usr/lib/gcc/arm-none-eabi/4.9.3/../../../arm-none-eabi/lib/armv7-m/libc.a(lib_a-impure.o)
 .ARM.attributes
                0x0000000000000653       0x2d /usr/lib/gcc/arm-none-eabi/4.9.3/../../../arm-none-eabi/lib/armv7-m/libc.a(lib_a-init.o)
 .ARM.attributes
                0x0000000000000680       0x2d /usr/lib/gcc/arm-none-eabi/4.9.3/../../../arm-none-eabi/lib/armv7-m/libc.a(lib_a-memset.o)
 .ARM.attributes
                0x00000000000006ad       0x2d /usr/lib/gcc/arm-none-eabi/4.9.3/../../../arm-none-eabi/lib/armv7-m/libc.a(lib_a-__atexit.o)
 .ARM.attributes
                0x00000000000006da       0x2d /usr/lib/gcc/arm-none-eabi/4.9.3/../../../arm-none-eabi/lib/armv7-m/libc.a(lib_a-__call_atexit.o)
 .ARM.attributes
                0x0000000000000707       0x2d /usr/lib/gcc/arm-none-eabi/4.9.3/armv7-m/crtend.o
 .ARM.attributes
                0x0000000000000734       0x1d /usr/lib/gcc/arm-none-eabi/4.9.3/armv7-m/crtn.o
OUTPUT(build/program.elf elf32-littlearm)

.comment        0x0000000000000000       0x70
 .comment       0x0000000000000000       0x38 /usr/lib/gcc/arm-none-eabi/4.9.3/armv7-m/crtbegin.o
                                         0x39 (size before relaxing)
 .comment       0x0000000000000038       0x39 build/StdPeriph_Driver/src/misc.o
 .comment       0x0000000000000038       0x39 build/StdPeriph_Driver/src/stm32f10x_dma.o
 .comment       0x0000000000000038       0x39 build/StdPeriph_Driver/src/stm32f10x_exti.o
 .comment       0x0000000000000038       0x39 build/StdPeriph_Driver/src/stm32f10x_gpio.o
 .comment       0x0000000000000038       0x39 build/StdPeriph_Driver/src/stm32f10x_i2c.o
 .comment       0x0000000000000038       0x39 build/StdPeriph_Driver/src/stm32f10x_rcc.o
 .comment       0x0000000000000038       0x39 build/StdPeriph_Driver/src/stm32f10x_sdio.o
 .comment       0x0000000000000038       0x39 build/StdPeriph_Driver/src/stm32f10x_spi.o
 .comment       0x0000000000000038       0x39 build/StdPeriph_Driver/src/stm32f10x_usart.o
 .comment       0x0000000000000038       0x39 build/src/customboard.o
 .comment       0x0000000000000038       0x39 build/src/delay.o
 .comment       0x0000000000000038       0x39 build/src/hw_config.o
 .comment       0x0000000000000038       0x39 build/src/main.o
 .comment       0x0000000000000038       0x39 build/src/stm32f10x_it.o
 .comment       0x0000000000000038       0x39 build/src/system_stm32f10x.o
 .comment       0x0000000000000038       0x39 build/src/usb_desc.o
 .comment       0x0000000000000038       0x39 build/src/usb_endp.o
 .comment       0x0000000000000038       0x39 build/src/usb_istr.o
 .comment       0x0000000000000038       0x39 build/src/usb_prop.o
 .comment       0x0000000000000038       0x39 build/src/usb_pwr.o
 .comment       0x0000000000000038       0x39 build/src/virtualComPort.o
 .comment       0x0000000000000038       0x39 build//home/max/Projects/Sources/STM32_USB-FS-Device_Lib_V4.1.0/Libraries/STM32_USB-FS-Device_Driver/src/usb_core.o
 .comment       0x0000000000000038       0x39 build//home/max/Projects/Sources/STM32_USB-FS-Device_Lib_V4.1.0/Libraries/STM32_USB-FS-Device_Driver/src/usb_init.o
 .comment       0x0000000000000038       0x39 build//home/max/Projects/Sources/STM32_USB-FS-Device_Lib_V4.1.0/Libraries/STM32_USB-FS-Device_Driver/src/usb_int.o
 .comment       0x0000000000000038       0x39 build//home/max/Projects/Sources/STM32_USB-FS-Device_Lib_V4.1.0/Libraries/STM32_USB-FS-Device_Driver/src/usb_mem.o
 .comment       0x0000000000000038       0x39 build//home/max/Projects/Sources/STM32_USB-FS-Device_Lib_V4.1.0/Libraries/STM32_USB-FS-Device_Driver/src/usb_regs.o
 .comment       0x0000000000000038       0x39 build//home/max/Projects/Sources/STM32_USB-FS-Device_Lib_V4.1.0/Libraries/STM32_USB-FS-Device_Driver/src/usb_sil.o
 .comment       0x0000000000000038       0x38 /usr/lib/gcc/arm-none-eabi/4.9.3/../../../arm-none-eabi/lib/armv7-m/libc.a(lib_a-atexit.o)
                                         0x39 (size before relaxing)
 .comment       0x0000000000000070       0x39 /usr/lib/gcc/arm-none-eabi/4.9.3/../../../arm-none-eabi/lib/armv7-m/libc.a(lib_a-fini.o)
 .comment       0x0000000000000070       0x39 /usr/lib/gcc/arm-none-eabi/4.9.3/../../../arm-none-eabi/lib/armv7-m/libc.a(lib_a-impure.o)
 .comment       0x0000000000000070       0x39 /usr/lib/gcc/arm-none-eabi/4.9.3/../../../arm-none-eabi/lib/armv7-m/libc.a(lib_a-init.o)
 .comment       0x0000000000000070       0x39 /usr/lib/gcc/arm-none-eabi/4.9.3/../../../arm-none-eabi/lib/armv7-m/libc.a(lib_a-memset.o)
 .comment       0x0000000000000070       0x39 /usr/lib/gcc/arm-none-eabi/4.9.3/../../../arm-none-eabi/lib/armv7-m/libc.a(lib_a-__atexit.o)
 .comment       0x0000000000000070       0x39 /usr/lib/gcc/arm-none-eabi/4.9.3/../../../arm-none-eabi/lib/armv7-m/libc.a(lib_a-__call_atexit.o)
 .comment       0x0000000000000070       0x39 /usr/lib/gcc/arm-none-eabi/4.9.3/armv7-m/crtend.o

.debug_info     0x0000000000000000     0xbd33
 .debug_info    0x0000000000000000      0x4ed build/StdPeriph_Driver/src/misc.o
 .debug_info    0x00000000000004ed      0x461 build/StdPeriph_Driver/src/stm32f10x_dma.o
 .debug_info    0x000000000000094e      0x32f build/StdPeriph_Driver/src/stm32f10x_exti.o
 .debug_info    0x0000000000000c7d      0x6d5 build/StdPeriph_Driver/src/stm32f10x_gpio.o
 .debug_info    0x0000000000001352      0xaee build/StdPeriph_Driver/src/stm32f10x_i2c.o
 .debug_info    0x0000000000001e40      0x87b build/StdPeriph_Driver/src/stm32f10x_rcc.o
 .debug_info    0x00000000000026bb      0x7d9 build/StdPeriph_Driver/src/stm32f10x_sdio.o
 .debug_info    0x0000000000002e94      0x8e1 build/StdPeriph_Driver/src/stm32f10x_spi.o
 .debug_info    0x0000000000003775      0x9d6 build/StdPeriph_Driver/src/stm32f10x_usart.o
 .debug_info    0x000000000000414b      0xde3 build/src/customboard.o
 .debug_info    0x0000000000004f2e      0x5a4 build/src/delay.o
 .debug_info    0x00000000000054d2      0x796 build/src/hw_config.o
 .debug_info    0x0000000000005c68      0x218 build/src/main.o
 .debug_info    0x0000000000005e80      0x278 build/src/stm32f10x_it.o
 .debug_info    0x00000000000060f8      0x438 build/src/system_stm32f10x.o
 .debug_info    0x0000000000006530      0x171 build/src/usb_desc.o
 .debug_info    0x00000000000066a1      0x184 build/src/usb_endp.o
 .debug_info    0x0000000000006825      0x33e build/src/usb_istr.o
 .debug_info    0x0000000000006b63      0x815 build/src/usb_prop.o
 .debug_info    0x0000000000007378      0x314 build/src/usb_pwr.o
 .debug_info    0x000000000000768c      0x555 build/src/virtualComPort.o
 .debug_info    0x0000000000007be1       0x6f build/startup/startup_stm32.o
 .debug_info    0x0000000000007c50      0xb69 build//home/max/Projects/Sources/STM32_USB-FS-Device_Lib_V4.1.0/Libraries/STM32_USB-FS-Device_Driver/src/usb_core.o
 .debug_info    0x00000000000087b9      0x440 build//home/max/Projects/Sources/STM32_USB-FS-Device_Lib_V4.1.0/Libraries/STM32_USB-FS-Device_Driver/src/usb_init.o
 .debug_info    0x0000000000008bf9      0x1e1 build//home/max/Projects/Sources/STM32_USB-FS-Device_Lib_V4.1.0/Libraries/STM32_USB-FS-Device_Driver/src/usb_int.o
 .debug_info    0x0000000000008dda      0x1c0 build//home/max/Projects/Sources/STM32_USB-FS-Device_Lib_V4.1.0/Libraries/STM32_USB-FS-Device_Driver/src/usb_mem.o
 .debug_info    0x0000000000008f9a      0xc9f build//home/max/Projects/Sources/STM32_USB-FS-Device_Lib_V4.1.0/Libraries/STM32_USB-FS-Device_Driver/src/usb_regs.o
 .debug_info    0x0000000000009c39      0x174 build//home/max/Projects/Sources/STM32_USB-FS-Device_Lib_V4.1.0/Libraries/STM32_USB-FS-Device_Driver/src/usb_sil.o
 .debug_info    0x0000000000009dad      0x10a /usr/lib/gcc/arm-none-eabi/4.9.3/../../../arm-none-eabi/lib/armv7-m/libc.a(lib_a-atexit.o)
 .debug_info    0x0000000000009eb7       0xef /usr/lib/gcc/arm-none-eabi/4.9.3/../../../arm-none-eabi/lib/armv7-m/libc.a(lib_a-fini.o)
 .debug_info    0x0000000000009fa6      0x894 /usr/lib/gcc/arm-none-eabi/4.9.3/../../../arm-none-eabi/lib/armv7-m/libc.a(lib_a-impure.o)
 .debug_info    0x000000000000a83a      0x105 /usr/lib/gcc/arm-none-eabi/4.9.3/../../../arm-none-eabi/lib/armv7-m/libc.a(lib_a-init.o)
 .debug_info    0x000000000000a93f      0x117 /usr/lib/gcc/arm-none-eabi/4.9.3/../../../arm-none-eabi/lib/armv7-m/libc.a(lib_a-memset.o)
 .debug_info    0x000000000000aa56      0x934 /usr/lib/gcc/arm-none-eabi/4.9.3/../../../arm-none-eabi/lib/armv7-m/libc.a(lib_a-__atexit.o)
 .debug_info    0x000000000000b38a      0x9a9 /usr/lib/gcc/arm-none-eabi/4.9.3/../../../arm-none-eabi/lib/armv7-m/libc.a(lib_a-__call_atexit.o)

.debug_abbrev   0x0000000000000000     0x2e9e
 .debug_abbrev  0x0000000000000000      0x156 build/StdPeriph_Driver/src/misc.o
 .debug_abbrev  0x0000000000000156      0x157 build/StdPeriph_Driver/src/stm32f10x_dma.o
 .debug_abbrev  0x00000000000002ad      0x153 build/StdPeriph_Driver/src/stm32f10x_exti.o
 .debug_abbrev  0x0000000000000400      0x1ca build/StdPeriph_Driver/src/stm32f10x_gpio.o
 .debug_abbrev  0x00000000000005ca      0x166 build/StdPeriph_Driver/src/stm32f10x_i2c.o
 .debug_abbrev  0x0000000000000730      0x1bc build/StdPeriph_Driver/src/stm32f10x_rcc.o
 .debug_abbrev  0x00000000000008ec      0x1b1 build/StdPeriph_Driver/src/stm32f10x_sdio.o
 .debug_abbrev  0x0000000000000a9d      0x180 build/StdPeriph_Driver/src/stm32f10x_spi.o
 .debug_abbrev  0x0000000000000c1d      0x164 build/StdPeriph_Driver/src/stm32f10x_usart.o
 .debug_abbrev  0x0000000000000d81      0x1d7 build/src/customboard.o
 .debug_abbrev  0x0000000000000f58      0x1d3 build/src/delay.o
 .debug_abbrev  0x000000000000112b      0x21a build/src/hw_config.o
 .debug_abbrev  0x0000000000001345      0x107 build/src/main.o
 .debug_abbrev  0x000000000000144c       0xfd build/src/stm32f10x_it.o
 .debug_abbrev  0x0000000000001549      0x179 build/src/system_stm32f10x.o
 .debug_abbrev  0x00000000000016c2       0x75 build/src/usb_desc.o
 .debug_abbrev  0x0000000000001737       0xdc build/src/usb_endp.o
 .debug_abbrev  0x0000000000001813      0x118 build/src/usb_istr.o
 .debug_abbrev  0x000000000000192b      0x1f5 build/src/usb_prop.o
 .debug_abbrev  0x0000000000001b20      0x188 build/src/usb_pwr.o
 .debug_abbrev  0x0000000000001ca8      0x1c6 build/src/virtualComPort.o
 .debug_abbrev  0x0000000000001e6e       0x12 build/startup/startup_stm32.o
 .debug_abbrev  0x0000000000001e80      0x292 build//home/max/Projects/Sources/STM32_USB-FS-Device_Lib_V4.1.0/Libraries/STM32_USB-FS-Device_Driver/src/usb_core.o
 .debug_abbrev  0x0000000000002112      0x10f build//home/max/Projects/Sources/STM32_USB-FS-Device_Lib_V4.1.0/Libraries/STM32_USB-FS-Device_Driver/src/usb_init.o
 .debug_abbrev  0x0000000000002221       0xd0 build//home/max/Projects/Sources/STM32_USB-FS-Device_Lib_V4.1.0/Libraries/STM32_USB-FS-Device_Driver/src/usb_int.o
 .debug_abbrev  0x00000000000022f1       0x9f build//home/max/Projects/Sources/STM32_USB-FS-Device_Lib_V4.1.0/Libraries/STM32_USB-FS-Device_Driver/src/usb_mem.o
 .debug_abbrev  0x0000000000002390      0x16f build//home/max/Projects/Sources/STM32_USB-FS-Device_Lib_V4.1.0/Libraries/STM32_USB-FS-Device_Driver/src/usb_regs.o
 .debug_abbrev  0x00000000000024ff       0xbd build//home/max/Projects/Sources/STM32_USB-FS-Device_Lib_V4.1.0/Libraries/STM32_USB-FS-Device_Driver/src/usb_sil.o
 .debug_abbrev  0x00000000000025bc       0xb8 /usr/lib/gcc/arm-none-eabi/4.9.3/../../../arm-none-eabi/lib/armv7-m/libc.a(lib_a-atexit.o)
 .debug_abbrev  0x0000000000002674       0xbd /usr/lib/gcc/arm-none-eabi/4.9.3/../../../arm-none-eabi/lib/armv7-m/libc.a(lib_a-fini.o)
 .debug_abbrev  0x0000000000002731      0x180 /usr/lib/gcc/arm-none-eabi/4.9.3/../../../arm-none-eabi/lib/armv7-m/libc.a(lib_a-impure.o)
 .debug_abbrev  0x00000000000028b1       0xba /usr/lib/gcc/arm-none-eabi/4.9.3/../../../arm-none-eabi/lib/armv7-m/libc.a(lib_a-init.o)
 .debug_abbrev  0x000000000000296b       0x9f /usr/lib/gcc/arm-none-eabi/4.9.3/../../../arm-none-eabi/lib/armv7-m/libc.a(lib_a-memset.o)
 .debug_abbrev  0x0000000000002a0a      0x20f /usr/lib/gcc/arm-none-eabi/4.9.3/../../../arm-none-eabi/lib/armv7-m/libc.a(lib_a-__atexit.o)
 .debug_abbrev  0x0000000000002c19      0x285 /usr/lib/gcc/arm-none-eabi/4.9.3/../../../arm-none-eabi/lib/armv7-m/libc.a(lib_a-__call_atexit.o)

.debug_aranges  0x0000000000000000      0x460
 .debug_aranges
                0x0000000000000000       0x20 build/StdPeriph_Driver/src/misc.o
 .debug_aranges
                0x0000000000000020       0x20 build/StdPeriph_Driver/src/stm32f10x_dma.o
 .debug_aranges
                0x0000000000000040       0x20 build/StdPeriph_Driver/src/stm32f10x_exti.o
 .debug_aranges
                0x0000000000000060       0x20 build/StdPeriph_Driver/src/stm32f10x_gpio.o
 .debug_aranges
                0x0000000000000080       0x20 build/StdPeriph_Driver/src/stm32f10x_i2c.o
 .debug_aranges
                0x00000000000000a0       0x20 build/StdPeriph_Driver/src/stm32f10x_rcc.o
 .debug_aranges
                0x00000000000000c0       0x20 build/StdPeriph_Driver/src/stm32f10x_sdio.o
 .debug_aranges
                0x00000000000000e0       0x20 build/StdPeriph_Driver/src/stm32f10x_spi.o
 .debug_aranges
                0x0000000000000100       0x20 build/StdPeriph_Driver/src/stm32f10x_usart.o
 .debug_aranges
                0x0000000000000120       0x20 build/src/customboard.o
 .debug_aranges
                0x0000000000000140       0x20 build/src/delay.o
 .debug_aranges
                0x0000000000000160       0x20 build/src/hw_config.o
 .debug_aranges
                0x0000000000000180       0x20 build/src/main.o
 .debug_aranges
                0x00000000000001a0       0x20 build/src/stm32f10x_it.o
 .debug_aranges
                0x00000000000001c0       0x20 build/src/system_stm32f10x.o
 .debug_aranges
                0x00000000000001e0       0x18 build/src/usb_desc.o
 .debug_aranges
                0x00000000000001f8       0x20 build/src/usb_endp.o
 .debug_aranges
                0x0000000000000218       0x20 build/src/usb_istr.o
 .debug_aranges
                0x0000000000000238       0x20 build/src/usb_prop.o
 .debug_aranges
                0x0000000000000258       0x20 build/src/usb_pwr.o
 .debug_aranges
                0x0000000000000278       0x20 build/src/virtualComPort.o
 .debug_aranges
                0x0000000000000298       0x28 build/startup/startup_stm32.o
 .debug_aranges
                0x00000000000002c0       0x20 build//home/max/Projects/Sources/STM32_USB-FS-Device_Lib_V4.1.0/Libraries/STM32_USB-FS-Device_Driver/src/usb_core.o
 .debug_aranges
                0x00000000000002e0       0x20 build//home/max/Projects/Sources/STM32_USB-FS-Device_Lib_V4.1.0/Libraries/STM32_USB-FS-Device_Driver/src/usb_init.o
 .debug_aranges
                0x0000000000000300       0x20 build//home/max/Projects/Sources/STM32_USB-FS-Device_Lib_V4.1.0/Libraries/STM32_USB-FS-Device_Driver/src/usb_int.o
 .debug_aranges
                0x0000000000000320       0x20 build//home/max/Projects/Sources/STM32_USB-FS-Device_Lib_V4.1.0/Libraries/STM32_USB-FS-Device_Driver/src/usb_mem.o
 .debug_aranges
                0x0000000000000340       0x20 build//home/max/Projects/Sources/STM32_USB-FS-Device_Lib_V4.1.0/Libraries/STM32_USB-FS-Device_Driver/src/usb_regs.o
 .debug_aranges
                0x0000000000000360       0x20 build//home/max/Projects/Sources/STM32_USB-FS-Device_Lib_V4.1.0/Libraries/STM32_USB-FS-Device_Driver/src/usb_sil.o
 .debug_aranges
                0x0000000000000380       0x20 /usr/lib/gcc/arm-none-eabi/4.9.3/../../../arm-none-eabi/lib/armv7-m/libc.a(lib_a-atexit.o)
 .debug_aranges
                0x00000000000003a0       0x20 /usr/lib/gcc/arm-none-eabi/4.9.3/../../../arm-none-eabi/lib/armv7-m/libc.a(lib_a-fini.o)
 .debug_aranges
                0x00000000000003c0       0x18 /usr/lib/gcc/arm-none-eabi/4.9.3/../../../arm-none-eabi/lib/armv7-m/libc.a(lib_a-impure.o)
 .debug_aranges
                0x00000000000003d8       0x20 /usr/lib/gcc/arm-none-eabi/4.9.3/../../../arm-none-eabi/lib/armv7-m/libc.a(lib_a-init.o)
 .debug_aranges
                0x00000000000003f8       0x20 /usr/lib/gcc/arm-none-eabi/4.9.3/../../../arm-none-eabi/lib/armv7-m/libc.a(lib_a-memset.o)
 .debug_aranges
                0x0000000000000418       0x20 /usr/lib/gcc/arm-none-eabi/4.9.3/../../../arm-none-eabi/lib/armv7-m/libc.a(lib_a-__atexit.o)
 .debug_aranges
                0x0000000000000438       0x28 /usr/lib/gcc/arm-none-eabi/4.9.3/../../../arm-none-eabi/lib/armv7-m/libc.a(lib_a-__call_atexit.o)

.debug_line     0x0000000000000000     0x477e
 .debug_line    0x0000000000000000      0x1c8 build/StdPeriph_Driver/src/misc.o
 .debug_line    0x00000000000001c8      0x23b build/StdPeriph_Driver/src/stm32f10x_dma.o
 .debug_line    0x0000000000000403      0x201 build/StdPeriph_Driver/src/stm32f10x_exti.o
 .debug_line    0x0000000000000604      0x28e build/StdPeriph_Driver/src/stm32f10x_gpio.o
 .debug_line    0x0000000000000892      0x2e9 build/StdPeriph_Driver/src/stm32f10x_i2c.o
 .debug_line    0x0000000000000b7b      0x2e9 build/StdPeriph_Driver/src/stm32f10x_rcc.o
 .debug_line    0x0000000000000e64      0x27a build/StdPeriph_Driver/src/stm32f10x_sdio.o
 .debug_line    0x00000000000010de      0x2b3 build/StdPeriph_Driver/src/stm32f10x_spi.o
 .debug_line    0x0000000000001391      0x2e5 build/StdPeriph_Driver/src/stm32f10x_usart.o
 .debug_line    0x0000000000001676      0x2bb build/src/customboard.o
 .debug_line    0x0000000000001931      0x1cc build/src/delay.o
 .debug_line    0x0000000000001afd      0x2cd build/src/hw_config.o
 .debug_line    0x0000000000001dca      0x1ba build/src/main.o
 .debug_line    0x0000000000001f84      0x1d5 build/src/stm32f10x_it.o
 .debug_line    0x0000000000002159      0x1ea build/src/system_stm32f10x.o
 .debug_line    0x0000000000002343       0xec build/src/usb_desc.o
 .debug_line    0x000000000000242f      0x122 build/src/usb_endp.o
 .debug_line    0x0000000000002551      0x1f1 build/src/usb_istr.o
 .debug_line    0x0000000000002742      0x238 build/src/usb_prop.o
 .debug_line    0x000000000000297a      0x295 build/src/usb_pwr.o
 .debug_line    0x0000000000002c0f      0x2f4 build/src/virtualComPort.o
 .debug_line    0x0000000000002f03       0x74 build/startup/startup_stm32.o
 .debug_line    0x0000000000002f77      0x42b build//home/max/Projects/Sources/STM32_USB-FS-Device_Lib_V4.1.0/Libraries/STM32_USB-FS-Device_Driver/src/usb_core.o
 .debug_line    0x00000000000033a2      0x1d2 build//home/max/Projects/Sources/STM32_USB-FS-Device_Lib_V4.1.0/Libraries/STM32_USB-FS-Device_Driver/src/usb_init.o
 .debug_line    0x0000000000003574      0x2a8 build//home/max/Projects/Sources/STM32_USB-FS-Device_Lib_V4.1.0/Libraries/STM32_USB-FS-Device_Driver/src/usb_int.o
 .debug_line    0x000000000000381c      0x1ad build//home/max/Projects/Sources/STM32_USB-FS-Device_Lib_V4.1.0/Libraries/STM32_USB-FS-Device_Driver/src/usb_mem.o
 .debug_line    0x00000000000039c9      0x458 build//home/max/Projects/Sources/STM32_USB-FS-Device_Lib_V4.1.0/Libraries/STM32_USB-FS-Device_Driver/src/usb_regs.o
 .debug_line    0x0000000000003e21      0x1df build//home/max/Projects/Sources/STM32_USB-FS-Device_Lib_V4.1.0/Libraries/STM32_USB-FS-Device_Driver/src/usb_sil.o
 .debug_line    0x0000000000004000       0xc1 /usr/lib/gcc/arm-none-eabi/4.9.3/../../../arm-none-eabi/lib/armv7-m/libc.a(lib_a-atexit.o)
 .debug_line    0x00000000000040c1       0x9c /usr/lib/gcc/arm-none-eabi/4.9.3/../../../arm-none-eabi/lib/armv7-m/libc.a(lib_a-fini.o)
 .debug_line    0x000000000000415d       0xf1 /usr/lib/gcc/arm-none-eabi/4.9.3/../../../arm-none-eabi/lib/armv7-m/libc.a(lib_a-impure.o)
 .debug_line    0x000000000000424e       0xb6 /usr/lib/gcc/arm-none-eabi/4.9.3/../../../arm-none-eabi/lib/armv7-m/libc.a(lib_a-init.o)
 .debug_line    0x0000000000004304      0x119 /usr/lib/gcc/arm-none-eabi/4.9.3/../../../arm-none-eabi/lib/armv7-m/libc.a(lib_a-memset.o)
 .debug_line    0x000000000000441d      0x19c /usr/lib/gcc/arm-none-eabi/4.9.3/../../../arm-none-eabi/lib/armv7-m/libc.a(lib_a-__atexit.o)
 .debug_line    0x00000000000045b9      0x1c5 /usr/lib/gcc/arm-none-eabi/4.9.3/../../../arm-none-eabi/lib/armv7-m/libc.a(lib_a-__call_atexit.o)

.debug_str      0x0000000000000000     0x44a4
 .debug_str     0x0000000000000000      0x351 build/StdPeriph_Driver/src/misc.o
                                        0x3af (size before relaxing)
 .debug_str     0x0000000000000351      0x21c build/StdPeriph_Driver/src/stm32f10x_dma.o
                                        0x3ae (size before relaxing)
 .debug_str     0x000000000000056d      0x1b6 build/StdPeriph_Driver/src/stm32f10x_exti.o
                                        0x340 (size before relaxing)
 .debug_str     0x0000000000000723      0x360 build/StdPeriph_Driver/src/stm32f10x_gpio.o
                                        0x510 (size before relaxing)
 .debug_str     0x0000000000000a83      0x435 build/StdPeriph_Driver/src/stm32f10x_i2c.o
                                        0x65d (size before relaxing)
 .debug_str     0x0000000000000eb8      0x3b4 build/StdPeriph_Driver/src/stm32f10x_rcc.o
                                        0x611 (size before relaxing)
 .debug_str     0x000000000000126c      0x462 build/StdPeriph_Driver/src/stm32f10x_sdio.o
                                        0x627 (size before relaxing)
 .debug_str     0x00000000000016ce      0x354 build/StdPeriph_Driver/src/stm32f10x_spi.o
                                        0x5f4 (size before relaxing)
 .debug_str     0x0000000000001a22      0x40c build/StdPeriph_Driver/src/stm32f10x_usart.o
                                        0x687 (size before relaxing)
 .debug_str     0x0000000000001e2e      0x646 build/src/customboard.o
                                        0xc55 (size before relaxing)
 .debug_str     0x0000000000002474       0x6e build/src/delay.o
                                        0x568 (size before relaxing)
 .debug_str     0x00000000000024e2      0x27a build/src/hw_config.o
                                        0x9ba (size before relaxing)
 .debug_str     0x000000000000275c       0x32 build/src/main.o
                                        0x2b9 (size before relaxing)
 .debug_str     0x000000000000278e       0xe5 build/src/stm32f10x_it.o
                                        0x2a7 (size before relaxing)
 .debug_str     0x0000000000002873       0x78 build/src/system_stm32f10x.o
                                        0x2c6 (size before relaxing)
 .debug_str     0x00000000000028eb       0xae build/src/usb_desc.o
                                        0x211 (size before relaxing)
 .debug_str     0x0000000000002999       0x61 build/src/usb_endp.o
                                        0x225 (size before relaxing)
 .debug_str     0x00000000000029fa      0x1bf build/src/usb_istr.o
                                        0x394 (size before relaxing)
 .debug_str     0x0000000000002bb9      0x3ea build/src/usb_prop.o
                                        0x931 (size before relaxing)
 .debug_str     0x0000000000002fa3       0x68 build/src/usb_pwr.o
                                        0x343 (size before relaxing)
 .debug_str     0x000000000000300b      0x100 build/src/virtualComPort.o
                                        0x526 (size before relaxing)
 .debug_str     0x000000000000310b      0x490 build//home/max/Projects/Sources/STM32_USB-FS-Device_Lib_V4.1.0/Libraries/STM32_USB-FS-Device_Driver/src/usb_core.o
                                        0xac4 (size before relaxing)
 .debug_str     0x000000000000359b       0x89 build//home/max/Projects/Sources/STM32_USB-FS-Device_Lib_V4.1.0/Libraries/STM32_USB-FS-Device_Driver/src/usb_init.o
                                        0x572 (size before relaxing)
 .debug_str     0x0000000000003624       0x82 build//home/max/Projects/Sources/STM32_USB-FS-Device_Lib_V4.1.0/Libraries/STM32_USB-FS-Device_Driver/src/usb_int.o
                                        0x231 (size before relaxing)
 .debug_str     0x00000000000036a6       0xc5 build//home/max/Projects/Sources/STM32_USB-FS-Device_Lib_V4.1.0/Libraries/STM32_USB-FS-Device_Driver/src/usb_mem.o
                                        0x232 (size before relaxing)
 .debug_str     0x000000000000376b      0x431 build//home/max/Projects/Sources/STM32_USB-FS-Device_Lib_V4.1.0/Libraries/STM32_USB-FS-Device_Driver/src/usb_regs.o
                                        0x5ba (size before relaxing)
 .debug_str     0x0000000000003b9c       0xb8 build//home/max/Projects/Sources/STM32_USB-FS-Device_Lib_V4.1.0/Libraries/STM32_USB-FS-Device_Driver/src/usb_sil.o
                                        0x240 (size before relaxing)
 .debug_str     0x0000000000003c54      0x15f /usr/lib/gcc/arm-none-eabi/4.9.3/../../../arm-none-eabi/lib/armv7-m/libc.a(lib_a-atexit.o)
                                        0x1f8 (size before relaxing)
 .debug_str     0x0000000000003db3       0xca /usr/lib/gcc/arm-none-eabi/4.9.3/../../../arm-none-eabi/lib/armv7-m/libc.a(lib_a-fini.o)
                                        0x1f0 (size before relaxing)
 .debug_str     0x0000000000003e7d      0x445 /usr/lib/gcc/arm-none-eabi/4.9.3/../../../arm-none-eabi/lib/armv7-m/libc.a(lib_a-impure.o)
                                        0x58c (size before relaxing)
 .debug_str     0x00000000000042c2       0x8a /usr/lib/gcc/arm-none-eabi/4.9.3/../../../arm-none-eabi/lib/armv7-m/libc.a(lib_a-init.o)
                                        0x21a (size before relaxing)
 .debug_str     0x000000000000434c       0xa7 /usr/lib/gcc/arm-none-eabi/4.9.3/../../../arm-none-eabi/lib/armv7-m/libc.a(lib_a-memset.o)
                                        0x1cf (size before relaxing)
 .debug_str     0x00000000000043f3       0x30 /usr/lib/gcc/arm-none-eabi/4.9.3/../../../arm-none-eabi/lib/armv7-m/libc.a(lib_a-__atexit.o)
                                        0x5d4 (size before relaxing)
 .debug_str     0x0000000000004423       0x81 /usr/lib/gcc/arm-none-eabi/4.9.3/../../../arm-none-eabi/lib/armv7-m/libc.a(lib_a-__call_atexit.o)
                                        0x5ec (size before relaxing)

.debug_frame    0x0000000000000000     0x36e0
 .debug_frame   0x0000000000000000       0xd8 build/StdPeriph_Driver/src/misc.o
 .debug_frame   0x00000000000000d8      0x1c8 build/StdPeriph_Driver/src/stm32f10x_dma.o
 .debug_frame   0x00000000000002a0      0x148 build/StdPeriph_Driver/src/stm32f10x_exti.o
 .debug_frame   0x00000000000003e8      0x2d0 build/StdPeriph_Driver/src/stm32f10x_gpio.o
 .debug_frame   0x00000000000006b8      0x530 build/StdPeriph_Driver/src/stm32f10x_i2c.o
 .debug_frame   0x0000000000000be8      0x4f4 build/StdPeriph_Driver/src/stm32f10x_rcc.o
 .debug_frame   0x00000000000010dc      0x490 build/StdPeriph_Driver/src/stm32f10x_sdio.o
 .debug_frame   0x000000000000156c      0x3a0 build/StdPeriph_Driver/src/stm32f10x_spi.o
 .debug_frame   0x000000000000190c      0x490 build/StdPeriph_Driver/src/stm32f10x_usart.o
 .debug_frame   0x0000000000001d9c      0x254 build/src/customboard.o
 .debug_frame   0x0000000000001ff0       0xc4 build/src/delay.o
 .debug_frame   0x00000000000020b4      0x108 build/src/hw_config.o
 .debug_frame   0x00000000000021bc       0x50 build/src/main.o
 .debug_frame   0x000000000000220c      0x164 build/src/stm32f10x_it.o
 .debug_frame   0x0000000000002370       0x98 build/src/system_stm32f10x.o
 .debug_frame   0x0000000000002408       0x6c build/src/usb_endp.o
 .debug_frame   0x0000000000002474       0x34 build/src/usb_istr.o
 .debug_frame   0x00000000000024a8      0x1fc build/src/usb_prop.o
 .debug_frame   0x00000000000026a4       0xc4 build/src/usb_pwr.o
 .debug_frame   0x0000000000002768      0x10c build/src/virtualComPort.o
 .debug_frame   0x0000000000002874      0x2b8 build//home/max/Projects/Sources/STM32_USB-FS-Device_Lib_V4.1.0/Libraries/STM32_USB-FS-Device_Driver/src/usb_core.o
 .debug_frame   0x0000000000002b2c       0x2c build//home/max/Projects/Sources/STM32_USB-FS-Device_Lib_V4.1.0/Libraries/STM32_USB-FS-Device_Driver/src/usb_init.o
 .debug_frame   0x0000000000002b58       0x5c build//home/max/Projects/Sources/STM32_USB-FS-Device_Lib_V4.1.0/Libraries/STM32_USB-FS-Device_Driver/src/usb_int.o
 .debug_frame   0x0000000000002bb4       0x60 build//home/max/Projects/Sources/STM32_USB-FS-Device_Lib_V4.1.0/Libraries/STM32_USB-FS-Device_Driver/src/usb_mem.o
 .debug_frame   0x0000000000002c14      0x91c build//home/max/Projects/Sources/STM32_USB-FS-Device_Lib_V4.1.0/Libraries/STM32_USB-FS-Device_Driver/src/usb_regs.o
 .debug_frame   0x0000000000003530       0x78 build//home/max/Projects/Sources/STM32_USB-FS-Device_Lib_V4.1.0/Libraries/STM32_USB-FS-Device_Driver/src/usb_sil.o
 .debug_frame   0x00000000000035a8       0x20 /usr/lib/gcc/arm-none-eabi/4.9.3/../../../arm-none-eabi/lib/armv7-m/libc.a(lib_a-atexit.o)
 .debug_frame   0x00000000000035c8       0x34 /usr/lib/gcc/arm-none-eabi/4.9.3/../../../arm-none-eabi/lib/armv7-m/libc.a(lib_a-fini.o)
 .debug_frame   0x00000000000035fc       0x2c /usr/lib/gcc/arm-none-eabi/4.9.3/../../../arm-none-eabi/lib/armv7-m/libc.a(lib_a-init.o)
 .debug_frame   0x0000000000003628       0x34 /usr/lib/gcc/arm-none-eabi/4.9.3/../../../arm-none-eabi/lib/armv7-m/libc.a(lib_a-memset.o)
 .debug_frame   0x000000000000365c       0x34 /usr/lib/gcc/arm-none-eabi/4.9.3/../../../arm-none-eabi/lib/armv7-m/libc.a(lib_a-__atexit.o)
 .debug_frame   0x0000000000003690       0x50 /usr/lib/gcc/arm-none-eabi/4.9.3/../../../arm-none-eabi/lib/armv7-m/libc.a(lib_a-__call_atexit.o)

.debug_ranges   0x0000000000000000       0xb8
 .debug_ranges  0x0000000000000000       0x20 build/startup/startup_stm32.o
 .debug_ranges  0x0000000000000020       0x18 build//home/max/Projects/Sources/STM32_USB-FS-Device_Lib_V4.1.0/Libraries/STM32_USB-FS-Device_Driver/src/usb_core.o
 .debug_ranges  0x0000000000000038       0x10 /usr/lib/gcc/arm-none-eabi/4.9.3/../../../arm-none-eabi/lib/armv7-m/libc.a(lib_a-atexit.o)
 .debug_ranges  0x0000000000000048       0x10 /usr/lib/gcc/arm-none-eabi/4.9.3/../../../arm-none-eabi/lib/armv7-m/libc.a(lib_a-fini.o)
 .debug_ranges  0x0000000000000058       0x10 /usr/lib/gcc/arm-none-eabi/4.9.3/../../../arm-none-eabi/lib/armv7-m/libc.a(lib_a-init.o)
 .debug_ranges  0x0000000000000068       0x10 /usr/lib/gcc/arm-none-eabi/4.9.3/../../../arm-none-eabi/lib/armv7-m/libc.a(lib_a-memset.o)
 .debug_ranges  0x0000000000000078       0x10 /usr/lib/gcc/arm-none-eabi/4.9.3/../../../arm-none-eabi/lib/armv7-m/libc.a(lib_a-__atexit.o)
 .debug_ranges  0x0000000000000088       0x30 /usr/lib/gcc/arm-none-eabi/4.9.3/../../../arm-none-eabi/lib/armv7-m/libc.a(lib_a-__call_atexit.o)

.debug_loc      0x0000000000000000      0x5c1
 .debug_loc     0x0000000000000000       0x2c /usr/lib/gcc/arm-none-eabi/4.9.3/../../../arm-none-eabi/lib/armv7-m/libc.a(lib_a-atexit.o)
 .debug_loc     0x000000000000002c       0x5c /usr/lib/gcc/arm-none-eabi/4.9.3/../../../arm-none-eabi/lib/armv7-m/libc.a(lib_a-fini.o)
 .debug_loc     0x0000000000000088       0xae /usr/lib/gcc/arm-none-eabi/4.9.3/../../../arm-none-eabi/lib/armv7-m/libc.a(lib_a-init.o)
 .debug_loc     0x0000000000000136      0x1ae /usr/lib/gcc/arm-none-eabi/4.9.3/../../../arm-none-eabi/lib/armv7-m/libc.a(lib_a-memset.o)
 .debug_loc     0x00000000000002e4      0x197 /usr/lib/gcc/arm-none-eabi/4.9.3/../../../arm-none-eabi/lib/armv7-m/libc.a(lib_a-__atexit.o)
 .debug_loc     0x000000000000047b      0x146 /usr/lib/gcc/arm-none-eabi/4.9.3/../../../arm-none-eabi/lib/armv7-m/libc.a(lib_a-__call_atexit.o)
